2026-05-26T17:21:06+12:00 run start {'title': 'Inhomogeneous rmhd simulation test', 'input_file': 'C:\\Users\\naoki\\Downloads\\rmhd-gpu-new\\rmhdgpu\\diagnostics\\nokia_inhomo_linear.input', 'output_dir': 'C:\\Users\\naoki\\Downloads\\rmhd-gpu-new\\rmhdgpu\\diagnostics\\kz_scan\\runs\\kz_09', 'backend': 'numpy', 'equation_set': 'inhomogeneous_rmhd', 'equation_mode': 'linear', 'grid': [32, 32, 32], 'output_cadences': {'scalar': 0.3141592653589793, 'spectra': 0.0, 'full_field': 0.0}, 'hostname': 'Naoki', 'python_executable': 'C:\\Users\\naoki\\AppData\\Local\\Programs\\Python\\Python313\\python.exe', 'git_commit': 'bae2e3dc28d11833148393904c049d5ad2ad4cea', 'command': "'C:\\Users\\naoki\\Downloads\\rmhd-gpu-new\\rmhdgpu\\run.py' 'C:\\Users\\naoki\\Downloads\\rmhd-gpu-new\\rmhdgpu\\diagnostics\\nokia_inhomo_linear.input' --output-dir 'C:\\Users\\naoki\\Downloads\\rmhd-gpu-new\\rmhdgpu\\diagnostics\\kz_scan\\runs\\kz_09' --mode-kx 3 --mode-ky 2 --mode-kz 9"}
2026-05-26T17:21:06+12:00 run setup {'resolved_output_dir': 'C:\\Users\\naoki\\Downloads\\rmhd-gpu-new\\rmhdgpu\\diagnostics\\kz_scan\\runs\\kz_09', 'input_file': 'C:\\Users\\naoki\\Downloads\\rmhd-gpu-new\\rmhdgpu\\diagnostics\\nokia_inhomo_linear.input', 'backend': 'numpy', 'equation_set': 'inhomogeneous_rmhd', 'equation_mode': 'linear', 'grid': [32, 32, 32], 'output_cadences': {'scalar': 0.3141592653589793, 'spectra': 0.0, 'full_field': 0.0}, 'dissipation_mode': 'manual', 'initial_condition': {'type': 'single_fourier_mode', 'parameters': {'k_indices': [3, 2, 9], 'amplitude': 1e-12, 'seed': 0}}}
2026-05-26T17:21:06+12:00 scalar diagnostics {'step': 0, 'time': 0.0, 'dt': 0.0, 'total_energy': 2.2093836955126736e-17}
2026-05-26T17:21:06+12:00 scalar diagnostics {'step': 4, 'time': 0.4, 'dt': 0.1, 'total_energy': 6.04029012321651e-17}
2026-05-26T17:21:06+12:00 scalar diagnostics {'step': 7, 'time': 0.7, 'dt': 0.1, 'total_energy': 6.534973429513347e-17}
2026-05-26T17:21:06+12:00 scalar diagnostics {'step': 10, 'time': 0.9999999999999999, 'dt': 0.1, 'total_energy': 2.646495343767046e-17}
2026-05-26T17:21:06+12:00 scalar diagnostics {'step': 13, 'time': 1.3, 'dt': 0.1, 'total_energy': 1.319673707804585e-17}
2026-05-26T17:21:06+12:00 scalar diagnostics {'step': 16, 'time': 1.6000000000000003, 'dt': 0.1, 'total_energy': 6.533222437643229e-17}
2026-05-26T17:21:06+12:00 scalar diagnostics {'step': 19, 'time': 1.9000000000000006, 'dt': 0.1, 'total_energy': 5.654136017584457e-17}
2026-05-26T17:21:06+12:00 scalar diagnostics {'step': 22, 'time': 2.2000000000000006, 'dt': 0.1, 'total_energy': 1.5664271631735006e-17}
2026-05-26T17:21:06+12:00 scalar diagnostics {'step': 26, 'time': 2.600000000000001, 'dt': 0.1, 'total_energy': 2.399417353886736e-17}
2026-05-26T17:21:06+12:00 scalar diagnostics {'step': 29, 'time': 2.9000000000000012, 'dt': 0.1, 'total_energy': 7.677542359207809e-17}
2026-05-26T17:21:06+12:00 scalar diagnostics {'step': 32, 'time': 3.2000000000000015, 'dt': 0.1, 'total_energy': 3.12294050018393e-17}
2026-05-26T17:21:06+12:00 scalar diagnostics {'step': 35, 'time': 3.5000000000000018, 'dt': 0.1, 'total_energy': 2.4614425268469672e-17}
2026-05-26T17:21:06+12:00 scalar diagnostics {'step': 38, 'time': 3.800000000000002, 'dt': 0.1, 'total_energy': 2.7271697185182826e-17}
2026-05-26T17:21:06+12:00 scalar diagnostics {'step': 41, 'time': 4.100000000000001, 'dt': 0.1, 'total_energy': 7.209675294662391e-17}
2026-05-26T17:21:07+12:00 scalar diagnostics {'step': 44, 'time': 4.4, 'dt': 0.1, 'total_energy': 2.7578262963996637e-17}
2026-05-26T17:21:07+12:00 scalar diagnostics {'step': 48, 'time': 4.799999999999999, 'dt': 0.1, 'total_energy': 2.0964149652473924e-17}
2026-05-26T17:21:07+12:00 scalar diagnostics {'step': 51, 'time': 5.099999999999998, 'dt': 0.1, 'total_energy': 5.423398171145568e-17}
2026-05-26T17:21:07+12:00 scalar diagnostics {'step': 54, 'time': 5.399999999999997, 'dt': 0.1, 'total_energy': 6.105583095661447e-17}
2026-05-26T17:21:07+12:00 scalar diagnostics {'step': 57, 'time': 5.699999999999996, 'dt': 0.1, 'total_energy': 1.417896588439818e-17}
2026-05-26T17:21:07+12:00 scalar diagnostics {'step': 60, 'time': 5.999999999999995, 'dt': 0.1, 'total_energy': 1.6564635012448643e-17}
2026-05-26T17:21:07+12:00 scalar diagnostics {'step': 63, 'time': 6.299999999999994, 'dt': 0.1, 'total_energy': 5.495983121167425e-17}
2026-05-26T17:21:07+12:00 scalar diagnostics {'step': 66, 'time': 6.5999999999999925, 'dt': 0.1, 'total_energy': 5.916736183297444e-17}
2026-05-26T17:21:07+12:00 scalar diagnostics {'step': 70, 'time': 6.999999999999991, 'dt': 0.1, 'total_energy': 2.3510235972577975e-17}
2026-05-26T17:21:07+12:00 scalar diagnostics {'step': 73, 'time': 7.29999999999999, 'dt': 0.1, 'total_energy': 1.842203124085688e-17}
2026-05-26T17:21:07+12:00 scalar diagnostics {'step': 76, 'time': 7.599999999999989, 'dt': 0.1, 'total_energy': 6.61430897508966e-17}
2026-05-26T17:21:08+12:00 scalar diagnostics {'step': 79, 'time': 7.899999999999988, 'dt': 0.1, 'total_energy': 3.721673874064397e-17}
2026-05-26T17:21:08+12:00 scalar diagnostics {'step': 82, 'time': 8.199999999999987, 'dt': 0.1, 'total_energy': 2.2985312959530722e-17}
2026-05-26T17:21:08+12:00 scalar diagnostics {'step': 85, 'time': 8.499999999999986, 'dt': 0.1, 'total_energy': 2.2080256793889713e-17}
2026-05-26T17:21:08+12:00 scalar diagnostics {'step': 88, 'time': 8.799999999999985, 'dt': 0.1, 'total_energy': 6.659711908789724e-17}
2026-05-26T17:21:08+12:00 scalar diagnostics {'step': 92, 'time': 9.199999999999983, 'dt': 0.1, 'total_energy': 1.8383291141334178e-17}
2026-05-26T17:21:08+12:00 scalar diagnostics {'step': 95, 'time': 9.499999999999982, 'dt': 0.1, 'total_energy': 1.6304650852971424e-17}
2026-05-26T17:21:08+12:00 scalar diagnostics {'step': 98, 'time': 9.799999999999981, 'dt': 0.1, 'total_energy': 4.3720314763788135e-17}
2026-05-26T17:21:08+12:00 progress {'step': 100, 'time': 9.99999999999998, 'dt': 0.1}
2026-05-26T17:21:08+12:00 scalar diagnostics {'step': 101, 'time': 10.09999999999998, 'dt': 0.1, 'total_energy': 6.157476031829911e-17}
2026-05-26T17:21:08+12:00 scalar diagnostics {'step': 104, 'time': 10.399999999999979, 'dt': 0.1, 'total_energy': 1.762629563826786e-17}
2026-05-26T17:21:08+12:00 scalar diagnostics {'step': 107, 'time': 10.699999999999978, 'dt': 0.1, 'total_energy': 1.513124297294572e-17}
2026-05-26T17:21:08+12:00 scalar diagnostics {'step': 110, 'time': 10.999999999999977, 'dt': 0.1, 'total_energy': 4.651313506346886e-17}
2026-05-26T17:21:08+12:00 scalar diagnostics {'step': 114, 'time': 11.399999999999975, 'dt': 0.1, 'total_energy': 4.4309125560851054e-17}
2026-05-26T17:21:08+12:00 scalar diagnostics {'step': 117, 'time': 11.699999999999974, 'dt': 0.1, 'total_energy': 1.7156687322648236e-17}
2026-05-26T17:21:08+12:00 scalar diagnostics {'step': 120, 'time': 11.999999999999973, 'dt': 0.1, 'total_energy': 1.622824793046597e-17}
2026-05-26T17:21:08+12:00 scalar diagnostics {'step': 123, 'time': 12.299999999999972, 'dt': 0.1, 'total_energy': 6.04233623414132e-17}
2026-05-26T17:21:09+12:00 scalar diagnostics {'step': 126, 'time': 12.599999999999971, 'dt': 0.1, 'total_energy': 4.058589489504553e-17}
2026-05-26T17:21:09+12:00 scalar diagnostics {'step': 129, 'time': 12.89999999999997, 'dt': 0.1, 'total_energy': 1.691420393713625e-17}
2026-05-26T17:21:09+12:00 scalar diagnostics {'step': 132, 'time': 13.199999999999969, 'dt': 0.1, 'total_energy': 1.824247491393059e-17}
2026-05-26T17:21:09+12:00 scalar diagnostics {'step': 136, 'time': 13.599999999999968, 'dt': 0.1, 'total_energy': 6.081480939446586e-17}
2026-05-26T17:21:09+12:00 scalar diagnostics {'step': 139, 'time': 13.899999999999967, 'dt': 0.1, 'total_energy': 2.23268814271084e-17}
2026-05-26T17:21:09+12:00 scalar diagnostics {'step': 142, 'time': 14.199999999999966, 'dt': 0.1, 'total_energy': 1.6677108467910243e-17}
2026-05-26T17:21:09+12:00 scalar diagnostics {'step': 145, 'time': 14.499999999999964, 'dt': 0.1, 'total_energy': 3.720455527470681e-17}
2026-05-26T17:21:09+12:00 scalar diagnostics {'step': 148, 'time': 14.799999999999963, 'dt': 0.1, 'total_energy': 5.839609056648649e-17}
2026-05-26T17:21:09+12:00 scalar diagnostics {'step': 151, 'time': 15.099999999999962, 'dt': 0.1, 'total_energy': 2.0448606073219867e-17}
2026-05-26T17:21:09+12:00 scalar diagnostics {'step': 154, 'time': 15.399999999999961, 'dt': 0.1, 'total_energy': 1.5275255506306247e-17}
2026-05-26T17:21:09+12:00 scalar diagnostics {'step': 158, 'time': 15.79999999999996, 'dt': 0.1, 'total_energy': 5.2823147264267335e-17}
2026-05-26T17:21:09+12:00 scalar diagnostics {'step': 161, 'time': 16.09999999999996, 'dt': 0.1, 'total_energy': 4.622635209219008e-17}
2026-05-26T17:21:09+12:00 scalar diagnostics {'step': 164, 'time': 16.399999999999963, 'dt': 0.1, 'total_energy': 1.552834042161844e-17}
2026-05-26T17:21:09+12:00 scalar diagnostics {'step': 167, 'time': 16.699999999999967, 'dt': 0.1, 'total_energy': 1.4461596954146646e-17}
2026-05-26T17:21:09+12:00 scalar diagnostics {'step': 170, 'time': 16.99999999999997, 'dt': 0.1, 'total_energy': 5.321580030386569e-17}
2026-05-26T17:21:10+12:00 scalar diagnostics {'step': 173, 'time': 17.299999999999976, 'dt': 0.1, 'total_energy': 4.35273944434841e-17}
2026-05-26T17:21:10+12:00 scalar diagnostics {'step': 176, 'time': 17.59999999999998, 'dt': 0.1, 'total_energy': 1.5525658192275052e-17}
2026-05-26T17:21:10+12:00 scalar diagnostics {'step': 180, 'time': 17.999999999999986, 'dt': 0.1, 'total_energy': 2.905528833872985e-17}
2026-05-26T17:21:10+12:00 scalar diagnostics {'step': 183, 'time': 18.29999999999999, 'dt': 0.1, 'total_energy': 5.684850341631518e-17}
2026-05-26T17:21:10+12:00 scalar diagnostics {'step': 186, 'time': 18.599999999999994, 'dt': 0.1, 'total_energy': 2.6911268833432985e-17}
2026-05-26T17:21:10+12:00 scalar diagnostics {'step': 189, 'time': 18.9, 'dt': 0.1, 'total_energy': 1.4780762778824303e-17}
2026-05-26T17:21:10+12:00 scalar diagnostics {'step': 192, 'time': 19.200000000000003, 'dt': 0.1, 'total_energy': 3.1391375203245294e-17}
2026-05-26T17:21:10+12:00 scalar diagnostics {'step': 195, 'time': 19.500000000000007, 'dt': 0.1, 'total_energy': 5.574089729501025e-17}
2026-05-26T17:21:10+12:00 scalar diagnostics {'step': 198, 'time': 19.80000000000001, 'dt': 0.1, 'total_energy': 2.482045213527128e-17}
2026-05-26T17:21:10+12:00 progress {'step': 200, 'time': 20.0, 'dt': 0.09999999999998721}
2026-05-26T17:21:10+12:00 scalar diagnostics {'step': 200, 'time': 20.0, 'dt': 0.09999999999998721, 'total_energy': 1.5132806654783253e-17}
2026-05-26T17:21:10+12:00 run complete {'backend': 'numpy', 'equation_set': 'inhomogeneous_rmhd', 'equation_mode': 'linear', 'grid': [32, 32, 32], 'steps': 200, 't_final': 20.0, 'dt_last': 0.09999999999998721, 'total_energy_initial': 2.2093836955126736e-17, 'total_energy_final': 1.5132806654783253e-17, 'psi_hat_max_abs': 1.071468352915249e-09, 'output_dir': 'C:\\Users\\naoki\\Downloads\\rmhd-gpu-new\\rmhdgpu\\diagnostics\\kz_scan\\runs\\kz_09', 'scalar_diagnostics_csv': 'C:\\Users\\naoki\\Downloads\\rmhd-gpu-new\\rmhdgpu\\diagnostics\\kz_scan\\runs\\kz_09\\scalar_diagnostics.csv'}
