2026-06-02T15:04:52+12:00 run start {'title': 'Low-beta stratified linear-mode example', 'input_file': 'C:\\Users\\naoki\\Downloads\\rmhd-gpu-new\\examples\\low_beta_stratified.input', 'output_dir': 'C:\\Users\\naoki\\Downloads\\rmhd-gpu-new\\examples\\outputs_low_beta', 'backend': 'numpy', 'equation_set': 'low_beta_stratified', 'equation_mode': 'nonlinear', 'grid': [32, 32, 32], 'output_cadences': {'scalar': 0.02, 'spectra': 0.1, 'full_field': 0.0}, 'hostname': 'Naoki', 'python_executable': 'C:\\Users\\naoki\\AppData\\Local\\Programs\\Python\\Python313\\python.exe', 'git_commit': 'a211abc404ec790c0310bdd2fec73347fbab80e8', 'command': "'C:\\Users\\naoki\\Downloads\\rmhd-gpu-new\\rmhdgpu\\run.py' '.\\examples\\low_beta_stratified.input'"}
2026-06-02T15:04:52+12:00 run setup {'resolved_output_dir': 'C:\\Users\\naoki\\Downloads\\rmhd-gpu-new\\examples\\outputs_low_beta', 'input_file': 'C:\\Users\\naoki\\Downloads\\rmhd-gpu-new\\examples\\low_beta_stratified.input', 'backend': 'numpy', 'equation_set': 'low_beta_stratified', 'equation_mode': 'nonlinear', 'grid': [32, 32, 32], 'output_cadences': {'scalar': 0.02, 'spectra': 0.1, 'full_field': 0.0}, 'dissipation_mode': 'manual', 'initial_condition': {'type': 'low_beta_stratified_mode', 'parameters': {'k_indices': [0, 1, 0], 'amplitude': 0.02, 'mode': 'unstable_growing'}}}
2026-06-02T15:04:52+12:00 scalar diagnostics {'step': 0, 'time': 0.0, 'dt': 0.0, 'total_energy': 0.0004000000000000001}
2026-06-02T15:04:52+12:00 spectra diagnostics {'time': 0.0, 'step': 0, 'quantities': ['u_perp', 'b_perp', 'a'], 'shell_count': 24}
2026-06-02T15:04:52+12:00 scalar diagnostics {'step': 10, 'time': 0.020000000000000004, 'dt': 0.002, 'total_energy': 0.0004080789036914834}
2026-06-02T15:04:52+12:00 scalar diagnostics {'step': 20, 'time': 0.04000000000000002, 'dt': 0.002, 'total_energy': 0.0004163209790951073}
2026-06-02T15:04:53+12:00 scalar diagnostics {'step': 30, 'time': 0.06000000000000004, 'dt': 0.002, 'total_energy': 0.0004247295218322406}
2026-06-02T15:04:53+12:00 scalar diagnostics {'step': 40, 'time': 0.08000000000000006, 'dt': 0.002, 'total_energy': 0.00043330789408677127}
2026-06-02T15:04:53+12:00 scalar diagnostics {'step': 50, 'time': 0.10000000000000007, 'dt': 0.002, 'total_energy': 0.00044205952594948727}
2026-06-02T15:04:53+12:00 spectra diagnostics {'time': 0.10000000000000007, 'step': 50, 'quantities': ['u_perp', 'b_perp', 'a'], 'shell_count': 24}
2026-06-02T15:04:54+12:00 scalar diagnostics {'step': 60, 'time': 0.12000000000000009, 'dt': 0.002, 'total_energy': 0.0004509879167896086}
2026-06-02T15:04:54+12:00 scalar diagnostics {'step': 70, 'time': 0.1400000000000001, 'dt': 0.002, 'total_energy': 0.0004600966366540229}
2026-06-02T15:04:54+12:00 scalar diagnostics {'step': 80, 'time': 0.16000000000000011, 'dt': 0.002, 'total_energy': 0.00046938932769478067}
2026-06-02T15:04:54+12:00 scalar diagnostics {'step': 90, 'time': 0.18000000000000013, 'dt': 0.002, 'total_energy': 0.00047886970562542033}
2026-06-02T15:04:55+12:00 progress {'step': 100, 'time': 0.20000000000000015, 'dt': 0.002}
2026-06-02T15:04:55+12:00 scalar diagnostics {'step': 100, 'time': 0.20000000000000015, 'dt': 0.002, 'total_energy': 0.000488541561206712}
2026-06-02T15:04:55+12:00 spectra diagnostics {'time': 0.20000000000000015, 'step': 100, 'quantities': ['u_perp', 'b_perp', 'a'], 'shell_count': 24}
2026-06-02T15:04:55+12:00 scalar diagnostics {'step': 110, 'time': 0.22000000000000017, 'dt': 0.002, 'total_energy': 0.0004984087617624016}
2026-06-02T15:04:55+12:00 scalar diagnostics {'step': 120, 'time': 0.24000000000000019, 'dt': 0.002, 'total_energy': 0.0005084752527255759}
2026-06-02T15:04:56+12:00 scalar diagnostics {'step': 130, 'time': 0.2600000000000002, 'dt': 0.002, 'total_energy': 0.0005187450592162573}
2026-06-02T15:04:56+12:00 scalar diagnostics {'step': 140, 'time': 0.2800000000000002, 'dt': 0.002, 'total_energy': 0.0005292222876508593}
2026-06-02T15:04:56+12:00 scalar diagnostics {'step': 150, 'time': 0.3000000000000002, 'dt': 0.002, 'total_energy': 0.0005399111273841535}
2026-06-02T15:04:56+12:00 spectra diagnostics {'time': 0.3000000000000002, 'step': 150, 'quantities': ['u_perp', 'b_perp', 'a'], 'shell_count': 24}
2026-06-02T15:04:56+12:00 scalar diagnostics {'step': 160, 'time': 0.32000000000000023, 'dt': 0.002, 'total_energy': 0.0005508158523843952}
2026-06-02T15:04:57+12:00 scalar diagnostics {'step': 170, 'time': 0.34000000000000025, 'dt': 0.002, 'total_energy': 0.0005619408229422848}
2026-06-02T15:04:57+12:00 scalar diagnostics {'step': 180, 'time': 0.36000000000000026, 'dt': 0.002, 'total_energy': 0.0005732904874144434}
2026-06-02T15:04:57+12:00 scalar diagnostics {'step': 190, 'time': 0.3800000000000003, 'dt': 0.002, 'total_energy': 0.0005848693840021051}
2026-06-02T15:04:57+12:00 progress {'step': 200, 'time': 0.4000000000000003, 'dt': 0.002}
2026-06-02T15:04:57+12:00 scalar diagnostics {'step': 200, 'time': 0.4000000000000003, 'dt': 0.002, 'total_energy': 0.0005966821425657308}
2026-06-02T15:04:57+12:00 spectra diagnostics {'time': 0.4000000000000003, 'step': 200, 'quantities': ['u_perp', 'b_perp', 'a'], 'shell_count': 24}
2026-06-02T15:04:58+12:00 scalar diagnostics {'step': 210, 'time': 0.4200000000000003, 'dt': 0.002, 'total_energy': 0.0006087334864762722}
2026-06-02T15:04:58+12:00 scalar diagnostics {'step': 220, 'time': 0.44000000000000034, 'dt': 0.002, 'total_energy': 0.0006210282345038283}
2026-06-02T15:04:58+12:00 scalar diagnostics {'step': 230, 'time': 0.46000000000000035, 'dt': 0.002, 'total_energy': 0.0006335713027444489}
2026-06-02T15:04:59+12:00 scalar diagnostics {'step': 240, 'time': 0.48000000000000037, 'dt': 0.002, 'total_energy': 0.0006463677065858483}
2026-06-02T15:04:59+12:00 progress {'step': 250, 'time': 0.5, 'dt': 0.001999999999999613}
2026-06-02T15:04:59+12:00 scalar diagnostics {'step': 250, 'time': 0.5, 'dt': 0.001999999999999613, 'total_energy': 0.0006594225627128275}
2026-06-02T15:04:59+12:00 spectra diagnostics {'time': 0.5, 'step': 250, 'quantities': ['u_perp', 'b_perp', 'a'], 'shell_count': 24}
2026-06-02T15:04:59+12:00 run complete {'backend': 'numpy', 'equation_set': 'low_beta_stratified', 'equation_mode': 'nonlinear', 'grid': [32, 32, 32], 'steps': 250, 't_final': 0.5, 'dt_last': 0.001999999999999613, 'total_energy_initial': 0.0004000000000000001, 'total_energy_final': 0.0006594225627128275, 'psi_hat_max_abs': 0.0, 'output_dir': 'C:\\Users\\naoki\\Downloads\\rmhd-gpu-new\\examples\\outputs_low_beta', 'scalar_diagnostics_csv': 'C:\\Users\\naoki\\Downloads\\rmhd-gpu-new\\examples\\outputs_low_beta\\scalar_diagnostics.csv', 'spectra_csv': 'C:\\Users\\naoki\\Downloads\\rmhd-gpu-new\\examples\\outputs_low_beta\\spectra.csv'}
