2026-05-29T17:16:56+12:00 run start {'title': 'Inhomogeneous rmhd simulation test', 'input_file': 'C:\\Users\\naoki\\Downloads\\rmhd-gpu-new\\rmhdgpu\\diagnostics\\nokia_inhomo_linear.input', 'output_dir': 'C:\\Users\\naoki\\Downloads\\rmhd-gpu-new\\rmhdgpu\\diagnostics\\kz_scan\\runs_nokia\\kz_01', 'backend': 'numpy', 'equation_set': 'inhomogeneous_rmhd', 'equation_mode': 'linear', 'grid': [16, 16, 16], 'output_cadences': {'scalar': 0.3141592653589793, 'spectra': 0.0, 'full_field': 0.0}, 'hostname': 'Naoki', 'python_executable': 'C:\\Users\\naoki\\AppData\\Local\\Programs\\Python\\Python313\\python.exe', 'git_commit': 'bae2e3dc28d11833148393904c049d5ad2ad4cea', 'command': "'C:\\Users\\naoki\\Downloads\\rmhd-gpu-new\\rmhdgpu\\run.py' 'C:\\Users\\naoki\\Downloads\\rmhd-gpu-new\\rmhdgpu\\diagnostics\\nokia_inhomo_linear.input' --output-dir 'C:\\Users\\naoki\\Downloads\\rmhd-gpu-new\\rmhdgpu\\diagnostics\\kz_scan\\runs_nokia\\kz_01' --mode-kx 3 --mode-ky 3 --mode-kz 1"}
2026-05-29T17:16:56+12:00 run setup {'resolved_output_dir': 'C:\\Users\\naoki\\Downloads\\rmhd-gpu-new\\rmhdgpu\\diagnostics\\kz_scan\\runs_nokia\\kz_01', 'input_file': 'C:\\Users\\naoki\\Downloads\\rmhd-gpu-new\\rmhdgpu\\diagnostics\\nokia_inhomo_linear.input', 'backend': 'numpy', 'equation_set': 'inhomogeneous_rmhd', 'equation_mode': 'linear', 'grid': [16, 16, 16], 'output_cadences': {'scalar': 0.3141592653589793, 'spectra': 0.0, 'full_field': 0.0}, 'dissipation_mode': 'manual', 'initial_condition': {'type': 'single_fourier_mode', 'parameters': {'k_indices': [3, 3, 1], 'amplitude': 1e-12, 'seed': 0}}}
2026-05-29T17:16:56+12:00 scalar diagnostics {'step': 0, 'time': 0.0, 'dt': 0.0, 'total_energy': 2.179792865134961e-24}
2026-05-29T17:16:56+12:00 scalar diagnostics {'step': 32, 'time': 0.3200000000000001, 'dt': 0.01, 'total_energy': 8.098027521356152e-17}
2026-05-29T17:16:56+12:00 scalar diagnostics {'step': 63, 'time': 0.6300000000000003, 'dt': 0.01, 'total_energy': 1.9335671637368624e-14}
2026-05-29T17:16:56+12:00 scalar diagnostics {'step': 95, 'time': 0.9500000000000006, 'dt': 0.01, 'total_energy': 5.513779547991921e-13}
2026-05-29T17:16:56+12:00 progress {'step': 100, 'time': 1.0000000000000007, 'dt': 0.01}
2026-05-29T17:16:56+12:00 scalar diagnostics {'step': 126, 'time': 1.260000000000001, 'dt': 0.01, 'total_energy': 5.759298995976312e-12}
2026-05-29T17:16:56+12:00 scalar diagnostics {'step': 158, 'time': 1.5800000000000012, 'dt': 0.01, 'total_energy': 3.992073161402897e-11}
2026-05-29T17:16:57+12:00 scalar diagnostics {'step': 189, 'time': 1.8900000000000015, 'dt': 0.01, 'total_energy': 1.9738552171116297e-10}
2026-05-29T17:16:57+12:00 progress {'step': 200, 'time': 2.0000000000000013, 'dt': 0.01}
2026-05-29T17:16:57+12:00 scalar diagnostics {'step': 220, 'time': 2.199999999999997, 'dt': 0.01, 'total_energy': 8.252405074062698e-10}
2026-05-29T17:16:57+12:00 scalar diagnostics {'step': 252, 'time': 2.5199999999999902, 'dt': 0.01, 'total_energy': 3.2417517864967112e-09}
2026-05-29T17:16:57+12:00 scalar diagnostics {'step': 283, 'time': 2.8299999999999836, 'dt': 0.01, 'total_energy': 1.1456602829633721e-08}
2026-05-29T17:16:57+12:00 progress {'step': 300, 'time': 2.99999999999998, 'dt': 0.01}
2026-05-29T17:16:57+12:00 scalar diagnostics {'step': 315, 'time': 3.149999999999977, 'dt': 0.01, 'total_energy': 4.0646346732111464e-08}
2026-05-29T17:16:57+12:00 scalar diagnostics {'step': 346, 'time': 3.45999999999997, 'dt': 0.01, 'total_energy': 1.360069853079093e-07}
2026-05-29T17:16:57+12:00 scalar diagnostics {'step': 377, 'time': 3.7699999999999636, 'dt': 0.01, 'total_energy': 4.509793742597588e-07}
2026-05-29T17:16:57+12:00 progress {'step': 400, 'time': 3.9999999999999587, 'dt': 0.01}
2026-05-29T17:16:57+12:00 scalar diagnostics {'step': 409, 'time': 4.089999999999957, 'dt': 0.01, 'total_energy': 1.5478855978525145e-06}
2026-05-29T17:16:57+12:00 scalar diagnostics {'step': 440, 'time': 4.399999999999951, 'dt': 0.01, 'total_energy': 5.1041638908085584e-06}
2026-05-29T17:16:57+12:00 scalar diagnostics {'step': 472, 'time': 4.719999999999944, 'dt': 0.01, 'total_energy': 1.74832792524205e-05}
2026-05-29T17:16:57+12:00 progress {'step': 500, 'time': 4.999999999999938, 'dt': 0.01}
2026-05-29T17:16:57+12:00 scalar diagnostics {'step': 503, 'time': 5.029999999999937, 'dt': 0.01, 'total_energy': 5.761984869856943e-05}
2026-05-29T17:16:57+12:00 scalar diagnostics {'step': 535, 'time': 5.34999999999993, 'dt': 0.01, 'total_energy': 0.0001973450628836689}
2026-05-29T17:16:57+12:00 scalar diagnostics {'step': 566, 'time': 5.659999999999924, 'dt': 0.01, 'total_energy': 0.0006503820408147655}
2026-05-29T17:16:57+12:00 scalar diagnostics {'step': 597, 'time': 5.969999999999917, 'dt': 0.01, 'total_energy': 0.0021433895172832704}
2026-05-29T17:16:57+12:00 progress {'step': 600, 'time': 5.9999999999999165, 'dt': 0.01}
2026-05-29T17:16:57+12:00 scalar diagnostics {'step': 629, 'time': 6.28999999999991, 'dt': 0.01, 'total_energy': 0.007340548742577709}
2026-05-29T17:16:57+12:00 scalar diagnostics {'step': 660, 'time': 6.599999999999904, 'dt': 0.01, 'total_energy': 0.0241901051802919}
2026-05-29T17:16:57+12:00 scalar diagnostics {'step': 692, 'time': 6.919999999999897, 'dt': 0.01, 'total_energy': 0.08284097395282944}
2026-05-29T17:16:57+12:00 progress {'step': 700, 'time': 6.999999999999895, 'dt': 0.01}
2026-05-29T17:16:57+12:00 scalar diagnostics {'step': 723, 'time': 7.22999999999989, 'dt': 0.01, 'total_energy': 0.27298624456011866}
2026-05-29T17:16:57+12:00 scalar diagnostics {'step': 754, 'time': 7.539999999999884, 'dt': 0.01, 'total_energy': 0.8995664632707326}
2026-05-29T17:16:57+12:00 scalar diagnostics {'step': 786, 'time': 7.859999999999877, 'dt': 0.01, 'total_energy': 3.08056429745531}
2026-05-29T17:16:57+12:00 progress {'step': 800, 'time': 7.999999999999874, 'dt': 0.01}
2026-05-29T17:16:57+12:00 scalar diagnostics {'step': 817, 'time': 8.16999999999987, 'dt': 0.01, 'total_energy': 10.151270194452714}
2026-05-29T17:16:58+12:00 scalar diagnostics {'step': 849, 'time': 8.489999999999863, 'dt': 0.01, 'total_energy': 34.76292546424766}
2026-05-29T17:16:58+12:00 scalar diagnostics {'step': 880, 'time': 8.799999999999857, 'dt': 0.01, 'total_energy': 114.5528826484205}
2026-05-29T17:16:58+12:00 progress {'step': 900, 'time': 8.999999999999853, 'dt': 0.01}
2026-05-29T17:16:58+12:00 scalar diagnostics {'step': 912, 'time': 9.11999999999985, 'dt': 0.01, 'total_energy': 392.2851077568312}
2026-05-29T17:16:58+12:00 scalar diagnostics {'step': 943, 'time': 9.429999999999843, 'dt': 0.01, 'total_energy': 1292.681395816538}
2026-05-29T17:16:58+12:00 scalar diagnostics {'step': 974, 'time': 9.739999999999837, 'dt': 0.01, 'total_energy': 4259.721197617861}
2026-05-29T17:16:58+12:00 progress {'step': 1000, 'time': 9.999999999999831, 'dt': 0.01}
2026-05-29T17:16:58+12:00 scalar diagnostics {'step': 1006, 'time': 10.05999999999983, 'dt': 0.01, 'total_energy': 14587.36896522694}
2026-05-29T17:16:58+12:00 scalar diagnostics {'step': 1037, 'time': 10.369999999999823, 'dt': 0.01, 'total_energy': 48069.17169898381}
2026-05-29T17:16:58+12:00 scalar diagnostics {'step': 1069, 'time': 10.689999999999817, 'dt': 0.01, 'total_energy': 164612.35349988326}
2026-05-29T17:16:58+12:00 progress {'step': 1100, 'time': 10.99999999999981, 'dt': 0.01}
2026-05-29T17:16:58+12:00 scalar diagnostics {'step': 1100, 'time': 10.99999999999981, 'dt': 0.01, 'total_energy': 542440.4761246494}
2026-05-29T17:16:58+12:00 scalar diagnostics {'step': 1131, 'time': 11.309999999999803, 'dt': 0.01, 'total_energy': 1787482.3035292523}
2026-05-29T17:16:58+12:00 scalar diagnostics {'step': 1163, 'time': 11.629999999999797, 'dt': 0.01, 'total_energy': 6121213.539190306}
2026-05-29T17:16:58+12:00 scalar diagnostics {'step': 1194, 'time': 11.93999999999979, 'dt': 0.01, 'total_energy': 20170988.914513547}
2026-05-29T17:16:58+12:00 progress {'step': 1200, 'time': 11.999999999999789, 'dt': 0.01}
2026-05-29T17:16:58+12:00 scalar diagnostics {'step': 1226, 'time': 12.259999999999783, 'dt': 0.01, 'total_energy': 69075330.09621273}
2026-05-29T17:16:58+12:00 scalar diagnostics {'step': 1257, 'time': 12.569999999999776, 'dt': 0.01, 'total_energy': 227621158.33139184}
2026-05-29T17:16:58+12:00 scalar diagnostics {'step': 1289, 'time': 12.88999999999977, 'dt': 0.01, 'total_energy': 779486157.4869901}
2026-05-29T17:16:58+12:00 progress {'step': 1300, 'time': 12.999999999999767, 'dt': 0.01}
2026-05-29T17:16:58+12:00 scalar diagnostics {'step': 1320, 'time': 13.199999999999763, 'dt': 0.01, 'total_energy': 2568609397.8464932}
2026-05-29T17:16:58+12:00 scalar diagnostics {'step': 1351, 'time': 13.509999999999756, 'dt': 0.01, 'total_energy': 8464235285.380283}
2026-05-29T17:16:58+12:00 scalar diagnostics {'step': 1383, 'time': 13.82999999999975, 'dt': 0.01, 'total_energy': 28985680798.600018}
2026-05-29T17:16:58+12:00 progress {'step': 1400, 'time': 13.999999999999746, 'dt': 0.01}
2026-05-29T17:16:58+12:00 scalar diagnostics {'step': 1414, 'time': 14.139999999999743, 'dt': 0.01, 'total_energy': 95515348651.93669}
2026-05-29T17:16:58+12:00 scalar diagnostics {'step': 1446, 'time': 14.459999999999736, 'dt': 0.01, 'total_energy': 327091262711.6037}
2026-05-29T17:16:59+12:00 scalar diagnostics {'step': 1477, 'time': 14.76999999999973, 'dt': 0.01, 'total_energy': 1077850688270.3512}
2026-05-29T17:16:59+12:00 progress {'step': 1500, 'time': 14.999999999999725, 'dt': 0.01}
2026-05-29T17:16:59+12:00 scalar diagnostics {'step': 1508, 'time': 15.079999999999723, 'dt': 0.01, 'total_energy': 3551798041229.42}
2026-05-29T17:16:59+12:00 scalar diagnostics {'step': 1540, 'time': 15.399999999999716, 'dt': 0.01, 'total_energy': 12163093393798.428}
2026-05-29T17:16:59+12:00 scalar diagnostics {'step': 1571, 'time': 15.70999999999971, 'dt': 0.01, 'total_energy': 40080552678953.305}
2026-05-29T17:16:59+12:00 progress {'step': 1600, 'time': 15.999999999999703, 'dt': 0.01}
2026-05-29T17:16:59+12:00 scalar diagnostics {'step': 1603, 'time': 16.029999999999706, 'dt': 0.01, 'total_energy': 137255412568322.03}
2026-05-29T17:16:59+12:00 scalar diagnostics {'step': 1634, 'time': 16.339999999999755, 'dt': 0.01, 'total_energy': 452292243083130.9}
2026-05-29T17:16:59+12:00 scalar diagnostics {'step': 1666, 'time': 16.659999999999805, 'dt': 0.01, 'total_energy': 1548869820310466.5}
2026-05-29T17:16:59+12:00 scalar diagnostics {'step': 1697, 'time': 16.969999999999853, 'dt': 0.01, 'total_energy': 5103928451077472.0}
2026-05-29T17:16:59+12:00 progress {'step': 1700, 'time': 16.999999999999858, 'dt': 0.01}
2026-05-29T17:16:59+12:00 scalar diagnostics {'step': 1728, 'time': 17.2799999999999, 'dt': 0.01, 'total_energy': 1.681877023628497e+16}
2026-05-29T17:16:59+12:00 scalar diagnostics {'step': 1760, 'time': 17.59999999999995, 'dt': 0.01, 'total_energy': 5.759569400558542e+16}
2026-05-29T17:16:59+12:00 scalar diagnostics {'step': 1791, 'time': 17.91, 'dt': 0.01, 'total_energy': 1.8979277498978746e+17}
2026-05-29T17:16:59+12:00 progress {'step': 1800, 'time': 18.000000000000014, 'dt': 0.01}
2026-05-29T17:16:59+12:00 scalar diagnostics {'step': 1823, 'time': 18.23000000000005, 'dt': 0.01, 'total_energy': 6.499432740450752e+17}
2026-05-29T17:16:59+12:00 scalar diagnostics {'step': 1854, 'time': 18.5400000000001, 'dt': 0.01, 'total_energy': 2.1417319418879168e+18}
2026-05-29T17:16:59+12:00 scalar diagnostics {'step': 1885, 'time': 18.850000000000147, 'dt': 0.01, 'total_energy': 7.057563166020018e+18}
2026-05-29T17:16:59+12:00 progress {'step': 1900, 'time': 19.00000000000017, 'dt': 0.01}
2026-05-29T17:16:59+12:00 scalar diagnostics {'step': 1917, 'time': 19.170000000000197, 'dt': 0.01, 'total_energy': 2.416854757063211e+19}
2026-05-29T17:16:59+12:00 scalar diagnostics {'step': 1948, 'time': 19.480000000000246, 'dt': 0.01, 'total_energy': 7.964164318356814e+19}
2026-05-29T17:16:59+12:00 scalar diagnostics {'step': 1980, 'time': 19.800000000000296, 'dt': 0.01, 'total_energy': 2.7273193262408647e+20}
2026-05-29T17:16:59+12:00 progress {'step': 2000, 'time': 20.0, 'dt': 0.009999999999674714}
2026-05-29T17:16:59+12:00 scalar diagnostics {'step': 2000, 'time': 20.0, 'dt': 0.009999999999674714, 'total_energy': 5.8865163045959434e+20}
2026-05-29T17:16:59+12:00 run complete {'backend': 'numpy', 'equation_set': 'inhomogeneous_rmhd', 'equation_mode': 'linear', 'grid': [16, 16, 16], 'steps': 2000, 't_final': 20.0, 'dt_last': 0.009999999999674714, 'total_energy_initial': 2.179792865134961e-24, 'total_energy_final': 5.8865163045959434e+20, 'psi_hat_max_abs': 4325376881.782105, 'output_dir': 'C:\\Users\\naoki\\Downloads\\rmhd-gpu-new\\rmhdgpu\\diagnostics\\kz_scan\\runs_nokia\\kz_01', 'scalar_diagnostics_csv': 'C:\\Users\\naoki\\Downloads\\rmhd-gpu-new\\rmhdgpu\\diagnostics\\kz_scan\\runs_nokia\\kz_01\\scalar_diagnostics.csv'}
