2026-05-22T10:57:54+12:00 run start {'title': 'Inhomogeneous rmhd simulation test', 'input_file': 'C:\\Users\\naoki\\Downloads\\rmhd-gpu-new\\examples\\nokia_inhomo_linear.input', 'output_dir': 'C:\\Users\\naoki\\Downloads\\rmhd-gpu-new\\examples\\kz_scan\\runs\\kz_03', 'backend': 'numpy', 'equation_set': 'inhomogeneous_rmhd', 'equation_mode': 'linear', 'grid': [32, 32, 32], 'output_cadences': {'scalar': 0.3141592653589793, 'spectra': 0.0, 'full_field': 0.0}, 'hostname': 'Naoki', 'python_executable': 'C:\\Users\\naoki\\AppData\\Local\\Programs\\Python\\Python313\\python.exe', 'git_commit': '55f5340485b9b2ef64df3d654ebb18505fd4615d', 'command': "'C:\\Users\\naoki\\Downloads\\rmhd-gpu-new\\rmhdgpu\\run.py' 'C:\\Users\\naoki\\Downloads\\rmhd-gpu-new\\examples\\nokia_inhomo_linear.input' --output-dir 'C:\\Users\\naoki\\Downloads\\rmhd-gpu-new\\examples\\kz_scan\\runs\\kz_03' --mode-kx 3 --mode-ky 2 --mode-kz 3"}
2026-05-22T10:57:54+12:00 run setup {'resolved_output_dir': 'C:\\Users\\naoki\\Downloads\\rmhd-gpu-new\\examples\\kz_scan\\runs\\kz_03', 'input_file': 'C:\\Users\\naoki\\Downloads\\rmhd-gpu-new\\examples\\nokia_inhomo_linear.input', 'backend': 'numpy', 'equation_set': 'inhomogeneous_rmhd', 'equation_mode': 'linear', 'grid': [32, 32, 32], 'output_cadences': {'scalar': 0.3141592653589793, 'spectra': 0.0, 'full_field': 0.0}, 'dissipation_mode': 'manual', 'initial_condition': {'type': 'single_fourier_mode', 'parameters': {'k_indices': [3, 2, 3], 'amplitude': 1e-12, 'seed': 0}}}
2026-05-22T10:57:54+12:00 scalar diagnostics {'step': 0, 'time': 0.0, 'dt': 0.0, 'total_energy': 2.0091621073352015e-24}
2026-05-22T10:57:54+12:00 scalar diagnostics {'step': 4, 'time': 0.4, 'dt': 0.1, 'total_energy': 2.8464616390576414e-24}
2026-05-22T10:57:54+12:00 scalar diagnostics {'step': 7, 'time': 0.7, 'dt': 0.1, 'total_energy': 3.882172754474109e-24}
2026-05-22T10:57:54+12:00 scalar diagnostics {'step': 10, 'time': 0.9999999999999999, 'dt': 0.1, 'total_energy': 6.531906177822494e-24}
2026-05-22T10:57:54+12:00 scalar diagnostics {'step': 13, 'time': 1.3, 'dt': 0.1, 'total_energy': 1.8141191003663656e-23}
2026-05-22T10:57:54+12:00 scalar diagnostics {'step': 16, 'time': 1.6000000000000003, 'dt': 0.1, 'total_energy': 5.79176835923988e-23}
2026-05-22T10:57:54+12:00 scalar diagnostics {'step': 19, 'time': 1.9000000000000006, 'dt': 0.1, 'total_energy': 1.669535151050991e-22}
2026-05-22T10:57:54+12:00 scalar diagnostics {'step': 22, 'time': 2.2000000000000006, 'dt': 0.1, 'total_energy': 4.270393977384631e-22}
2026-05-22T10:57:54+12:00 scalar diagnostics {'step': 26, 'time': 2.600000000000001, 'dt': 0.1, 'total_energy': 1.3101898725561317e-21}
2026-05-22T10:57:55+12:00 scalar diagnostics {'step': 29, 'time': 2.9000000000000012, 'dt': 0.1, 'total_energy': 2.8649623393092075e-21}
2026-05-22T10:57:55+12:00 scalar diagnostics {'step': 32, 'time': 3.2000000000000015, 'dt': 0.1, 'total_energy': 6.1071468543339425e-21}
2026-05-22T10:57:55+12:00 scalar diagnostics {'step': 35, 'time': 3.5000000000000018, 'dt': 0.1, 'total_energy': 1.2858694056471727e-20}
2026-05-22T10:57:55+12:00 scalar diagnostics {'step': 38, 'time': 3.800000000000002, 'dt': 0.1, 'total_energy': 2.6917857735048208e-20}
2026-05-22T10:57:55+12:00 scalar diagnostics {'step': 41, 'time': 4.100000000000001, 'dt': 0.1, 'total_energy': 5.61553448273562e-20}
2026-05-22T10:57:55+12:00 scalar diagnostics {'step': 44, 'time': 4.4, 'dt': 0.1, 'total_energy': 1.1679254834897707e-19}
2026-05-22T10:57:55+12:00 scalar diagnostics {'step': 48, 'time': 4.799999999999999, 'dt': 0.1, 'total_energy': 3.0855986361452293e-19}
2026-05-22T10:57:55+12:00 scalar diagnostics {'step': 51, 'time': 5.099999999999998, 'dt': 0.1, 'total_energy': 6.372753332516642e-19}
2026-05-22T10:57:55+12:00 scalar diagnostics {'step': 54, 'time': 5.399999999999997, 'dt': 0.1, 'total_energy': 1.313234760285306e-18}
2026-05-22T10:57:55+12:00 scalar diagnostics {'step': 57, 'time': 5.699999999999996, 'dt': 0.1, 'total_energy': 2.702040165922443e-18}
2026-05-22T10:57:55+12:00 scalar diagnostics {'step': 60, 'time': 5.999999999999995, 'dt': 0.1, 'total_energy': 5.554518947177136e-18}
2026-05-22T10:57:55+12:00 scalar diagnostics {'step': 63, 'time': 6.299999999999994, 'dt': 0.1, 'total_energy': 1.1412941285101655e-17}
2026-05-22T10:57:55+12:00 scalar diagnostics {'step': 66, 'time': 6.5999999999999925, 'dt': 0.1, 'total_energy': 2.344515024826342e-17}
2026-05-22T10:57:55+12:00 scalar diagnostics {'step': 70, 'time': 6.999999999999991, 'dt': 0.1, 'total_energy': 6.121408473348876e-17}
2026-05-22T10:57:55+12:00 scalar diagnostics {'step': 73, 'time': 7.29999999999999, 'dt': 0.1, 'total_energy': 1.257200636699745e-16}
2026-05-22T10:57:55+12:00 scalar diagnostics {'step': 76, 'time': 7.599999999999989, 'dt': 0.1, 'total_energy': 2.5817703701045183e-16}
2026-05-22T10:57:55+12:00 scalar diagnostics {'step': 79, 'time': 7.899999999999988, 'dt': 0.1, 'total_energy': 5.301415987296932e-16}
2026-05-22T10:57:55+12:00 scalar diagnostics {'step': 82, 'time': 8.199999999999987, 'dt': 0.1, 'total_energy': 1.088512978896237e-15}
2026-05-22T10:57:55+12:00 scalar diagnostics {'step': 85, 'time': 8.499999999999986, 'dt': 0.1, 'total_energy': 2.2348671059325015e-15}
2026-05-22T10:57:55+12:00 scalar diagnostics {'step': 88, 'time': 8.799999999999985, 'dt': 0.1, 'total_energy': 4.588333179464116e-15}
2026-05-22T10:57:55+12:00 scalar diagnostics {'step': 92, 'time': 9.199999999999983, 'dt': 0.1, 'total_energy': 1.197238936968695e-14}
2026-05-22T10:57:55+12:00 scalar diagnostics {'step': 95, 'time': 9.499999999999982, 'dt': 0.1, 'total_energy': 2.4579403489839892e-14}
2026-05-22T10:57:55+12:00 scalar diagnostics {'step': 98, 'time': 9.799999999999981, 'dt': 0.1, 'total_energy': 5.046151469326195e-14}
2026-05-22T10:57:55+12:00 progress {'step': 100, 'time': 9.99999999999998, 'dt': 0.1}
2026-05-22T10:57:55+12:00 scalar diagnostics {'step': 101, 'time': 10.09999999999998, 'dt': 0.1, 'total_energy': 1.0359720475698471e-13}
2026-05-22T10:57:55+12:00 scalar diagnostics {'step': 104, 'time': 10.399999999999979, 'dt': 0.1, 'total_energy': 2.1268388689845e-13}
2026-05-22T10:57:55+12:00 scalar diagnostics {'step': 107, 'time': 10.699999999999978, 'dt': 0.1, 'total_energy': 4.366363926900462e-13}
2026-05-22T10:57:55+12:00 scalar diagnostics {'step': 110, 'time': 10.999999999999977, 'dt': 0.1, 'total_energy': 8.964048527817971e-13}
2026-05-22T10:57:55+12:00 scalar diagnostics {'step': 114, 'time': 11.399999999999975, 'dt': 0.1, 'total_energy': 2.338919761914712e-12}
2026-05-22T10:57:55+12:00 scalar diagnostics {'step': 117, 'time': 11.699999999999974, 'dt': 0.1, 'total_energy': 4.80173393879491e-12}
2026-05-22T10:57:55+12:00 scalar diagnostics {'step': 120, 'time': 11.999999999999973, 'dt': 0.1, 'total_energy': 9.857813731344408e-12}
2026-05-22T10:57:55+12:00 scalar diagnostics {'step': 123, 'time': 12.299999999999972, 'dt': 0.1, 'total_energy': 2.0237786031779126e-11}
2026-05-22T10:57:56+12:00 scalar diagnostics {'step': 126, 'time': 12.599999999999971, 'dt': 0.1, 'total_energy': 4.154754174619299e-11}
2026-05-22T10:57:56+12:00 scalar diagnostics {'step': 129, 'time': 12.89999999999997, 'dt': 0.1, 'total_energy': 8.529579622627276e-11}
2026-05-22T10:57:56+12:00 scalar diagnostics {'step': 132, 'time': 13.199999999999969, 'dt': 0.1, 'total_energy': 1.7510957196465989e-10}
2026-05-22T10:57:56+12:00 scalar diagnostics {'step': 136, 'time': 13.599999999999968, 'dt': 0.1, 'total_energy': 4.5689826351984887e-10}
2026-05-22T10:57:56+12:00 scalar diagnostics {'step': 139, 'time': 13.899999999999967, 'dt': 0.1, 'total_energy': 9.379975074561511e-10}
2026-05-22T10:57:56+12:00 scalar diagnostics {'step': 142, 'time': 14.199999999999966, 'dt': 0.1, 'total_energy': 1.9256787401801695e-09}
2026-05-22T10:57:56+12:00 scalar diagnostics {'step': 145, 'time': 14.499999999999964, 'dt': 0.1, 'total_energy': 3.9533564167603974e-09}
2026-05-22T10:57:56+12:00 scalar diagnostics {'step': 148, 'time': 14.799999999999963, 'dt': 0.1, 'total_energy': 8.116113179612568e-09}
2026-05-22T10:57:56+12:00 scalar diagnostics {'step': 151, 'time': 15.099999999999962, 'dt': 0.1, 'total_energy': 1.66621183225828e-08}
2026-05-22T10:57:56+12:00 scalar diagnostics {'step': 154, 'time': 15.399999999999961, 'dt': 0.1, 'total_energy': 3.420679078123902e-08}
2026-05-22T10:57:56+12:00 scalar diagnostics {'step': 158, 'time': 15.79999999999996, 'dt': 0.1, 'total_energy': 8.925279372738629e-08}
2026-05-22T10:57:56+12:00 scalar diagnostics {'step': 161, 'time': 16.09999999999996, 'dt': 0.1, 'total_energy': 1.832331017671447e-07}
2026-05-22T10:57:56+12:00 scalar diagnostics {'step': 164, 'time': 16.399999999999963, 'dt': 0.1, 'total_energy': 3.761716366976822e-07}
2026-05-22T10:57:56+12:00 scalar diagnostics {'step': 167, 'time': 16.699999999999967, 'dt': 0.1, 'total_energy': 7.722682121649206e-07}
2026-05-22T10:57:56+12:00 scalar diagnostics {'step': 170, 'time': 16.99999999999997, 'dt': 0.1, 'total_energy': 1.5854416764845322e-06}
2026-05-22T10:57:56+12:00 scalar diagnostics {'step': 173, 'time': 17.299999999999976, 'dt': 0.1, 'total_energy': 3.2548605088130964e-06}
2026-05-22T10:57:56+12:00 scalar diagnostics {'step': 176, 'time': 17.59999999999998, 'dt': 0.1, 'total_energy': 6.682123398043117e-06}
2026-05-22T10:57:56+12:00 scalar diagnostics {'step': 180, 'time': 17.999999999999986, 'dt': 0.1, 'total_energy': 1.7435081092416803e-05}
2026-05-22T10:57:56+12:00 scalar diagnostics {'step': 183, 'time': 18.29999999999999, 'dt': 0.1, 'total_energy': 3.57936577972198e-05}
2026-05-22T10:57:56+12:00 scalar diagnostics {'step': 186, 'time': 18.599999999999994, 'dt': 0.1, 'total_energy': 7.348322222269312e-05}
2026-05-22T10:57:56+12:00 scalar diagnostics {'step': 189, 'time': 18.9, 'dt': 0.1, 'total_energy': 0.0001508586794456523}
2026-05-22T10:57:56+12:00 scalar diagnostics {'step': 192, 'time': 19.200000000000003, 'dt': 0.1, 'total_energy': 0.0003097079914832781}
2026-05-22T10:57:56+12:00 scalar diagnostics {'step': 195, 'time': 19.500000000000007, 'dt': 0.1, 'total_energy': 0.0006358204932835398}
2026-05-22T10:57:56+12:00 scalar diagnostics {'step': 198, 'time': 19.80000000000001, 'dt': 0.1, 'total_energy': 0.001305318915783641}
2026-05-22T10:57:56+12:00 progress {'step': 200, 'time': 20.0, 'dt': 0.09999999999998721}
2026-05-22T10:57:56+12:00 scalar diagnostics {'step': 200, 'time': 20.0, 'dt': 0.09999999999998721, 'total_energy': 0.002108489154563321}
2026-05-22T10:57:56+12:00 run complete {'backend': 'numpy', 'equation_set': 'inhomogeneous_rmhd', 'equation_mode': 'linear', 'grid': [32, 32, 32], 'steps': 200, 't_final': 20.0, 'dt_last': 0.09999999999998721, 'total_energy_initial': 2.0091621073352015e-24, 'total_energy_final': 0.002108489154563321, 'psi_hat_max_abs': 143.52677381164983, 'output_dir': 'C:\\Users\\naoki\\Downloads\\rmhd-gpu-new\\examples\\kz_scan\\runs\\kz_03', 'scalar_diagnostics_csv': 'C:\\Users\\naoki\\Downloads\\rmhd-gpu-new\\examples\\kz_scan\\runs\\kz_03\\scalar_diagnostics.csv'}
