2026-06-09T12:01:44+12:00 run start {'title': 'Inhomogeneous rmhd simulation test', 'input_file': 'C:\\Users\\naoki\\Downloads\\rmhd-gpu-new\\examples\\nokias_inhomo_rho.input', 'output_dir': 'C:\\Users\\naoki\\Downloads\\rmhd-gpu-new\\examples\\outputs_nokia_rmhd_rho_1', 'backend': 'numpy', 'equation_set': 'inhomogeneous_rmhd_rho', 'equation_mode': 'linear', 'grid': [32, 32, 32], 'output_cadences': {'scalar': 0.25, 'spectra': 0.0, 'full_field': 0.0}, 'hostname': 'Naoki', 'python_executable': 'C:\\Users\\naoki\\AppData\\Local\\Programs\\Python\\Python313\\python.exe', 'git_commit': 'cde2789c3d6596cb8e14f232da25acf4598750f1', 'command': "'C:\\Users\\naoki\\Downloads\\rmhd-gpu-new\\rmhdgpu\\run.py' '.\\examples\\nokias_inhomo_rho.input'"}
2026-06-09T12:01:44+12:00 run setup {'resolved_output_dir': 'C:\\Users\\naoki\\Downloads\\rmhd-gpu-new\\examples\\outputs_nokia_rmhd_rho_1', 'input_file': 'C:\\Users\\naoki\\Downloads\\rmhd-gpu-new\\examples\\nokias_inhomo_rho.input', 'backend': 'numpy', 'equation_set': 'inhomogeneous_rmhd_rho', 'equation_mode': 'linear', 'grid': [32, 32, 32], 'output_cadences': {'scalar': 0.25, 'spectra': 0.0, 'full_field': 0.0}, 'dissipation_mode': 'auto', 'initial_condition': {'type': 'random_spectrum', 'parameters': {'n_min': 1.0, 'n_max': 3.0, 'alpha': 0.0, 'init_energy': 0.75, 'seed': 1}}}
2026-06-09T12:01:44+12:00 scalar diagnostics {'step': 0, 'time': 0.0, 'dt': 0.0, 'total_energy': 0.7499999999999999}
2026-06-09T12:01:44+12:00 scalar diagnostics {'step': 6, 'time': 0.257693691477286, 'dt': 0.04354025690419526, 'total_energy': 1.240115578857621}
2026-06-09T12:01:44+12:00 scalar diagnostics {'step': 12, 'time': 0.5180349170368401, 'dt': 0.04253363195529586, 'total_energy': 2.577356505903562}
2026-06-09T12:01:45+12:00 scalar diagnostics {'step': 18, 'time': 0.761680358641092, 'dt': 0.039175932517535934, 'total_energy': 4.8959302969880225}
2026-06-09T12:01:45+12:00 scalar diagnostics {'step': 25, 'time': 1.0178272308716398, 'dt': 0.03454332757097039, 'total_energy': 8.697572737114468}
2026-06-09T12:01:45+12:00 scalar diagnostics {'step': 33, 'time': 1.2690271229101064, 'dt': 0.02905390866113213, 'total_energy': 14.026192880796028}
2026-06-09T12:01:45+12:00 scalar diagnostics {'step': 42, 'time': 1.5065765245219234, 'dt': 0.02459212534341372, 'total_energy': 20.817950043967492}
2026-06-09T12:01:45+12:00 scalar diagnostics {'step': 53, 'time': 1.7570321427247886, 'dt': 0.02160354333756486, 'total_energy': 30.18357322368879}
2026-06-09T12:01:45+12:00 scalar diagnostics {'step': 65, 'time': 2.004284224284544, 'dt': 0.019836341569585726, 'total_energy': 41.64431297778595}
2026-06-09T12:01:45+12:00 scalar diagnostics {'step': 79, 'time': 2.2669160219106153, 'dt': 0.017809859142564142, 'total_energy': 56.26293371230156}
2026-06-09T12:01:45+12:00 scalar diagnostics {'step': 93, 'time': 2.5018213286720994, 'dt': 0.015959516531595535, 'total_energy': 71.6332389539414}
2026-06-09T12:01:46+12:00 progress {'step': 100, 'time': 2.610620378419328, 'dt': 0.015253592311871667}
2026-06-09T12:01:46+12:00 scalar diagnostics {'step': 110, 'time': 2.758786788234204, 'dt': 0.014497601988173608, 'total_energy': 90.84715921566003}
2026-06-09T12:01:46+12:00 scalar diagnostics {'step': 128, 'time': 3.0103622792256153, 'dt': 0.0135617283003512, 'total_energy': 111.33621240615035}
2026-06-09T12:01:46+12:00 scalar diagnostics {'step': 147, 'time': 3.2597570562166127, 'dt': 0.012750263691387794, 'total_energy': 133.12865783774464}
2026-06-09T12:01:46+12:00 scalar diagnostics {'step': 167, 'time': 3.506936162454581, 'dt': 0.012039422691827503, 'total_energy': 156.58166929283675}
2026-06-09T12:01:47+12:00 scalar diagnostics {'step': 188, 'time': 3.7540589671212365, 'dt': 0.01155566299017325, 'total_energy': 181.4450767582531}
2026-06-09T12:01:47+12:00 progress {'step': 200, 'time': 3.8913778058173736, 'dt': 0.011362487033176384}
2026-06-09T12:01:47+12:00 scalar diagnostics {'step': 210, 'time': 4.004466336065029, 'dt': 0.011274883312172789, 'total_energy': 207.0738457325205}
2026-06-09T12:01:47+12:00 scalar diagnostics {'step': 232, 'time': 4.252044463566544, 'dt': 0.011260075642735245, 'total_energy': 232.6662691925082}
2026-06-09T12:01:47+12:00 scalar diagnostics {'step': 255, 'time': 4.510349045027711, 'dt': 0.011114361335719327, 'total_energy': 260.4567189000511}
2026-06-09T12:01:48+12:00 scalar diagnostics {'step': 277, 'time': 4.750887164819362, 'dt': 0.010777499076662833, 'total_energy': 287.74006481825313}
2026-06-09T12:01:48+12:00 progress {'step': 300, 'time': 4.995715168235903, 'dt': 0.010547559553590597}
2026-06-09T12:01:48+12:00 scalar diagnostics {'step': 301, 'time': 5.00625594616886, 'dt': 0.010540777932956583, 'total_energy': 317.6002594313512}
2026-06-09T12:01:48+12:00 scalar diagnostics {'step': 325, 'time': 5.257450613185194, 'dt': 0.010388055259405926, 'total_energy': 347.13617266563915}
2026-06-09T12:01:48+12:00 scalar diagnostics {'step': 349, 'time': 5.5039743135140835, 'dt': 0.010164642624509059, 'total_energy': 376.1148868909026}
2026-06-09T12:01:49+12:00 scalar diagnostics {'step': 374, 'time': 5.755560079215028, 'dt': 0.009989060118326917, 'total_energy': 405.9081295658547}
2026-06-09T12:01:49+12:00 scalar diagnostics {'step': 399, 'time': 6.004125128116275, 'dt': 0.009913520810074674, 'total_energy': 435.9590222584652}
2026-06-09T12:01:49+12:00 progress {'step': 400, 'time': 6.014038319194439, 'dt': 0.009913191078164385}
2026-06-09T12:01:49+12:00 scalar diagnostics {'step': 424, 'time': 6.252076720527138, 'dt': 0.009920439960795939, 'total_energy': 465.99934992576084}
2026-06-09T12:01:50+12:00 scalar diagnostics {'step': 450, 'time': 6.5089670688754016, 'dt': 0.009817742142639767, 'total_energy': 495.59824919963967}
2026-06-09T12:01:50+12:00 scalar diagnostics {'step': 475, 'time': 6.752191105424148, 'dt': 0.009654458694946882, 'total_energy': 521.2280527229965}
2026-06-09T12:01:50+12:00 progress {'step': 500, 'time': 6.9927127374942275, 'dt': 0.00961727859462539}
2026-06-09T12:01:50+12:00 scalar diagnostics {'step': 501, 'time': 7.002331904614913, 'dt': 0.009619167120684707, 'total_energy': 545.4443076104648}
2026-06-09T12:01:51+12:00 scalar diagnostics {'step': 527, 'time': 7.253472297066872, 'dt': 0.009697770930675597, 'total_energy': 567.8831317582202}
2026-06-09T12:01:51+12:00 scalar diagnostics {'step': 553, 'time': 7.50566149482436, 'dt': 0.00967214639998046, 'total_energy': 587.5211977597248}
2026-06-09T12:01:51+12:00 scalar diagnostics {'step': 579, 'time': 7.755253950199707, 'dt': 0.00953190448767223, 'total_energy': 602.9711039179989}
2026-06-09T12:01:51+12:00 progress {'step': 600, 'time': 7.95479973442562, 'dt': 0.009495708692717097}
2026-06-09T12:01:51+12:00 scalar diagnostics {'step': 605, 'time': 8.002308914149198, 'dt': 0.009506908143389, 'total_energy': 614.2124251121958}
2026-06-09T12:01:52+12:00 scalar diagnostics {'step': 631, 'time': 8.250969355222503, 'dt': 0.00958707996182628, 'total_energy': 621.4694029328152}
2026-06-09T12:01:52+12:00 scalar diagnostics {'step': 658, 'time': 8.509231695481574, 'dt': 0.00959158236576538, 'total_energy': 624.9942380485368}
2026-06-09T12:01:53+12:00 scalar diagnostics {'step': 684, 'time': 8.757738376257658, 'dt': 0.009464752278045972, 'total_energy': 625.4103432345419}
2026-06-09T12:01:54+12:00 progress {'step': 700, 'time': 8.908297928410136, 'dt': 0.00937307693750783}
2026-06-09T12:01:54+12:00 scalar diagnostics {'step': 710, 'time': 9.001925250989396, 'dt': 0.009359923796204537, 'total_energy': 623.1462079070097}
2026-06-09T12:01:55+12:00 scalar diagnostics {'step': 737, 'time': 9.255869399352276, 'dt': 0.009470127745199732, 'total_energy': 617.1496459209131}
2026-06-09T12:01:56+12:00 scalar diagnostics {'step': 763, 'time': 9.502922957190679, 'dt': 0.009489858209291487, 'total_energy': 607.6413039267434}
2026-06-09T12:01:56+12:00 scalar diagnostics {'step': 790, 'time': 9.756867261898675, 'dt': 0.009315994282473223, 'total_energy': 595.700771534948}
2026-06-09T12:01:57+12:00 progress {'step': 800, 'time': 9.84971925328199, 'dt': 0.009264035533337888}
2026-06-09T12:01:57+12:00 scalar diagnostics {'step': 817, 'time': 10.00686173976787, 'dt': 0.009237392281773, 'total_energy': 582.8233693601815}
2026-06-09T12:01:58+12:00 scalar diagnostics {'step': 844, 'time': 10.257556288004928, 'dt': 0.009349614372384745, 'total_energy': 568.1213557109196}
2026-06-09T12:01:59+12:00 scalar diagnostics {'step': 870, 'time': 10.501276858276777, 'dt': 0.009386273493565874, 'total_energy': 551.5533968760844}
2026-06-09T12:02:00+12:00 scalar diagnostics {'step': 897, 'time': 10.753330095919019, 'dt': 0.00928883386176555, 'total_energy': 532.4890597861205}
2026-06-09T12:02:00+12:00 progress {'step': 900, 'time': 10.781184978502402, 'dt': 0.009283324675130092}
2026-06-09T12:02:00+12:00 scalar diagnostics {'step': 924, 'time': 11.004517239453703, 'dt': 0.009364381290949568, 'total_energy': 512.4064546513071}
2026-06-09T12:02:01+12:00 scalar diagnostics {'step': 950, 'time': 11.251880977483648, 'dt': 0.009673018909537888, 'total_energy': 492.31442783176414}
2026-06-09T12:02:02+12:00 scalar diagnostics {'step': 976, 'time': 11.50751604419119, 'dt': 0.009957402336647372, 'total_energy': 471.39208964624476}
2026-06-09T12:02:02+12:00 progress {'step': 1000, 'time': 11.749033940085058, 'dt': 0.010175037120079902}
2026-06-09T12:02:02+12:00 scalar diagnostics {'step': 1001, 'time': 11.759221371171686, 'dt': 0.010187431086627213, 'total_energy': 450.27163145965784}
2026-06-09T12:02:02+12:00 scalar diagnostics {'step': 1025, 'time': 12.00884790633748, 'dt': 0.010650673391621254, 'total_energy': 428.89840901261664}
2026-06-09T12:02:02+12:00 scalar diagnostics {'step': 1047, 'time': 12.250386201668265, 'dt': 0.011292231960952234, 'total_energy': 408.818629113361}
2026-06-09T12:02:03+12:00 scalar diagnostics {'step': 1069, 'time': 12.506095249667036, 'dt': 0.011919958326845214, 'total_energy': 389.518285146649}
2026-06-09T12:02:03+12:00 scalar diagnostics {'step': 1089, 'time': 12.751736037396613, 'dt': 0.012684397441058691, 'total_energy': 373.0694112525626}
2026-06-09T12:02:03+12:00 progress {'step': 1100, 'time': 12.89529166286541, 'dt': 0.013397660250801805}
2026-06-09T12:02:03+12:00 scalar diagnostics {'step': 1108, 'time': 13.005525765477595, 'dt': 0.014098519382420014, 'total_energy': 358.039609959789}
2026-06-09T12:02:03+12:00 scalar diagnostics {'step': 1125, 'time': 13.261518177318194, 'dt': 0.015957225512002602, 'total_energy': 345.3053942819168}
2026-06-09T12:02:04+12:00 scalar diagnostics {'step': 1140, 'time': 13.514150912855172, 'dt': 0.017605085214259665, 'total_energy': 335.79148945950703}
2026-06-09T12:02:04+12:00 scalar diagnostics {'step': 1153, 'time': 13.754627492881768, 'dt': 0.019410548896719025, 'total_energy': 329.78141869483966}
2026-06-09T12:02:04+12:00 scalar diagnostics {'step': 1165, 'time': 14.006070845128791, 'dt': 0.022500240407154787, 'total_energy': 326.4982801494707}
2026-06-09T12:02:04+12:00 scalar diagnostics {'step': 1176, 'time': 14.273560272565641, 'dt': 0.02601296177132906, 'total_energy': 326.061160254294}
2026-06-09T12:02:04+12:00 scalar diagnostics {'step': 1185, 'time': 14.522882840393828, 'dt': 0.02888424112204181, 'total_energy': 328.341803918708}
2026-06-09T12:02:04+12:00 scalar diagnostics {'step': 1193, 'time': 14.760575110034686, 'dt': 0.030236826472586683, 'total_energy': 332.56238446646967}
2026-06-09T12:02:04+12:00 progress {'step': 1200, 'time': 14.97721125658699, 'dt': 0.03159296494454854}
2026-06-09T12:02:04+12:00 scalar diagnostics {'step': 1201, 'time': 15.009061782901698, 'dt': 0.03185052631470748, 'total_energy': 338.84103036740345}
2026-06-09T12:02:04+12:00 scalar diagnostics {'step': 1209, 'time': 15.27539094970307, 'dt': 0.03444689155343878, 'total_energy': 347.34046602121873}
2026-06-09T12:02:05+12:00 scalar diagnostics {'step': 1216, 'time': 15.515855845752057, 'dt': 0.03438014904542414, 'total_energy': 356.20268493359384}
2026-06-09T12:02:05+12:00 scalar diagnostics {'step': 1223, 'time': 15.757700816708732, 'dt': 0.034264916292961405, 'total_energy': 366.08896925826963}
2026-06-09T12:02:05+12:00 scalar diagnostics {'step': 1231, 'time': 16.03163371002956, 'dt': 0.0344416707670271, 'total_energy': 378.3738686066515}
2026-06-09T12:02:05+12:00 scalar diagnostics {'step': 1238, 'time': 16.271969479992542, 'dt': 0.033835642465763524, 'total_energy': 390.14591392355067}
2026-06-09T12:02:05+12:00 scalar diagnostics {'step': 1246, 'time': 16.52565235198752, 'dt': 0.02979721857751018, 'total_energy': 403.74001420804933}
2026-06-09T12:02:05+12:00 scalar diagnostics {'step': 1255, 'time': 16.773263248505817, 'dt': 0.026076738590794304, 'total_energy': 418.12239453245866}
2026-06-09T12:02:05+12:00 scalar diagnostics {'step': 1265, 'time': 17.023594612163322, 'dt': 0.02436561352253006, 'total_energy': 433.7084830169523}
2026-06-09T12:02:05+12:00 scalar diagnostics {'step': 1275, 'time': 17.260594306350924, 'dt': 0.023129744947201745, 'total_energy': 449.56870259944213}
2026-06-09T12:02:05+12:00 scalar diagnostics {'step': 1286, 'time': 17.503056634855817, 'dt': 0.021136900816721167, 'total_energy': 467.3623975557139}
2026-06-09T12:02:06+12:00 scalar diagnostics {'step': 1299, 'time': 17.76264281309715, 'dt': 0.018992856781081226, 'total_energy': 488.2034301381601}
2026-06-09T12:02:06+12:00 progress {'step': 1300, 'time': 17.78150563859145, 'dt': 0.018862825494300857}
2026-06-09T12:02:06+12:00 scalar diagnostics {'step': 1313, 'time': 18.01712897514149, 'dt': 0.01756229097027134, 'total_energy': 509.80592147364746}
2026-06-09T12:02:06+12:00 scalar diagnostics {'step': 1327, 'time': 18.252762080186766, 'dt': 0.016219147457952384, 'total_energy': 530.9307121433815}
2026-06-09T12:02:06+12:00 scalar diagnostics {'step': 1343, 'time': 18.502038526044945, 'dt': 0.015085321632321734, 'total_energy': 554.8569499696991}
2026-06-09T12:02:06+12:00 scalar diagnostics {'step': 1360, 'time': 18.752701334331764, 'dt': 0.01453403317734218, 'total_energy': 580.0332732812356}
2026-06-09T12:02:06+12:00 scalar diagnostics {'step': 1378, 'time': 19.009191123922086, 'dt': 0.013961689908199652, 'total_energy': 606.5674273959528}
2026-06-09T12:02:07+12:00 scalar diagnostics {'step': 1396, 'time': 19.25372031170742, 'dt': 0.013253340266908721, 'total_energy': 633.2311584875911}
2026-06-09T12:02:07+12:00 progress {'step': 1400, 'time': 19.30639176064125, 'dt': 0.013118830861063404}
2026-06-09T12:02:07+12:00 scalar diagnostics {'step': 1415, 'time': 19.500331575578894, 'dt': 0.012819316231545815, 'total_energy': 661.7498645917145}
2026-06-09T12:02:07+12:00 scalar diagnostics {'step': 1435, 'time': 19.75729521933604, 'dt': 0.012955886929170692, 'total_energy': 692.2126694665642}
2026-06-09T12:02:07+12:00 scalar diagnostics {'step': 1454, 'time': 20.002926029215438, 'dt': 0.01285062116954821, 'total_energy': 722.0166619242966}
2026-06-09T12:02:08+12:00 scalar diagnostics {'step': 1474, 'time': 20.259729760110332, 'dt': 0.012811513257208534, 'total_energy': 755.5192852595362}
2026-06-09T12:02:08+12:00 scalar diagnostics {'step': 1493, 'time': 20.50031000994509, 'dt': 0.012477836425178286, 'total_energy': 789.5755551928457}
2026-06-09T12:02:08+12:00 progress {'step': 1500, 'time': 20.586977373897767, 'dt': 0.012304902143399571}
2026-06-09T12:02:08+12:00 scalar diagnostics {'step': 1514, 'time': 20.75676264536246, 'dt': 0.01200035363001689, 'total_energy': 827.4633295102674}
2026-06-09T12:02:08+12:00 scalar diagnostics {'step': 1535, 'time': 21.006957767084252, 'dt': 0.011895869069038799, 'total_energy': 865.6883516538271}
2026-06-09T12:02:09+12:00 scalar diagnostics {'step': 1556, 'time': 21.25732358042543, 'dt': 0.0119034522060408, 'total_energy': 905.920929844093}
2026-06-09T12:02:09+12:00 scalar diagnostics {'step': 1577, 'time': 21.504545276410184, 'dt': 0.011641952681953165, 'total_energy': 947.905282496388}
2026-06-09T12:02:09+12:00 scalar diagnostics {'step': 1599, 'time': 21.758233738253132, 'dt': 0.011463584682332563, 'total_energy': 992.6237737962942}
2026-06-09T12:02:09+12:00 progress {'step': 1600, 'time': 21.769693868407295, 'dt': 0.011460130154163752}
2026-06-09T12:02:09+12:00 scalar diagnostics {'step': 1621, 'time': 22.009708237551745, 'dt': 0.011393039275033916, 'total_energy': 1037.6349595644376}
2026-06-09T12:02:10+12:00 scalar diagnostics {'step': 1643, 'time': 22.258079741520476, 'dt': 0.011165335834140313, 'total_energy': 1081.7983198052011}
2026-06-09T12:02:10+12:00 scalar diagnostics {'step': 1665, 'time': 22.500465824881005, 'dt': 0.010904300664227594, 'total_energy': 1123.9889322533916}
2026-06-09T12:02:11+12:00 scalar diagnostics {'step': 1688, 'time': 22.750045604872508, 'dt': 0.01078906508396382, 'total_energy': 1166.517325491683}
2026-06-09T12:02:11+12:00 progress {'step': 1700, 'time': 22.877818272943454, 'dt': 0.010528679329767244}
2026-06-09T12:02:11+12:00 scalar diagnostics {'step': 1712, 'time': 23.002586793442042, 'dt': 0.010293227234671314, 'total_energy': 1208.7356679183836}
2026-06-09T12:02:12+12:00 scalar diagnostics {'step': 1737, 'time': 23.255567724774938, 'dt': 0.010008058247792283, 'total_energy': 1248.9560313360416}
2026-06-09T12:02:13+12:00 scalar diagnostics {'step': 1762, 'time': 23.504820373373096, 'dt': 0.0099532425703105, 'total_energy': 1285.1982985515438}
2026-06-09T12:02:14+12:00 scalar diagnostics {'step': 1787, 'time': 23.7530693263594, 'dt': 0.009894450038592044, 'total_energy': 1317.607034717243}
2026-06-09T12:02:14+12:00 progress {'step': 1800, 'time': 23.881223624990035, 'dt': 0.009829417854628738}
2026-06-09T12:02:15+12:00 scalar diagnostics {'step': 1813, 'time': 24.008522502608667, 'dt': 0.009755112046326373, 'total_energy': 1347.6481583290517}
2026-06-09T12:02:16+12:00 scalar diagnostics {'step': 1839, 'time': 24.258594643825294, 'dt': 0.009459362112723971, 'total_energy': 1374.2275734917698}
2026-06-09T12:02:16+12:00 scalar diagnostics {'step': 1866, 'time': 24.508560207232623, 'dt': 0.009087074176516587, 'total_energy': 1397.9008836234698}
2026-06-09T12:02:17+12:00 scalar diagnostics {'step': 1893, 'time': 24.750854533573936, 'dt': 0.008905116343234433, 'total_energy': 1417.5308150903263}
2026-06-09T12:02:17+12:00 progress {'step': 1900, 'time': 24.813123551720693, 'dt': 0.008889639916561241}
2026-06-09T12:02:18+12:00 scalar diagnostics {'step': 1922, 'time': 25.008139478018162, 'dt': 0.008836126373697099, 'total_energy': 1434.049661237485}
2026-06-09T12:02:19+12:00 scalar diagnostics {'step': 1950, 'time': 25.25351278306702, 'dt': 0.008673748629451361, 'total_energy': 1445.8757668866588}
2026-06-09T12:02:20+12:00 scalar diagnostics {'step': 1979, 'time': 25.501451360250883, 'dt': 0.008439198665781517, 'total_energy': 1455.2915228804864}
2026-06-09T12:02:21+12:00 progress {'step': 2000, 'time': 25.67739205429095, 'dt': 0.00833653934397363}
2026-06-09T12:02:21+12:00 scalar diagnostics {'step': 2009, 'time': 25.752325685282255, 'dt': 0.00831983044359191, 'total_energy': 1462.414988377749}
2026-06-09T12:02:22+12:00 scalar diagnostics {'step': 2039, 'time': 26.002116543975713, 'dt': 0.008346471650534528, 'total_energy': 1465.650168095611}
2026-06-09T12:02:22+12:00 scalar diagnostics {'step': 2069, 'time': 26.253257327631673, 'dt': 0.008388310907173225, 'total_energy': 1464.54468627094}
2026-06-09T12:02:23+12:00 scalar diagnostics {'step': 2099, 'time': 26.505234827042525, 'dt': 0.00841570942887937, 'total_energy': 1460.3943052535415}
2026-06-09T12:02:23+12:00 progress {'step': 2100, 'time': 26.513652641213312, 'dt': 0.008417814170786216}
2026-06-09T12:02:24+12:00 scalar diagnostics {'step': 2128, 'time': 26.750133498106972, 'dt': 0.008491654406505547, 'total_energy': 1454.5319453700163}
2026-06-09T12:02:25+12:00 scalar diagnostics {'step': 2158, 'time': 27.008262885825086, 'dt': 0.0087370290002783, 'total_energy': 1446.105365565507}
2026-06-09T12:02:26+12:00 scalar diagnostics {'step': 2186, 'time': 27.25743433065306, 'dt': 0.0090500239922713, 'total_energy': 1435.7500968204065}
2026-06-09T12:02:26+12:00 progress {'step': 2200, 'time': 27.385237819981874, 'dt': 0.009195457377283832}
2026-06-09T12:02:26+12:00 scalar diagnostics {'step': 2213, 'time': 27.505704365853543, 'dt': 0.009329132385478743, 'total_energy': 1423.951662336532}
2026-06-09T12:02:27+12:00 scalar diagnostics {'step': 2239, 'time': 27.752815040816575, 'dt': 0.00970291832682427, 'total_energy': 1411.4215708940328}
2026-06-09T12:02:28+12:00 scalar diagnostics {'step': 2264, 'time': 28.002830982239217, 'dt': 0.0103213480627696, 'total_energy': 1398.820768834467}
2026-06-09T12:02:28+12:00 scalar diagnostics {'step': 2288, 'time': 28.259924357446177, 'dt': 0.01106549321514881, 'total_energy': 1387.2354278660941}
2026-06-09T12:02:29+12:00 progress {'step': 2300, 'time': 28.395085866931414, 'dt': 0.011432950460836271}
2026-06-09T12:02:29+12:00 scalar diagnostics {'step': 2310, 'time': 28.511228930521998, 'dt': 0.01177083248388867, 'total_energy': 1377.6674394449706}
2026-06-09T12:02:29+12:00 scalar diagnostics {'step': 2330, 'time': 28.756058057463317, 'dt': 0.012757438531883573, 'total_energy': 1369.915036216169}
2026-06-09T12:02:30+12:00 scalar diagnostics {'step': 2349, 'time': 29.01297399648866, 'dt': 0.014295941949685616, 'total_energy': 1363.779801492692}
2026-06-09T12:02:30+12:00 scalar diagnostics {'step': 2365, 'time': 29.25407776482754, 'dt': 0.015746368181171064, 'total_energy': 1360.7655271105718}
2026-06-09T12:02:31+12:00 scalar diagnostics {'step': 2380, 'time': 29.50169189460967, 'dt': 0.017223065580606822, 'total_energy': 1360.9222045423523}
2026-06-09T12:02:31+12:00 scalar diagnostics {'step': 2394, 'time': 29.757745013010915, 'dt': 0.019165158945431575, 'total_energy': 1364.2500334543954}
2026-06-09T12:02:31+12:00 progress {'step': 2400, 'time': 29.875047515392364, 'dt': 0.01982180471294398}
2026-06-09T12:02:31+12:00 scalar diagnostics {'step': 2407, 'time': 30.0168931342837, 'dt': 0.020607436314245834, 'total_energy': 1370.4479567590747}
2026-06-09T12:02:32+12:00 scalar diagnostics {'step': 2418, 'time': 30.25235163771264, 'dt': 0.02219715609774296, 'total_energy': 1378.4314034487065}
2026-06-09T12:02:32+12:00 scalar diagnostics {'step': 2429, 'time': 30.5107997544364, 'dt': 0.024687597389194578, 'total_energy': 1389.794523721727}
2026-06-09T12:02:32+12:00 scalar diagnostics {'step': 2439, 'time': 30.771063372039407, 'dt': 0.027067829034771895, 'total_energy': 1403.9175953531853}
2026-06-09T12:02:32+12:00 scalar diagnostics {'step': 2448, 'time': 31.024421592327858, 'dt': 0.02903712093688379, 'total_energy': 1419.8485554069084}
2026-06-09T12:02:33+12:00 scalar diagnostics {'step': 2456, 'time': 31.265095931457363, 'dt': 0.03085617046696103, 'total_energy': 1436.7799601529427}
2026-06-09T12:02:33+12:00 scalar diagnostics {'step': 2464, 'time': 31.51585401392025, 'dt': 0.03141398598141615, 'total_energy': 1456.2081081535869}
2026-06-09T12:02:33+12:00 scalar diagnostics {'step': 2472, 'time': 31.762664216636924, 'dt': 0.030312217180738316, 'total_energy': 1476.8799857625404}
2026-06-09T12:02:33+12:00 scalar diagnostics {'step': 2480, 'time': 32.00075096333194, 'dt': 0.029444756978904266, 'total_energy': 1498.2781672059114}
2026-06-09T12:02:33+12:00 scalar diagnostics {'step': 2489, 'time': 32.2603449432586, 'dt': 0.02770331345499062, 'total_energy': 1523.2248019089016}
2026-06-09T12:02:34+12:00 scalar diagnostics {'step': 2499, 'time': 32.516934936164006, 'dt': 0.024206102611986396, 'total_energy': 1549.345339537469}
2026-06-09T12:02:34+12:00 progress {'step': 2500, 'time': 32.540874208140764, 'dt': 0.02393927197675739}
2026-06-09T12:02:34+12:00 scalar diagnostics {'step': 2510, 'time': 32.76872486724284, 'dt': 0.022031233675886556, 'total_energy': 1576.0644309496893}
2026-06-09T12:02:34+12:00 scalar diagnostics {'step': 2521, 'time': 33.003744258978244, 'dt': 0.020869059993423, 'total_energy': 1601.9453778593074}
2026-06-09T12:02:35+12:00 scalar diagnostics {'step': 2534, 'time': 33.26484474978039, 'dt': 0.01932200622814027, 'total_energy': 1631.9959231306877}
2026-06-09T12:02:35+12:00 scalar diagnostics {'step': 2547, 'time': 33.5035912770142, 'dt': 0.01759072820648487, 'total_energy': 1660.3935918021143}
2026-06-09T12:02:35+12:00 scalar diagnostics {'step': 2562, 'time': 33.7567603664801, 'dt': 0.016439986946802168, 'total_energy': 1690.8541868338166}
2026-06-09T12:02:36+12:00 scalar diagnostics {'step': 2577, 'time': 34.000623192484014, 'dt': 0.016167015160825353, 'total_energy': 1720.4899761803667}
2026-06-09T12:02:36+12:00 scalar diagnostics {'step': 2593, 'time': 34.25707749433381, 'dt': 0.015839522976495584, 'total_energy': 1752.3218857060106}
2026-06-09T12:02:36+12:00 progress {'step': 2600, 'time': 34.36694013370096, 'dt': 0.01558194777805189}
2026-06-09T12:02:36+12:00 scalar diagnostics {'step': 2609, 'time': 34.50557690201323, 'dt': 0.015275801071874966, 'total_energy': 1783.8456146109863}
2026-06-09T12:02:37+12:00 scalar diagnostics {'step': 2626, 'time': 34.76090778145246, 'dt': 0.014757569481233287, 'total_energy': 1816.6434212195882}
2026-06-09T12:02:37+12:00 scalar diagnostics {'step': 2643, 'time': 35.00798394969164, 'dt': 0.014371518838568634, 'total_energy': 1848.936635391264}
2026-06-09T12:02:38+12:00 scalar diagnostics {'step': 2660, 'time': 35.25038943131733, 'dt': 0.01419267785055877, 'total_energy': 1881.6950788576753}
2026-06-09T12:02:38+12:00 scalar diagnostics {'step': 2678, 'time': 35.506180985061256, 'dt': 0.014238769399283332, 'total_energy': 1917.2658980523647}
2026-06-09T12:02:39+12:00 scalar diagnostics {'step': 2695, 'time': 35.75055472065079, 'dt': 0.01454389676891547, 'total_energy': 1952.2742664413418}
2026-06-09T12:02:39+12:00 progress {'step': 2700, 'time': 35.823629606836846, 'dt': 0.014660633002336007}
2026-06-09T12:02:39+12:00 scalar diagnostics {'step': 2712, 'time': 36.000793764460916, 'dt': 0.014813464666328137, 'total_energy': 1990.1818453479393}
2026-06-09T12:02:40+12:00 scalar diagnostics {'step': 2730, 'time': 36.26299351928708, 'dt': 0.01431393389947992, 'total_energy': 2032.9076853703082}
2026-06-09T12:02:40+12:00 scalar diagnostics {'step': 2747, 'time': 36.50384422205481, 'dt': 0.014131443736205647, 'total_energy': 2074.2389552062386}
2026-06-09T12:02:41+12:00 scalar diagnostics {'step': 2765, 'time': 36.757593108060114, 'dt': 0.013975744760364324, 'total_energy': 2119.64223159616}
2026-06-09T12:02:41+12:00 scalar diagnostics {'step': 2783, 'time': 37.00875969933923, 'dt': 0.013959888898002386, 'total_energy': 2167.371324678521}
2026-06-09T12:02:42+12:00 progress {'step': 2800, 'time': 37.24497950283281, 'dt': 0.013772515501207918}
2026-06-09T12:02:42+12:00 scalar diagnostics {'step': 2801, 'time': 37.25872786734378, 'dt': 0.013748364510965422, 'total_energy': 2218.169723103196}
2026-06-09T12:02:42+12:00 scalar diagnostics {'step': 2819, 'time': 37.50120508616188, 'dt': 0.013212644425621126, 'total_energy': 2269.5318658698984}
2026-06-09T12:02:43+12:00 scalar diagnostics {'step': 2839, 'time': 37.76086059578573, 'dt': 0.012839841206121317, 'total_energy': 2325.848519680133}
2026-06-09T12:02:43+12:00 scalar diagnostics {'step': 2858, 'time': 38.003570343872774, 'dt': 0.012711362544634038, 'total_energy': 2379.6317030842356}
2026-06-09T12:02:44+12:00 scalar diagnostics {'step': 2878, 'time': 38.25355193590587, 'dt': 0.012268941166937044, 'total_energy': 2436.0403313519673}
2026-06-09T12:02:44+12:00 scalar diagnostics {'step': 2899, 'time': 38.50485012646723, 'dt': 0.011708314708084549, 'total_energy': 2493.375074573703}
2026-06-09T12:02:44+12:00 progress {'step': 2900, 'time': 38.516535933330026, 'dt': 0.01168580686279325}
2026-06-09T12:02:45+12:00 scalar diagnostics {'step': 2921, 'time': 38.757705931872536, 'dt': 0.011332240972808268, 'total_energy': 2551.2280240310797}
2026-06-09T12:02:46+12:00 scalar diagnostics {'step': 2943, 'time': 39.003428773893546, 'dt': 0.010997520897948282, 'total_energy': 2606.762815234146}
2026-06-09T12:02:47+12:00 scalar diagnostics {'step': 2966, 'time': 39.25021901243355, 'dt': 0.010466006358073494, 'total_energy': 2660.783326198809}
2026-06-09T12:02:47+12:00 scalar diagnostics {'step': 2991, 'time': 39.50493110419954, 'dt': 0.009977929839549766, 'total_energy': 2714.1148938861706}
2026-06-09T12:02:47+12:00 progress {'step': 3000, 'time': 39.594206845459645, 'dt': 0.009878549910833066}
2026-06-09T12:02:48+12:00 scalar diagnostics {'step': 3016, 'time': 39.75107846459728, 'dt': 0.009752261045804908, 'total_energy': 2763.951610632087}
2026-06-09T12:02:48+12:00 scalar diagnostics {'step': 3042, 'time': 40.00247560290879, 'dt': 0.009559522985737609, 'total_energy': 2813.4090338460974}
2026-06-09T12:02:48+12:00 scalar diagnostics {'step': 3069, 'time': 40.25519995158205, 'dt': 0.009163150333587323, 'total_energy': 2860.486704286958}
2026-06-09T12:02:49+12:00 scalar diagnostics {'step': 3097, 'time': 40.506655773202944, 'dt': 0.008842420232011082, 'total_energy': 2903.293379012689}
2026-06-09T12:02:49+12:00 progress {'step': 3100, 'time': 40.53314172791798, 'dt': 0.008822091140053546}
2026-06-09T12:02:49+12:00 scalar diagnostics {'step': 3125, 'time': 40.75226543641581, 'dt': 0.008725202206489025, 'total_energy': 2941.1318833643154}
2026-06-09T12:02:49+12:00 scalar diagnostics {'step': 3154, 'time': 41.003270978080806, 'dt': 0.00856240261119877, 'total_energy': 2976.7610538283916}
2026-06-09T12:02:50+12:00 scalar diagnostics {'step': 3184, 'time': 41.25566979867548, 'dt': 0.008274708948482621, 'total_energy': 3009.6754927736974}
2026-06-09T12:02:50+12:00 progress {'step': 3200, 'time': 41.38708393002351, 'dt': 0.008169592238911158}
2026-06-09T12:02:50+12:00 scalar diagnostics {'step': 3214, 'time': 41.501142372664866, 'dt': 0.008136043179837956, 'total_energy': 3037.65287549178}
2026-06-09T12:02:51+12:00 scalar diagnostics {'step': 3245, 'time': 41.75394398177594, 'dt': 0.008168264397413088, 'total_energy': 3061.2802827652476}
2026-06-09T12:02:51+12:00 scalar diagnostics {'step': 3276, 'time': 42.00645277657306, 'dt': 0.00811537817889931, 'total_energy': 3079.8442276674887}
2026-06-09T12:02:51+12:00 progress {'step': 3300, 'time': 42.20083797276039, 'dt': 0.00809940152027715}
2026-06-09T12:02:52+12:00 scalar diagnostics {'step': 3307, 'time': 42.257528093340966, 'dt': 0.008094608518022666, 'total_energy': 3094.447697666991}
2026-06-09T12:02:53+12:00 scalar diagnostics {'step': 3337, 'time': 42.50057294248735, 'dt': 0.008135496145923878, 'total_energy': 3105.4740701955066}
2026-06-09T12:02:53+12:00 scalar diagnostics {'step': 3368, 'time': 42.755580584346966, 'dt': 0.008315476366355405, 'total_energy': 3113.294800777929}
2026-06-09T12:02:54+12:00 scalar diagnostics {'step': 3398, 'time': 43.00771429128824, 'dt': 0.00848713807572989, 'total_energy': 3117.0752214488098}
2026-06-09T12:02:54+12:00 progress {'step': 3400, 'time': 43.02470632747227, 'dt': 0.008498995671531805}
2026-06-09T12:02:55+12:00 scalar diagnostics {'step': 3427, 'time': 43.256755773356865, 'dt': 0.008697102101246499, 'total_energy': 3118.0112628441393}
2026-06-09T12:02:56+12:00 scalar diagnostics {'step': 3455, 'time': 43.50467268517155, 'dt': 0.009022433286062838, 'total_energy': 3117.535796744365}
2026-06-09T12:02:57+12:00 scalar diagnostics {'step': 3482, 'time': 43.754169491909714, 'dt': 0.009463521337310748, 'total_energy': 3116.458627213062}
2026-06-09T12:02:57+12:00 progress {'step': 3500, 'time': 43.92796171384227, 'dt': 0.009836695670451801}
2026-06-09T12:02:57+12:00 scalar diagnostics {'step': 3508, 'time': 44.00747752471928, 'dt': 0.010022298366169906, 'total_energy': 3115.1065451961913}
2026-06-09T12:02:58+12:00 scalar diagnostics {'step': 3532, 'time': 44.25622893462106, 'dt': 0.010714388370960838, 'total_energy': 3114.2384857920433}
2026-06-09T12:02:59+12:00 scalar diagnostics {'step': 3554, 'time': 44.50121213818842, 'dt': 0.011553568380181943, 'total_energy': 3114.459169311988}
2026-06-09T12:02:59+12:00 scalar diagnostics {'step': 3575, 'time': 44.75471504614807, 'dt': 0.012586260030620595, 'total_energy': 3116.281887906668}
2026-06-09T12:03:00+12:00 scalar diagnostics {'step': 3594, 'time': 45.00560585790589, 'dt': 0.013813540367835485, 'total_energy': 3120.4365093917777}
2026-06-09T12:03:00+12:00 progress {'step': 3600, 'time': 45.09007998044486, 'dt': 0.014273912965924758}
2026-06-09T12:03:00+12:00 scalar diagnostics {'step': 3611, 'time': 45.25266676004318, 'dt': 0.015226181440890036, 'total_energy': 3127.4360769685445}
2026-06-09T12:03:01+12:00 scalar diagnostics {'step': 3627, 'time': 45.510506210467675, 'dt': 0.0169854606005253, 'total_energy': 3137.6163131767416}
2026-06-09T12:03:01+12:00 scalar diagnostics {'step': 3641, 'time': 45.76309850178706, 'dt': 0.0190710260513296, 'total_energy': 3149.9836500496403}
2026-06-09T12:03:01+12:00 scalar diagnostics {'step': 3653, 'time': 46.004161163074414, 'dt': 0.020862113780988623, 'total_energy': 3164.0611725206995}
2026-06-09T12:03:02+12:00 scalar diagnostics {'step': 3665, 'time': 46.262777838428825, 'dt': 0.022201909155698817, 'total_energy': 3182.260032750846}
2026-06-09T12:03:02+12:00 scalar diagnostics {'step': 3676, 'time': 46.51647965500686, 'dt': 0.023661263914642933, 'total_energy': 3203.2230087969347}
2026-06-09T12:03:02+12:00 scalar diagnostics {'step': 3686, 'time': 46.756217398770254, 'dt': 0.024042708856660013, 'total_energy': 3225.2339031334404}
2026-06-09T12:03:03+12:00 scalar diagnostics {'step': 3697, 'time': 47.01715885476639, 'dt': 0.023390467837599842, 'total_energy': 3251.4656065191357}
2026-06-09T12:03:03+12:00 progress {'step': 3700, 'time': 47.08698500944045, 'dt': 0.02322344549917982}
2026-06-09T12:03:03+12:00 scalar diagnostics {'step': 3708, 'time': 47.27181583555797, 'dt': 0.02307689908675026, 'total_energy': 3279.5215025560087}
2026-06-09T12:03:03+12:00 scalar diagnostics {'step': 3718, 'time': 47.50363363443728, 'dt': 0.023274272711849734, 'total_energy': 3307.114516350265}
2026-06-09T12:03:03+12:00 scalar diagnostics {'step': 3729, 'time': 47.75840638191883, 'dt': 0.022846822889660463, 'total_energy': 3339.41003500374}
2026-06-09T12:03:04+12:00 scalar diagnostics {'step': 3740, 'time': 48.0022354576386, 'dt': 0.021582091206115747, 'total_energy': 3372.216768585033}
2026-06-09T12:03:04+12:00 scalar diagnostics {'step': 3752, 'time': 48.253128796651474, 'dt': 0.02039351141240882, 'total_energy': 3407.7728927602016}
2026-06-09T12:03:04+12:00 scalar diagnostics {'step': 3765, 'time': 48.51094060429288, 'dt': 0.01936226829579925, 'total_energy': 3445.554089167574}
2026-06-09T12:03:05+12:00 scalar diagnostics {'step': 3778, 'time': 48.75566598361539, 'dt': 0.018381434311341482, 'total_energy': 3482.3238353446895}
2026-06-09T12:03:05+12:00 scalar diagnostics {'step': 3792, 'time': 49.00671176218741, 'dt': 0.017604880678509512, 'total_energy': 3521.181568527045}
2026-06-09T12:03:05+12:00 progress {'step': 3800, 'time': 49.14625298443383, 'dt': 0.01733095056548964}
2026-06-09T12:03:05+12:00 scalar diagnostics {'step': 3807, 'time': 49.26683301232844, 'dt': 0.017152125257595883, 'total_energy': 3561.9241532132955}
2026-06-09T12:03:06+12:00 scalar diagnostics {'step': 3821, 'time': 49.50471289788467, 'dt': 0.016863704044660855, 'total_energy': 3598.914828917759}
2026-06-09T12:03:06+12:00 scalar diagnostics {'step': 3836, 'time': 49.75464821248173, 'dt': 0.016511067307219202, 'total_energy': 3637.6752755060124}
2026-06-09T12:03:07+12:00 scalar diagnostics {'step': 3851, 'time': 50.00017549197931, 'dt': 0.0162559552385312, 'total_energy': 3676.1191492132257}
2026-06-09T12:03:07+12:00 scalar diagnostics {'step': 3867, 'time': 50.25785763599662, 'dt': 0.015946626574570345, 'total_energy': 3716.511756076893}
2026-06-09T12:03:07+12:00 scalar diagnostics {'step': 3883, 'time': 50.509139794954855, 'dt': 0.015482953648287822, 'total_energy': 3755.622138932873}
2026-06-09T12:03:08+12:00 scalar diagnostics {'step': 3899, 'time': 50.75396616315641, 'dt': 0.01520987177020231, 'total_energy': 3793.966770256468}
2026-06-09T12:03:08+12:00 progress {'step': 3900, 'time': 50.76917566157533, 'dt': 0.015209498418922008}
2026-06-09T12:03:08+12:00 scalar diagnostics {'step': 3916, 'time': 51.014358895840196, 'dt': 0.01551067754823774, 'total_energy': 3835.5666750853848}
2026-06-09T12:03:09+12:00 scalar diagnostics {'step': 3931, 'time': 51.25164910376273, 'dt': 0.016097156117672238, 'total_energy': 3874.261753667809}
2026-06-09T12:03:09+12:00 scalar diagnostics {'step': 3947, 'time': 51.513424620605875, 'dt': 0.01654303176480841, 'total_energy': 3918.434350716081}
2026-06-09T12:03:10+12:00 scalar diagnostics {'step': 3962, 'time': 51.763693714544374, 'dt': 0.016820198578672518, 'total_energy': 3962.877308906815}
2026-06-09T12:03:10+12:00 scalar diagnostics {'step': 3976, 'time': 52.00234676459189, 'dt': 0.017287755936096924, 'total_energy': 4007.428824419884}
2026-06-09T12:03:10+12:00 scalar diagnostics {'step': 3991, 'time': 52.26127508527043, 'dt': 0.017077431115392613, 'total_energy': 4058.0371300683764}
2026-06-09T12:03:11+12:00 progress {'step': 4000, 'time': 52.41446440064998, 'dt': 0.01700127384760271}
2026-06-09T12:03:11+12:00 scalar diagnostics {'step': 4006, 'time': 52.516535663507256, 'dt': 0.01702475856242346, 'total_energy': 4110.6214439536325}
2026-06-09T12:03:11+12:00 scalar diagnostics {'step': 4020, 'time': 52.75484600147774, 'dt': 0.016984670731149114, 'total_energy': 4162.7942570532805}
2026-06-09T12:03:12+12:00 scalar diagnostics {'step': 4035, 'time': 53.007301272307906, 'dt': 0.01663914615200775, 'total_energy': 4221.296089416932}
2026-06-09T12:03:12+12:00 scalar diagnostics {'step': 4050, 'time': 53.2525493565493, 'dt': 0.016095582442638177, 'total_energy': 4280.50943976246}
2026-06-09T12:03:12+12:00 scalar diagnostics {'step': 4066, 'time': 53.506019165221936, 'dt': 0.015654037201063554, 'total_energy': 4343.627137373553}
2026-06-09T12:03:13+12:00 scalar diagnostics {'step': 4082, 'time': 53.75311450319371, 'dt': 0.015213869435790875, 'total_energy': 4407.153815667622}
2026-06-09T12:03:13+12:00 scalar diagnostics {'step': 4099, 'time': 54.00161306218969, 'dt': 0.014073719740046722, 'total_energy': 4473.1592508006215}
2026-06-09T12:03:13+12:00 progress {'step': 4100, 'time': 54.015620441590876, 'dt': 0.014007379401184291}
2026-06-09T12:03:14+12:00 scalar diagnostics {'step': 4118, 'time': 54.258017446769955, 'dt': 0.013068408975530781, 'total_energy': 4542.998366531945}
2026-06-09T12:03:14+12:00 scalar diagnostics {'step': 4137, 'time': 54.50110896662836, 'dt': 0.012606256368535908, 'total_energy': 4610.042046683062}
2026-06-09T12:03:15+12:00 scalar diagnostics {'step': 4158, 'time': 54.76088247992577, 'dt': 0.01205265165945944, 'total_energy': 4682.017107492626}
2026-06-09T12:03:15+12:00 scalar diagnostics {'step': 4179, 'time': 55.0046320139995, 'dt': 0.011202894824591799, 'total_energy': 4749.302041671243}
2026-06-09T12:03:16+12:00 progress {'step': 4200, 'time': 55.231230894988784, 'dt': 0.010442976303934494}
2026-06-09T12:03:16+12:00 scalar diagnostics {'step': 4202, 'time': 55.252023552804026, 'dt': 0.010380956958156995, 'total_energy': 4817.019555229968}
2026-06-09T12:03:16+12:00 scalar diagnostics {'step': 4227, 'time': 55.50314939523976, 'dt': 0.009787768703122672, 'total_energy': 4885.358538778426}
2026-06-09T12:03:17+12:00 scalar diagnostics {'step': 4253, 'time': 55.75251555422071, 'dt': 0.009433518592194557, 'total_energy': 4952.563308553981}
2026-06-09T12:03:18+12:00 scalar diagnostics {'step': 4280, 'time': 56.00272354534509, 'dt': 0.009103246745102505, 'total_energy': 5018.010867489547}
2026-06-09T12:03:18+12:00 progress {'step': 4300, 'time': 56.181926825634825, 'dt': 0.00883124549235674}
2026-06-09T12:03:18+12:00 scalar diagnostics {'step': 4308, 'time': 56.25211464163541, 'dt': 0.008729872843903244, 'total_energy': 5079.866350015376}
2026-06-09T12:03:19+12:00 scalar diagnostics {'step': 4337, 'time': 56.50093175807643, 'dt': 0.008470354431766688, 'total_energy': 5138.542474863264}
2026-06-09T12:03:20+12:00 scalar diagnostics {'step': 4367, 'time': 56.75306586708995, 'dt': 0.00835532628616464, 'total_energy': 5196.110164271486}
2026-06-09T12:03:20+12:00 scalar diagnostics {'step': 4397, 'time': 57.001928489776624, 'dt': 0.008220055342758166, 'total_energy': 5250.241733942608}
2026-06-09T12:03:21+12:00 progress {'step': 4400, 'time': 57.02652574519646, 'dt': 0.008188633620211886}
2026-06-09T12:03:21+12:00 scalar diagnostics {'step': 4428, 'time': 57.25199422899775, 'dt': 0.00794549521339106, 'total_energy': 5299.555191069611}
2026-06-09T12:03:22+12:00 scalar diagnostics {'step': 4460, 'time': 57.50421962894564, 'dt': 0.007848372769864557, 'total_energy': 5343.490129658903}
2026-06-09T12:03:23+12:00 scalar diagnostics {'step': 4492, 'time': 57.75498942157011, 'dt': 0.00782271074476272, 'total_energy': 5382.863563864537}
2026-06-09T12:03:23+12:00 progress {'step': 4500, 'time': 57.81750451554964, 'dt': 0.007807002627754686}
2026-06-09T12:03:24+12:00 scalar diagnostics {'step': 4524, 'time': 58.00399995146275, 'dt': 0.007733951955051528, 'total_energy': 5418.5825753416175}
2026-06-09T12:03:24+12:00 scalar diagnostics {'step': 4556, 'time': 58.25050907331799, 'dt': 0.007703411004974203, 'total_energy': 5449.631872956488}
2026-06-09T12:03:25+12:00 scalar diagnostics {'step': 4589, 'time': 58.50753688390585, 'dt': 0.00790746908512175, 'total_energy': 5476.93229791426}
2026-06-09T12:03:25+12:00 progress {'step': 4600, 'time': 58.595153747086705, 'dt': 0.008014302497686556}
2026-06-09T12:03:26+12:00 scalar diagnostics {'step': 4620, 'time': 58.757442230219475, 'dt': 0.00819405975057783, 'total_energy': 5499.218186933255}
2026-06-09T12:03:27+12:00 scalar diagnostics {'step': 4650, 'time': 59.00574635862085, 'dt': 0.008350642924353011, 'total_energy': 5518.1114916830165}
2026-06-09T12:03:27+12:00 scalar diagnostics {'step': 4679, 'time': 59.25135694669267, 'dt': 0.008619719413385367, 'total_energy': 5534.425349440333}
2026-06-09T12:03:28+12:00 progress {'step': 4700, 'time': 59.43616663722015, 'dt': 0.008986717909327103}
2026-06-09T12:03:28+12:00 scalar diagnostics {'step': 4708, 'time': 59.50881512556401, 'dt': 0.009155885285660534, 'total_energy': 5549.967853250657}
2026-06-09T12:03:29+12:00 scalar diagnostics {'step': 4734, 'time': 59.754524342290786, 'dt': 0.009718204241539038, 'total_energy': 5563.615734363511}
2026-06-09T12:03:29+12:00 scalar diagnostics {'step': 4759, 'time': 60.004350024895466, 'dt': 0.010262840993817407, 'total_energy': 5576.523441554471}
2026-06-09T12:03:30+12:00 scalar diagnostics {'step': 4783, 'time': 60.25961105807534, 'dt': 0.011041004865342837, 'total_energy': 5589.425048283563}
2026-06-09T12:03:30+12:00 progress {'step': 4800, 'time': 60.45408667144489, 'dt': 0.011816167144919454}
2026-06-09T12:03:30+12:00 scalar diagnostics {'step': 4804, 'time': 60.501842812400724, 'dt': 0.012012989949883004, 'total_energy': 5602.515578048481}
2026-06-09T12:03:31+12:00 scalar diagnostics {'step': 4824, 'time': 60.75241914672401, 'dt': 0.012993301917859279, 'total_energy': 5617.467161435001}
2026-06-09T12:03:31+12:00 scalar diagnostics {'step': 4843, 'time': 61.00932056887337, 'dt': 0.014001929783991346, 'total_energy': 5634.3182051623935}
2026-06-09T12:03:32+12:00 scalar diagnostics {'step': 4860, 'time': 61.25506967052375, 'dt': 0.014826431437852106, 'total_energy': 5651.82965512696}
2026-06-09T12:03:32+12:00 scalar diagnostics {'step': 4877, 'time': 61.51351938440567, 'dt': 0.015506440034917836, 'total_energy': 5671.759062324278}
2026-06-09T12:03:33+12:00 scalar diagnostics {'step': 4892, 'time': 61.751724124348726, 'dt': 0.01625331687490328, 'total_energy': 5691.958600094327}
2026-06-09T12:03:33+12:00 progress {'step': 4900, 'time': 61.88304137985996, 'dt': 0.016521914469253822}
2026-06-09T12:03:33+12:00 scalar diagnostics {'step': 4908, 'time': 62.01590569823685, 'dt': 0.016655878023304555, 'total_energy': 5717.229384304134}
2026-06-09T12:03:33+12:00 scalar diagnostics {'step': 4923, 'time': 62.26640038057151, 'dt': 0.016741533072432924, 'total_energy': 5743.786458692138}
2026-06-09T12:03:34+12:00 scalar diagnostics {'step': 4937, 'time': 62.50294870915906, 'dt': 0.017095511716275796, 'total_energy': 5770.633301120701}
2026-06-09T12:03:34+12:00 scalar diagnostics {'step': 4952, 'time': 62.764410239360885, 'dt': 0.017710157938712886, 'total_energy': 5802.475103872714}
2026-06-09T12:03:34+12:00 scalar diagnostics {'step': 4966, 'time': 63.01478561549701, 'dt': 0.01797740464452407, 'total_energy': 5835.809225471355}
2026-06-09T12:03:35+12:00 scalar diagnostics {'step': 4980, 'time': 63.26746719685146, 'dt': 0.01813398109140449, 'total_energy': 5872.403866609833}
2026-06-09T12:03:35+12:00 scalar diagnostics {'step': 4993, 'time': 63.50489445477063, 'dt': 0.018329871918688602, 'total_energy': 5908.951312097659}
2026-06-09T12:03:35+12:00 progress {'step': 5000, 'time': 63.63298442785843, 'dt': 0.018259605964569534}
2026-06-09T12:03:35+12:00 scalar diagnostics {'step': 5007, 'time': 63.76008505849484, 'dt': 0.018061189420111666, 'total_energy': 5950.55578813498}
2026-06-09T12:03:36+12:00 scalar diagnostics {'step': 5021, 'time': 64.0082010095557, 'dt': 0.01739827724320638, 'total_energy': 5993.40532080368}
2026-06-09T12:03:36+12:00 scalar diagnostics {'step': 5036, 'time': 64.26558626478185, 'dt': 0.0170775905631421, 'total_energy': 6039.6526863513245}
2026-06-09T12:03:37+12:00 scalar diagnostics {'step': 5050, 'time': 64.50653095261815, 'dt': 0.017366516755287834, 'total_energy': 6084.074099285984}
2026-06-09T12:03:37+12:00 scalar diagnostics {'step': 5064, 'time': 64.75119189468965, 'dt': 0.017492881050389302, 'total_energy': 6130.387832511084}
2026-06-09T12:03:37+12:00 scalar diagnostics {'step': 5079, 'time': 65.00982498646673, 'dt': 0.01689910287814561, 'total_energy': 6180.415267394812}
2026-06-09T12:03:38+12:00 scalar diagnostics {'step': 5094, 'time': 65.26289347316055, 'dt': 0.017036432389368025, 'total_energy': 6229.421532443579}
2026-06-09T12:03:38+12:00 progress {'step': 5100, 'time': 65.36611029215712, 'dt': 0.017325257437525186}
2026-06-09T12:03:38+12:00 scalar diagnostics {'step': 5108, 'time': 65.50578143872518, 'dt': 0.017541013710660584, 'total_energy': 6276.060704032514}
2026-06-09T12:03:38+12:00 scalar diagnostics {'step': 5122, 'time': 65.75062513679005, 'dt': 0.017295478289662356, 'total_energy': 6323.311109281585}
2026-06-09T12:03:39+12:00 scalar diagnostics {'step': 5137, 'time': 66.00482375535348, 'dt': 0.016703171955092494, 'total_energy': 6372.634477097004}
2026-06-09T12:03:39+12:00 scalar diagnostics {'step': 5152, 'time': 66.2544376926579, 'dt': 0.0167069923251329, 'total_energy': 6420.661193330492}
2026-06-09T12:03:39+12:00 scalar diagnostics {'step': 5167, 'time': 66.50883752172585, 'dt': 0.017202279135190512, 'total_energy': 6469.5446587020215}
2026-06-09T12:03:40+12:00 scalar diagnostics {'step': 5181, 'time': 66.752763045191, 'dt': 0.01759599978013954, 'total_energy': 6517.207234966425}
2026-06-09T12:03:40+12:00 scalar diagnostics {'step': 5195, 'time': 67.002351644915, 'dt': 0.018071883681394892, 'total_energy': 6567.017213778754}
2026-06-09T12:03:40+12:00 progress {'step': 5200, 'time': 67.0934163751455, 'dt': 0.018310406403015685}
2026-06-09T12:03:41+12:00 scalar diagnostics {'step': 5209, 'time': 67.26041086096454, 'dt': 0.018739146681705295, 'total_energy': 6619.622702956593}
2026-06-09T12:03:41+12:00 scalar diagnostics {'step': 5222, 'time': 67.5066895017585, 'dt': 0.019039406923506128, 'total_energy': 6671.359541520045}
2026-06-09T12:03:41+12:00 scalar diagnostics {'step': 5235, 'time': 67.75404446141972, 'dt': 0.019115286067867616, 'total_energy': 6725.229477170982}
2026-06-09T12:03:42+12:00 scalar diagnostics {'step': 5248, 'time': 68.00710278495941, 'dt': 0.01984698858698582, 'total_energy': 6782.296747001434}
2026-06-09T12:03:42+12:00 scalar diagnostics {'step': 5261, 'time': 68.26489156542834, 'dt': 0.019675971041037705, 'total_energy': 6842.868599593688}
2026-06-09T12:03:42+12:00 scalar diagnostics {'step': 5274, 'time': 68.5143037923093, 'dt': 0.018684824029494364, 'total_energy': 6904.371013893883}
2026-06-09T12:03:43+12:00 scalar diagnostics {'step': 5287, 'time': 68.75097945723924, 'dt': 0.017822086902714616, 'total_energy': 6965.075131749178}
2026-06-09T12:03:43+12:00 progress {'step': 5300, 'time': 68.9764171119983, 'dt': 0.01693930688603942}
2026-06-09T12:03:43+12:00 scalar diagnostics {'step': 5302, 'time': 69.01010398002236, 'dt': 0.016811765113104758, 'total_energy': 7033.507323582426}
2026-06-09T12:03:44+12:00 scalar diagnostics {'step': 5317, 'time': 69.2554738885655, 'dt': 0.016009453050754137, 'total_energy': 7100.146311745419}
2026-06-09T12:03:44+12:00 scalar diagnostics {'step': 5333, 'time': 69.50706776053485, 'dt': 0.01553503281780156, 'total_energy': 7170.681718395688}
2026-06-09T12:03:44+12:00 scalar diagnostics {'step': 5349, 'time': 69.75338303963247, 'dt': 0.015161635426581999, 'total_energy': 7242.236626608137}
2026-06-09T12:03:45+12:00 scalar diagnostics {'step': 5366, 'time': 70.0030532414172, 'dt': 0.014276767216331495, 'total_energy': 7316.974611038556}
2026-06-09T12:03:45+12:00 scalar diagnostics {'step': 5384, 'time': 70.25336107932684, 'dt': 0.013650807564187687, 'total_energy': 7393.518955512947}
2026-06-09T12:03:46+12:00 progress {'step': 5400, 'time': 70.46870264019459, 'dt': 0.013198444583668867}
2026-06-09T12:03:46+12:00 scalar diagnostics {'step': 5403, 'time': 70.5079808195218, 'dt': 0.013039257363263423, 'total_energy': 7472.673638648663}
2026-06-09T12:03:46+12:00 scalar diagnostics {'step': 5423, 'time': 70.75712179292388, 'dt': 0.011939061560090256, 'total_energy': 7551.456739983545}
2026-06-09T12:03:47+12:00 scalar diagnostics {'step': 5445, 'time': 71.0087258514454, 'dt': 0.01106080346356293, 'total_energy': 7632.430268024646}
2026-06-09T12:03:47+12:00 scalar diagnostics {'step': 5468, 'time': 71.25707512333916, 'dt': 0.01060510523132311, 'total_energy': 7713.405074353127}
2026-06-09T12:03:48+12:00 scalar diagnostics {'step': 5492, 'time': 71.50687259200441, 'dt': 0.01020665525441526, 'total_energy': 7795.044866945919}
2026-06-09T12:03:48+12:00 progress {'step': 5500, 'time': 71.58778090358425, 'dt': 0.010038635844730614}
2026-06-09T12:03:48+12:00 scalar diagnostics {'step': 5517, 'time': 71.75497206521135, 'dt': 0.009652304341626132, 'total_energy': 7875.2982688880875}
2026-06-09T12:03:49+12:00 scalar diagnostics {'step': 5544, 'time': 72.00790506773039, 'dt': 0.009138128385412102, 'total_energy': 7955.441876535348}
2026-06-09T12:03:50+12:00 scalar diagnostics {'step': 5571, 'time': 72.25005336441212, 'dt': 0.008840026414389966, 'total_energy': 8030.944446527977}
2026-06-09T12:03:51+12:00 progress {'step': 5600, 'time': 72.50327790982695, 'dt': 0.00863856298537565}
2026-06-09T12:03:51+12:00 scalar diagnostics {'step': 5600, 'time': 72.50327790982695, 'dt': 0.00863856298537565, 'total_energy': 8108.718105821568}
2026-06-09T12:03:51+12:00 scalar diagnostics {'step': 5630, 'time': 72.75799868608293, 'dt': 0.0083445542827867, 'total_energy': 8184.070596266043}
2026-06-09T12:03:52+12:00 scalar diagnostics {'step': 5660, 'time': 73.00431668381826, 'dt': 0.00810901164960674, 'total_energy': 8252.23579940405}
2026-06-09T12:03:53+12:00 scalar diagnostics {'step': 5691, 'time': 73.25394998854667, 'dt': 0.008016493057980599, 'total_energy': 8316.639990388845}
2026-06-09T12:03:53+12:00 progress {'step': 5700, 'time': 73.32605607924883, 'dt': 0.008009126723202179}
2026-06-09T12:03:54+12:00 scalar diagnostics {'step': 5722, 'time': 73.50225374620524, 'dt': 0.008011706837511824, 'total_energy': 8377.420543000073}
2026-06-09T12:03:54+12:00 scalar diagnostics {'step': 5753, 'time': 73.75038152147886, 'dt': 0.007990003804878878, 'total_energy': 8434.961784286894}
2026-06-09T12:03:55+12:00 scalar diagnostics {'step': 5785, 'time': 74.0057534854593, 'dt': 0.007982374538614587, 'total_energy': 8489.307232921095}
2026-06-09T12:03:55+12:00 progress {'step': 5800, 'time': 74.12572318168334, 'dt': 0.008017207408094454}
2026-06-09T12:03:56+12:00 scalar diagnostics {'step': 5816, 'time': 74.25461798848865, 'dt': 0.008097263700935591, 'total_energy': 8537.057234555527}
2026-06-09T12:03:56+12:00 scalar diagnostics {'step': 5846, 'time': 74.50115874510331, 'dt': 0.008344505155738261, 'total_energy': 8580.20697422744}
2026-06-09T12:03:57+12:00 scalar diagnostics {'step': 5876, 'time': 74.75548475507011, 'dt': 0.00859030845835839, 'total_energy': 8621.287799470228}
2026-06-09T12:03:58+12:00 progress {'step': 5900, 'time': 74.9636842451864, 'dt': 0.008756406461257187}
2026-06-09T12:03:58+12:00 scalar diagnostics {'step': 5905, 'time': 75.00759022983425, 'dt': 0.008798405639208475, 'total_energy': 8658.990910334795}
2026-06-09T12:03:59+12:00 scalar diagnostics {'step': 5933, 'time': 75.25870357811189, 'dt': 0.009168229180094122, 'total_energy': 8693.927703439183}
2026-06-09T12:03:59+12:00 scalar diagnostics {'step': 5959, 'time': 75.50415088691513, 'dt': 0.009708492972294367, 'total_energy': 8725.716102851542}
2026-06-09T12:04:00+12:00 scalar diagnostics {'step': 5984, 'time': 75.75340752088975, 'dt': 0.01018869589586015, 'total_energy': 8755.491816446582}
2026-06-09T12:04:00+12:00 progress {'step': 6000, 'time': 75.9185994576402, 'dt': 0.010446002043715806}
2026-06-09T12:04:01+12:00 scalar diagnostics {'step': 6008, 'time': 76.00281982033155, 'dt': 0.010594967663340012, 'total_energy': 8783.469150431632}
2026-06-09T12:04:01+12:00 scalar diagnostics {'step': 6031, 'time': 76.25334842935689, 'dt': 0.011203564967196687, 'total_energy': 8811.178040599607}
2026-06-09T12:04:02+12:00 scalar diagnostics {'step': 6053, 'time': 76.50820335353951, 'dt': 0.011938806686630036, 'total_energy': 8839.383655058036}
2026-06-09T12:04:02+12:00 scalar diagnostics {'step': 6073, 'time': 76.75286032051442, 'dt': 0.012456282033233049, 'total_energy': 8866.025093659684}
2026-06-09T12:04:02+12:00 scalar diagnostics {'step': 6093, 'time': 77.00599122011617, 'dt': 0.012854660298342094, 'total_energy': 8893.32665147089}
2026-06-09T12:04:03+12:00 progress {'step': 6100, 'time': 77.0967365870446, 'dt': 0.013052357106993897}
2026-06-09T12:04:03+12:00 scalar diagnostics {'step': 6112, 'time': 77.25611690899619, 'dt': 0.013486122090646504, 'total_energy': 8920.971055951211}
2026-06-09T12:04:03+12:00 scalar diagnostics {'step': 6130, 'time': 77.50489174085175, 'dt': 0.014172185873559475, 'total_energy': 8949.980548181878}
2026-06-09T12:04:04+12:00 scalar diagnostics {'step': 6148, 'time': 77.76392708902725, 'dt': 0.01452320711175549, 'total_energy': 8982.168760128909}
2026-06-09T12:04:04+12:00 scalar diagnostics {'step': 6165, 'time': 78.01248017636667, 'dt': 0.014733802329513717, 'total_energy': 9014.874505182652}
2026-06-09T12:04:05+12:00 scalar diagnostics {'step': 6181, 'time': 78.25176732598638, 'dt': 0.015188524941857878, 'total_energy': 9048.048106289}
2026-06-09T12:04:05+12:00 scalar diagnostics {'step': 6198, 'time': 78.51447564680528, 'dt': 0.015629606992218333, 'total_energy': 9086.908323631475}
2026-06-09T12:04:05+12:00 progress {'step': 6200, 'time': 78.54576827565529, 'dt': 0.015651300881411583}
2026-06-09T12:04:06+12:00 scalar diagnostics {'step': 6214, 'time': 78.76511586005061, 'dt': 0.015624645795452738, 'total_energy': 9127.202764993006}
2026-06-09T12:04:06+12:00 scalar diagnostics {'step': 6230, 'time': 79.01526567650461, 'dt': 0.015724436093159565, 'total_energy': 9170.34648891753}
2026-06-09T12:04:06+12:00 scalar diagnostics {'step': 6246, 'time': 79.26546128713153, 'dt': 0.015487700419225498, 'total_energy': 9215.80615459667}
2026-06-09T12:04:07+12:00 scalar diagnostics {'step': 6262, 'time': 79.51136845532264, 'dt': 0.015270132187536877, 'total_energy': 9262.872611513943}
2026-06-09T12:04:07+12:00 scalar diagnostics {'step': 6278, 'time': 79.75323498079409, 'dt': 0.014910496770287652, 'total_energy': 9311.630102918129}
2026-06-09T12:04:08+12:00 scalar diagnostics {'step': 6295, 'time': 80.00487849351879, 'dt': 0.014800771992935122, 'total_energy': 9364.321544219496}
2026-06-09T12:04:08+12:00 progress {'step': 6300, 'time': 80.07904352224969, 'dt': 0.014857540649640623}
2026-06-09T12:04:08+12:00 scalar diagnostics {'step': 6312, 'time': 80.25837386982124, 'dt': 0.015007764339434694, 'total_energy': 9418.85430442858}
2026-06-09T12:04:08+12:00 scalar diagnostics {'step': 6329, 'time': 80.51337941062, 'dt': 0.014968327927318698, 'total_energy': 9475.082258799728}
2026-06-09T12:04:09+12:00 scalar diagnostics {'step': 6345, 'time': 80.75191817521649, 'dt': 0.014889755121107892, 'total_energy': 9528.82163455072}
2026-06-09T12:04:09+12:00 scalar diagnostics {'step': 6362, 'time': 81.00409246587567, 'dt': 0.014817333593459695, 'total_energy': 9585.99429135408}
2026-06-09T12:04:10+12:00 scalar diagnostics {'step': 6379, 'time': 81.25816641026069, 'dt': 0.015142883745260651, 'total_energy': 9643.583647815913}
2026-06-09T12:04:10+12:00 scalar diagnostics {'step': 6395, 'time': 81.505934253713, 'dt': 0.015804840914046856, 'total_energy': 9700.002844208013}
2026-06-09T12:04:10+12:00 progress {'step': 6400, 'time': 81.5855400470918, 'dt': 0.015994177704983483}
2026-06-09T12:04:11+12:00 scalar diagnostics {'step': 6411, 'time': 81.76331969052168, 'dt': 0.016273572939816263, 'total_energy': 9759.05561417598}
2026-06-09T12:04:11+12:00 scalar diagnostics {'step': 6426, 'time': 82.00968982613894, 'dt': 0.016594575439794347, 'total_energy': 9815.81323340228}
2026-06-09T12:04:11+12:00 scalar diagnostics {'step': 6441, 'time': 82.2635620404843, 'dt': 0.017311482888468704, 'total_energy': 9874.516816100708}
2026-06-09T12:04:12+12:00 scalar diagnostics {'step': 6455, 'time': 82.51392237843946, 'dt': 0.018388935596866787, 'total_energy': 9932.973500727927}
2026-06-09T12:04:12+12:00 scalar diagnostics {'step': 6468, 'time': 82.75896531124458, 'dt': 0.019203587698207073, 'total_energy': 9991.138023935257}
2026-06-09T12:04:12+12:00 scalar diagnostics {'step': 6481, 'time': 83.01413575316147, 'dt': 0.019980568721413173, 'total_energy': 10052.643043894284}
2026-06-09T12:04:13+12:00 scalar diagnostics {'step': 6493, 'time': 83.2588913043617, 'dt': 0.020774667866551116, 'total_energy': 10112.597414411433}
2026-06-09T12:04:13+12:00 progress {'step': 6500, 'time': 83.40616987696347, 'dt': 0.021220229464468433}
2026-06-09T12:04:13+12:00 scalar diagnostics {'step': 6505, 'time': 83.51296190964578, 'dt': 0.0214385859909912, 'total_energy': 10176.206233675952}
2026-06-09T12:04:13+12:00 scalar diagnostics {'step': 6516, 'time': 83.75077249019249, 'dt': 0.021772673360788808, 'total_energy': 10237.363954183187}
2026-06-09T12:04:14+12:00 scalar diagnostics {'step': 6528, 'time': 84.01565156104851, 'dt': 0.022354353658793572, 'total_energy': 10307.601863558533}
2026-06-09T12:04:14+12:00 scalar diagnostics {'step': 6539, 'time': 84.26167825670372, 'dt': 0.02211499840766905, 'total_energy': 10374.772390782186}
2026-06-09T12:04:14+12:00 scalar diagnostics {'step': 6551, 'time': 84.51982806305632, 'dt': 0.021044474962358145, 'total_energy': 10447.116036248139}
2026-06-09T12:04:14+12:00 scalar diagnostics {'step': 6563, 'time': 84.76518286501121, 'dt': 0.01980474070585029, 'total_energy': 10517.6590319366}
2026-06-09T12:04:15+12:00 scalar diagnostics {'step': 6576, 'time': 85.01373164956306, 'dt': 0.01864217206294714, 'total_energy': 10591.10412276766}
2026-06-09T12:04:15+12:00 scalar diagnostics {'step': 6589, 'time': 85.25193120492631, 'dt': 0.01812752226857471, 'total_energy': 10663.739635319836}
2026-06-09T12:04:15+12:00 progress {'step': 6600, 'time': 85.45007669069028, 'dt': 0.017908033756547613}
2026-06-09T12:04:16+12:00 scalar diagnostics {'step': 6603, 'time': 85.50333473534661, 'dt': 0.01767516855204634, 'total_energy': 10743.13179969072}
2026-06-09T12:04:16+12:00 scalar diagnostics {'step': 6618, 'time': 85.75910638554701, 'dt': 0.016534770012420756, 'total_energy': 10826.535248857392}
2026-06-09T12:04:16+12:00 scalar diagnostics {'step': 6634, 'time': 86.01114171837999, 'dt': 0.014969596506819855, 'total_energy': 10910.830157046177}
2026-06-09T12:04:17+12:00 scalar diagnostics {'step': 6651, 'time': 86.25403746608298, 'dt': 0.013769077421717955, 'total_energy': 10993.893993875932}
2026-06-09T12:04:17+12:00 scalar diagnostics {'step': 6670, 'time': 86.50478924751236, 'dt': 0.01267816283662774, 'total_energy': 11082.207935391565}
2026-06-09T12:04:17+12:00 scalar diagnostics {'step': 6691, 'time': 86.7578513844467, 'dt': 0.011516097131444955, 'total_energy': 11174.08992474408}
2026-06-09T12:04:18+12:00 progress {'step': 6700, 'time': 86.85947667886802, 'dt': 0.011124649519769571}
2026-06-09T12:04:18+12:00 scalar diagnostics {'step': 6713, 'time': 87.00097350897516, 'dt': 0.01070248990870719, 'total_energy': 11263.839404487677}
2026-06-09T12:04:19+12:00 scalar diagnostics {'step': 6737, 'time': 87.25100555094363, 'dt': 0.010181306427415202, 'total_energy': 11356.560227704127}
2026-06-09T12:04:19+12:00 scalar diagnostics {'step': 6763, 'time': 87.50806324854557, 'dt': 0.00959495141501489, 'total_energy': 11452.104993055764}
2026-06-09T12:04:20+12:00 scalar diagnostics {'step': 6790, 'time': 87.75860824108891, 'dt': 0.009024210690068672, 'total_energy': 11545.272111974456}
2026-06-09T12:04:20+12:00 progress {'step': 6800, 'time': 87.84808496082229, 'dt': 0.008893019269765299}
2026-06-09T12:04:21+12:00 scalar diagnostics {'step': 6818, 'time': 88.00688974840662, 'dt': 0.008782227287222659, 'total_energy': 11637.301907913457}
2026-06-09T12:04:21+12:00 scalar diagnostics {'step': 6846, 'time': 88.25223241520371, 'dt': 0.008735636375936407, 'total_energy': 11727.215358978596}
2026-06-09T12:04:22+12:00 scalar diagnostics {'step': 6875, 'time': 88.50346299274194, 'dt': 0.008568399447632272, 'total_energy': 11817.007552466679}
2026-06-09T12:04:23+12:00 progress {'step': 6900, 'time': 88.7148548342161, 'dt': 0.00835619375005747}
2026-06-09T12:04:23+12:00 scalar diagnostics {'step': 6905, 'time': 88.75653195433746, 'dt': 0.008322272362144053, 'total_energy': 11903.893349462609}
2026-06-09T12:04:23+12:00 scalar diagnostics {'step': 6935, 'time': 89.00449139516729, 'dt': 0.008249435892181939, 'total_energy': 11985.935870611158}
2026-06-09T12:04:24+12:00 scalar diagnostics {'step': 6965, 'time': 89.25328792920976, 'dt': 0.008347406632151753, 'total_energy': 12066.227382193014}
2026-06-09T12:04:25+12:00 scalar diagnostics {'step': 6995, 'time': 89.50498588552395, 'dt': 0.008376822681263602, 'total_energy': 12144.53166482738}
2026-06-09T12:04:25+12:00 progress {'step': 7000, 'time': 89.54681676260526, 'dt': 0.008359612288338888}
2026-06-09T12:04:26+12:00 scalar diagnostics {'step': 7025, 'time': 89.75541374021732, 'dt': 0.008352772715018749, 'total_energy': 12217.911095347648}
2026-06-09T12:04:26+12:00 scalar diagnostics {'step': 7055, 'time': 90.00803990009047, 'dt': 0.008495675164030046, 'total_energy': 12287.55364193255}
2026-06-09T12:04:27+12:00 scalar diagnostics {'step': 7084, 'time': 90.25725835406575, 'dt': 0.008682463025705071, 'total_energy': 12353.08933732953}
2026-06-09T12:04:27+12:00 progress {'step': 7100, 'time': 90.39676816820149, 'dt': 0.008747579560784355}
2026-06-09T12:04:28+12:00 scalar diagnostics {'step': 7112, 'time': 90.50201705027732, 'dt': 0.008790891923459252, 'total_energy': 12414.581412305242}
2026-06-09T12:04:28+12:00 scalar diagnostics {'step': 7141, 'time': 90.75886935337108, 'dt': 0.008925070139481454, 'total_energy': 12475.700507030846}
2026-06-09T12:04:29+12:00 scalar diagnostics {'step': 7168, 'time': 91.00340740137972, 'dt': 0.009212857270853818, 'total_energy': 12530.782637978102}
2026-06-09T12:04:30+12:00 scalar diagnostics {'step': 7195, 'time': 91.25707114076098, 'dt': 0.009561554668828262, 'total_energy': 12584.643867559496}
2026-06-09T12:04:30+12:00 progress {'step': 7200, 'time': 91.30507349914161, 'dt': 0.009626423642344591}
2026-06-09T12:04:30+12:00 scalar diagnostics {'step': 7221, 'time': 91.50919808160799, 'dt': 0.009783309847773558, 'total_energy': 12634.557043224968}
2026-06-09T12:04:31+12:00 scalar diagnostics {'step': 7246, 'time': 91.75575609776816, 'dt': 0.009956893250785522, 'total_energy': 12680.854514987082}
2026-06-09T12:04:31+12:00 scalar diagnostics {'step': 7271, 'time': 92.00936002608377, 'dt': 0.010360946288076711, 'total_energy': 12727.309457450368}
2026-06-09T12:04:32+12:00 scalar diagnostics {'step': 7294, 'time': 92.2538658795144, 'dt': 0.01087828973075952, 'total_energy': 12770.719494841047}
2026-06-09T12:04:32+12:00 progress {'step': 7300, 'time': 92.31956689559017, 'dt': 0.010999625053075878}
2026-06-09T12:04:32+12:00 scalar diagnostics {'step': 7317, 'time': 92.50906615598115, 'dt': 0.011257564787920274, 'total_energy': 12813.67598672251}
2026-06-09T12:04:33+12:00 scalar diagnostics {'step': 7339, 'time': 92.75928284973041, 'dt': 0.011476547519534913, 'total_energy': 12854.17108587783}
2026-06-09T12:04:33+12:00 scalar diagnostics {'step': 7360, 'time': 93.00336684952688, 'dt': 0.011778348179950692, 'total_energy': 12893.913402053338}
2026-06-09T12:04:34+12:00 scalar diagnostics {'step': 7381, 'time': 93.25458344801916, 'dt': 0.012135005120934057, 'total_energy': 12935.731044575163}
2026-06-09T12:04:34+12:00 progress {'step': 7400, 'time': 93.48777830725636, 'dt': 0.012371268540630087}
2026-06-09T12:04:34+12:00 scalar diagnostics {'step': 7401, 'time': 93.50015723098346, 'dt': 0.012378923727098201, 'total_energy': 12977.063175378356}
2026-06-09T12:04:35+12:00 scalar diagnostics {'step': 7422, 'time': 93.76116311226549, 'dt': 0.012441758959336227, 'total_energy': 13021.57608244528}
2026-06-09T12:04:35+12:00 scalar diagnostics {'step': 7442, 'time': 94.01022161152247, 'dt': 0.012456903731575207, 'total_energy': 13065.401957611764}
2026-06-09T12:04:36+12:00 scalar diagnostics {'step': 7462, 'time': 94.25892964810159, 'dt': 0.01239914987658808, 'total_energy': 13111.088258435224}
2026-06-09T12:04:36+12:00 scalar diagnostics {'step': 7482, 'time': 94.50545404967959, 'dt': 0.012229087529562487, 'total_energy': 13158.581155424909}
2026-06-09T12:04:37+12:00 progress {'step': 7500, 'time': 94.72355259586622, 'dt': 0.012033985194985062}
2026-06-09T12:04:37+12:00 scalar diagnostics {'step': 7503, 'time': 94.759615830063, 'dt': 0.012015168337082717, 'total_energy': 13209.459305481472}
2026-06-09T12:04:37+12:00 scalar diagnostics {'step': 7524, 'time': 95.01157143969286, 'dt': 0.012015833332854537, 'total_energy': 13261.496891122264}
2026-06-09T12:04:38+12:00 scalar diagnostics {'step': 7544, 'time': 95.25285562690196, 'dt': 0.012100285034805742, 'total_energy': 13313.118120324047}
2026-06-09T12:04:38+12:00 scalar diagnostics {'step': 7565, 'time': 95.50692733516213, 'dt': 0.01208345539962579, 'total_energy': 13369.785637252024}
2026-06-09T12:04:39+12:00 scalar diagnostics {'step': 7586, 'time': 95.7611377165271, 'dt': 0.012176122363413214, 'total_energy': 13428.345400232902}
2026-06-09T12:04:39+12:00 progress {'step': 7600, 'time': 95.93356984972417, 'dt': 0.012470716431874333}
2026-06-09T12:04:39+12:00 scalar diagnostics {'step': 7606, 'time': 96.00902510430475, 'dt': 0.012654824764154637, 'total_energy': 13486.615432653136}
2026-06-09T12:04:40+12:00 scalar diagnostics {'step': 7625, 'time': 96.25394902849794, 'dt': 0.012976559067935317, 'total_energy': 13545.604133214474}
2026-06-09T12:04:40+12:00 scalar diagnostics {'step': 7644, 'time': 96.50412717756556, 'dt': 0.013435049346911206, 'total_energy': 13607.513495444848}
2026-06-09T12:04:40+12:00 scalar diagnostics {'step': 7662, 'time': 96.7540191056734, 'dt': 0.014317195117088698, 'total_energy': 13670.270567153431}
2026-06-09T12:04:41+12:00 scalar diagnostics {'step': 7679, 'time': 97.0044477197691, 'dt': 0.015046010576468566, 'total_energy': 13733.963569619835}
2026-06-09T12:04:41+12:00 scalar diagnostics {'step': 7696, 'time': 97.26493147529851, 'dt': 0.015579694050822115, 'total_energy': 13801.586532660667}
2026-06-09T12:04:41+12:00 progress {'step': 7700, 'time': 97.32764438352505, 'dt': 0.015740604153247982}
2026-06-09T12:04:42+12:00 scalar diagnostics {'step': 7711, 'time': 97.50413328742628, 'dt': 0.016331201582295694, 'total_energy': 13864.820287484587}
2026-06-09T12:04:42+12:00 scalar diagnostics {'step': 7726, 'time': 97.7573320447034, 'dt': 0.017364252841320555, 'total_energy': 13932.449731147222}
2026-06-09T12:04:42+12:00 scalar diagnostics {'step': 7740, 'time': 98.00804687541303, 'dt': 0.018425950335744366, 'total_energy': 14000.215010183596}
2026-06-09T12:04:43+12:00 scalar diagnostics {'step': 7753, 'time': 98.25766479903444, 'dt': 0.019997338159396628, 'total_energy': 14068.833273582943}
2026-06-09T12:04:43+12:00 scalar diagnostics {'step': 7765, 'time': 98.50303174961651, 'dt': 0.02077118386155136, 'total_energy': 14137.186466696881}
2026-06-09T12:04:43+12:00 scalar diagnostics {'step': 7777, 'time': 98.75711414587526, 'dt': 0.021480307038048627, 'total_energy': 14208.695770789287}
2026-06-09T12:04:44+12:00 scalar diagnostics {'step': 7789, 'time': 99.01878110269313, 'dt': 0.022114542184042716, 'total_energy': 14283.335999897721}
2026-06-09T12:04:44+12:00 progress {'step': 7800, 'time': 99.26533511920212, 'dt': 0.02237672456931409}
2026-06-09T12:04:44+12:00 scalar diagnostics {'step': 7800, 'time': 99.26533511920212, 'dt': 0.02237672456931409, 'total_energy': 14354.690217648338}
2026-06-09T12:04:44+12:00 scalar diagnostics {'step': 7811, 'time': 99.508026446114, 'dt': 0.021809752397184547, 'total_energy': 14426.076873586}
2026-06-09T12:04:45+12:00 scalar diagnostics {'step': 7823, 'time': 99.76656429406239, 'dt': 0.021377989493508665, 'total_energy': 14503.65616217152}
2026-06-09T12:04:45+12:00 progress {'step': 7834, 'time': 100.0, 'dt': 0.019529717764370957}
2026-06-09T12:04:45+12:00 scalar diagnostics {'step': 7834, 'time': 100.0, 'dt': 0.019529717764370957, 'total_energy': 14575.013786982545}
2026-06-09T12:04:45+12:00 run complete {'backend': 'numpy', 'equation_set': 'inhomogeneous_rmhd_rho', 'equation_mode': 'linear', 'grid': [32, 32, 32], 'steps': 7834, 't_final': 100.0, 'dt_last': 0.019529717764370957, 'total_energy_initial': 0.7499999999999999, 'total_energy_final': 14575.013786982545, 'psi_hat_max_abs': 9151.275977651403, 'output_dir': 'C:\\Users\\naoki\\Downloads\\rmhd-gpu-new\\examples\\outputs_nokia_rmhd_rho_1', 'scalar_diagnostics_csv': 'C:\\Users\\naoki\\Downloads\\rmhd-gpu-new\\examples\\outputs_nokia_rmhd_rho_1\\scalar_diagnostics.csv'}
