2026-06-09T13:32:34+12:00 run start {'title': 'Inhomogeneous rmhd simulation test', 'input_file': 'C:\\Users\\naoki\\Downloads\\rmhd-gpu-new\\examples\\nokias_inhomogeneous.input', 'output_dir': 'C:\\Users\\naoki\\Downloads\\rmhd-gpu-new\\examples\\examples\\_kpar0_check', 'backend': 'numpy', 'equation_set': 'inhomogeneous_rmhd_s', 'equation_mode': 'linear', 'grid': [32, 32, 32], 'output_cadences': {'scalar': 0.25, 'spectra': 0.0, 'full_field': 0.0}, 'hostname': 'Naoki', 'python_executable': 'C:\\Users\\naoki\\AppData\\Local\\Programs\\Python\\Python313\\python.exe', 'git_commit': 'cde2789c3d6596cb8e14f232da25acf4598750f1', 'command': "'C:\\Users\\naoki\\Downloads\\rmhd-gpu-new\\rmhdgpu\\run.py' examples/nokias_inhomogeneous.input --output-dir examples/_kpar0_check --tmax 60"}
2026-06-09T13:32:34+12:00 run setup {'resolved_output_dir': 'C:\\Users\\naoki\\Downloads\\rmhd-gpu-new\\examples\\examples\\_kpar0_check', 'input_file': 'C:\\Users\\naoki\\Downloads\\rmhd-gpu-new\\examples\\nokias_inhomogeneous.input', 'backend': 'numpy', 'equation_set': 'inhomogeneous_rmhd_s', 'equation_mode': 'linear', 'grid': [32, 32, 32], 'output_cadences': {'scalar': 0.25, 'spectra': 0.0, 'full_field': 0.0}, 'dissipation_mode': 'auto', 'initial_condition': {'type': 'random_spectrum', 'parameters': {'n_min': 1.0, 'n_max': 3.0, 'alpha': 0.0, 'init_energy': 0.75, 'seed': 1, 'exclude_kpar0': True}}}
2026-06-09T13:32:34+12:00 scalar diagnostics {'step': 0, 'time': 0.0, 'dt': 0.0, 'total_energy': 0.75}
2026-06-09T13:32:34+12:00 scalar diagnostics {'step': 6, 'time': 0.29301912045926937, 'dt': 0.05113053382286591, 'total_energy': 1.6742859073876122}
2026-06-09T13:32:34+12:00 scalar diagnostics {'step': 10, 'time': 0.5105593002050602, 'dt': 0.05641013025355663, 'total_energy': 3.389672955614576}
2026-06-09T13:32:34+12:00 scalar diagnostics {'step': 15, 'time': 0.8007660346479069, 'dt': 0.05729908623936694, 'total_energy': 5.981485900966508}
2026-06-09T13:32:34+12:00 scalar diagnostics {'step': 19, 'time': 1.0073758319364188, 'dt': 0.04761584608889772, 'total_energy': 8.67043355275532}
2026-06-09T13:32:34+12:00 scalar diagnostics {'step': 26, 'time': 1.2747680407686897, 'dt': 0.032694341601289485, 'total_energy': 16.799483065990984}
2026-06-09T13:32:35+12:00 scalar diagnostics {'step': 34, 'time': 1.507928469578237, 'dt': 0.02740851955737197, 'total_energy': 28.97233469310801}
2026-06-09T13:32:35+12:00 scalar diagnostics {'step': 44, 'time': 1.769025318209251, 'dt': 0.024682454639505677, 'total_energy': 44.622846620928115}
2026-06-09T13:32:35+12:00 scalar diagnostics {'step': 54, 'time': 2.006562735463919, 'dt': 0.023347524181547494, 'total_energy': 58.464874013695976}
2026-06-09T13:32:35+12:00 scalar diagnostics {'step': 65, 'time': 2.260870803840274, 'dt': 0.022587827847611108, 'total_energy': 74.26351995057792}
2026-06-09T13:32:35+12:00 scalar diagnostics {'step': 77, 'time': 2.52021865608023, 'dt': 0.020840779134178308, 'total_energy': 94.45687688670472}
2026-06-09T13:32:35+12:00 scalar diagnostics {'step': 89, 'time': 2.7614773799991275, 'dt': 0.01958377567513348, 'total_energy': 118.29951647292627}
2026-06-09T13:32:36+12:00 progress {'step': 100, 'time': 2.970934116626994, 'dt': 0.018530892085831193}
2026-06-09T13:32:36+12:00 scalar diagnostics {'step': 102, 'time': 3.007822231034716, 'dt': 0.01841946091539597, 'total_energy': 145.86402189623368}
2026-06-09T13:32:36+12:00 scalar diagnostics {'step': 116, 'time': 3.266073366375984, 'dt': 0.018702200004388558, 'total_energy': 174.42577305067692}
2026-06-09T13:32:36+12:00 scalar diagnostics {'step': 129, 'time': 3.5103811398587266, 'dt': 0.01893349534659378, 'total_energy': 199.51169836202263}
2026-06-09T13:32:36+12:00 scalar diagnostics {'step': 142, 'time': 3.7595525799823344, 'dt': 0.019222068313089435, 'total_energy': 223.99979413832438}
2026-06-09T13:32:36+12:00 scalar diagnostics {'step': 155, 'time': 4.007060542297262, 'dt': 0.018868344627543474, 'total_energy': 248.11163066717052}
2026-06-09T13:32:37+12:00 scalar diagnostics {'step': 169, 'time': 4.266643240020655, 'dt': 0.018150598325950548, 'total_energy': 272.950474400949}
2026-06-09T13:32:37+12:00 scalar diagnostics {'step': 183, 'time': 4.516486848017655, 'dt': 0.017698219718238015, 'total_energy': 294.6940728352114}
2026-06-09T13:32:37+12:00 scalar diagnostics {'step': 197, 'time': 4.765597598600103, 'dt': 0.017956132977817344, 'total_energy': 311.1170352955995}
2026-06-09T13:32:37+12:00 progress {'step': 200, 'time': 4.8197329417842285, 'dt': 0.018093366587529303}
2026-06-09T13:32:37+12:00 scalar diagnostics {'step': 210, 'time': 5.003945226455131, 'dt': 0.01869969999138381, 'total_energy': 319.12139064316085}
2026-06-09T13:32:37+12:00 scalar diagnostics {'step': 223, 'time': 5.252083540232987, 'dt': 0.019350053325871145, 'total_energy': 318.3095943227504}
2026-06-09T13:32:38+12:00 scalar diagnostics {'step': 236, 'time': 5.502563516616788, 'dt': 0.019106427201898934, 'total_energy': 309.969631148154}
2026-06-09T13:32:38+12:00 scalar diagnostics {'step': 250, 'time': 5.765248602331126, 'dt': 0.018340225547521637, 'total_energy': 298.45674491698037}
2026-06-09T13:32:38+12:00 scalar diagnostics {'step': 264, 'time': 6.015562535807505, 'dt': 0.017557397416290497, 'total_energy': 288.1968554721777}
2026-06-09T13:32:38+12:00 scalar diagnostics {'step': 278, 'time': 6.259488835464997, 'dt': 0.01740535366145393, 'total_energy': 276.31211587559744}
2026-06-09T13:32:38+12:00 scalar diagnostics {'step': 292, 'time': 6.50375152835857, 'dt': 0.017364716088959727, 'total_energy': 258.10267530862995}
2026-06-09T13:32:39+12:00 progress {'step': 300, 'time': 6.642697276876838, 'dt': 0.01739912282199209}
2026-06-09T13:32:39+12:00 scalar diagnostics {'step': 307, 'time': 6.76510322860365, 'dt': 0.01756786410270397, 'total_energy': 230.49242787305468}
2026-06-09T13:32:39+12:00 scalar diagnostics {'step': 321, 'time': 7.014075885985515, 'dt': 0.017849397096677436, 'total_energy': 198.94066496337138}
2026-06-09T13:32:39+12:00 scalar diagnostics {'step': 335, 'time': 7.265329665855922, 'dt': 0.018106411451114204, 'total_energy': 166.1801538278742}
2026-06-09T13:32:40+12:00 scalar diagnostics {'step': 348, 'time': 7.505328379606971, 'dt': 0.01885199144239136, 'total_energy': 137.74434360277624}
2026-06-09T13:32:40+12:00 scalar diagnostics {'step': 361, 'time': 7.758560679484684, 'dt': 0.02000305138371837, 'total_energy': 111.85991626148332}
2026-06-09T13:32:40+12:00 scalar diagnostics {'step': 373, 'time': 8.008119545014743, 'dt': 0.021566240773618007, 'total_energy': 89.62943919858265}
2026-06-09T13:32:40+12:00 scalar diagnostics {'step': 384, 'time': 8.257091237019532, 'dt': 0.023552148992220377, 'total_energy': 70.35483373169771}
2026-06-09T13:32:41+12:00 scalar diagnostics {'step': 394, 'time': 8.504341850289666, 'dt': 0.025790300781869092, 'total_energy': 53.18686860294122}
2026-06-09T13:32:41+12:00 progress {'step': 400, 'time': 8.66532896060302, 'dt': 0.027650886126196445}
2026-06-09T13:32:41+12:00 scalar diagnostics {'step': 403, 'time': 8.750273812899616, 'dt': 0.0286506537571028, 'total_energy': 36.99176734386993}
2026-06-09T13:32:41+12:00 scalar diagnostics {'step': 412, 'time': 9.022401899768779, 'dt': 0.03185537394724361, 'total_energy': 21.655769733419973}
2026-06-09T13:32:41+12:00 scalar diagnostics {'step': 419, 'time': 9.260493621618181, 'dt': 0.035425128436126864, 'total_energy': 12.416994106181917}
2026-06-09T13:32:41+12:00 scalar diagnostics {'step': 426, 'time': 9.52615809164091, 'dt': 0.040400652037139925, 'total_energy': 6.754143606224926}
2026-06-09T13:32:41+12:00 scalar diagnostics {'step': 432, 'time': 9.798435293144175, 'dt': 0.050003654279960154, 'total_energy': 4.692302751982359}
2026-06-09T13:32:41+12:00 scalar diagnostics {'step': 436, 'time': 10.016810746490652, 'dt': 0.05687234052323579, 'total_energy': 4.178522581391592}
2026-06-09T13:32:41+12:00 scalar diagnostics {'step': 441, 'time': 10.307867546900383, 'dt': 0.057886724351581195, 'total_energy': 3.07366322459161}
2026-06-09T13:32:41+12:00 scalar diagnostics {'step': 445, 'time': 10.539054918481364, 'dt': 0.0577833345978243, 'total_energy': 2.2507683433378585}
2026-06-09T13:32:41+12:00 scalar diagnostics {'step': 449, 'time': 10.755562842434996, 'dt': 0.0518397571556678, 'total_energy': 2.452694054603672}
2026-06-09T13:32:41+12:00 scalar diagnostics {'step': 454, 'time': 11.002493677637148, 'dt': 0.04732071301746126, 'total_energy': 4.093299072910616}
2026-06-09T13:32:42+12:00 scalar diagnostics {'step': 460, 'time': 11.259291908576548, 'dt': 0.0402773752805587, 'total_energy': 7.10934753856273}
2026-06-09T13:32:42+12:00 scalar diagnostics {'step': 467, 'time': 11.521846250845226, 'dt': 0.03567217251677068, 'total_energy': 11.533734483843183}
2026-06-09T13:32:42+12:00 scalar diagnostics {'step': 474, 'time': 11.754402405845171, 'dt': 0.03147274741488885, 'total_energy': 17.910614471516567}
2026-06-09T13:32:42+12:00 scalar diagnostics {'step': 483, 'time': 12.015652412672718, 'dt': 0.02730054289855952, 'total_energy': 30.528515852285608}
2026-06-09T13:32:42+12:00 scalar diagnostics {'step': 493, 'time': 12.269690250142842, 'dt': 0.02389330825932977, 'total_energy': 48.23828738330541}
2026-06-09T13:32:42+12:00 progress {'step': 500, 'time': 12.430260043202777, 'dt': 0.022248969878699464}
2026-06-09T13:32:42+12:00 scalar diagnostics {'step': 504, 'time': 12.517487049012828, 'dt': 0.02158644255278263, 'total_energy': 66.46154757302635}
2026-06-09T13:32:42+12:00 scalar diagnostics {'step': 515, 'time': 12.751216743692794, 'dt': 0.02124235700010354, 'total_energy': 81.1797954085238}
2026-06-09T13:32:42+12:00 scalar diagnostics {'step': 527, 'time': 13.012093289597328, 'dt': 0.02211708915393135, 'total_energy': 96.06976405173607}
2026-06-09T13:32:43+12:00 scalar diagnostics {'step': 538, 'time': 13.252894523673836, 'dt': 0.02169608788880671, 'total_energy': 113.42400699422441}
2026-06-09T13:32:43+12:00 scalar diagnostics {'step': 550, 'time': 13.504667104685975, 'dt': 0.020343480393392902, 'total_energy': 139.04080021496907}
2026-06-09T13:32:43+12:00 scalar diagnostics {'step': 563, 'time': 13.759525709527601, 'dt': 0.019024113927534385, 'total_energy': 169.78419741566464}
2026-06-09T13:32:43+12:00 scalar diagnostics {'step': 576, 'time': 14.003281115714781, 'dt': 0.01871585897768665, 'total_energy': 197.1097846835864}
2026-06-09T13:32:43+12:00 scalar diagnostics {'step': 589, 'time': 14.250062269750567, 'dt': 0.019193708431732157, 'total_energy': 220.36075835997474}
2026-06-09T13:32:43+12:00 progress {'step': 600, 'time': 14.46135675048459, 'dt': 0.019191180160241312}
2026-06-09T13:32:43+12:00 scalar diagnostics {'step': 603, 'time': 14.518892760844837, 'dt': 0.019173169746283067, 'total_energy': 245.09529760687275}
2026-06-09T13:32:44+12:00 scalar diagnostics {'step': 616, 'time': 14.767447845526918, 'dt': 0.019039022262350887, 'total_energy': 270.97467181709055}
2026-06-09T13:32:44+12:00 scalar diagnostics {'step': 629, 'time': 15.01192913886983, 'dt': 0.018545954635948728, 'total_energy': 297.42111344286405}
2026-06-09T13:32:44+12:00 scalar diagnostics {'step': 643, 'time': 15.26599553296298, 'dt': 0.01781795012431567, 'total_energy': 319.8358580088575}
2026-06-09T13:32:44+12:00 scalar diagnostics {'step': 657, 'time': 15.5123082073278, 'dt': 0.017506265558921454, 'total_energy': 329.58843394103565}
2026-06-09T13:32:44+12:00 scalar diagnostics {'step': 671, 'time': 15.759804024285271, 'dt': 0.017953992743906143, 'total_energy': 324.22739201545346}
2026-06-09T13:32:45+12:00 scalar diagnostics {'step': 685, 'time': 16.014867094130853, 'dt': 0.018313859827446027, 'total_energy': 307.3961809559872}
2026-06-09T13:32:45+12:00 scalar diagnostics {'step': 698, 'time': 16.253025959119913, 'dt': 0.018265947041307476, 'total_energy': 290.113635477868}
2026-06-09T13:32:45+12:00 progress {'step': 700, 'time': 16.28949311805078, 'dt': 0.0182219631936774}
2026-06-09T13:32:45+12:00 scalar diagnostics {'step': 712, 'time': 16.505617254658343, 'dt': 0.01779981513669016, 'total_energy': 277.9314555700086}
2026-06-09T13:32:45+12:00 scalar diagnostics {'step': 727, 'time': 16.766912803073964, 'dt': 0.017089055126679343, 'total_energy': 272.26174221496086}
2026-06-09T13:32:45+12:00 scalar diagnostics {'step': 741, 'time': 17.002517934361386, 'dt': 0.016522391302356224, 'total_energy': 264.3747168839368}
2026-06-09T13:32:45+12:00 scalar diagnostics {'step': 757, 'time': 17.263873906814116, 'dt': 0.016361037129711993, 'total_energy': 240.70093076679026}
2026-06-09T13:32:46+12:00 scalar diagnostics {'step': 772, 'time': 17.517238355854126, 'dt': 0.017568127638935036, 'total_energy': 202.48575610783564}
2026-06-09T13:32:46+12:00 scalar diagnostics {'step': 785, 'time': 17.75890779800524, 'dt': 0.01955284263570953, 'total_energy': 162.96363949163947}
2026-06-09T13:32:46+12:00 scalar diagnostics {'step': 798, 'time': 18.01859811380336, 'dt': 0.019901263941304204, 'total_energy': 129.14449164734893}
2026-06-09T13:32:46+12:00 progress {'step': 800, 'time': 18.058306707263597, 'dt': 0.0198385301116446}
2026-06-09T13:32:46+12:00 scalar diagnostics {'step': 810, 'time': 18.255346746862912, 'dt': 0.019645888370743155, 'total_energy': 108.03423512374772}
2026-06-09T13:32:46+12:00 scalar diagnostics {'step': 823, 'time': 18.51395030746499, 'dt': 0.020327846178245564, 'total_energy': 89.16332100304957}
2026-06-09T13:32:47+12:00 scalar diagnostics {'step': 835, 'time': 18.77003157821437, 'dt': 0.02227226557352452, 'total_energy': 68.92879509836321}
2026-06-09T13:32:47+12:00 scalar diagnostics {'step': 845, 'time': 19.00851164047045, 'dt': 0.025522520951209906, 'total_energy': 49.34883425813794}
2026-06-09T13:32:47+12:00 scalar diagnostics {'step': 854, 'time': 19.263394175581347, 'dt': 0.03106683567875526, 'total_energy': 31.33384229659121}
2026-06-09T13:32:47+12:00 scalar diagnostics {'step': 861, 'time': 19.50415388154751, 'dt': 0.037003071689166174, 'total_energy': 19.072847295998873}
2026-06-09T13:32:47+12:00 scalar diagnostics {'step': 868, 'time': 19.77395295042157, 'dt': 0.03972441917060081, 'total_energy': 10.817345779175923}
2026-06-09T13:32:47+12:00 scalar diagnostics {'step': 874, 'time': 20.018959604755167, 'dt': 0.04152577545820213, 'total_energy': 6.837579935328079}
2026-06-09T13:32:47+12:00 scalar diagnostics {'step': 880, 'time': 20.28547425411155, 'dt': 0.04727277742045183, 'total_energy': 4.651599778040896}
2026-06-09T13:32:47+12:00 scalar diagnostics {'step': 885, 'time': 20.53983368869966, 'dt': 0.05203688964776024, 'total_energy': 3.9686138596233347}
2026-06-09T13:32:47+12:00 scalar diagnostics {'step': 890, 'time': 20.790904110138566, 'dt': 0.04793722657808167, 'total_energy': 3.6352133952791785}
2026-06-09T13:32:47+12:00 scalar diagnostics {'step': 895, 'time': 21.026793617200475, 'dt': 0.047362354620845724, 'total_energy': 3.246920307556022}
2026-06-09T13:32:48+12:00 progress {'step': 900, 'time': 21.26111333675582, 'dt': 0.046093689217131355}
2026-06-09T13:32:48+12:00 scalar diagnostics {'step': 900, 'time': 21.26111333675582, 'dt': 0.046093689217131355, 'total_energy': 3.9626408532132}
2026-06-09T13:32:48+12:00 scalar diagnostics {'step': 906, 'time': 21.522666328512425, 'dt': 0.04091705831735851, 'total_energy': 6.839633425083872}
2026-06-09T13:32:48+12:00 scalar diagnostics {'step': 913, 'time': 21.7824496755143, 'dt': 0.035315538020641975, 'total_energy': 10.623871230240653}
2026-06-09T13:32:48+12:00 scalar diagnostics {'step': 920, 'time': 22.023345379838894, 'dt': 0.03401835943319474, 'total_energy': 14.826187283126135}
2026-06-09T13:32:48+12:00 scalar diagnostics {'step': 927, 'time': 22.251522387155486, 'dt': 0.030964760501090382, 'total_energy': 21.01405339578809}
2026-06-09T13:32:48+12:00 scalar diagnostics {'step': 936, 'time': 22.5092754817263, 'dt': 0.0270148661122885, 'total_energy': 31.954696610020278}
2026-06-09T13:32:48+12:00 scalar diagnostics {'step': 946, 'time': 22.763309909107097, 'dt': 0.024232962069491402, 'total_energy': 46.56674716755094}
2026-06-09T13:32:48+12:00 scalar diagnostics {'step': 957, 'time': 23.01766189710524, 'dt': 0.022421518093633193, 'total_energy': 63.64766185777919}
2026-06-09T13:32:48+12:00 scalar diagnostics {'step': 968, 'time': 23.25313414213345, 'dt': 0.02088651894067562, 'total_energy': 80.26598400969691}
2026-06-09T13:32:49+12:00 scalar diagnostics {'step': 980, 'time': 23.504142284054847, 'dt': 0.021197188069075144, 'total_energy': 98.80062027926132}
2026-06-09T13:32:49+12:00 scalar diagnostics {'step': 992, 'time': 23.763762415527673, 'dt': 0.021619372043219433, 'total_energy': 120.66895260753473}
2026-06-09T13:32:49+12:00 progress {'step': 1000, 'time': 23.933634819206834, 'dt': 0.020949096688915776}
2026-06-09T13:32:49+12:00 scalar diagnostics {'step': 1004, 'time': 24.016691992056177, 'dt': 0.02065774494982308, 'total_energy': 144.99921567850916}
2026-06-09T13:32:49+12:00 scalar diagnostics {'step': 1016, 'time': 24.260096998810997, 'dt': 0.02001273775593652, 'total_energy': 169.10780148506478}
2026-06-09T13:32:49+12:00 scalar diagnostics {'step': 1029, 'time': 24.517316267691815, 'dt': 0.019692020516830628, 'total_energy': 193.60269762057197}
2026-06-09T13:32:50+12:00 scalar diagnostics {'step': 1041, 'time': 24.753837081575398, 'dt': 0.01975540904486786, 'total_energy': 216.1046132079808}
2026-06-09T13:32:50+12:00 scalar diagnostics {'step': 1054, 'time': 25.012791095417473, 'dt': 0.020026919984592214, 'total_energy': 243.15753499086964}
2026-06-09T13:32:50+12:00 scalar diagnostics {'step': 1066, 'time': 25.251755518275445, 'dt': 0.019647690397762204, 'total_energy': 270.94972373186215}
2026-06-09T13:32:50+12:00 scalar diagnostics {'step': 1079, 'time': 25.501549950253906, 'dt': 0.01885000423789797, 'total_energy': 299.1827379987676}
2026-06-09T13:32:50+12:00 scalar diagnostics {'step': 1093, 'time': 25.760346329950462, 'dt': 0.018232476848235354, 'total_energy': 320.5113386707491}
2026-06-09T13:32:51+12:00 progress {'step': 1100, 'time': 25.887341067523153, 'dt': 0.018091068914352675}
2026-06-09T13:32:51+12:00 scalar diagnostics {'step': 1107, 'time': 26.013165954429564, 'dt': 0.017881893674947094, 'total_energy': 328.3080492168478}
2026-06-09T13:32:51+12:00 scalar diagnostics {'step': 1121, 'time': 26.263025076019186, 'dt': 0.01792919198869416, 'total_energy': 322.5572866691819}
2026-06-09T13:32:51+12:00 scalar diagnostics {'step': 1135, 'time': 26.514941657046865, 'dt': 0.018023004054059582, 'total_energy': 307.46510335115045}
2026-06-09T13:32:51+12:00 scalar diagnostics {'step': 1148, 'time': 26.750648590526204, 'dt': 0.018235657546775724, 'total_energy': 291.6599744564875}
2026-06-09T13:32:52+12:00 scalar diagnostics {'step': 1162, 'time': 27.00454719684115, 'dt': 0.01790045379313469, 'total_energy': 278.56225074833776}
2026-06-09T13:32:52+12:00 scalar diagnostics {'step': 1176, 'time': 27.25008642764683, 'dt': 0.0172265729896395, 'total_energy': 270.3383548184156}
2026-06-09T13:32:52+12:00 scalar diagnostics {'step': 1191, 'time': 27.50343379003327, 'dt': 0.016512584385846275, 'total_energy': 261.32234108404884}
2026-06-09T13:32:52+12:00 progress {'step': 1200, 'time': 27.649528235050067, 'dt': 0.01606811581278739}
2026-06-09T13:32:52+12:00 scalar diagnostics {'step': 1207, 'time': 27.761623397256297, 'dt': 0.01601002846321373, 'total_energy': 242.49775933498597}
2026-06-09T13:32:53+12:00 scalar diagnostics {'step': 1222, 'time': 28.006559008652328, 'dt': 0.016789011637993335, 'total_energy': 210.939073168169}
2026-06-09T13:32:53+12:00 scalar diagnostics {'step': 1237, 'time': 28.26624160017042, 'dt': 0.01779498685187572, 'total_energy': 168.4281793934873}
2026-06-09T13:32:53+12:00 scalar diagnostics {'step': 1250, 'time': 28.507492232165376, 'dt': 0.01931492921269819, 'total_energy': 130.65782893890918}
2026-06-09T13:32:54+12:00 scalar diagnostics {'step': 1262, 'time': 28.75180997528195, 'dt': 0.02132070194760648, 'total_energy': 100.95845123585526}
2026-06-09T13:32:54+12:00 scalar diagnostics {'step': 1274, 'time': 29.018977486137185, 'dt': 0.022732686846464078, 'total_energy': 78.85746657988874}
2026-06-09T13:32:54+12:00 scalar diagnostics {'step': 1284, 'time': 29.251222286920296, 'dt': 0.023754912062647553, 'total_energy': 63.98111006588672}
2026-06-09T13:32:54+12:00 scalar diagnostics {'step': 1294, 'time': 29.501357273025654, 'dt': 0.026447031173300228, 'total_energy': 47.706945684809085}
2026-06-09T13:32:54+12:00 progress {'step': 1300, 'time': 29.667679874294276, 'dt': 0.028716574777186372}
2026-06-09T13:32:54+12:00 scalar diagnostics {'step': 1303, 'time': 29.756967790017647, 'dt': 0.030343586118030053, 'total_energy': 31.037045596186562}
2026-06-09T13:32:55+12:00 scalar diagnostics {'step': 1311, 'time': 30.02631671175438, 'dt': 0.03670740142603206, 'total_energy': 17.33749037243141}
2026-06-09T13:32:55+12:00 scalar diagnostics {'step': 1317, 'time': 30.271365492306742, 'dt': 0.04436452821336425, 'total_energy': 9.862533374163416}
2026-06-09T13:32:55+12:00 scalar diagnostics {'step': 1322, 'time': 30.51454084394579, 'dt': 0.05022307352336583, 'total_energy': 6.244997608607574}
2026-06-09T13:32:55+12:00 scalar diagnostics {'step': 1327, 'time': 30.763398384040194, 'dt': 0.048485461199028405, 'total_energy': 4.764055183464061}
2026-06-09T13:32:55+12:00 scalar diagnostics {'step': 1333, 'time': 31.03879880884925, 'dt': 0.04464304631481963, 'total_energy': 3.8295740752994787}
2026-06-09T13:32:55+12:00 scalar diagnostics {'step': 1338, 'time': 31.26257410104544, 'dt': 0.045284947778312865, 'total_energy': 3.1802891446478365}
2026-06-09T13:32:55+12:00 scalar diagnostics {'step': 1344, 'time': 31.547575520098437, 'dt': 0.04908761447291263, 'total_energy': 3.1804302109337006}
2026-06-09T13:32:55+12:00 scalar diagnostics {'step': 1349, 'time': 31.795850664317232, 'dt': 0.049404789670389075, 'total_energy': 4.673924406223348}
2026-06-09T13:32:55+12:00 scalar diagnostics {'step': 1354, 'time': 32.018666436274884, 'dt': 0.04072642766404854, 'total_energy': 7.9950054958355885}
2026-06-09T13:32:55+12:00 scalar diagnostics {'step': 1361, 'time': 32.26559281186863, 'dt': 0.03234262022758672, 'total_energy': 14.419122169394344}
2026-06-09T13:32:56+12:00 scalar diagnostics {'step': 1369, 'time': 32.50473968182076, 'dt': 0.028207131437616828, 'total_energy': 22.255798451389055}
2026-06-09T13:32:56+12:00 scalar diagnostics {'step': 1379, 'time': 32.77241223688125, 'dt': 0.026132744860200886, 'total_energy': 30.245848237042992}
2026-06-09T13:32:56+12:00 scalar diagnostics {'step': 1388, 'time': 33.00934154975107, 'dt': 0.026625839228028535, 'total_energy': 36.07966198274636}
2026-06-09T13:32:56+12:00 scalar diagnostics {'step': 1397, 'time': 33.25067993122104, 'dt': 0.02694117096879017, 'total_energy': 43.27582022526532}
2026-06-09T13:32:56+12:00 progress {'step': 1400, 'time': 33.331146902532616, 'dt': 0.026655224928752153}
2026-06-09T13:32:56+12:00 scalar diagnostics {'step': 1407, 'time': 33.510382082650956, 'dt': 0.024739874189262937, 'total_energy': 56.68237278097684}
2026-06-09T13:32:57+12:00 scalar diagnostics {'step': 1418, 'time': 33.76444629992964, 'dt': 0.021918903377736026, 'total_energy': 77.31417859066372}
2026-06-09T13:32:57+12:00 scalar diagnostics {'step': 1430, 'time': 34.01760424982239, 'dt': 0.02073275486983341, 'total_energy': 102.46174186783111}
2026-06-09T13:32:57+12:00 scalar diagnostics {'step': 1442, 'time': 34.26521196840506, 'dt': 0.02036094254025749, 'total_energy': 127.46969109507451}
2026-06-09T13:32:57+12:00 scalar diagnostics {'step': 1454, 'time': 34.509395256410386, 'dt': 0.020508350944410975, 'total_energy': 150.28576209898387}
2026-06-09T13:32:57+12:00 scalar diagnostics {'step': 1466, 'time': 34.759297902419775, 'dt': 0.020817991333372504, 'total_energy': 170.40110116186366}
2026-06-09T13:32:58+12:00 scalar diagnostics {'step': 1478, 'time': 35.006304448580565, 'dt': 0.020389861381803674, 'total_energy': 187.7269165988185}
2026-06-09T13:32:58+12:00 scalar diagnostics {'step': 1491, 'time': 35.26877442979696, 'dt': 0.02005712543785681, 'total_energy': 208.36114729445922}
2026-06-09T13:32:58+12:00 progress {'step': 1500, 'time': 35.44892336217046, 'dt': 0.02000851448685323}
2026-06-09T13:32:58+12:00 scalar diagnostics {'step': 1503, 'time': 35.50898147120764, 'dt': 0.020026387699792172, 'total_energy': 234.17304706943935}
2026-06-09T13:32:58+12:00 scalar diagnostics {'step': 1516, 'time': 35.76674863076894, 'dt': 0.019440859866382488, 'total_energy': 269.60402663269133}
2026-06-09T13:32:58+12:00 scalar diagnostics {'step': 1529, 'time': 36.01406022659394, 'dt': 0.018784078703145874, 'total_energy': 304.4077787677284}
2026-06-09T13:32:59+12:00 scalar diagnostics {'step': 1542, 'time': 36.25665653275523, 'dt': 0.018444127927438943, 'total_energy': 327.9998244029662}
2026-06-09T13:32:59+12:00 scalar diagnostics {'step': 1556, 'time': 36.51108385439724, 'dt': 0.017864328513256506, 'total_energy': 333.4690381029765}
2026-06-09T13:32:59+12:00 scalar diagnostics {'step': 1570, 'time': 36.75285783838447, 'dt': 0.016840623478775033, 'total_energy': 323.88622602001476}
2026-06-09T13:32:59+12:00 scalar diagnostics {'step': 1585, 'time': 37.00138548723429, 'dt': 0.01644901847237454, 'total_energy': 308.7972597745188}
2026-06-09T13:33:00+12:00 progress {'step': 1600, 'time': 37.24976367680495, 'dt': 0.01673834906035997}
2026-06-09T13:33:00+12:00 scalar diagnostics {'step': 1601, 'time': 37.26653559915324, 'dt': 0.016771922348286696, 'total_energy': 294.04842902707856}
2026-06-09T13:33:00+12:00 scalar diagnostics {'step': 1615, 'time': 37.504867210335235, 'dt': 0.017208194430308556, 'total_energy': 283.22939838901084}
2026-06-09T13:33:00+12:00 scalar diagnostics {'step': 1630, 'time': 37.76311681482055, 'dt': 0.017170859485042017, 'total_energy': 272.0286624740951}
2026-06-09T13:33:01+12:00 scalar diagnostics {'step': 1644, 'time': 38.001695708030475, 'dt': 0.016893948971263832, 'total_energy': 258.4798984023978}
2026-06-09T13:33:01+12:00 scalar diagnostics {'step': 1659, 'time': 38.25182716035035, 'dt': 0.016501297050231078, 'total_energy': 237.15379437910548}
2026-06-09T13:33:01+12:00 scalar diagnostics {'step': 1675, 'time': 38.514798072574806, 'dt': 0.01646933951653524, 'total_energy': 204.85664495315}
2026-06-09T13:33:01+12:00 scalar diagnostics {'step': 1689, 'time': 38.75017444656671, 'dt': 0.017280321224669232, 'total_energy': 169.44917397703895}
2026-06-09T13:33:02+12:00 progress {'step': 1700, 'time': 38.94843376779876, 'dt': 0.018723020515224453}
2026-06-09T13:33:02+12:00 scalar diagnostics {'step': 1703, 'time': 39.00559444875794, 'dt': 0.019226110228087845, 'total_energy': 131.0291694398837}
2026-06-09T13:33:02+12:00 scalar diagnostics {'step': 1715, 'time': 39.252481193941826, 'dt': 0.021851687612910696, 'total_energy': 100.4320805278831}
2026-06-09T13:33:02+12:00 scalar diagnostics {'step': 1726, 'time': 39.509348425090096, 'dt': 0.024339479494404917, 'total_energy': 76.63453834133833}
2026-06-09T13:33:02+12:00 scalar diagnostics {'step': 1736, 'time': 39.75889403795819, 'dt': 0.025605039702683692, 'total_energy': 58.14894304810889}
2026-06-09T13:33:03+12:00 scalar diagnostics {'step': 1746, 'time': 40.027520440531006, 'dt': 0.028205370710673253, 'total_energy': 40.399543992451534}
2026-06-09T13:33:03+12:00 scalar diagnostics {'step': 1754, 'time': 40.27473885534562, 'dt': 0.03338167294601846, 'total_energy': 26.421558870081384}
2026-06-09T13:33:03+12:00 scalar diagnostics {'step': 1761, 'time': 40.53086950773416, 'dt': 0.03951089126899696, 'total_energy': 16.17786744935153}
2026-06-09T13:33:03+12:00 scalar diagnostics {'step': 1767, 'time': 40.79395208213484, 'dt': 0.047470484238971135, 'total_energy': 10.13553738039585}
2026-06-09T13:33:03+12:00 scalar diagnostics {'step': 1772, 'time': 41.04582456432405, 'dt': 0.05077142384775534, 'total_energy': 6.855285910030023}
2026-06-09T13:33:03+12:00 scalar diagnostics {'step': 1777, 'time': 41.29190596634933, 'dt': 0.04782929589989441, 'total_energy': 5.487546290293116}
2026-06-09T13:33:03+12:00 scalar diagnostics {'step': 1782, 'time': 41.52029788232504, 'dt': 0.044266482942893266, 'total_energy': 5.788320351862919}
2026-06-09T13:33:03+12:00 scalar diagnostics {'step': 1788, 'time': 41.771821004296015, 'dt': 0.04046963199992209, 'total_energy': 6.3706495110353085}
2026-06-09T13:33:04+12:00 scalar diagnostics {'step': 1794, 'time': 42.00807204757132, 'dt': 0.039017019374129366, 'total_energy': 6.260538549097761}
2026-06-09T13:33:04+12:00 progress {'step': 1800, 'time': 42.244520384204954, 'dt': 0.03991182192232777}
2026-06-09T13:33:04+12:00 scalar diagnostics {'step': 1801, 'time': 42.28469750533891, 'dt': 0.040177121133960075, 'total_energy': 7.019305131447388}
2026-06-09T13:33:04+12:00 scalar diagnostics {'step': 1807, 'time': 42.52230052911993, 'dt': 0.03803879322764824, 'total_energy': 9.97728542156738}
2026-06-09T13:33:04+12:00 scalar diagnostics {'step': 1814, 'time': 42.7658408739336, 'dt': 0.03247056900770317, 'total_energy': 15.700760425694806}
2026-06-09T13:33:04+12:00 scalar diagnostics {'step': 1822, 'time': 43.00302210222273, 'dt': 0.0277672090520417, 'total_energy': 23.78594261821421}
2026-06-09T13:33:04+12:00 scalar diagnostics {'step': 1832, 'time': 43.261398731387025, 'dt': 0.0246614614624484, 'total_energy': 33.36730436006961}
2026-06-09T13:33:05+12:00 scalar diagnostics {'step': 1842, 'time': 43.50164603291244, 'dt': 0.02377556157248722, 'total_energy': 40.655860822441774}
2026-06-09T13:33:05+12:00 scalar diagnostics {'step': 1853, 'time': 43.76607692157523, 'dt': 0.024381717590818558, 'total_energy': 47.663655801372656}
2026-06-09T13:33:05+12:00 scalar diagnostics {'step': 1863, 'time': 44.00950545683584, 'dt': 0.024161384039854718, 'total_energy': 56.22284448836251}
2026-06-09T13:33:05+12:00 scalar diagnostics {'step': 1873, 'time': 44.25043391744941, 'dt': 0.02402251952772226, 'total_energy': 69.73366571230594}
2026-06-09T13:33:06+12:00 scalar diagnostics {'step': 1884, 'time': 44.5111920959182, 'dt': 0.023030251600023803, 'total_energy': 92.80674776657247}
2026-06-09T13:33:06+12:00 scalar diagnostics {'step': 1895, 'time': 44.75461286006513, 'dt': 0.021575469362137892, 'total_energy': 121.03038785845715}
2026-06-09T13:33:06+12:00 progress {'step': 1900, 'time': 44.86166258532096, 'dt': 0.02133260482868233}
2026-06-09T13:33:06+12:00 scalar diagnostics {'step': 1907, 'time': 45.010949532596925, 'dt': 0.021383311395988615, 'total_energy': 151.29332002089598}
2026-06-09T13:33:06+12:00 scalar diagnostics {'step': 1919, 'time': 45.26472812239202, 'dt': 0.021002584893731763, 'total_energy': 176.08409422813463}
2026-06-09T13:33:06+12:00 scalar diagnostics {'step': 1931, 'time': 45.51715873402845, 'dt': 0.021093854031817863, 'total_energy': 194.95758272710464}
2026-06-09T13:33:06+12:00 scalar diagnostics {'step': 1943, 'time': 45.764750342400426, 'dt': 0.020280635629929246, 'total_energy': 212.14320389230588}
2026-06-09T13:33:07+12:00 scalar diagnostics {'step': 1955, 'time': 46.00309360142264, 'dt': 0.019457398353129454, 'total_energy': 233.89436326544546}
2026-06-09T13:33:07+12:00 scalar diagnostics {'step': 1969, 'time': 46.268045054686844, 'dt': 0.018500432841575876, 'total_energy': 267.64528693910074}
2026-06-09T13:33:07+12:00 scalar diagnostics {'step': 1982, 'time': 46.50411858118454, 'dt': 0.017926729676251755, 'total_energy': 301.0343256846268}
2026-06-09T13:33:07+12:00 scalar diagnostics {'step': 1996, 'time': 46.75156826106471, 'dt': 0.01747273039826566, 'total_energy': 328.11804444036767}
2026-06-09T13:33:07+12:00 progress {'step': 2000, 'time': 46.82136938053499, 'dt': 0.017444275332131273}
2026-06-09T13:33:08+12:00 scalar diagnostics {'step': 2011, 'time': 47.013167855438546, 'dt': 0.017292599744743564, 'total_energy': 337.0798564382719}
2026-06-09T13:33:08+12:00 scalar diagnostics {'step': 2025, 'time': 47.252326343365404, 'dt': 0.016996516413294003, 'total_energy': 326.8374831718055}
2026-06-09T13:33:08+12:00 scalar diagnostics {'step': 2040, 'time': 47.50789597468344, 'dt': 0.01705974456471777, 'total_energy': 307.4121033505121}
2026-06-09T13:33:08+12:00 scalar diagnostics {'step': 2055, 'time': 47.76219946680046, 'dt': 0.016823671458080468, 'total_energy': 292.356389210811}
2026-06-09T13:33:09+12:00 scalar diagnostics {'step': 2070, 'time': 48.011403954883626, 'dt': 0.016405200473378158, 'total_energy': 284.46199167639895}
2026-06-09T13:33:09+12:00 scalar diagnostics {'step': 2085, 'time': 48.254489029362546, 'dt': 0.016110361831634532, 'total_energy': 276.40471238490517}
2026-06-09T13:33:09+12:00 progress {'step': 2100, 'time': 48.49673087198213, 'dt': 0.016299703718561934}
2026-06-09T13:33:09+12:00 scalar diagnostics {'step': 2101, 'time': 48.51306061465423, 'dt': 0.016329742672097424, 'total_energy': 258.4476337145552}
2026-06-09T13:33:10+12:00 scalar diagnostics {'step': 2116, 'time': 48.7632793216752, 'dt': 0.01707102437970331, 'total_energy': 229.40144889326243}
2026-06-09T13:33:10+12:00 scalar diagnostics {'step': 2130, 'time': 49.009527433512616, 'dt': 0.01804368362005945, 'total_energy': 194.9219342061557}
2026-06-09T13:33:10+12:00 scalar diagnostics {'step': 2144, 'time': 49.268424008553964, 'dt': 0.018827668296139556, 'total_energy': 159.812811624519}
2026-06-09T13:33:11+12:00 scalar diagnostics {'step': 2157, 'time': 49.51678210172936, 'dt': 0.019341706673395756, 'total_energy': 129.6666327511722}
2026-06-09T13:33:11+12:00 scalar diagnostics {'step': 2169, 'time': 49.75424221679157, 'dt': 0.02028055888919153, 'total_energy': 103.54269341099823}
2026-06-09T13:33:11+12:00 scalar diagnostics {'step': 2181, 'time': 50.011214201860895, 'dt': 0.022724530716773324, 'total_energy': 78.20320433595184}
2026-06-09T13:33:11+12:00 scalar diagnostics {'step': 2191, 'time': 50.26042475360603, 'dt': 0.02704829442585371, 'total_energy': 56.59111546425626}
2026-06-09T13:33:12+12:00 progress {'step': 2200, 'time': 50.53112405082657, 'dt': 0.031981860042749645}
2026-06-09T13:33:12+12:00 scalar diagnostics {'step': 2200, 'time': 50.53112405082657, 'dt': 0.031981860042749645, 'total_energy': 36.964461881513984}
2026-06-09T13:33:12+12:00 scalar diagnostics {'step': 2207, 'time': 50.76020899506865, 'dt': 0.0331009717195879, 'total_energy': 24.897662390672416}
2026-06-09T13:33:12+12:00 scalar diagnostics {'step': 2215, 'time': 51.03087475745803, 'dt': 0.034745282463144046, 'total_energy': 15.939579601172088}
2026-06-09T13:33:12+12:00 scalar diagnostics {'step': 2222, 'time': 51.286191551890745, 'dt': 0.03759292575758401, 'total_energy': 10.621908956700821}
2026-06-09T13:33:12+12:00 scalar diagnostics {'step': 2228, 'time': 51.525628993428406, 'dt': 0.0421618583973309, 'total_energy': 7.328573195599486}
2026-06-09T13:33:12+12:00 scalar diagnostics {'step': 2233, 'time': 51.75832825533089, 'dt': 0.050056455952196405, 'total_energy': 5.325034921364847}
2026-06-09T13:33:13+12:00 scalar diagnostics {'step': 2238, 'time': 52.02412487439087, 'dt': 0.05285430901582366, 'total_energy': 4.507978901692077}
2026-06-09T13:33:13+12:00 scalar diagnostics {'step': 2243, 'time': 52.26130659556365, 'dt': 0.04227493001397676, 'total_energy': 6.2211188393767465}
2026-06-09T13:33:13+12:00 scalar diagnostics {'step': 2250, 'time': 52.51786800334441, 'dt': 0.03411511146987677, 'total_energy': 10.0954359661071}
2026-06-09T13:33:13+12:00 scalar diagnostics {'step': 2257, 'time': 52.75041204184889, 'dt': 0.032759229209733357, 'total_energy': 12.66252308449953}
2026-06-09T13:33:13+12:00 scalar diagnostics {'step': 2265, 'time': 53.00726680349048, 'dt': 0.031959117518644595, 'total_energy': 13.788392396370455}
2026-06-09T13:33:13+12:00 scalar diagnostics {'step': 2273, 'time': 53.262672900302626, 'dt': 0.03172111783096991, 'total_energy': 16.42187554379468}
2026-06-09T13:33:13+12:00 scalar diagnostics {'step': 2281, 'time': 53.50804360396163, 'dt': 0.029573041996492758, 'total_energy': 23.02642431760151}
2026-06-09T13:33:14+12:00 scalar diagnostics {'step': 2290, 'time': 53.75743021253444, 'dt': 0.02629777334747767, 'total_energy': 33.08877253932109}
2026-06-09T13:33:14+12:00 progress {'step': 2300, 'time': 54.00677462744313, 'dt': 0.024070628257429647}
2026-06-09T13:33:14+12:00 scalar diagnostics {'step': 2300, 'time': 54.00677462744313, 'dt': 0.024070628257429647, 'total_energy': 42.56792930650464}
2026-06-09T13:33:14+12:00 scalar diagnostics {'step': 2311, 'time': 54.26258649508893, 'dt': 0.023062166063057762, 'total_energy': 48.659206685939715}
2026-06-09T13:33:14+12:00 scalar diagnostics {'step': 2321, 'time': 54.500455007629746, 'dt': 0.024702500608165933, 'total_energy': 54.29560767581059}
2026-06-09T13:33:15+12:00 scalar diagnostics {'step': 2331, 'time': 54.75907703947442, 'dt': 0.02589904628692901, 'total_energy': 67.90496440639666}
2026-06-09T13:33:15+12:00 scalar diagnostics {'step': 2341, 'time': 55.00538959000331, 'dt': 0.02358267941564394, 'total_energy': 91.30632634658792}
2026-06-09T13:33:15+12:00 scalar diagnostics {'step': 2352, 'time': 55.25173944521474, 'dt': 0.021555444694843884, 'total_energy': 121.57569371266757}
2026-06-09T13:33:15+12:00 scalar diagnostics {'step': 2364, 'time': 55.501871892410094, 'dt': 0.020204420280443825, 'total_energy': 152.1615062209674}
2026-06-09T13:33:16+12:00 scalar diagnostics {'step': 2377, 'time': 55.75848703269841, 'dt': 0.019672589173307223, 'total_energy': 177.747397940444}
2026-06-09T13:33:16+12:00 scalar diagnostics {'step': 2389, 'time': 56.001196905281404, 'dt': 0.020920632968458384, 'total_energy': 197.363341071015}
2026-06-09T13:33:16+12:00 progress {'step': 2400, 'time': 56.235927601491404, 'dt': 0.021367175224372176}
2026-06-09T13:33:16+12:00 scalar diagnostics {'step': 2401, 'time': 56.257268649751204, 'dt': 0.021341048259801865, 'total_energy': 217.55022768877853}
2026-06-09T13:33:16+12:00 scalar diagnostics {'step': 2413, 'time': 56.50892649116438, 'dt': 0.020540656346658085, 'total_energy': 239.61687599923536}
2026-06-09T13:33:17+12:00 scalar diagnostics {'step': 2426, 'time': 56.76722741072583, 'dt': 0.019312888207123458, 'total_energy': 265.947603336297}
2026-06-09T13:33:17+12:00 scalar diagnostics {'step': 2439, 'time': 57.01189829354397, 'dt': 0.018487773665419104, 'total_energy': 293.1821030242661}
2026-06-09T13:33:17+12:00 scalar diagnostics {'step': 2453, 'time': 57.26318543771445, 'dt': 0.017344199998113728, 'total_energy': 317.18164998172733}
2026-06-09T13:33:18+12:00 scalar diagnostics {'step': 2467, 'time': 57.50083591949015, 'dt': 0.01683626742873256, 'total_energy': 329.3869312683497}
2026-06-09T13:33:18+12:00 scalar diagnostics {'step': 2482, 'time': 57.75515902281205, 'dt': 0.017112594269059384, 'total_energy': 328.87347999114183}
2026-06-09T13:33:18+12:00 scalar diagnostics {'step': 2497, 'time': 58.01080043634756, 'dt': 0.016915076517658723, 'total_energy': 317.9311462528889}
2026-06-09T13:33:18+12:00 progress {'step': 2500, 'time': 58.061419610260764, 'dt': 0.01685165941731645}
2026-06-09T13:33:19+12:00 scalar diagnostics {'step': 2512, 'time': 58.261306496405986, 'dt': 0.01645007239022663, 'total_energy': 303.567123281846}
2026-06-09T13:33:19+12:00 scalar diagnostics {'step': 2527, 'time': 58.503576958280895, 'dt': 0.0159193684538063, 'total_energy': 290.3187530071441}
2026-06-09T13:33:19+12:00 scalar diagnostics {'step': 2543, 'time': 58.75546708908821, 'dt': 0.015632641394216464, 'total_energy': 275.09371615640464}
2026-06-09T13:33:20+12:00 scalar diagnostics {'step': 2559, 'time': 59.007031308488905, 'dt': 0.01590898088354938, 'total_energy': 253.19112201305282}
2026-06-09T13:33:20+12:00 scalar diagnostics {'step': 2574, 'time': 59.25166562552396, 'dt': 0.0167106264105892, 'total_energy': 224.70189720937486}
2026-06-09T13:33:20+12:00 scalar diagnostics {'step': 2589, 'time': 59.510211357945444, 'dt': 0.017675892859589613, 'total_energy': 190.67766008766546}
2026-06-09T13:33:21+12:00 progress {'step': 2600, 'time': 59.70920830051983, 'dt': 0.018466943323608084}
2026-06-09T13:33:21+12:00 scalar diagnostics {'step': 2603, 'time': 59.76512149653502, 'dt': 0.018725801418449876, 'total_energy': 156.95258695354133}
2026-06-09T13:33:21+12:00 progress {'step': 2616, 'time': 60.0, 'dt': 0.0021659447914643692}
2026-06-09T13:33:21+12:00 scalar diagnostics {'step': 2616, 'time': 60.0, 'dt': 0.0021659447914643692, 'total_energy': 128.19195724230448}
2026-06-09T13:33:21+12:00 run complete {'backend': 'numpy', 'equation_set': 'inhomogeneous_rmhd_s', 'equation_mode': 'linear', 'grid': [32, 32, 32], 'steps': 2616, 't_final': 60.0, 'dt_last': 0.0021659447914643692, 'total_energy_initial': 0.75, 'total_energy_final': 128.19195724230448, 'psi_hat_max_abs': 7684.794443961425, 'output_dir': 'C:\\Users\\naoki\\Downloads\\rmhd-gpu-new\\examples\\examples\\_kpar0_check', 'scalar_diagnostics_csv': 'C:\\Users\\naoki\\Downloads\\rmhd-gpu-new\\examples\\examples\\_kpar0_check\\scalar_diagnostics.csv'}
