2026-06-09T09:26:42+12:00 run start {'title': 'Inhomogeneous rmhd simulation test', 'input_file': 'C:\\Users\\naoki\\Downloads\\rmhd-gpu-new\\examples\\nokias_inhomogeneous.input', 'output_dir': 'C:\\Users\\naoki\\Downloads\\rmhd-gpu-new\\examples\\outputs_nokia_rmhd_s_24', 'backend': 'numpy', 'equation_set': 'inhomogeneous_rmhd_s', 'equation_mode': 'linear', 'grid': [32, 32, 32], 'output_cadences': {'scalar': 0.25, 'spectra': 0.0, 'full_field': 0.0}, 'hostname': 'Naoki', 'python_executable': 'C:\\Users\\naoki\\AppData\\Local\\Programs\\Python\\Python313\\python.exe', 'git_commit': 'cde2789c3d6596cb8e14f232da25acf4598750f1', 'command': "'C:\\Users\\naoki\\Downloads\\rmhd-gpu-new\\rmhdgpu\\run.py' '.\\examples\\nokias_inhomogeneous.input'"}
2026-06-09T09:26:42+12:00 run setup {'resolved_output_dir': 'C:\\Users\\naoki\\Downloads\\rmhd-gpu-new\\examples\\outputs_nokia_rmhd_s_24', 'input_file': 'C:\\Users\\naoki\\Downloads\\rmhd-gpu-new\\examples\\nokias_inhomogeneous.input', 'backend': 'numpy', 'equation_set': 'inhomogeneous_rmhd_s', 'equation_mode': 'linear', 'grid': [32, 32, 32], 'output_cadences': {'scalar': 0.25, 'spectra': 0.0, 'full_field': 0.0}, 'dissipation_mode': 'auto', 'initial_condition': {'type': 'random_spectrum', 'parameters': {'n_min': 1.0, 'n_max': 3.0, 'alpha': 0.0, 'init_energy': 0.75, 'seed': 1}}}
2026-06-09T09:26:42+12:00 scalar diagnostics {'step': 0, 'time': 0.0, 'dt': 0.0, 'total_energy': 0.7499999999999999}
2026-06-09T09:26:42+12:00 scalar diagnostics {'step': 6, 'time': 0.2592778353639374, 'dt': 0.04421667850267482, 'total_energy': 1.4977081270643087}
2026-06-09T09:26:42+12:00 scalar diagnostics {'step': 12, 'time': 0.5256518847229905, 'dt': 0.0435034657980409, 'total_energy': 3.3138814870473308}
2026-06-09T09:26:43+12:00 scalar diagnostics {'step': 18, 'time': 0.7698188720660207, 'dt': 0.038535635727752184, 'total_energy': 5.535182519984975}
2026-06-09T09:26:43+12:00 scalar diagnostics {'step': 25, 'time': 1.017868324571362, 'dt': 0.033562770458622056, 'total_energy': 9.513055478219899}
2026-06-09T09:26:43+12:00 scalar diagnostics {'step': 33, 'time': 1.270896720587093, 'dt': 0.030250297079541983, 'total_energy': 15.487624045334488}
2026-06-09T09:26:43+12:00 scalar diagnostics {'step': 42, 'time': 1.5245603477003022, 'dt': 0.02642079427109249, 'total_energy': 24.236201225932895}
2026-06-09T09:26:43+12:00 scalar diagnostics {'step': 52, 'time': 1.7670526168779066, 'dt': 0.022716465956515903, 'total_energy': 36.55607952275671}
2026-06-09T09:26:44+12:00 scalar diagnostics {'step': 63, 'time': 2.001745475812192, 'dt': 0.020413661782976572, 'total_energy': 51.54531753902822}
2026-06-09T09:26:44+12:00 scalar diagnostics {'step': 76, 'time': 2.255580694371553, 'dt': 0.01884199034969006, 'total_energy': 69.8338218481358}
2026-06-09T09:26:44+12:00 scalar diagnostics {'step': 90, 'time': 2.50757596698888, 'dt': 0.01724895933033558, 'total_energy': 92.45083008486533}
2026-06-09T09:26:44+12:00 progress {'step': 100, 'time': 2.673727076107165, 'dt': 0.016111441090517813}
2026-06-09T09:26:45+12:00 scalar diagnostics {'step': 105, 'time': 2.7527239955903915, 'dt': 0.015597929173560484, 'total_energy': 119.82872119770597}
2026-06-09T09:26:45+12:00 scalar diagnostics {'step': 122, 'time': 3.004943540256401, 'dt': 0.014258868576286023, 'total_energy': 150.32677778884624}
2026-06-09T09:26:46+12:00 scalar diagnostics {'step': 140, 'time': 3.252838152902184, 'dt': 0.013401400338316462, 'total_energy': 181.10256923433522}
2026-06-09T09:26:46+12:00 scalar diagnostics {'step': 159, 'time': 3.500881096409915, 'dt': 0.012761880357123867, 'total_energy': 215.88027216739326}
2026-06-09T09:26:47+12:00 scalar diagnostics {'step': 180, 'time': 3.761983899092773, 'dt': 0.012153806640293632, 'total_energy': 257.97200723949027}
2026-06-09T09:26:48+12:00 progress {'step': 200, 'time': 4.000543269177115, 'dt': 0.0117632824176612}
2026-06-09T09:26:48+12:00 scalar diagnostics {'step': 200, 'time': 4.000543269177115, 'dt': 0.0117632824176612, 'total_energy': 296.8844985134824}
2026-06-09T09:26:49+12:00 scalar diagnostics {'step': 222, 'time': 4.257014694042566, 'dt': 0.011590585328766981, 'total_energy': 336.4345128052016}
2026-06-09T09:26:49+12:00 scalar diagnostics {'step': 244, 'time': 4.510295749140867, 'dt': 0.011412087013942458, 'total_energy': 377.05951726381943}
2026-06-09T09:26:50+12:00 scalar diagnostics {'step': 266, 'time': 4.7573117610084745, 'dt': 0.011043771975388954, 'total_energy': 422.56455801980826}
2026-06-09T09:26:51+12:00 scalar diagnostics {'step': 289, 'time': 5.007557974212229, 'dt': 0.010786082226696721, 'total_energy': 472.8924412971578}
2026-06-09T09:26:51+12:00 progress {'step': 300, 'time': 5.1262471970948615, 'dt': 0.010808309465162825}
2026-06-09T09:26:51+12:00 scalar diagnostics {'step': 312, 'time': 5.256654575925388, 'dt': 0.010928797425513151, 'total_energy': 521.2814280165284}
2026-06-09T09:26:52+12:00 scalar diagnostics {'step': 335, 'time': 5.509356030228645, 'dt': 0.011020940388886088, 'total_energy': 565.8916316871318}
2026-06-09T09:26:53+12:00 scalar diagnostics {'step': 357, 'time': 5.750787039799288, 'dt': 0.010898928154563014, 'total_energy': 609.338016089596}
2026-06-09T09:26:54+12:00 scalar diagnostics {'step': 381, 'time': 6.009609314694568, 'dt': 0.01069496711845208, 'total_energy': 662.3523138171647}
2026-06-09T09:26:54+12:00 progress {'step': 400, 'time': 6.21238558273015, 'dt': 0.010676413050651744}
2026-06-09T09:26:54+12:00 scalar diagnostics {'step': 404, 'time': 6.255105188412676, 'dt': 0.010682815938085257, 'total_energy': 714.3663148379064}
2026-06-09T09:26:55+12:00 scalar diagnostics {'step': 427, 'time': 6.500132362090294, 'dt': 0.010628192674870975, 'total_energy': 758.551838772126}
2026-06-09T09:26:56+12:00 scalar diagnostics {'step': 451, 'time': 6.754885181907275, 'dt': 0.010592075207668524, 'total_energy': 796.2449011915899}
2026-06-09T09:26:57+12:00 scalar diagnostics {'step': 475, 'time': 7.007617711478427, 'dt': 0.010462611235150524, 'total_energy': 834.5767400005278}
2026-06-09T09:26:57+12:00 scalar diagnostics {'step': 499, 'time': 7.257135259901067, 'dt': 0.010358778612764399, 'total_energy': 873.3369258590902}
2026-06-09T09:26:57+12:00 progress {'step': 500, 'time': 7.267492315330065, 'dt': 0.010357055428998518}
2026-06-09T09:26:58+12:00 scalar diagnostics {'step': 523, 'time': 7.505572245049811, 'dt': 0.010352235396196816, 'total_energy': 902.7988982722682}
2026-06-09T09:26:59+12:00 scalar diagnostics {'step': 547, 'time': 7.753712389494817, 'dt': 0.010313829592906837, 'total_energy': 921.765125134161}
2026-06-09T09:27:00+12:00 scalar diagnostics {'step': 571, 'time': 8.000325806502227, 'dt': 0.010250080696011759, 'total_energy': 937.4223689116585}
2026-06-09T09:27:00+12:00 scalar diagnostics {'step': 596, 'time': 8.254763989087374, 'dt': 0.010092329020964793, 'total_energy': 948.2222551595598}
2026-06-09T09:27:01+12:00 progress {'step': 600, 'time': 8.295056881438805, 'dt': 0.01006163500793732}
2026-06-09T09:27:01+12:00 scalar diagnostics {'step': 621, 'time': 8.50449101945225, 'dt': 0.00989250765347432, 'total_energy': 946.5013483158268}
2026-06-09T09:27:02+12:00 scalar diagnostics {'step': 647, 'time': 8.759530905985851, 'dt': 0.00975764248235807, 'total_energy': 938.3193123090606}
2026-06-09T09:27:03+12:00 scalar diagnostics {'step': 672, 'time': 9.003624290165932, 'dt': 0.009789024010194006, 'total_energy': 932.9748468149073}
2026-06-09T09:27:04+12:00 scalar diagnostics {'step': 698, 'time': 9.258544705705539, 'dt': 0.009789638885787915, 'total_energy': 921.7440187772579}
2026-06-09T09:27:04+12:00 progress {'step': 700, 'time': 9.27811144511227, 'dt': 0.009781161115666218}
2026-06-09T09:27:04+12:00 scalar diagnostics {'step': 723, 'time': 9.501162791304607, 'dt': 0.009603416364190343, 'total_energy': 896.9331134710793}
2026-06-09T09:27:05+12:00 scalar diagnostics {'step': 750, 'time': 9.75725314235442, 'dt': 0.009386238237309068, 'total_energy': 865.2343771076609}
2026-06-09T09:27:06+12:00 scalar diagnostics {'step': 776, 'time': 10.000988086660774, 'dt': 0.009410476111143345, 'total_energy': 840.7537397090814}
2026-06-09T09:27:06+12:00 progress {'step': 800, 'time': 10.22882365203519, 'dt': 0.009568034178232074}
2026-06-09T09:27:07+12:00 scalar diagnostics {'step': 803, 'time': 10.257559947072908, 'dt': 0.0095839263383635, 'total_energy': 814.8248698859115}
2026-06-09T09:27:07+12:00 scalar diagnostics {'step': 829, 'time': 10.507873075597749, 'dt': 0.009651169862984955, 'total_energy': 779.3087635093812}
2026-06-09T09:27:08+12:00 scalar diagnostics {'step': 855, 'time': 10.759610540189366, 'dt': 0.009731913626087768, 'total_energy': 736.8112778605675}
2026-06-09T09:27:09+12:00 scalar diagnostics {'step': 880, 'time': 11.0056029621301, 'dt': 0.0099609775463148, 'total_energy': 697.4340824401193}
2026-06-09T09:27:09+12:00 progress {'step': 900, 'time': 11.207301222886928, 'dt': 0.010198387655287973}
2026-06-09T09:27:09+12:00 scalar diagnostics {'step': 905, 'time': 11.258472330099428, 'dt': 0.010258126606224459, 'total_energy': 660.6773244945018}
2026-06-09T09:27:10+12:00 scalar diagnostics {'step': 929, 'time': 11.508451396618202, 'dt': 0.01057453679158234, 'total_energy': 623.3402071662962}
2026-06-09T09:27:11+12:00 scalar diagnostics {'step': 952, 'time': 11.756729011171535, 'dt': 0.011028421522076592, 'total_energy': 582.5743396301428}
2026-06-09T09:27:11+12:00 scalar diagnostics {'step': 974, 'time': 12.006067296676136, 'dt': 0.01163325295846552, 'total_energy': 540.4396918962839}
2026-06-09T09:27:12+12:00 scalar diagnostics {'step': 995, 'time': 12.257757498728141, 'dt': 0.01232810958805931, 'total_energy': 501.3698107597935}
2026-06-09T09:27:12+12:00 progress {'step': 1000, 'time': 12.319976120739863, 'dt': 0.0125231079393232}
2026-06-09T09:27:12+12:00 scalar diagnostics {'step': 1014, 'time': 12.50005319779495, 'dt': 0.013188557555850541, 'total_energy': 467.9795488243436}
2026-06-09T09:27:13+12:00 scalar diagnostics {'step': 1033, 'time': 12.761078709505838, 'dt': 0.014227761628551749, 'total_energy': 434.88493754344535}
2026-06-09T09:27:14+12:00 scalar diagnostics {'step': 1050, 'time': 13.01408753637374, 'dt': 0.015542456111887442, 'total_energy': 405.647317243674}
2026-06-09T09:27:14+12:00 scalar diagnostics {'step': 1065, 'time': 13.258904899433002, 'dt': 0.016920123980834943, 'total_energy': 381.931024464031}
2026-06-09T09:27:15+12:00 scalar diagnostics {'step': 1079, 'time': 13.504332239501988, 'dt': 0.018127578839672604, 'total_energy': 363.0612271188338}
2026-06-09T09:27:15+12:00 scalar diagnostics {'step': 1092, 'time': 13.751955345791384, 'dt': 0.02000922694040007, 'total_energy': 348.52488721835414}
2026-06-09T09:27:16+12:00 progress {'step': 1100, 'time': 13.919929400035642, 'dt': 0.021855415540311184}
2026-06-09T09:27:16+12:00 scalar diagnostics {'step': 1104, 'time': 14.010188161077654, 'dt': 0.023007776440372274, 'total_energy': 338.4780116429379}
2026-06-09T09:27:16+12:00 scalar diagnostics {'step': 1114, 'time': 14.257102676267852, 'dt': 0.025839246527750128, 'total_energy': 333.97580978706355}
2026-06-09T09:27:16+12:00 scalar diagnostics {'step': 1124, 'time': 14.525124231123597, 'dt': 0.027702071252115344, 'total_energy': 333.1305301397473}
2026-06-09T09:27:17+12:00 scalar diagnostics {'step': 1132, 'time': 14.753002292420549, 'dt': 0.028923767568168647, 'total_energy': 334.95685015690594}
2026-06-09T09:27:17+12:00 scalar diagnostics {'step': 1141, 'time': 15.023208921138416, 'dt': 0.031258337999558315, 'total_energy': 340.39325703692293}
2026-06-09T09:27:17+12:00 scalar diagnostics {'step': 1148, 'time': 15.253966658561966, 'dt': 0.03423099637351817, 'total_energy': 347.5235019062429}
2026-06-09T09:27:17+12:00 scalar diagnostics {'step': 1156, 'time': 15.534663362505185, 'dt': 0.03511160997901165, 'total_energy': 357.5666868360341}
2026-06-09T09:27:18+12:00 scalar diagnostics {'step': 1163, 'time': 15.775666270887601, 'dt': 0.033987314098202076, 'total_energy': 366.9807304195248}
2026-06-09T09:27:18+12:00 scalar diagnostics {'step': 1170, 'time': 16.014183921138834, 'dt': 0.03439789195427938, 'total_energy': 377.64512100262056}
2026-06-09T09:27:18+12:00 scalar diagnostics {'step': 1177, 'time': 16.254607504189376, 'dt': 0.03364940069756374, 'total_energy': 389.75487928794576}
2026-06-09T09:27:18+12:00 scalar diagnostics {'step': 1185, 'time': 16.511650148378735, 'dt': 0.030925032282216457, 'total_energy': 404.00424187011305}
2026-06-09T09:27:18+12:00 scalar diagnostics {'step': 1194, 'time': 16.774097894052364, 'dt': 0.02777733330820046, 'total_energy': 420.1406847714986}
2026-06-09T09:27:19+12:00 progress {'step': 1200, 'time': 16.937096948188522, 'dt': 0.026880299778912903}
2026-06-09T09:27:19+12:00 scalar diagnostics {'step': 1203, 'time': 17.017414254824182, 'dt': 0.026729712450337704, 'total_energy': 435.77788988966233}
2026-06-09T09:27:19+12:00 scalar diagnostics {'step': 1212, 'time': 17.25531738093005, 'dt': 0.026015760394758374, 'total_energy': 452.12872505508585}
2026-06-09T09:27:19+12:00 scalar diagnostics {'step': 1222, 'time': 17.502211310982297, 'dt': 0.023170511567197752, 'total_energy': 472.51064121571244}
2026-06-09T09:27:20+12:00 scalar diagnostics {'step': 1234, 'time': 17.755870606514755, 'dt': 0.019870657120457984, 'total_energy': 496.5973307566386}
2026-06-09T09:27:20+12:00 scalar diagnostics {'step': 1247, 'time': 18.005261398792385, 'dt': 0.018842393065136475, 'total_energy': 520.2139205039788}
2026-06-09T09:27:21+12:00 scalar diagnostics {'step': 1261, 'time': 18.26470969895167, 'dt': 0.01814597134940726, 'total_energy': 546.0835255554797}
2026-06-09T09:27:21+12:00 scalar diagnostics {'step': 1275, 'time': 18.50858258714767, 'dt': 0.016762547198310503, 'total_energy': 575.1290131752837}
2026-06-09T09:27:22+12:00 scalar diagnostics {'step': 1290, 'time': 18.75080025245976, 'dt': 0.01574430863930524, 'total_energy': 605.6719324197961}
2026-06-09T09:27:22+12:00 progress {'step': 1300, 'time': 18.906900557510944, 'dt': 0.015543070914286868}
2026-06-09T09:27:22+12:00 scalar diagnostics {'step': 1307, 'time': 19.015241059805, 'dt': 0.015391001253478366, 'total_energy': 637.1402260967013}
2026-06-09T09:27:23+12:00 scalar diagnostics {'step': 1323, 'time': 19.255764786261178, 'dt': 0.014680737441560905, 'total_energy': 669.4600658007288}
2026-06-09T09:27:23+12:00 scalar diagnostics {'step': 1341, 'time': 19.512900868845772, 'dt': 0.014011567622430712, 'total_energy': 710.9818343068375}
2026-06-09T09:27:24+12:00 scalar diagnostics {'step': 1358, 'time': 19.750139229214522, 'dt': 0.01399338940110772, 'total_energy': 748.3670641298212}
2026-06-09T09:27:25+12:00 scalar diagnostics {'step': 1376, 'time': 20.000814149133298, 'dt': 0.013841706857590848, 'total_energy': 784.2075003172142}
2026-06-09T09:27:25+12:00 scalar diagnostics {'step': 1395, 'time': 20.260163426657638, 'dt': 0.013412491641167288, 'total_energy': 827.9428586437222}
2026-06-09T09:27:25+12:00 progress {'step': 1400, 'time': 20.326735883032274, 'dt': 0.01324842541804449}
2026-06-09T09:27:26+12:00 scalar diagnostics {'step': 1414, 'time': 20.50897357923644, 'dt': 0.012840265852780017, 'total_energy': 880.4457615535437}
2026-06-09T09:27:26+12:00 scalar diagnostics {'step': 1433, 'time': 20.750362723354964, 'dt': 0.012657785673303924, 'total_energy': 932.5444817345424}
2026-06-09T09:27:27+12:00 scalar diagnostics {'step': 1453, 'time': 21.00352200283201, 'dt': 0.012635512729889218, 'total_energy': 983.4371416316297}
2026-06-09T09:27:28+12:00 scalar diagnostics {'step': 1473, 'time': 21.253625881808745, 'dt': 0.012325774256792408, 'total_energy': 1037.32102927407}
2026-06-09T09:27:28+12:00 scalar diagnostics {'step': 1494, 'time': 21.506240989433802, 'dt': 0.011766391870166492, 'total_energy': 1100.5891146729125}
2026-06-09T09:27:29+12:00 progress {'step': 1500, 'time': 21.576373638355523, 'dt': 0.011636806468444331}
2026-06-09T09:27:29+12:00 scalar diagnostics {'step': 1516, 'time': 21.760488120531214, 'dt': 0.011422687893456632, 'total_energy': 1168.4882443948081}
2026-06-09T09:27:30+12:00 scalar diagnostics {'step': 1538, 'time': 22.010758500550796, 'dt': 0.011356995170986811, 'total_energy': 1233.094385907149}
2026-06-09T09:27:30+12:00 scalar diagnostics {'step': 1560, 'time': 22.260024900830818, 'dt': 0.011283462528367639, 'total_energy': 1294.200219822866}
2026-06-09T09:27:31+12:00 scalar diagnostics {'step': 1582, 'time': 22.505825184372643, 'dt': 0.011049976221628998, 'total_energy': 1353.872485150895}
2026-06-09T09:27:31+12:00 progress {'step': 1600, 'time': 22.702451473988642, 'dt': 0.010812611727328919}
2026-06-09T09:27:32+12:00 scalar diagnostics {'step': 1605, 'time': 22.756332123685763, 'dt': 0.010752404012843737, 'total_energy': 1415.884028462199}
2026-06-09T09:27:32+12:00 scalar diagnostics {'step': 1628, 'time': 23.0009248442781, 'dt': 0.010545899507506003, 'total_energy': 1475.0544564734437}
2026-06-09T09:27:33+12:00 scalar diagnostics {'step': 1652, 'time': 23.252493589860016, 'dt': 0.010432298818417512, 'total_energy': 1530.8666737176713}
2026-06-09T09:27:33+12:00 scalar diagnostics {'step': 1676, 'time': 23.50144753582209, 'dt': 0.010307365028215408, 'total_energy': 1580.187728399675}
2026-06-09T09:27:34+12:00 progress {'step': 1700, 'time': 23.74647959385013, 'dt': 0.01011305943560279}
2026-06-09T09:27:34+12:00 scalar diagnostics {'step': 1701, 'time': 23.756584141282598, 'dt': 0.010104547432468181, 'total_energy': 1625.2311833863193}
2026-06-09T09:27:35+12:00 scalar diagnostics {'step': 1726, 'time': 24.006731886704607, 'dt': 0.009929439564674685, 'total_energy': 1662.0417639960729}
2026-06-09T09:27:35+12:00 scalar diagnostics {'step': 1751, 'time': 24.253789823890312, 'dt': 0.009849449324034327, 'total_energy': 1691.297332400611}
2026-06-09T09:27:36+12:00 scalar diagnostics {'step': 1777, 'time': 24.508171112569133, 'dt': 0.009720401070366582, 'total_energy': 1719.3853770434941}
2026-06-09T09:27:37+12:00 progress {'step': 1800, 'time': 24.730222197889884, 'dt': 0.009594349661803047}
2026-06-09T09:27:37+12:00 scalar diagnostics {'step': 1803, 'time': 24.75897410253329, 'dt': 0.009578829702323955, 'total_energy': 1745.253365406149}
2026-06-09T09:27:38+12:00 scalar diagnostics {'step': 1829, 'time': 25.006428104414173, 'dt': 0.009467024901685968, 'total_energy': 1759.5277411599975}
2026-06-09T09:27:38+12:00 scalar diagnostics {'step': 1855, 'time': 25.25131893699005, 'dt': 0.009373327246709518, 'total_energy': 1760.4945504468992}
2026-06-09T09:27:39+12:00 scalar diagnostics {'step': 1882, 'time': 25.502991202428177, 'dt': 0.009277835960627588, 'total_energy': 1760.3254944529128}
2026-06-09T09:27:39+12:00 progress {'step': 1900, 'time': 25.669720942310803, 'dt': 0.009258507421458081}
2026-06-09T09:27:40+12:00 scalar diagnostics {'step': 1909, 'time': 25.753106061781647, 'dt': 0.009272634591756413, 'total_energy': 1764.8193315759522}
2026-06-09T09:27:40+12:00 scalar diagnostics {'step': 1936, 'time': 26.003152923485192, 'dt': 0.009194035210304338, 'total_energy': 1760.6530714517148}
2026-06-09T09:27:41+12:00 scalar diagnostics {'step': 1963, 'time': 26.251626301146075, 'dt': 0.009263099235762278, 'total_energy': 1739.7018521580185}
2026-06-09T09:27:42+12:00 scalar diagnostics {'step': 1990, 'time': 26.504185635423088, 'dt': 0.009368209212378752, 'total_energy': 1714.134216221627}
2026-06-09T09:27:42+12:00 progress {'step': 2000, 'time': 26.59785773725872, 'dt': 0.009369990703371491}
2026-06-09T09:27:43+12:00 scalar diagnostics {'step': 2017, 'time': 26.757314153989167, 'dt': 0.009415153369540038, 'total_energy': 1693.9994239648613}
2026-06-09T09:27:43+12:00 scalar diagnostics {'step': 2043, 'time': 27.00530117925273, 'dt': 0.009618606772565924, 'total_energy': 1671.1566250713317}
2026-06-09T09:27:44+12:00 scalar diagnostics {'step': 2069, 'time': 27.258685038769798, 'dt': 0.0098947321446251, 'total_energy': 1637.8807175185161}
2026-06-09T09:27:45+12:00 scalar diagnostics {'step': 2093, 'time': 27.500254012887915, 'dt': 0.010216480330268706, 'total_energy': 1603.5374157417439}
2026-06-09T09:27:45+12:00 progress {'step': 2100, 'time': 27.57211287353965, 'dt': 0.010302150588273919}
2026-06-09T09:27:45+12:00 scalar diagnostics {'step': 2118, 'time': 27.759801617060827, 'dt': 0.010553119979546048, 'total_energy': 1569.585344114964}
2026-06-09T09:27:46+12:00 scalar diagnostics {'step': 2141, 'time': 28.008711943123657, 'dt': 0.01113128729532207, 'total_energy': 1537.3943909134807}
2026-06-09T09:27:47+12:00 scalar diagnostics {'step': 2163, 'time': 28.261721850122385, 'dt': 0.011779329815456487, 'total_energy': 1504.5411368839254}
2026-06-09T09:27:47+12:00 scalar diagnostics {'step': 2183, 'time': 28.502883039936638, 'dt': 0.012341602032208273, 'total_energy': 1477.0203405218117}
2026-06-09T09:27:48+12:00 progress {'step': 2200, 'time': 28.71881625634967, 'dt': 0.013066490349237363}
2026-06-09T09:27:48+12:00 scalar diagnostics {'step': 2203, 'time': 28.758325592665486, 'dt': 0.01322220151078554, 'total_energy': 1452.444086428327}
2026-06-09T09:27:48+12:00 scalar diagnostics {'step': 2221, 'time': 29.00591645599019, 'dt': 0.014247439474144242, 'total_energy': 1430.9774622985742}
2026-06-09T09:27:49+12:00 scalar diagnostics {'step': 2238, 'time': 29.257487793884735, 'dt': 0.01532355246654494, 'total_energy': 1412.1476209764005}
2026-06-09T09:27:49+12:00 scalar diagnostics {'step': 2254, 'time': 29.514591636018647, 'dt': 0.016855317157898692, 'total_energy': 1399.3960124480832}
2026-06-09T09:27:50+12:00 scalar diagnostics {'step': 2268, 'time': 29.765137521601027, 'dt': 0.01886369019524238, 'total_energy': 1394.2545463476208}
2026-06-09T09:27:50+12:00 scalar diagnostics {'step': 2280, 'time': 30.002424193048036, 'dt': 0.02045606131485698, 'total_energy': 1393.576035593356}
2026-06-09T09:27:50+12:00 scalar diagnostics {'step': 2292, 'time': 30.255431884897238, 'dt': 0.021621790790004283, 'total_energy': 1394.994573638811}
2026-06-09T09:27:51+12:00 progress {'step': 2300, 'time': 30.433414609600675, 'dt': 0.022844098198919062}
2026-06-09T09:27:51+12:00 scalar diagnostics {'step': 2303, 'time': 30.503291280832315, 'dt': 0.023532901348349178, 'total_energy': 1399.743389184649}
2026-06-09T09:27:51+12:00 scalar diagnostics {'step': 2313, 'time': 30.755879242850277, 'dt': 0.026894424595439538, 'total_energy': 1409.6889851434996}
2026-06-09T09:27:51+12:00 scalar diagnostics {'step': 2322, 'time': 31.015156954770358, 'dt': 0.030179912447431564, 'total_energy': 1423.9641139449034}
2026-06-09T09:27:52+12:00 scalar diagnostics {'step': 2330, 'time': 31.263830637185787, 'dt': 0.03155534190808516, 'total_energy': 1439.8130669172865}
2026-06-09T09:27:52+12:00 scalar diagnostics {'step': 2338, 'time': 31.51858081313069, 'dt': 0.03205823223869051, 'total_energy': 1458.148095567355}
2026-06-09T09:27:52+12:00 scalar diagnostics {'step': 2346, 'time': 31.77801110354287, 'dt': 0.03269141005490282, 'total_energy': 1479.4398177886462}
2026-06-09T09:27:52+12:00 scalar diagnostics {'step': 2353, 'time': 32.00782897705777, 'dt': 0.03284350545384756, 'total_energy': 1500.2571084248775}
2026-06-09T09:27:53+12:00 scalar diagnostics {'step': 2361, 'time': 32.25508722322957, 'dt': 0.02910513184986725, 'total_energy': 1524.898834285488}
2026-06-09T09:27:53+12:00 scalar diagnostics {'step': 2371, 'time': 32.52298366441319, 'dt': 0.02523162863698293, 'total_energy': 1553.6000752191496}
2026-06-09T09:27:53+12:00 scalar diagnostics {'step': 2381, 'time': 32.7634782836555, 'dt': 0.023303032117281648, 'total_energy': 1580.0297449831146}
2026-06-09T09:27:54+12:00 scalar diagnostics {'step': 2392, 'time': 33.01257526461992, 'dt': 0.022139622514555393, 'total_energy': 1608.467665910316}
2026-06-09T09:27:54+12:00 progress {'step': 2400, 'time': 33.185699245315455, 'dt': 0.02122230523005288}
2026-06-09T09:27:54+12:00 scalar diagnostics {'step': 2404, 'time': 33.269287589512636, 'dt': 0.02069889628004627, 'total_energy': 1640.2905312547748}
2026-06-09T09:27:54+12:00 scalar diagnostics {'step': 2416, 'time': 33.5077883692089, 'dt': 0.01924013396811693, 'total_energy': 1671.2543507746404}
2026-06-09T09:27:55+12:00 scalar diagnostics {'step': 2430, 'time': 33.76771806977832, 'dt': 0.018175264667772063, 'total_energy': 1704.2074615513611}
2026-06-09T09:27:55+12:00 scalar diagnostics {'step': 2443, 'time': 34.00243261658688, 'dt': 0.01800606430210087, 'total_energy': 1733.6435363547876}
2026-06-09T09:27:55+12:00 scalar diagnostics {'step': 2457, 'time': 34.252354748050706, 'dt': 0.01761020271989958, 'total_energy': 1766.9640793769067}
2026-06-09T09:27:56+12:00 scalar diagnostics {'step': 2472, 'time': 34.509270220094564, 'dt': 0.016707227836084918, 'total_energy': 1802.8978152327245}
2026-06-09T09:27:56+12:00 scalar diagnostics {'step': 2487, 'time': 34.75522195755121, 'dt': 0.016205986890428174, 'total_energy': 1836.6117305937876}
2026-06-09T09:27:57+12:00 progress {'step': 2500, 'time': 34.9653705067424, 'dt': 0.016126402305938634}
2026-06-09T09:27:57+12:00 scalar diagnostics {'step': 2503, 'time': 35.01369112297488, 'dt': 0.016095634888120647, 'total_energy': 1873.1821862614397}
2026-06-09T09:27:57+12:00 scalar diagnostics {'step': 2518, 'time': 35.25046074708647, 'dt': 0.015380464409377388, 'total_energy': 1909.997556488962}
2026-06-09T09:27:58+12:00 scalar diagnostics {'step': 2535, 'time': 35.5045185286355, 'dt': 0.01466648823748634, 'total_energy': 1950.521757124419}
2026-06-09T09:27:58+12:00 scalar diagnostics {'step': 2552, 'time': 35.75305563878238, 'dt': 0.014666424805925395, 'total_energy': 1989.1146420764435}
2026-06-09T09:27:59+12:00 scalar diagnostics {'step': 2569, 'time': 36.00365470634152, 'dt': 0.014739011035485559, 'total_energy': 2033.011305996687}
2026-06-09T09:28:00+12:00 scalar diagnostics {'step': 2586, 'time': 36.25064421962902, 'dt': 0.01428473852093779, 'total_energy': 2084.7830575475955}
2026-06-09T09:28:00+12:00 progress {'step': 2600, 'time': 36.44779243301839, 'dt': 0.013955107864010401}
2026-06-09T09:28:00+12:00 scalar diagnostics {'step': 2604, 'time': 36.50353808652243, 'dt': 0.013929469073702083, 'total_energy': 2139.949936322979}
2026-06-09T09:28:01+12:00 scalar diagnostics {'step': 2622, 'time': 36.754910392378164, 'dt': 0.013984006235048727, 'total_energy': 2193.26745549906}
2026-06-09T09:28:01+12:00 scalar diagnostics {'step': 2640, 'time': 37.0057031807646, 'dt': 0.013828074416311169, 'total_energy': 2253.2360382534794}
2026-06-09T09:28:02+12:00 scalar diagnostics {'step': 2658, 'time': 37.250453855808416, 'dt': 0.013378723023535748, 'total_energy': 2321.849487253706}
2026-06-09T09:28:02+12:00 scalar diagnostics {'step': 2677, 'time': 37.50161735517294, 'dt': 0.013156973684426402, 'total_energy': 2394.477212392887}
2026-06-09T09:28:03+12:00 scalar diagnostics {'step': 2696, 'time': 37.75280678958899, 'dt': 0.013256002657966342, 'total_energy': 2464.318860918253}
2026-06-09T09:28:03+12:00 progress {'step': 2700, 'time': 37.80583551558212, 'dt': 0.013256834530709591}
2026-06-09T09:28:03+12:00 scalar diagnostics {'step': 2715, 'time': 38.00398280950373, 'dt': 0.013129532240621524, 'total_energy': 2536.925175853668}
2026-06-09T09:28:04+12:00 scalar diagnostics {'step': 2735, 'time': 38.261646847760275, 'dt': 0.012626238905898755, 'total_energy': 2616.8087166708137}
2026-06-09T09:28:04+12:00 scalar diagnostics {'step': 2755, 'time': 38.508321532862965, 'dt': 0.01213486996501577, 'total_energy': 2693.256605320278}
2026-06-09T09:28:05+12:00 scalar diagnostics {'step': 2776, 'time': 38.761437679883315, 'dt': 0.011994347307907627, 'total_energy': 2769.7006128165876}
2026-06-09T09:28:06+12:00 scalar diagnostics {'step': 2797, 'time': 39.010293993593955, 'dt': 0.011712462878925552, 'total_energy': 2845.4226339524935}
2026-06-09T09:28:06+12:00 progress {'step': 2800, 'time': 39.04533541361792, 'dt': 0.011664106686028889}
2026-06-09T09:28:06+12:00 scalar diagnostics {'step': 2818, 'time': 39.25208356725091, 'dt': 0.011305833492561562, 'total_energy': 2917.488456385282}
2026-06-09T09:28:07+12:00 scalar diagnostics {'step': 2841, 'time': 39.50562515672008, 'dt': 0.01079848766145896, 'total_energy': 2985.896608893232}
2026-06-09T09:28:08+12:00 scalar diagnostics {'step': 2865, 'time': 39.76031932143693, 'dt': 0.01045724483172575, 'total_energy': 3048.384440345976}
2026-06-09T09:28:08+12:00 scalar diagnostics {'step': 2889, 'time': 40.00719774223019, 'dt': 0.010121223172523007, 'total_energy': 3109.679728767237}
2026-06-09T09:28:09+12:00 progress {'step': 2900, 'time': 40.11754626819204, 'dt': 0.009957695249646552}
2026-06-09T09:28:09+12:00 scalar diagnostics {'step': 2914, 'time': 40.25549030022026, 'dt': 0.009767262195171862, 'total_energy': 3171.3165922932494}
2026-06-09T09:28:10+12:00 scalar diagnostics {'step': 2940, 'time': 40.50518303510049, 'dt': 0.0094616972371782, 'total_energy': 3223.460750889095}
2026-06-09T09:28:10+12:00 scalar diagnostics {'step': 2967, 'time': 40.75867181894103, 'dt': 0.00928770259125777, 'total_energy': 3263.0571371333695}
2026-06-09T09:28:11+12:00 scalar diagnostics {'step': 2994, 'time': 41.00600393199083, 'dt': 0.009041120490351554, 'total_energy': 3297.645071620686}
2026-06-09T09:28:11+12:00 progress {'step': 3000, 'time': 41.060068840335305, 'dt': 0.00898970290632496}
2026-06-09T09:28:12+12:00 scalar diagnostics {'step': 3022, 'time': 41.25605499820796, 'dt': 0.008847854751660231, 'total_energy': 3334.617272089609}
2026-06-09T09:28:13+12:00 scalar diagnostics {'step': 3050, 'time': 41.502673800960096, 'dt': 0.008788803384159556, 'total_energy': 3365.673121525714}
2026-06-09T09:28:14+12:00 scalar diagnostics {'step': 3079, 'time': 41.75741802692352, 'dt': 0.00877467772533222, 'total_energy': 3382.065266972271}
2026-06-09T09:28:14+12:00 progress {'step': 3100, 'time': 41.94109310331372, 'dt': 0.008714888033656967}
2026-06-09T09:28:14+12:00 scalar diagnostics {'step': 3107, 'time': 42.00198865642804, 'dt': 0.008687323043080616, 'total_energy': 3385.975445189516}
2026-06-09T09:28:15+12:00 scalar diagnostics {'step': 3136, 'time': 42.25221625129519, 'dt': 0.00858497117268223, 'total_energy': 3388.5520708149866}
2026-06-09T09:28:16+12:00 scalar diagnostics {'step': 3165, 'time': 42.501657274264566, 'dt': 0.00866056169469702, 'total_energy': 3391.2354151846894}
2026-06-09T09:28:17+12:00 scalar diagnostics {'step': 3194, 'time': 42.75667270646623, 'dt': 0.008869587411444325, 'total_energy': 3384.9105873672233}
2026-06-09T09:28:17+12:00 progress {'step': 3200, 'time': 42.8099430255755, 'dt': 0.008885366961404535}
2026-06-09T09:28:18+12:00 scalar diagnostics {'step': 3222, 'time': 43.00657929619507, 'dt': 0.009004046445777455, 'total_energy': 3366.661795949596}
2026-06-09T09:28:18+12:00 scalar diagnostics {'step': 3249, 'time': 43.25370244286939, 'dt': 0.009319520058996795, 'total_energy': 3345.6827834659807}
2026-06-09T09:28:19+12:00 scalar diagnostics {'step': 3275, 'time': 43.50119536948279, 'dt': 0.009701679377681644, 'total_energy': 3327.7560679559047}
2026-06-09T09:28:20+12:00 progress {'step': 3300, 'time': 43.749379183686706, 'dt': 0.010158716014479976}
2026-06-09T09:28:20+12:00 scalar diagnostics {'step': 3301, 'time': 43.75955737741414, 'dt': 0.010178193727435655, 'total_energy': 3306.6245098019804}
2026-06-09T09:28:21+12:00 scalar diagnostics {'step': 3325, 'time': 44.01065077119068, 'dt': 0.010763465153406268, 'total_energy': 3281.3036701773603}
2026-06-09T09:28:21+12:00 scalar diagnostics {'step': 3347, 'time': 44.25578241079375, 'dt': 0.01151552835065024, 'total_energy': 3258.9983491657918}
2026-06-09T09:28:22+12:00 scalar diagnostics {'step': 3368, 'time': 44.506769023809596, 'dt': 0.012375900794578405, 'total_energy': 3241.8879251269695}
2026-06-09T09:28:22+12:00 scalar diagnostics {'step': 3387, 'time': 44.75226692253973, 'dt': 0.013503923657477775, 'total_energy': 3225.6854215084522}
2026-06-09T09:28:22+12:00 progress {'step': 3400, 'time': 44.93585851056312, 'dt': 0.014698086544179222}
2026-06-09T09:28:23+12:00 scalar diagnostics {'step': 3405, 'time': 45.0106386824051, 'dt': 0.015123736720624057, 'total_energy': 3208.895676003024}
2026-06-09T09:28:23+12:00 scalar diagnostics {'step': 3421, 'time': 45.26200164622628, 'dt': 0.016201816133591895, 'total_energy': 3200.0622798366517}
2026-06-09T09:28:24+12:00 scalar diagnostics {'step': 3436, 'time': 45.51416966167923, 'dt': 0.017447513334056416, 'total_energy': 3199.4384184525434}
2026-06-09T09:28:24+12:00 scalar diagnostics {'step': 3449, 'time': 45.752557937541276, 'dt': 0.019187848458488036, 'total_energy': 3200.156563996143}
2026-06-09T09:28:24+12:00 scalar diagnostics {'step': 3462, 'time': 46.01371863186068, 'dt': 0.020829349692670387, 'total_energy': 3201.584291347611}
2026-06-09T09:28:25+12:00 scalar diagnostics {'step': 3473, 'time': 46.25021764372515, 'dt': 0.022050161709616257, 'total_energy': 3208.8370465026746}
2026-06-09T09:28:25+12:00 scalar diagnostics {'step': 3484, 'time': 46.501079146987465, 'dt': 0.023509101053353156, 'total_energy': 3223.988954339653}
2026-06-09T09:28:25+12:00 scalar diagnostics {'step': 3495, 'time': 46.76989752416866, 'dt': 0.025145993721278192, 'total_energy': 3243.5074473096915}
2026-06-09T09:28:25+12:00 progress {'step': 3500, 'time': 46.89691599998783, 'dt': 0.025496665301342966}
2026-06-09T09:28:26+12:00 scalar diagnostics {'step': 3505, 'time': 47.0236613220292, 'dt': 0.025180381176569618, 'total_energy': 3263.3640829123588}
2026-06-09T09:28:26+12:00 scalar diagnostics {'step': 3515, 'time': 47.27013507219815, 'dt': 0.024335813271396403, 'total_energy': 3287.0201373189}
2026-06-09T09:28:26+12:00 scalar diagnostics {'step': 3525, 'time': 47.51496346712583, 'dt': 0.024809260782579307, 'total_energy': 3314.738535961622}
2026-06-09T09:28:27+12:00 scalar diagnostics {'step': 3535, 'time': 47.76834865606803, 'dt': 0.025626949667555448, 'total_energy': 3345.5860487677382}
2026-06-09T09:28:27+12:00 scalar diagnostics {'step': 3545, 'time': 48.0209934343481, 'dt': 0.02457293506820178, 'total_energy': 3379.227335722123}
2026-06-09T09:28:27+12:00 scalar diagnostics {'step': 3555, 'time': 48.253609755843975, 'dt': 0.02253732917016264, 'total_energy': 3413.2695103598653}
2026-06-09T09:28:27+12:00 scalar diagnostics {'step': 3567, 'time': 48.52212336409558, 'dt': 0.022215183556897646, 'total_energy': 3453.577114933535}
2026-06-09T09:28:28+12:00 scalar diagnostics {'step': 3578, 'time': 48.76217274060911, 'dt': 0.02146068514364353, 'total_energy': 3490.411005220494}
2026-06-09T09:28:28+12:00 scalar diagnostics {'step': 3590, 'time': 49.01310286563212, 'dt': 0.020455724643291706, 'total_energy': 3531.6595788897157}
2026-06-09T09:28:28+12:00 progress {'step': 3600, 'time': 49.210501489987486, 'dt': 0.019175652176979308}
2026-06-09T09:28:28+12:00 scalar diagnostics {'step': 3603, 'time': 49.267583298788736, 'dt': 0.018964872286048977, 'total_energy': 3574.447007728576}
2026-06-09T09:28:29+12:00 scalar diagnostics {'step': 3616, 'time': 49.5129433318446, 'dt': 0.01896397677347809, 'total_energy': 3612.937831106071}
2026-06-09T09:28:29+12:00 scalar diagnostics {'step': 3629, 'time': 49.76133521197155, 'dt': 0.019129920034120798, 'total_energy': 3651.359460362093}
2026-06-09T09:28:30+12:00 scalar diagnostics {'step': 3642, 'time': 50.00619371412369, 'dt': 0.01852366407465673, 'total_energy': 3691.7583436594687}
2026-06-09T09:28:30+12:00 scalar diagnostics {'step': 3656, 'time': 50.25687128759263, 'dt': 0.017386390142025605, 'total_energy': 3733.1311193480497}
2026-06-09T09:28:30+12:00 scalar diagnostics {'step': 3671, 'time': 50.51182061422062, 'dt': 0.016793377440552544, 'total_energy': 3772.7561050193444}
2026-06-09T09:28:31+12:00 scalar diagnostics {'step': 3686, 'time': 50.76400479127172, 'dt': 0.016892363261996515, 'total_energy': 3812.596682149359}
2026-06-09T09:28:31+12:00 progress {'step': 3700, 'time': 51.00193169511073, 'dt': 0.017056226095538165}
2026-06-09T09:28:31+12:00 scalar diagnostics {'step': 3700, 'time': 51.00193169511073, 'dt': 0.017056226095538165, 'total_energy': 3852.2055734384385}
2026-06-09T09:28:32+12:00 scalar diagnostics {'step': 3715, 'time': 51.257889879785814, 'dt': 0.01706744891481075, 'total_energy': 3895.3807528534035}
2026-06-09T09:28:32+12:00 scalar diagnostics {'step': 3730, 'time': 51.515413673622795, 'dt': 0.017329036821608107, 'total_energy': 3940.439616224766}
2026-06-09T09:28:32+12:00 scalar diagnostics {'step': 3744, 'time': 51.76225808915576, 'dt': 0.01791562524186744, 'total_energy': 3988.4511328314893}
2026-06-09T09:28:33+12:00 scalar diagnostics {'step': 3758, 'time': 52.014301528112554, 'dt': 0.017919469534267526, 'total_energy': 4041.5203420364114}
2026-06-09T09:28:33+12:00 scalar diagnostics {'step': 3772, 'time': 52.264329167029075, 'dt': 0.0178242267074076, 'total_energy': 4095.565531999654}
2026-06-09T09:28:34+12:00 scalar diagnostics {'step': 3786, 'time': 52.51298596930174, 'dt': 0.01767666766828258, 'total_energy': 4152.954873704776}
2026-06-09T09:28:34+12:00 progress {'step': 3800, 'time': 52.75592425609313, 'dt': 0.016981995126415718}
2026-06-09T09:28:34+12:00 scalar diagnostics {'step': 3800, 'time': 52.75592425609313, 'dt': 0.016981995126415718, 'total_energy': 4216.844147564224}
2026-06-09T09:28:34+12:00 scalar diagnostics {'step': 3815, 'time': 53.00499938781469, 'dt': 0.016335280694060705, 'total_energy': 4289.140367084237}
2026-06-09T09:28:35+12:00 scalar diagnostics {'step': 3831, 'time': 53.26266883040867, 'dt': 0.015924707115165172, 'total_energy': 4365.334164785868}
2026-06-09T09:28:35+12:00 scalar diagnostics {'step': 3847, 'time': 53.513673832766635, 'dt': 0.01544315544071049, 'total_energy': 4440.3175471666145}
2026-06-09T09:28:36+12:00 scalar diagnostics {'step': 3863, 'time': 53.75455610550023, 'dt': 0.014701249035927764, 'total_energy': 4517.547885210111}
2026-06-09T09:28:36+12:00 scalar diagnostics {'step': 3881, 'time': 54.01182551134475, 'dt': 0.013918972732438348, 'total_energy': 4605.915225490173}
2026-06-09T09:28:37+12:00 scalar diagnostics {'step': 3899, 'time': 54.254946850216214, 'dt': 0.01319142670572831, 'total_energy': 4689.919500585482}
2026-06-09T09:28:37+12:00 progress {'step': 3900, 'time': 54.268106244646894, 'dt': 0.013159394430680309}
2026-06-09T09:28:37+12:00 scalar diagnostics {'step': 3918, 'time': 54.50056610707254, 'dt': 0.012731300290655754, 'total_energy': 4774.780788263615}
2026-06-09T09:28:38+12:00 scalar diagnostics {'step': 3938, 'time': 54.750890426943684, 'dt': 0.012291341814787572, 'total_energy': 4864.520998107033}
2026-06-09T09:28:39+12:00 scalar diagnostics {'step': 3959, 'time': 55.00146243076543, 'dt': 0.01157481438844405, 'total_energy': 4954.7478984488025}
2026-06-09T09:28:39+12:00 scalar diagnostics {'step': 3982, 'time': 55.25835523073832, 'dt': 0.010846558660829989, 'total_energy': 5041.779817373139}
2026-06-09T09:28:40+12:00 progress {'step': 4000, 'time': 55.45013598598531, 'dt': 0.010510962518743077}
2026-06-09T09:28:40+12:00 scalar diagnostics {'step': 4005, 'time': 55.50249801702672, 'dt': 0.010448043596777952, 'total_energy': 5122.987932079711}
2026-06-09T09:28:40+12:00 scalar diagnostics {'step': 4029, 'time': 55.750141612233946, 'dt': 0.010200000258901392, 'total_energy': 5210.153631334708}
2026-06-09T09:28:41+12:00 scalar diagnostics {'step': 4055, 'time': 56.00935354108325, 'dt': 0.009727987035079955, 'total_energy': 5299.559498707991}
2026-06-09T09:28:42+12:00 scalar diagnostics {'step': 4081, 'time': 56.25808446950931, 'dt': 0.009459784176550827, 'total_energy': 5371.872667621858}
2026-06-09T09:28:42+12:00 progress {'step': 4100, 'time': 56.43606229411898, 'dt': 0.009298454070945084}
2026-06-09T09:28:43+12:00 scalar diagnostics {'step': 4107, 'time': 56.50098294072098, 'dt': 0.009257123892824112, 'total_energy': 5434.012765805483}
2026-06-09T09:28:43+12:00 scalar diagnostics {'step': 4135, 'time': 56.75792903825216, 'dt': 0.009095691735994785, 'total_energy': 5504.685660445996}
2026-06-09T09:28:44+12:00 scalar diagnostics {'step': 4162, 'time': 57.00094318396455, 'dt': 0.008917312072024017, 'total_energy': 5573.322740530661}
2026-06-09T09:28:45+12:00 scalar diagnostics {'step': 4191, 'time': 57.25494705244802, 'dt': 0.008655928058589257, 'total_energy': 5629.531869013059}
2026-06-09T09:28:45+12:00 progress {'step': 4200, 'time': 57.33263683608925, 'dt': 0.008612108334360302}
2026-06-09T09:28:46+12:00 scalar diagnostics {'step': 4220, 'time': 57.50426019926209, 'dt': 0.008561997650764184, 'total_energy': 5666.797363183639}
2026-06-09T09:28:46+12:00 scalar diagnostics {'step': 4249, 'time': 57.75173807721562, 'dt': 0.008495869470363761, 'total_energy': 5701.311214692614}
2026-06-09T09:28:47+12:00 scalar diagnostics {'step': 4279, 'time': 58.00460356523874, 'dt': 0.008366340529819462, 'total_energy': 5738.674935914628}
2026-06-09T09:28:48+12:00 progress {'step': 4300, 'time': 58.179759333370946, 'dt': 0.008332312949526457}
2026-06-09T09:28:48+12:00 scalar diagnostics {'step': 4309, 'time': 58.25482149145645, 'dt': 0.008349641047772728, 'total_energy': 5766.0159756219}
2026-06-09T09:28:49+12:00 scalar diagnostics {'step': 4339, 'time': 58.507766197299084, 'dt': 0.008533264094422018, 'total_energy': 5778.7767464838635}
2026-06-09T09:28:50+12:00 scalar diagnostics {'step': 4367, 'time': 58.750083743032214, 'dt': 0.008764966336494737, 'total_energy': 5785.078189921339}
2026-06-09T09:28:51+12:00 scalar diagnostics {'step': 4396, 'time': 59.0078346290937, 'dt': 0.009014156374172449, 'total_energy': 5790.206447070236}
2026-06-09T09:28:51+12:00 progress {'step': 4400, 'time': 59.04399933323706, 'dt': 0.009057861476981618}
2026-06-09T09:28:51+12:00 scalar diagnostics {'step': 4423, 'time': 59.25609163570862, 'dt': 0.00939649820405763, 'total_energy': 5790.642099522467}
2026-06-09T09:28:52+12:00 scalar diagnostics {'step': 4449, 'time': 59.50746476015155, 'dt': 0.009936612738196932, 'total_energy': 5786.157602831145}
2026-06-09T09:28:53+12:00 scalar diagnostics {'step': 4473, 'time': 59.75256763730243, 'dt': 0.01046708423719355, 'total_energy': 5780.491348491058}
2026-06-09T09:28:53+12:00 scalar diagnostics {'step': 4496, 'time': 60.000254810117895, 'dt': 0.01108795183122934, 'total_energy': 5774.415478834762}
2026-06-09T09:28:54+12:00 progress {'step': 4500, 'time': 60.04496219970815, 'dt': 0.011232055141491835}
2026-06-09T09:28:54+12:00 scalar diagnostics {'step': 4518, 'time': 60.25243915860359, 'dt': 0.011717013010291, 'total_energy': 5767.20782648511}
2026-06-09T09:28:55+12:00 scalar diagnostics {'step': 4539, 'time': 60.5043521199278, 'dt': 0.012306373885722895, 'total_energy': 5759.441072019432}
2026-06-09T09:28:55+12:00 scalar diagnostics {'step': 4559, 'time': 60.75887447935587, 'dt': 0.013126132230363172, 'total_energy': 5754.151195933601}
2026-06-09T09:28:56+12:00 scalar diagnostics {'step': 4577, 'time': 61.00213117336503, 'dt': 0.013842576212696214, 'total_energy': 5754.049077135243}
2026-06-09T09:28:56+12:00 scalar diagnostics {'step': 4595, 'time': 61.25747049570149, 'dt': 0.014503455884195502, 'total_energy': 5757.048599319172}
2026-06-09T09:28:57+12:00 progress {'step': 4600, 'time': 61.330618777928855, 'dt': 0.01471687398722791}
2026-06-09T09:28:57+12:00 scalar diagnostics {'step': 4612, 'time': 61.51107071372284, 'dt': 0.015330503217906572, 'total_energy': 5759.002769706229}
2026-06-09T09:28:57+12:00 scalar diagnostics {'step': 4628, 'time': 61.76413074092436, 'dt': 0.016227958998397466, 'total_energy': 5762.761661126394}
2026-06-09T09:28:58+12:00 scalar diagnostics {'step': 4643, 'time': 62.01244479006525, 'dt': 0.016783046229534727, 'total_energy': 5774.661834161511}
2026-06-09T09:28:58+12:00 scalar diagnostics {'step': 4657, 'time': 62.250273485186526, 'dt': 0.017193295880143462, 'total_energy': 5792.223662267287}
2026-06-09T09:28:59+12:00 scalar diagnostics {'step': 4672, 'time': 62.51439139014709, 'dt': 0.018048762064301303, 'total_energy': 5811.4462000025105}
2026-06-09T09:28:59+12:00 scalar diagnostics {'step': 4685, 'time': 62.755195148694675, 'dt': 0.0188803609462939, 'total_energy': 5829.7336921756605}
2026-06-09T09:29:00+12:00 scalar diagnostics {'step': 4698, 'time': 63.0033753279173, 'dt': 0.019190515134623526, 'total_energy': 5855.772121146503}
2026-06-09T09:29:00+12:00 progress {'step': 4700, 'time': 63.04171938498943, 'dt': 0.019166304031077577}
2026-06-09T09:29:00+12:00 scalar diagnostics {'step': 4711, 'time': 63.25286135482169, 'dt': 0.019315816359088443, 'total_energy': 5888.4244680255815}
2026-06-09T09:29:00+12:00 scalar diagnostics {'step': 4724, 'time': 63.51032336440409, 'dt': 0.020303680446411308, 'total_energy': 5923.838417920782}
2026-06-09T09:29:01+12:00 scalar diagnostics {'step': 4736, 'time': 63.75756814854181, 'dt': 0.02061023922136972, 'total_energy': 5960.464758125203}
2026-06-09T09:29:01+12:00 scalar diagnostics {'step': 4749, 'time': 64.01830057559562, 'dt': 0.019517853507177902, 'total_energy': 6005.2463052954035}
2026-06-09T09:29:02+12:00 scalar diagnostics {'step': 4762, 'time': 64.2684539576134, 'dt': 0.019271476592973628, 'total_energy': 6051.028201576686}
2026-06-09T09:29:02+12:00 scalar diagnostics {'step': 4774, 'time': 64.50640301475107, 'dt': 0.020435213314661724, 'total_energy': 6094.174607162188}
2026-06-09T09:29:02+12:00 scalar diagnostics {'step': 4787, 'time': 64.76940761858339, 'dt': 0.019693191802983488, 'total_energy': 6144.422624201805}
2026-06-09T09:29:03+12:00 progress {'step': 4800, 'time': 65.01500551450222, 'dt': 0.018365724894687862}
2026-06-09T09:29:03+12:00 scalar diagnostics {'step': 4800, 'time': 65.01500551450222, 'dt': 0.018365724894687862, 'total_energy': 6194.851831555901}
2026-06-09T09:29:03+12:00 scalar diagnostics {'step': 4813, 'time': 65.25435298076282, 'dt': 0.018765043584430763, 'total_energy': 6242.525193216893}
2026-06-09T09:29:03+12:00 scalar diagnostics {'step': 4826, 'time': 65.50479203658084, 'dt': 0.01941251475543899, 'total_energy': 6289.491804794932}
2026-06-09T09:29:04+12:00 scalar diagnostics {'step': 4839, 'time': 65.7590785338011, 'dt': 0.019567850960443525, 'total_energy': 6338.741915497441}
2026-06-09T09:29:04+12:00 scalar diagnostics {'step': 4852, 'time': 66.00228535001862, 'dt': 0.018071262668871588, 'total_energy': 6387.840511033211}
2026-06-09T09:29:04+12:00 scalar diagnostics {'step': 4866, 'time': 66.25246111212417, 'dt': 0.017993116841909778, 'total_energy': 6436.054499420398}
2026-06-09T09:29:05+12:00 scalar diagnostics {'step': 4880, 'time': 66.51302767884425, 'dt': 0.01919304038242429, 'total_energy': 6484.156043097168}
2026-06-09T09:29:05+12:00 scalar diagnostics {'step': 4893, 'time': 66.76627011120921, 'dt': 0.019501782103998864, 'total_energy': 6533.576216851089}
2026-06-09T09:29:05+12:00 progress {'step': 4900, 'time': 66.90182042324965, 'dt': 0.019254141338079532}
2026-06-09T09:29:06+12:00 scalar diagnostics {'step': 4906, 'time': 67.01679654425365, 'dt': 0.019121621437819133, 'total_energy': 6584.714871113269}
2026-06-09T09:29:06+12:00 scalar diagnostics {'step': 4919, 'time': 67.26761662877801, 'dt': 0.019578883914630838, 'total_energy': 6636.33098382972}
2026-06-09T09:29:06+12:00 scalar diagnostics {'step': 4931, 'time': 67.50308067948995, 'dt': 0.01964448833770587, 'total_energy': 6686.7634833467155}
2026-06-09T09:29:07+12:00 scalar diagnostics {'step': 4944, 'time': 67.75725407520984, 'dt': 0.01943526148669102, 'total_energy': 6744.286702881498}
2026-06-09T09:29:07+12:00 scalar diagnostics {'step': 4957, 'time': 68.00891991343616, 'dt': 0.01932924048262976, 'total_energy': 6803.49049347142}
2026-06-09T09:29:08+12:00 scalar diagnostics {'step': 4970, 'time': 68.25823991613437, 'dt': 0.018924677321516505, 'total_energy': 6866.362709454861}
2026-06-09T09:29:08+12:00 scalar diagnostics {'step': 4983, 'time': 68.50015549646582, 'dt': 0.018367460362629068, 'total_energy': 6933.496699643008}
2026-06-09T09:29:08+12:00 scalar diagnostics {'step': 4997, 'time': 68.7534257690514, 'dt': 0.0178844604476436, 'total_energy': 7008.025270773605}
2026-06-09T09:29:08+12:00 progress {'step': 5000, 'time': 68.80687426628609, 'dt': 0.017772281031860876}
2026-06-09T09:29:09+12:00 scalar diagnostics {'step': 5011, 'time': 69.00026919384037, 'dt': 0.017463855943739205, 'total_energy': 7081.823867136113}
2026-06-09T09:29:09+12:00 scalar diagnostics {'step': 5026, 'time': 69.25998043227341, 'dt': 0.017132079338544524, 'total_energy': 7162.032354312842}
2026-06-09T09:29:10+12:00 scalar diagnostics {'step': 5041, 'time': 69.51183227497032, 'dt': 0.016417166501945114, 'total_energy': 7245.0085943182185}
2026-06-09T09:29:10+12:00 scalar diagnostics {'step': 5056, 'time': 69.7512678662785, 'dt': 0.015600384094564896, 'total_energy': 7328.127752770981}
2026-06-09T09:29:11+12:00 scalar diagnostics {'step': 5073, 'time': 70.00990109269158, 'dt': 0.014913403474983945, 'total_energy': 7421.135648537904}
2026-06-09T09:29:11+12:00 scalar diagnostics {'step': 5090, 'time': 70.25885276089171, 'dt': 0.01439718173491075, 'total_energy': 7513.600960474827}
2026-06-09T09:29:12+12:00 progress {'step': 5100, 'time': 70.40081838507506, 'dt': 0.014021006891317288}
2026-06-09T09:29:12+12:00 scalar diagnostics {'step': 5108, 'time': 70.51144921501641, 'dt': 0.013675596497097686, 'total_energy': 7610.225401745968}
2026-06-09T09:29:13+12:00 scalar diagnostics {'step': 5126, 'time': 70.75010238833015, 'dt': 0.012900974692186137, 'total_energy': 7702.510956551751}
2026-06-09T09:29:14+12:00 scalar diagnostics {'step': 5146, 'time': 71.0001725807747, 'dt': 0.01214447511922241, 'total_energy': 7799.688183852129}
2026-06-09T09:29:15+12:00 scalar diagnostics {'step': 5168, 'time': 71.26094656933914, 'dt': 0.011638368078170341, 'total_energy': 7904.665510354314}
2026-06-09T09:29:16+12:00 scalar diagnostics {'step': 5190, 'time': 71.5109317824714, 'dt': 0.011057950741426053, 'total_energy': 8009.4857878323755}
2026-06-09T09:29:16+12:00 progress {'step': 5200, 'time': 71.62004434310498, 'dt': 0.010798940051941952}
2026-06-09T09:29:17+12:00 scalar diagnostics {'step': 5213, 'time': 71.75844681097215, 'dt': 0.010508517001994976, 'total_energy': 8109.186540263108}
2026-06-09T09:29:18+12:00 scalar diagnostics {'step': 5237, 'time': 72.00483436742239, 'dt': 0.010103072712170574, 'total_energy': 8199.632350878366}
2026-06-09T09:29:19+12:00 scalar diagnostics {'step': 5262, 'time': 72.25456363625163, 'dt': 0.009843108210369031, 'total_energy': 8290.647811503148}
2026-06-09T09:29:20+12:00 scalar diagnostics {'step': 5288, 'time': 72.50592409040155, 'dt': 0.009506228110545592, 'total_energy': 8389.007350698786}
2026-06-09T09:29:20+12:00 progress {'step': 5300, 'time': 72.61839709925282, 'dt': 0.009261811226189083}
2026-06-09T09:29:21+12:00 scalar diagnostics {'step': 5315, 'time': 72.75532169796787, 'dt': 0.00902638368123706, 'total_energy': 8482.401137377907}
2026-06-09T09:29:22+12:00 scalar diagnostics {'step': 5343, 'time': 73.0044458057554, 'dt': 0.00881654748299393, 'total_energy': 8558.300574172375}
2026-06-09T09:29:24+12:00 scalar diagnostics {'step': 5371, 'time': 73.2500347015709, 'dt': 0.008729892506486496, 'total_energy': 8622.640823980804}
2026-06-09T09:29:25+12:00 progress {'step': 5400, 'time': 73.50149762651468, 'dt': 0.008612892916171217}
2026-06-09T09:29:25+12:00 scalar diagnostics {'step': 5400, 'time': 73.50149762651468, 'dt': 0.008612892916171217, 'total_energy': 8691.435354029356}
2026-06-09T09:29:26+12:00 scalar diagnostics {'step': 5430, 'time': 73.75850673389701, 'dt': 0.008543955758214388, 'total_energy': 8760.080843586748}
2026-06-09T09:29:27+12:00 scalar diagnostics {'step': 5459, 'time': 74.00699344573123, 'dt': 0.008612000065758183, 'total_energy': 8811.844196512886}
2026-06-09T09:29:27+12:00 scalar diagnostics {'step': 5487, 'time': 74.2502527713316, 'dt': 0.008767993676828406, 'total_energy': 8850.428567465497}
2026-06-09T09:29:28+12:00 progress {'step': 5500, 'time': 74.3648563609544, 'dt': 0.008858162443209397}
2026-06-09T09:29:28+12:00 scalar diagnostics {'step': 5516, 'time': 74.5076447993904, 'dt': 0.008985897217227135, 'total_energy': 8888.81826277911}
2026-06-09T09:29:29+12:00 scalar diagnostics {'step': 5543, 'time': 74.75286417250722, 'dt': 0.009110677864158827, 'total_energy': 8922.261315379528}
2026-06-09T09:29:30+12:00 scalar diagnostics {'step': 5570, 'time': 75.0006506293821, 'dt': 0.00930106450825238, 'total_energy': 8947.00993462494}
2026-06-09T09:29:31+12:00 scalar diagnostics {'step': 5597, 'time': 75.2589560368066, 'dt': 0.009848680534133474, 'total_energy': 8967.408374778643}
2026-06-09T09:29:31+12:00 progress {'step': 5600, 'time': 75.28863364825084, 'dt': 0.009914184345186426}
2026-06-09T09:29:32+12:00 scalar diagnostics {'step': 5621, 'time': 75.50086828785633, 'dt': 0.010233686646891045, 'total_energy': 8986.76936363539}
2026-06-09T09:29:33+12:00 scalar diagnostics {'step': 5646, 'time': 75.75786130108159, 'dt': 0.01030370405832925, 'total_energy': 9002.64330408699}
2026-06-09T09:29:33+12:00 scalar diagnostics {'step': 5670, 'time': 76.00807439812648, 'dt': 0.01062861959407425, 'total_energy': 9009.831236189653}
2026-06-09T09:29:34+12:00 scalar diagnostics {'step': 5692, 'time': 76.25068948044044, 'dt': 0.01146158038093057, 'total_energy': 9016.219293739046}
2026-06-09T09:29:35+12:00 progress {'step': 5700, 'time': 76.34402266317954, 'dt': 0.011824643573088529}
2026-06-09T09:29:35+12:00 scalar diagnostics {'step': 5713, 'time': 76.50144264715159, 'dt': 0.01232712892219244, 'total_energy': 9028.035304101537}
2026-06-09T09:29:36+12:00 scalar diagnostics {'step': 5733, 'time': 76.75280870971443, 'dt': 0.012735385184178966, 'total_energy': 9040.083974162804}
2026-06-09T09:29:36+12:00 scalar diagnostics {'step': 5753, 'time': 77.0117215119678, 'dt': 0.013198596545196369, 'total_energy': 9047.272562696548}
2026-06-09T09:29:37+12:00 scalar diagnostics {'step': 5771, 'time': 77.25653126355868, 'dt': 0.014009155146321502, 'total_energy': 9053.177873871267}
2026-06-09T09:29:37+12:00 scalar diagnostics {'step': 5788, 'time': 77.50137584756317, 'dt': 0.0146948065223518, 'total_energy': 9064.28037034013}
2026-06-09T09:29:38+12:00 progress {'step': 5800, 'time': 77.68000696547426, 'dt': 0.015045627700124853}
2026-06-09T09:29:38+12:00 scalar diagnostics {'step': 5805, 'time': 77.75571289344514, 'dt': 0.015208243710963902, 'total_energy': 9081.91842081914}
2026-06-09T09:29:38+12:00 scalar diagnostics {'step': 5821, 'time': 78.00493418938188, 'dt': 0.01595917715221102, 'total_energy': 9101.034875485238}
2026-06-09T09:29:39+12:00 scalar diagnostics {'step': 5836, 'time': 78.25091048150855, 'dt': 0.016740209624725142, 'total_energy': 9119.343146662653}
2026-06-09T09:29:39+12:00 scalar diagnostics {'step': 5851, 'time': 78.50540835600354, 'dt': 0.01705659961063975, 'total_energy': 9142.221069663994}
2026-06-09T09:29:40+12:00 scalar diagnostics {'step': 5866, 'time': 78.75953502747963, 'dt': 0.016804307982411032, 'total_energy': 9173.82107280658}
2026-06-09T09:29:40+12:00 scalar diagnostics {'step': 5881, 'time': 79.01043140422037, 'dt': 0.01672473259333044, 'total_energy': 9210.250476717089}
2026-06-09T09:29:40+12:00 scalar diagnostics {'step': 5896, 'time': 79.26314954216302, 'dt': 0.016976400694618966, 'total_energy': 9247.445123024821}
2026-06-09T09:29:40+12:00 progress {'step': 5900, 'time': 79.33121469905558, 'dt': 0.017037704498555028}
2026-06-09T09:29:41+12:00 scalar diagnostics {'step': 5910, 'time': 79.50192559678217, 'dt': 0.017068307924569193, 'total_energy': 9286.120344275962}
2026-06-09T09:29:41+12:00 scalar diagnostics {'step': 5925, 'time': 79.75576030915164, 'dt': 0.016645532435230807, 'total_energy': 9334.55027829275}
2026-06-09T09:29:42+12:00 scalar diagnostics {'step': 5940, 'time': 80.0013222674333, 'dt': 0.01630296035427187, 'total_energy': 9384.577891599612}
2026-06-09T09:29:42+12:00 scalar diagnostics {'step': 5955, 'time': 80.25010717762565, 'dt': 0.01693162572864736, 'total_energy': 9434.577587597345}
2026-06-09T09:29:42+12:00 scalar diagnostics {'step': 5970, 'time': 80.50871410460803, 'dt': 0.01728539352572536, 'total_energy': 9489.375315722755}
2026-06-09T09:29:43+12:00 scalar diagnostics {'step': 5985, 'time': 80.76272273200398, 'dt': 0.016542930281479143, 'total_energy': 9547.634342926898}
2026-06-09T09:29:43+12:00 progress {'step': 6000, 'time': 81.0063136373393, 'dt': 0.016128461826090852}
2026-06-09T09:29:43+12:00 scalar diagnostics {'step': 6000, 'time': 81.0063136373393, 'dt': 0.016128461826090852, 'total_energy': 9603.56861903462}
2026-06-09T09:29:44+12:00 scalar diagnostics {'step': 6015, 'time': 81.25275957650601, 'dt': 0.01686759388688783, 'total_energy': 9657.844991690035}
2026-06-09T09:29:44+12:00 scalar diagnostics {'step': 6030, 'time': 81.51520509392496, 'dt': 0.017913523912124182, 'total_energy': 9715.976694338391}
2026-06-09T09:29:45+12:00 scalar diagnostics {'step': 6044, 'time': 81.76770201175242, 'dt': 0.01802897705945892, 'total_energy': 9773.913461501972}
2026-06-09T09:29:45+12:00 scalar diagnostics {'step': 6057, 'time': 82.00157514732537, 'dt': 0.0180295703727124, 'total_energy': 9827.849597168231}
2026-06-09T09:29:45+12:00 scalar diagnostics {'step': 6071, 'time': 82.25903769354862, 'dt': 0.0188409672216366, 'total_energy': 9886.498410755174}
2026-06-09T09:29:46+12:00 scalar diagnostics {'step': 6084, 'time': 82.51144046656576, 'dt': 0.019835930371427408, 'total_energy': 9944.680056549747}
2026-06-09T09:29:46+12:00 scalar diagnostics {'step': 6097, 'time': 82.76979276211009, 'dt': 0.019812213989806753, 'total_energy': 10006.049415372847}
2026-06-09T09:29:46+12:00 progress {'step': 6100, 'time': 82.82934365550696, 'dt': 0.019876718415304213}
2026-06-09T09:29:46+12:00 scalar diagnostics {'step': 6109, 'time': 83.01080822782126, 'dt': 0.020484450972661387, 'total_energy': 10064.582011855513}
2026-06-09T09:29:47+12:00 scalar diagnostics {'step': 6121, 'time': 83.2664236829068, 'dt': 0.02207603548980345, 'total_energy': 10127.176959606826}
2026-06-09T09:29:47+12:00 scalar diagnostics {'step': 6132, 'time': 83.5154650950275, 'dt': 0.022968254965900603, 'total_energy': 10189.414249670295}
2026-06-09T09:29:48+12:00 scalar diagnostics {'step': 6143, 'time': 83.76771154924208, 'dt': 0.022716063662993852, 'total_energy': 10255.648357924587}
2026-06-09T09:29:48+12:00 scalar diagnostics {'step': 6154, 'time': 84.01380137422453, 'dt': 0.022124031680749834, 'total_energy': 10324.206697624824}
2026-06-09T09:29:48+12:00 scalar diagnostics {'step': 6165, 'time': 84.25612893752225, 'dt': 0.022062152354841897, 'total_energy': 10394.612679339385}
2026-06-09T09:29:49+12:00 scalar diagnostics {'step': 6177, 'time': 84.51478236241704, 'dt': 0.021053055844818404, 'total_energy': 10471.50455279192}
2026-06-09T09:29:49+12:00 scalar diagnostics {'step': 6189, 'time': 84.76029476655866, 'dt': 0.01996308330744984, 'total_energy': 10546.79022312567}
2026-06-09T09:29:49+12:00 progress {'step': 6200, 'time': 84.97122340084519, 'dt': 0.018606564120268107}
2026-06-09T09:29:50+12:00 scalar diagnostics {'step': 6202, 'time': 85.00815751301236, 'dt': 0.01842210550903308, 'total_energy': 10626.568931660744}
2026-06-09T09:29:50+12:00 scalar diagnostics {'step': 6216, 'time': 85.25903177045946, 'dt': 0.017603123038663526, 'total_energy': 10711.304559144994}
2026-06-09T09:29:50+12:00 scalar diagnostics {'step': 6230, 'time': 85.50340520605783, 'dt': 0.017395682444157696, 'total_energy': 10797.684717202317}
2026-06-09T09:29:51+12:00 scalar diagnostics {'step': 6245, 'time': 85.76420799962504, 'dt': 0.017229024357504022, 'total_energy': 10895.022806264438}
2026-06-09T09:29:51+12:00 scalar diagnostics {'step': 6260, 'time': 86.00854076548525, 'dt': 0.015544068663406687, 'total_energy': 10989.63471244243}
2026-06-09T09:29:52+12:00 scalar diagnostics {'step': 6276, 'time': 86.25133307781464, 'dt': 0.014983371344575612, 'total_energy': 11085.179307558636}
2026-06-09T09:29:52+12:00 scalar diagnostics {'step': 6293, 'time': 86.5016557894724, 'dt': 0.014311911688256535, 'total_energy': 11187.042644878216}
2026-06-09T09:29:52+12:00 progress {'step': 6300, 'time': 86.59985976081366, 'dt': 0.01382645321621571}
2026-06-09T09:29:53+12:00 scalar diagnostics {'step': 6312, 'time': 86.76040628319112, 'dt': 0.012956575092570328, 'total_energy': 11299.268734004745}
2026-06-09T09:29:53+12:00 scalar diagnostics {'step': 6332, 'time': 87.00604813908409, 'dt': 0.011794318056705722, 'total_energy': 11410.131710948692}
2026-06-09T09:29:54+12:00 scalar diagnostics {'step': 6354, 'time': 87.25809146913417, 'dt': 0.011198623987881242, 'total_energy': 11522.980921481376}
2026-06-09T09:29:55+12:00 scalar diagnostics {'step': 6377, 'time': 87.50917717272463, 'dt': 0.010661966733956273, 'total_energy': 11632.753713058313}
2026-06-09T09:29:55+12:00 progress {'step': 6400, 'time': 87.74824174235427, 'dt': 0.010165647520766936}
2026-06-09T09:29:55+12:00 scalar diagnostics {'step': 6401, 'time': 87.75838898723536, 'dt': 0.010147244881090095, 'total_energy': 11741.709446234938}
2026-06-09T09:29:56+12:00 scalar diagnostics {'step': 6426, 'time': 88.00717498081899, 'dt': 0.009805269511247505, 'total_energy': 11853.472809936698}
2026-06-09T09:29:57+12:00 scalar diagnostics {'step': 6452, 'time': 88.25904645254835, 'dt': 0.009582873447701498, 'total_energy': 11968.357998670286}
2026-06-09T09:29:58+12:00 scalar diagnostics {'step': 6478, 'time': 88.50513327184706, 'dt': 0.00935804812541095, 'total_energy': 12073.799224933515}
2026-06-09T09:29:59+12:00 progress {'step': 6500, 'time': 88.70945561500453, 'dt': 0.009242893358801425}
2026-06-09T09:29:59+12:00 scalar diagnostics {'step': 6505, 'time': 88.75564548407301, 'dt': 0.009235654390708095, 'total_energy': 12169.473865694317}
2026-06-09T09:30:00+12:00 scalar diagnostics {'step': 6532, 'time': 89.00540310577031, 'dt': 0.009259769255142422, 'total_energy': 12261.90287477534}
2026-06-09T09:30:01+12:00 scalar diagnostics {'step': 6559, 'time': 89.25365944367559, 'dt': 0.009147600982275305, 'total_energy': 12357.767743562928}
2026-06-09T09:30:02+12:00 scalar diagnostics {'step': 6587, 'time': 89.50849560518459, 'dt': 0.009034071251895662, 'total_energy': 12450.235816431727}
2026-06-09T09:30:02+12:00 progress {'step': 6600, 'time': 89.62577235174194, 'dt': 0.009020730921212389}
2026-06-09T09:30:02+12:00 scalar diagnostics {'step': 6614, 'time': 89.75243787652393, 'dt': 0.00908235463833558, 'total_energy': 12523.89702608079}
2026-06-09T09:30:03+12:00 scalar diagnostics {'step': 6641, 'time': 90.00053612592038, 'dt': 0.009290120730788942, 'total_energy': 12592.014072914902}
2026-06-09T09:30:04+12:00 scalar diagnostics {'step': 6668, 'time': 90.25361392154099, 'dt': 0.009424068291694395, 'total_energy': 12662.732974213137}
2026-06-09T09:30:04+12:00 scalar diagnostics {'step': 6695, 'time': 90.50929158907883, 'dt': 0.009555252688135596, 'total_energy': 12727.337140710344}
2026-06-09T09:30:05+12:00 progress {'step': 6700, 'time': 90.55722469673954, 'dt': 0.009606995462909919}
2026-06-09T09:30:05+12:00 scalar diagnostics {'step': 6720, 'time': 90.75170216805924, 'dt': 0.009841890276435287, 'total_energy': 12777.639659771798}
2026-06-09T09:30:06+12:00 scalar diagnostics {'step': 6745, 'time': 91.0013632918466, 'dt': 0.01007305506398963, 'total_energy': 12827.096731173575}
2026-06-09T09:30:07+12:00 scalar diagnostics {'step': 6770, 'time': 91.25494561247747, 'dt': 0.010221383763886455, 'total_energy': 12876.750819726247}
2026-06-09T09:30:07+12:00 scalar diagnostics {'step': 6794, 'time': 91.50351654817817, 'dt': 0.010508646600079984, 'total_energy': 12914.87974772724}
2026-06-09T09:30:08+12:00 progress {'step': 6800, 'time': 91.56689225232222, 'dt': 0.010601835207629324}
2026-06-09T09:30:08+12:00 scalar diagnostics {'step': 6818, 'time': 91.7604711058915, 'dt': 0.010889795360696446, 'total_energy': 12943.91448407642}
2026-06-09T09:30:09+12:00 scalar diagnostics {'step': 6840, 'time': 92.00387968132772, 'dt': 0.011221493589980976, 'total_energy': 12974.406896534107}
2026-06-09T09:30:10+12:00 scalar diagnostics {'step': 6862, 'time': 92.25480770704928, 'dt': 0.011582408516903397, 'total_energy': 13009.78316191945}
2026-06-09T09:30:10+12:00 scalar diagnostics {'step': 6883, 'time': 92.50193977596872, 'dt': 0.011927361688057178, 'total_energy': 13036.029481464202}
2026-06-09T09:30:11+12:00 progress {'step': 6900, 'time': 92.70611852061205, 'dt': 0.012064190804190042}
2026-06-09T09:30:11+12:00 scalar diagnostics {'step': 6904, 'time': 92.75444421721042, 'dt': 0.012089759994428965, 'total_energy': 13052.922666989747}
2026-06-09T09:30:12+12:00 scalar diagnostics {'step': 6925, 'time': 93.01210411453182, 'dt': 0.01251730701224648, 'total_energy': 13073.754590474506}
2026-06-09T09:30:12+12:00 scalar diagnostics {'step': 6944, 'time': 93.2549509516524, 'dt': 0.012997165998539955, 'total_energy': 13101.099579041142}
2026-06-09T09:30:13+12:00 scalar diagnostics {'step': 6963, 'time': 93.5040773341073, 'dt': 0.013130830260806576, 'total_energy': 13128.420135781485}
2026-06-09T09:30:13+12:00 scalar diagnostics {'step': 6982, 'time': 93.75227963147287, 'dt': 0.013028264298494022, 'total_energy': 13151.210645395662}
2026-06-09T09:30:14+12:00 progress {'step': 7000, 'time': 93.98776160669199, 'dt': 0.013158727126620083}
2026-06-09T09:30:14+12:00 scalar diagnostics {'step': 7001, 'time': 94.00093037804443, 'dt': 0.013168771352442403, 'total_energy': 13175.912315653593}
2026-06-09T09:30:14+12:00 scalar diagnostics {'step': 7020, 'time': 94.25211963364231, 'dt': 0.013196042877303039, 'total_energy': 13208.206362337834}
2026-06-09T09:30:15+12:00 scalar diagnostics {'step': 7040, 'time': 94.51199124378473, 'dt': 0.012821089481693904, 'total_energy': 13246.705807262078}
2026-06-09T09:30:15+12:00 scalar diagnostics {'step': 7059, 'time': 94.75537725099221, 'dt': 0.012906914354325425, 'total_energy': 13283.434799676143}
2026-06-09T09:30:16+12:00 scalar diagnostics {'step': 7078, 'time': 95.00615115057758, 'dt': 0.01348229931009095, 'total_energy': 13321.891884107516}
2026-06-09T09:30:17+12:00 scalar diagnostics {'step': 7096, 'time': 95.25168864176158, 'dt': 0.01367148113536254, 'total_energy': 13364.34435523181}
2026-06-09T09:30:17+12:00 progress {'step': 7100, 'time': 95.30626367861242, 'dt': 0.013624361389499767}
2026-06-09T09:30:17+12:00 scalar diagnostics {'step': 7115, 'time': 95.50875478680814, 'dt': 0.013398579073755825, 'total_energy': 13415.647832391725}
2026-06-09T09:30:18+12:00 scalar diagnostics {'step': 7134, 'time': 95.7611224676714, 'dt': 0.013308385718835867, 'total_energy': 13468.133883794144}
2026-06-09T09:30:18+12:00 scalar diagnostics {'step': 7152, 'time': 96.00726807205555, 'dt': 0.014139657474757872, 'total_energy': 13518.521824407671}
2026-06-09T09:30:19+12:00 scalar diagnostics {'step': 7169, 'time': 96.25397403914405, 'dt': 0.014660911858684164, 'total_energy': 13572.577005759438}
2026-06-09T09:30:19+12:00 scalar diagnostics {'step': 7186, 'time': 96.50354273674608, 'dt': 0.01470719618709145, 'total_energy': 13632.655475344282}
2026-06-09T09:30:20+12:00 progress {'step': 7200, 'time': 96.712580592705, 'dt': 0.015237102904831904}
2026-06-09T09:30:20+12:00 scalar diagnostics {'step': 7203, 'time': 96.75870423317029, 'dt': 0.015446949380038892, 'total_energy': 13694.507097022453}
2026-06-09T09:30:21+12:00 scalar diagnostics {'step': 7218, 'time': 97.00105179766521, 'dt': 0.01682611586349271, 'total_energy': 13751.881335579965}
2026-06-09T09:30:21+12:00 scalar diagnostics {'step': 7233, 'time': 97.26229530178622, 'dt': 0.017750211682416448, 'total_energy': 13816.879462392053}
2026-06-09T09:30:22+12:00 scalar diagnostics {'step': 7247, 'time': 97.5128406280658, 'dt': 0.018023402651458402, 'total_energy': 13882.716457274284}
2026-06-09T09:30:22+12:00 scalar diagnostics {'step': 7260, 'time': 97.75090221326745, 'dt': 0.018709090376807656, 'total_energy': 13945.021510664734}
2026-06-09T09:30:23+12:00 scalar diagnostics {'step': 7273, 'time': 98.0051407538839, 'dt': 0.020387302138269368, 'total_energy': 14012.025180783243}
2026-06-09T09:30:23+12:00 scalar diagnostics {'step': 7285, 'time': 98.26027039766353, 'dt': 0.021965975408765926, 'total_energy': 14081.973023649232}
2026-06-09T09:30:24+12:00 scalar diagnostics {'step': 7296, 'time': 98.50334666359292, 'dt': 0.022011480272031866, 'total_energy': 14149.7182404205}
2026-06-09T09:30:24+12:00 progress {'step': 7300, 'time': 98.59151699666644, 'dt': 0.022079865918675244}
2026-06-09T09:30:24+12:00 scalar diagnostics {'step': 7308, 'time': 98.77043566415384, 'dt': 0.022684203479088505, 'total_energy': 14224.01891350351}
2026-06-09T09:30:24+12:00 scalar diagnostics {'step': 7319, 'time': 99.01957407397063, 'dt': 0.02270045297700277, 'total_energy': 14294.502825822816}
2026-06-09T09:30:25+12:00 scalar diagnostics {'step': 7330, 'time': 99.26984568851444, 'dt': 0.022723782329685832, 'total_energy': 14366.681460341566}
2026-06-09T09:30:25+12:00 scalar diagnostics {'step': 7341, 'time': 99.51603348315683, 'dt': 0.022114363377106247, 'total_energy': 14439.130469135736}
2026-06-09T09:30:26+12:00 scalar diagnostics {'step': 7352, 'time': 99.75789118438912, 'dt': 0.02195251922428643, 'total_energy': 14512.879893896068}
2026-06-09T09:30:26+12:00 progress {'step': 7363, 'time': 100.0, 'dt': 0.02182946713463707}
2026-06-09T09:30:26+12:00 scalar diagnostics {'step': 7363, 'time': 100.0, 'dt': 0.02182946713463707, 'total_energy': 14589.048474959962}
2026-06-09T09:30:26+12:00 run complete {'backend': 'numpy', 'equation_set': 'inhomogeneous_rmhd_s', 'equation_mode': 'linear', 'grid': [32, 32, 32], 'steps': 7363, 't_final': 100.0, 'dt_last': 0.02182946713463707, 'total_energy_initial': 0.7499999999999999, 'total_energy_final': 14589.048474959962, 'psi_hat_max_abs': 8389.729055519882, 'output_dir': 'C:\\Users\\naoki\\Downloads\\rmhd-gpu-new\\examples\\outputs_nokia_rmhd_s_24', 'scalar_diagnostics_csv': 'C:\\Users\\naoki\\Downloads\\rmhd-gpu-new\\examples\\outputs_nokia_rmhd_s_24\\scalar_diagnostics.csv'}
