2026-06-09T14:41:15+12:00 run start {'title': 'Inhomogeneous rmhd simulation test', 'input_file': 'C:\\Users\\naoki\\Downloads\\rmhd-gpu-new\\examples\\_stable_proj_off.input', 'output_dir': 'C:\\Users\\naoki\\Downloads\\rmhd-gpu-new\\examples\\_stable_off', 'backend': 'numpy', 'equation_set': 'inhomogeneous_rmhd_s', 'equation_mode': 'nonlinear', 'grid': [32, 32, 32], 'output_cadences': {'scalar': 0.25, 'spectra': 0.0, 'full_field': 0.0}, 'hostname': 'Naoki', 'python_executable': 'C:\\Users\\naoki\\AppData\\Local\\Programs\\Python\\Python313\\python.exe', 'git_commit': 'cde2789c3d6596cb8e14f232da25acf4598750f1', 'command': "'C:\\Users\\naoki\\Downloads\\rmhd-gpu-new\\rmhdgpu\\run.py' C:/Users/naoki/Downloads/rmhd-gpu-new/examples/_stable_proj_off.input --output-dir C:/Users/naoki/Downloads/rmhd-gpu-new/examples/_stable_off --tmax 60"}
2026-06-09T14:41:15+12:00 run setup {'resolved_output_dir': 'C:\\Users\\naoki\\Downloads\\rmhd-gpu-new\\examples\\_stable_off', 'input_file': 'C:\\Users\\naoki\\Downloads\\rmhd-gpu-new\\examples\\_stable_proj_off.input', 'backend': 'numpy', 'equation_set': 'inhomogeneous_rmhd_s', 'equation_mode': 'nonlinear', 'grid': [32, 32, 32], 'output_cadences': {'scalar': 0.25, 'spectra': 0.0, 'full_field': 0.0}, 'dissipation_mode': 'auto', 'initial_condition': {'type': 'random_spectrum', 'parameters': {'n_min': 1.0, 'n_max': 3.0, 'alpha': 0.0, 'init_energy': 0.75, 'seed': 1, 'exclude_kpar0': True}}}
2026-06-09T14:41:15+12:00 scalar diagnostics {'step': 0, 'time': 0.0, 'dt': 0.0, 'total_energy': 0.75}
2026-06-09T14:41:15+12:00 scalar diagnostics {'step': 6, 'time': 0.2893751952990483, 'dt': 0.05031571115087758, 'total_energy': 1.5765841672509768}
2026-06-09T14:41:16+12:00 scalar diagnostics {'step': 11, 'time': 0.5422153427322544, 'dt': 0.04808668793621742, 'total_energy': 3.201286032630565}
2026-06-09T14:41:16+12:00 scalar diagnostics {'step': 16, 'time': 0.7534602774861685, 'dt': 0.03949352734712225, 'total_energy': 5.233027380535705}
2026-06-09T14:41:17+12:00 scalar diagnostics {'step': 23, 'time': 1.0074673402933214, 'dt': 0.034055302854959356, 'total_energy': 9.247140285215915}
2026-06-09T14:41:17+12:00 scalar diagnostics {'step': 31, 'time': 1.2621570471127301, 'dt': 0.029777045290798533, 'total_energy': 14.95801398408648}
2026-06-09T14:41:18+12:00 scalar diagnostics {'step': 40, 'time': 1.512685367628151, 'dt': 0.025223613277516835, 'total_energy': 23.100243386791906}
2026-06-09T14:41:19+12:00 scalar diagnostics {'step': 52, 'time': 1.7675843930501256, 'dt': 0.019305350245279976, 'total_energy': 34.496670422655654}
2026-06-09T14:41:20+12:00 scalar diagnostics {'step': 66, 'time': 2.012548372326119, 'dt': 0.016688324314931162, 'total_energy': 47.623878715391896}
2026-06-09T14:41:21+12:00 scalar diagnostics {'step': 83, 'time': 2.264350787452773, 'dt': 0.01446308796084543, 'total_energy': 63.651613550642274}
2026-06-09T14:41:22+12:00 progress {'step': 100, 'time': 2.4984286789854893, 'dt': 0.012109609134116408}
2026-06-09T14:41:22+12:00 scalar diagnostics {'step': 101, 'time': 2.510373816261048, 'dt': 0.011945137275558711, 'total_energy': 82.57325681872082}
2026-06-09T14:41:24+12:00 scalar diagnostics {'step': 126, 'time': 2.7516078697163744, 'dt': 0.008890715268217612, 'total_energy': 103.90944434515646}
2026-06-09T14:41:26+12:00 scalar diagnostics {'step': 159, 'time': 3.005553035032712, 'dt': 0.006486807208556536, 'total_energy': 131.0468153260752}
2026-06-09T14:41:29+12:00 scalar diagnostics {'step': 197, 'time': 3.25194174373818, 'dt': 0.005330733236787463, 'total_energy': 151.17341735477}
2026-06-09T14:41:29+12:00 progress {'step': 200, 'time': 3.268056631212295, 'dt': 0.005448736154975696}
2026-06-09T14:41:33+12:00 scalar diagnostics {'step': 238, 'time': 3.501470341132963, 'dt': 0.006813130265076122, 'total_energy': 98.27558538062895}
2026-06-09T14:41:36+12:00 scalar diagnostics {'step': 270, 'time': 3.750885937098405, 'dt': 0.008935205912341931, 'total_energy': 62.99958142497276}
2026-06-09T14:41:39+12:00 scalar diagnostics {'step': 298, 'time': 4.0030297536469375, 'dt': 0.009846067427947938, 'total_energy': 61.01202730055719}
2026-06-09T14:41:39+12:00 progress {'step': 300, 'time': 4.022116470637218, 'dt': 0.009456861190197263}
2026-06-09T14:41:42+12:00 scalar diagnostics {'step': 325, 'time': 4.253963869173277, 'dt': 0.008722464227354466, 'total_energy': 70.3627195189191}
2026-06-09T14:41:44+12:00 scalar diagnostics {'step': 353, 'time': 4.501931453266558, 'dt': 0.009492243057311289, 'total_energy': 85.66991665750496}
2026-06-09T14:41:46+12:00 scalar diagnostics {'step': 382, 'time': 4.754093070748762, 'dt': 0.008364028275855105, 'total_energy': 106.5468504189677}
2026-06-09T14:41:48+12:00 progress {'step': 400, 'time': 4.898987200070068, 'dt': 0.008029663460496462}
2026-06-09T14:41:49+12:00 scalar diagnostics {'step': 413, 'time': 5.002414378300252, 'dt': 0.007444997221296408, 'total_energy': 133.9980645640954}
2026-06-09T14:41:51+12:00 scalar diagnostics {'step': 448, 'time': 5.253294068344075, 'dt': 0.007127244512370238, 'total_energy': 165.3650490450668}
2026-06-09T14:41:54+12:00 scalar diagnostics {'step': 483, 'time': 5.501719320505498, 'dt': 0.006771199972068663, 'total_energy': 198.00058332304678}
2026-06-09T14:41:55+12:00 progress {'step': 500, 'time': 5.614862145147995, 'dt': 0.006864246394829401}
2026-06-09T14:41:56+12:00 scalar diagnostics {'step': 520, 'time': 5.7515470524978936, 'dt': 0.006543624643681566, 'total_energy': 237.46648000638663}
2026-06-09T14:41:59+12:00 scalar diagnostics {'step': 558, 'time': 6.003236946437349, 'dt': 0.00627585208738159, 'total_energy': 279.2525683736385}
2026-06-09T14:42:02+12:00 progress {'step': 600, 'time': 6.242825023481913, 'dt': 0.005118585963783923}
2026-06-09T14:42:02+12:00 scalar diagnostics {'step': 602, 'time': 6.253025621754772, 'dt': 0.005095325948247082, 'total_energy': 324.1621767817036}
2026-06-09T14:42:07+12:00 scalar diagnostics {'step': 651, 'time': 6.50143891499538, 'dt': 0.005343011102742411, 'total_energy': 358.81393525786274}
2026-06-09T14:42:11+12:00 progress {'step': 700, 'time': 6.719072753137209, 'dt': 0.004203696963183578}
2026-06-09T14:42:12+12:00 scalar diagnostics {'step': 708, 'time': 6.753305532293418, 'dt': 0.004424475341535218, 'total_energy': 391.71344805118304}
2026-06-09T14:42:19+12:00 scalar diagnostics {'step': 771, 'time': 7.003860047518474, 'dt': 0.00427985161718274, 'total_energy': 424.20143683763206}
2026-06-09T14:42:22+12:00 progress {'step': 800, 'time': 7.123226478061514, 'dt': 0.003887359465116098}
2026-06-09T14:42:26+12:00 scalar diagnostics {'step': 834, 'time': 7.2512631826045055, 'dt': 0.003639762170279166, 'total_energy': 447.8903385560746}
2026-06-09T14:42:33+12:00 progress {'step': 900, 'time': 7.47758603327374, 'dt': 0.0030013758432420783}
2026-06-09T14:42:34+12:00 scalar diagnostics {'step': 908, 'time': 7.501613140985479, 'dt': 0.0030219253139435664, 'total_energy': 467.62869088578293}
2026-06-09T14:42:42+12:00 scalar diagnostics {'step': 988, 'time': 7.750906329714638, 'dt': 0.0028763522926485443, 'total_energy': 489.5997861110769}
2026-06-09T14:42:44+12:00 progress {'step': 1000, 'time': 7.785847792483173, 'dt': 0.0029455861790262067}
2026-06-09T14:42:54+12:00 scalar diagnostics {'step': 1072, 'time': 8.00167934307756, 'dt': 0.0030304129832142935, 'total_energy': 494.6894171221375}
2026-06-09T14:42:57+12:00 progress {'step': 1100, 'time': 8.08750921673431, 'dt': 0.003071451718973293}
2026-06-09T14:43:03+12:00 scalar diagnostics {'step': 1153, 'time': 8.251841351903048, 'dt': 0.0029380406164108194, 'total_energy': 486.1088570019293}
2026-06-09T14:43:08+12:00 progress {'step': 1200, 'time': 8.38935540359624, 'dt': 0.0030016374892362463}
2026-06-09T14:43:13+12:00 scalar diagnostics {'step': 1237, 'time': 8.500823789741762, 'dt': 0.002998381102907357, 'total_energy': 478.2884148564493}
2026-06-09T14:43:20+12:00 progress {'step': 1300, 'time': 8.677801839326111, 'dt': 0.002484226817786314}
2026-06-09T14:43:23+12:00 scalar diagnostics {'step': 1330, 'time': 8.752336494687714, 'dt': 0.002502911725619333, 'total_energy': 464.4420936458937}
2026-06-09T14:43:32+12:00 progress {'step': 1400, 'time': 8.921854619665693, 'dt': 0.0022343834640606917}
2026-06-09T14:43:36+12:00 scalar diagnostics {'step': 1433, 'time': 9.001864483681786, 'dt': 0.002542818568373193, 'total_energy': 470.4884740645534}
2026-06-09T14:43:44+12:00 progress {'step': 1500, 'time': 9.16151659416194, 'dt': 0.0022724052574174783}
2026-06-09T14:43:48+12:00 scalar diagnostics {'step': 1538, 'time': 9.25199397177028, 'dt': 0.0025908971311058497, 'total_energy': 486.2592054194362}
2026-06-09T14:43:55+12:00 progress {'step': 1600, 'time': 9.417572975952945, 'dt': 0.002625974421937024}
2026-06-09T14:43:59+12:00 scalar diagnostics {'step': 1631, 'time': 9.501303759887868, 'dt': 0.0027316337324498944, 'total_energy': 495.3012355422588}
2026-06-09T14:44:07+12:00 progress {'step': 1700, 'time': 9.685940579760738, 'dt': 0.002680762234641593}
2026-06-09T14:44:10+12:00 scalar diagnostics {'step': 1725, 'time': 9.751703423256606, 'dt': 0.0025601748713009994, 'total_energy': 521.2334408651988}
2026-06-09T14:44:19+12:00 progress {'step': 1800, 'time': 9.944950354829254, 'dt': 0.0027177407383202367}
2026-06-09T14:44:21+12:00 scalar diagnostics {'step': 1821, 'time': 10.001562155283374, 'dt': 0.0026397344850980884, 'total_energy': 568.6880910062144}
2026-06-09T14:44:30+12:00 progress {'step': 1900, 'time': 10.192849893646745, 'dt': 0.0023421130232608458}
2026-06-09T14:44:33+12:00 scalar diagnostics {'step': 1924, 'time': 10.251550798645587, 'dt': 0.0025811344833673766, 'total_energy': 642.2432739244588}
2026-06-09T14:44:41+12:00 progress {'step': 2000, 'time': 10.440211708087938, 'dt': 0.0021365231906318905}
2026-06-09T14:44:44+12:00 scalar diagnostics {'step': 2028, 'time': 10.500317739760167, 'dt': 0.002231023037191965, 'total_energy': 721.2432743925043}
2026-06-09T14:44:48+12:00 progress {'step': 2100, 'time': 10.643579347776006, 'dt': 0.0019311026325887863}
2026-06-09T14:44:52+12:00 scalar diagnostics {'step': 2157, 'time': 10.751708196626927, 'dt': 0.001841117167621124, 'total_energy': 815.3381450721747}
2026-06-09T14:44:54+12:00 progress {'step': 2200, 'time': 10.83399071026272, 'dt': 0.0020654011921062095}
2026-06-09T14:45:00+12:00 scalar diagnostics {'step': 2280, 'time': 11.001723762784792, 'dt': 0.002049288454268922, 'total_energy': 915.0519548142184}
2026-06-09T14:45:01+12:00 progress {'step': 2300, 'time': 11.043072309305586, 'dt': 0.002070712831020558}
2026-06-09T14:45:08+12:00 progress {'step': 2400, 'time': 11.233155667658808, 'dt': 0.0017686523774201452}
2026-06-09T14:45:08+12:00 scalar diagnostics {'step': 2410, 'time': 11.25140839914126, 'dt': 0.0018630364941901237, 'total_energy': 992.6432586211297}
2026-06-09T14:45:14+12:00 progress {'step': 2500, 'time': 11.420846958149184, 'dt': 0.0018418082531876984}
2026-06-09T14:45:17+12:00 scalar diagnostics {'step': 2542, 'time': 11.50120292348365, 'dt': 0.0019520082653977065, 'total_energy': 1041.132018572574}
2026-06-09T14:45:20+12:00 progress {'step': 2600, 'time': 11.614064512731014, 'dt': 0.001815385632291292}
2026-06-09T14:45:25+12:00 scalar diagnostics {'step': 2675, 'time': 11.751049770936588, 'dt': 0.0017473387688616013, 'total_energy': 1125.534708170141}
2026-06-09T14:45:27+12:00 progress {'step': 2700, 'time': 11.795318287677427, 'dt': 0.0017336151308478501}
2026-06-09T14:45:39+12:00 progress {'step': 2800, 'time': 11.98084238052474, 'dt': 0.002048571838975827}
2026-06-09T14:45:41+12:00 scalar diagnostics {'step': 2810, 'time': 12.00117104963571, 'dt': 0.0020293175033806025, 'total_energy': 1250.923371880397}
2026-06-09T14:45:53+12:00 progress {'step': 2900, 'time': 12.178474930767536, 'dt': 0.001914079972764419}
2026-06-09T14:45:57+12:00 scalar diagnostics {'step': 2938, 'time': 12.250924409941607, 'dt': 0.001796673514192737, 'total_energy': 1431.5411916576797}
2026-06-09T14:46:06+12:00 progress {'step': 3000, 'time': 12.361408929119303, 'dt': 0.0017034425654292977}
2026-06-09T14:46:17+12:00 scalar diagnostics {'step': 3084, 'time': 12.50026945424893, 'dt': 0.0016120208381633406, 'total_energy': 1605.2451027910415}
2026-06-09T14:46:19+12:00 progress {'step': 3100, 'time': 12.525900432370237, 'dt': 0.0015900541530685848}
2026-06-09T14:46:29+12:00 progress {'step': 3200, 'time': 12.698561335380363, 'dt': 0.001647058099444622}
2026-06-09T14:46:31+12:00 scalar diagnostics {'step': 3231, 'time': 12.750086069318442, 'dt': 0.0016531296643557225, 'total_energy': 1771.7112674356404}
2026-06-09T14:46:37+12:00 progress {'step': 3300, 'time': 12.86010481762336, 'dt': 0.0015522456786425994}
2026-06-09T14:46:44+12:00 scalar diagnostics {'step': 3399, 'time': 13.001138747238814, 'dt': 0.0013896130581634982, 'total_energy': 1960.431986199434}
2026-06-09T14:46:44+12:00 progress {'step': 3400, 'time': 13.002523729600814, 'dt': 0.0013849823619993334}
2026-06-09T14:46:51+12:00 progress {'step': 3500, 'time': 13.140983605133519, 'dt': 0.0014857052873001402}
2026-06-09T14:46:56+12:00 scalar diagnostics {'step': 3577, 'time': 13.250604623251965, 'dt': 0.0013936555165740478, 'total_energy': 1998.4575799611534}
2026-06-09T14:46:58+12:00 progress {'step': 3600, 'time': 13.280864827471778, 'dt': 0.0012269617989112795}
2026-06-09T14:47:04+12:00 progress {'step': 3700, 'time': 13.411063532655502, 'dt': 0.0013309715149992791}
2026-06-09T14:47:08+12:00 scalar diagnostics {'step': 3769, 'time': 13.501070947651002, 'dt': 0.0013278306670881706, 'total_energy': 2015.062354958854}
2026-06-09T14:47:10+12:00 progress {'step': 3800, 'time': 13.544301552229957, 'dt': 0.0013925974680829302}
2026-06-09T14:47:16+12:00 progress {'step': 3900, 'time': 13.682945426389994, 'dt': 0.0012668681362466917}
2026-06-09T14:47:20+12:00 scalar diagnostics {'step': 3954, 'time': 13.750005271256425, 'dt': 0.0012965975944509475, 'total_energy': 2285.699282266951}
2026-06-09T14:47:22+12:00 progress {'step': 4000, 'time': 13.811290891582233, 'dt': 0.0013255531221025357}
2026-06-09T14:47:29+12:00 progress {'step': 4100, 'time': 13.933062555400316, 'dt': 0.0011624585760233173}
2026-06-09T14:47:32+12:00 scalar diagnostics {'step': 4157, 'time': 14.000053460988788, 'dt': 0.0011837333432766029, 'total_energy': 2763.8079465558426}
2026-06-09T14:47:35+12:00 progress {'step': 4200, 'time': 14.050878351334093, 'dt': 0.0011690860198163742}
2026-06-09T14:47:47+12:00 progress {'step': 4300, 'time': 14.165224370285587, 'dt': 0.0011739351113168768}
2026-06-09T14:47:56+12:00 scalar diagnostics {'step': 4373, 'time': 14.25004653218178, 'dt': 0.0011754437803562683, 'total_energy': 3341.4261811912975}
2026-06-09T14:47:58+12:00 progress {'step': 4400, 'time': 14.282369355560789, 'dt': 0.0011721596456303216}
2026-06-09T14:48:10+12:00 progress {'step': 4500, 'time': 14.395342505921361, 'dt': 0.0010504777286565988}
2026-06-09T14:48:21+12:00 progress {'step': 4600, 'time': 14.49334192436657, 'dt': 0.0009140800331915058}
2026-06-09T14:48:22+12:00 scalar diagnostics {'step': 4608, 'time': 14.50076657451714, 'dt': 0.0009414877814167549, 'total_energy': 4378.423855806674}
2026-06-09T14:48:32+12:00 progress {'step': 4700, 'time': 14.58513940569736, 'dt': 0.0009155100718024087}
2026-06-09T14:48:42+12:00 progress {'step': 4800, 'time': 14.66877430765574, 'dt': 0.0007975690850091801}
2026-06-09T14:48:53+12:00 progress {'step': 4900, 'time': 14.747621019160544, 'dt': 0.0007579924711498628}
2026-06-09T14:48:53+12:00 scalar diagnostics {'step': 4904, 'time': 14.750644941719724, 'dt': 0.0007547455756020961, 'total_energy': 5268.742738080693}
2026-06-09T14:49:01+12:00 progress {'step': 5000, 'time': 14.820880648032364, 'dt': 0.0007291507298695193}
2026-06-09T14:49:07+12:00 progress {'step': 5100, 'time': 14.890950160326353, 'dt': 0.0006714802989350978}
2026-06-09T14:49:13+12:00 progress {'step': 5200, 'time': 14.95509810207594, 'dt': 0.0006291617835701645}
2026-06-09T14:49:18+12:00 scalar diagnostics {'step': 5271, 'time': 15.000216409359524, 'dt': 0.0006411654309324709, 'total_energy': 6431.329283156364}
2026-06-09T14:49:20+12:00 progress {'step': 5300, 'time': 15.018585737804683, 'dt': 0.0006273990011312755}
2026-06-09T14:49:26+12:00 progress {'step': 5400, 'time': 15.079437243178168, 'dt': 0.0005968371670490661}
2026-06-09T14:49:33+12:00 progress {'step': 5500, 'time': 15.13819095468941, 'dt': 0.0005676089135363464}
2026-06-09T14:49:44+12:00 progress {'step': 5600, 'time': 15.194395501866726, 'dt': 0.000552052787470175}
2026-06-09T14:49:57+12:00 progress {'step': 5700, 'time': 15.25040903725281, 'dt': 0.0005537378404615166}
2026-06-09T14:49:57+12:00 scalar diagnostics {'step': 5700, 'time': 15.25040903725281, 'dt': 0.0005537378404615166, 'total_energy': 8320.325998965514}
2026-06-09T14:50:10+12:00 progress {'step': 5800, 'time': 15.304663687579536, 'dt': 0.000535642588055934}
2026-06-09T14:50:22+12:00 progress {'step': 5900, 'time': 15.35624622531063, 'dt': 0.000500487849113762}
2026-06-09T14:50:38+12:00 progress {'step': 6000, 'time': 15.405465924986995, 'dt': 0.00047172164528994076}
2026-06-09T14:50:52+12:00 progress {'step': 6100, 'time': 15.452104123275271, 'dt': 0.0004648355480262462}
2026-06-09T14:51:07+12:00 progress {'step': 6200, 'time': 15.497396724558282, 'dt': 0.00045135627427006703}
2026-06-09T14:51:08+12:00 scalar diagnostics {'step': 6206, 'time': 15.500105254593448, 'dt': 0.0004513104320591049, 'total_energy': 9964.704985520899}
2026-06-09T14:51:20+12:00 progress {'step': 6300, 'time': 15.541678672341423, 'dt': 0.0004409994724821031}
2026-06-09T14:51:36+12:00 progress {'step': 6400, 'time': 15.585659026284304, 'dt': 0.00044228138114963127}
2026-06-09T14:51:51+12:00 progress {'step': 6500, 'time': 15.629435158938016, 'dt': 0.00042700000317674974}
2026-06-09T14:52:07+12:00 progress {'step': 6600, 'time': 15.67291795046527, 'dt': 0.0004475471022915727}
2026-06-09T14:52:22+12:00 progress {'step': 6700, 'time': 15.71742423877555, 'dt': 0.0004390754966808764}
2026-06-09T14:52:34+12:00 scalar diagnostics {'step': 6777, 'time': 15.750368743191856, 'dt': 0.0004252602186090203, 'total_energy': 11749.291268478444}
2026-06-09T14:52:37+12:00 progress {'step': 6800, 'time': 15.76009329436727, 'dt': 0.00042045495560734186}
2026-06-09T14:52:49+12:00 progress {'step': 6900, 'time': 15.802276941074707, 'dt': 0.00043264818453480426}
2026-06-09T14:53:00+12:00 progress {'step': 7000, 'time': 15.844795737528479, 'dt': 0.0004178045128601579}
2026-06-09T14:53:13+12:00 progress {'step': 7100, 'time': 15.885566884650311, 'dt': 0.0004152197933284205}
2026-06-09T14:53:24+12:00 progress {'step': 7200, 'time': 15.92637687787397, 'dt': 0.0004074643833663215}
2026-06-09T14:53:36+12:00 progress {'step': 7300, 'time': 15.966283676096094, 'dt': 0.00039212004664771616}
2026-06-09T14:53:46+12:00 scalar diagnostics {'step': 7387, 'time': 16.00014850149829, 'dt': 0.000395431384620562, 'total_energy': 13931.722613772616}
2026-06-09T14:53:48+12:00 progress {'step': 7400, 'time': 16.005294716785354, 'dt': 0.00039574421030147823}
2026-06-09T14:54:00+12:00 progress {'step': 7500, 'time': 16.04462600027257, 'dt': 0.000392711714027009}
2026-06-09T14:54:13+12:00 progress {'step': 7600, 'time': 16.083714601257586, 'dt': 0.00039126059588948965}
2026-06-09T14:54:25+12:00 progress {'step': 7700, 'time': 16.121746990346153, 'dt': 0.00037647267061326347}
2026-06-09T14:54:38+12:00 progress {'step': 7800, 'time': 16.159707107498743, 'dt': 0.0003831683536057073}
2026-06-09T14:54:51+12:00 progress {'step': 7900, 'time': 16.19931676478644, 'dt': 0.00040315785493511615}
2026-06-09T14:55:03+12:00 progress {'step': 8000, 'time': 16.239056044675866, 'dt': 0.00039669866586155715}
2026-06-09T14:55:07+12:00 scalar diagnostics {'step': 8028, 'time': 16.250110497440907, 'dt': 0.00039311569961575046, 'total_energy': 16697.31119243972}
2026-06-09T14:55:16+12:00 progress {'step': 8100, 'time': 16.277990489281684, 'dt': 0.00038197595746698997}
2026-06-09T14:55:29+12:00 progress {'step': 8200, 'time': 16.315222039074115, 'dt': 0.00036162151393774773}
2026-06-09T14:55:43+12:00 progress {'step': 8300, 'time': 16.351552094557846, 'dt': 0.0003629592517546372}
2026-06-09T14:55:56+12:00 progress {'step': 8400, 'time': 16.38790277201849, 'dt': 0.0003685131049717987}
2026-06-09T14:56:03+12:00 progress {'step': 8500, 'time': 16.42404206981491, 'dt': 0.0003667186843343312}
2026-06-09T14:56:10+12:00 progress {'step': 8600, 'time': 16.46089952966443, 'dt': 0.0003685275607434384}
2026-06-09T14:56:17+12:00 progress {'step': 8700, 'time': 16.49821180331075, 'dt': 0.0003794064248451577}
2026-06-09T14:56:17+12:00 scalar diagnostics {'step': 8705, 'time': 16.500105349903706, 'dt': 0.000378178261874897, 'total_energy': 18574.72978331061}
2026-06-09T14:56:23+12:00 progress {'step': 8800, 'time': 16.534948404066505, 'dt': 0.0003656286723687329}
2026-06-09T14:56:30+12:00 progress {'step': 8900, 'time': 16.571218931846836, 'dt': 0.0003577848533066174}
2026-06-09T14:56:36+12:00 progress {'step': 9000, 'time': 16.60625836691402, 'dt': 0.00034391752055849584}
2026-06-09T14:56:43+12:00 progress {'step': 9100, 'time': 16.640551785407702, 'dt': 0.0003384017386119808}
2026-06-09T14:56:49+12:00 progress {'step': 9200, 'time': 16.67360425267498, 'dt': 0.0003215490061717451}
2026-06-09T14:57:02+12:00 progress {'step': 9300, 'time': 16.70533560939232, 'dt': 0.00031089131859802377}
2026-06-09T14:57:17+12:00 progress {'step': 9400, 'time': 16.73726279600924, 'dt': 0.00032053847627535286}
2026-06-09T14:57:23+12:00 scalar diagnostics {'step': 9440, 'time': 16.750173335981188, 'dt': 0.0003246382400834608, 'total_energy': 22587.831398757906}
2026-06-09T14:57:32+12:00 progress {'step': 9500, 'time': 16.769255756182478, 'dt': 0.0003183196113306767}
2026-06-09T14:57:46+12:00 progress {'step': 9600, 'time': 16.800765543502592, 'dt': 0.0003086854364696296}
2026-06-09T14:58:00+12:00 progress {'step': 9700, 'time': 16.830778375907123, 'dt': 0.00029781440191835204}
2026-06-09T14:58:13+12:00 progress {'step': 9800, 'time': 16.86066405340199, 'dt': 0.0002932753956688061}
2026-06-09T14:58:28+12:00 progress {'step': 9900, 'time': 16.889795114853438, 'dt': 0.00029429925432609614}
2026-06-09T14:58:43+12:00 progress {'step': 10000, 'time': 16.91832742877153, 'dt': 0.0002787019522898661}
2026-06-09T14:58:55+12:00 progress {'step': 10100, 'time': 16.94596429371934, 'dt': 0.00027524397909403495}
2026-06-09T14:59:09+12:00 progress {'step': 10200, 'time': 16.972894125221863, 'dt': 0.000268049926288981}
2026-06-09T14:59:21+12:00 progress {'step': 10300, 'time': 16.999587968125464, 'dt': 0.00026419590410117847}
2026-06-09T14:59:22+12:00 scalar diagnostics {'step': 10302, 'time': 17.000116451548312, 'dt': 0.00026425751352171165, 'total_energy': 31249.17726702821}
2026-06-09T14:59:35+12:00 progress {'step': 10400, 'time': 17.025848479877347, 'dt': 0.00026017701481627456}
2026-06-09T14:59:49+12:00 progress {'step': 10500, 'time': 17.0515537846691, 'dt': 0.0002554965862384862}
2026-06-09T15:00:01+12:00 progress {'step': 10600, 'time': 17.076507175357982, 'dt': 0.0002475326595335374}
2026-06-09T15:00:14+12:00 progress {'step': 10700, 'time': 17.101139965359522, 'dt': 0.00024427388656023173}
2026-06-09T15:00:27+12:00 progress {'step': 10800, 'time': 17.125219202656208, 'dt': 0.00023845625108790246}
2026-06-09T15:00:40+12:00 progress {'step': 10900, 'time': 17.148873513663364, 'dt': 0.00023525105840492384}
2026-06-09T15:00:53+12:00 progress {'step': 11000, 'time': 17.172079078937273, 'dt': 0.00023087843381914378}
2026-06-09T15:01:06+12:00 progress {'step': 11100, 'time': 17.194965782403944, 'dt': 0.0002272871635734532}
2026-06-09T15:01:19+12:00 progress {'step': 11200, 'time': 17.217576962823234, 'dt': 0.00022425184960219734}
2026-06-09T15:01:30+12:00 progress {'step': 11300, 'time': 17.23968048125071, 'dt': 0.00021834671738681294}
2026-06-09T15:01:36+12:00 scalar diagnostics {'step': 11348, 'time': 17.250164804457516, 'dt': 0.0002188340956454111, 'total_energy': 39511.28102624368}
2026-06-09T15:01:42+12:00 progress {'step': 11400, 'time': 17.26156248148713, 'dt': 0.0002191725037336523}
2026-06-09T15:01:54+12:00 progress {'step': 11500, 'time': 17.283441719338597, 'dt': 0.00021836530209816486}
2026-06-09T15:02:06+12:00 progress {'step': 11600, 'time': 17.305091941085134, 'dt': 0.00021508006668040196}
2026-06-09T15:02:18+12:00 progress {'step': 11700, 'time': 17.32657145350488, 'dt': 0.0002149176189201353}
2026-06-09T15:02:30+12:00 progress {'step': 11800, 'time': 17.34796518601455, 'dt': 0.00021244307594032744}
2026-06-09T15:02:42+12:00 progress {'step': 11900, 'time': 17.369077516090083, 'dt': 0.00020890675770654602}
2026-06-09T15:02:53+12:00 progress {'step': 12000, 'time': 17.38978921790066, 'dt': 0.0002060614326756452}
2026-06-09T15:03:05+12:00 progress {'step': 12100, 'time': 17.41036477003334, 'dt': 0.00020541340428403728}
2026-06-09T15:03:18+12:00 progress {'step': 12200, 'time': 17.431176831619773, 'dt': 0.00021187611841025299}
2026-06-09T15:03:29+12:00 progress {'step': 12300, 'time': 17.45205105515908, 'dt': 0.00020685465202165644}
2026-06-09T15:03:41+12:00 progress {'step': 12400, 'time': 17.472708875395394, 'dt': 0.0002056273104449946}
2026-06-09T15:03:54+12:00 progress {'step': 12500, 'time': 17.493393612924685, 'dt': 0.0002091022689323364}
2026-06-09T15:03:58+12:00 scalar diagnostics {'step': 12532, 'time': 17.500125138750967, 'dt': 0.00021162308330704334, 'total_energy': 41385.73614329685}
2026-06-09T15:04:08+12:00 progress {'step': 12600, 'time': 17.514698038558635, 'dt': 0.0002167426533842312}
2026-06-09T15:04:20+12:00 progress {'step': 12700, 'time': 17.536427063362208, 'dt': 0.00021366669969839612}
2026-06-09T15:04:33+12:00 progress {'step': 12800, 'time': 17.557685686036837, 'dt': 0.00021298063718989607}
2026-06-09T15:04:46+12:00 progress {'step': 12900, 'time': 17.579023043913754, 'dt': 0.00021589972008200002}
2026-06-09T15:05:00+12:00 progress {'step': 13000, 'time': 17.6009140345636, 'dt': 0.00022031921790647188}
2026-06-09T15:05:15+12:00 progress {'step': 13100, 'time': 17.62292326151473, 'dt': 0.0002193697723408053}
2026-06-09T15:05:30+12:00 progress {'step': 13200, 'time': 17.644822209048183, 'dt': 0.00021889493879328798}
2026-06-09T15:05:45+12:00 progress {'step': 13300, 'time': 17.666640632814147, 'dt': 0.00021629273213529419}
2026-06-09T15:06:00+12:00 progress {'step': 13400, 'time': 17.688046243783855, 'dt': 0.00021255695373802248}
2026-06-09T15:06:15+12:00 progress {'step': 13500, 'time': 17.70903961164353, 'dt': 0.0002069139503374122}
2026-06-09T15:06:28+12:00 progress {'step': 13600, 'time': 17.729328712749176, 'dt': 0.0001985193955441561}
2026-06-09T15:06:35+12:00 progress {'step': 13700, 'time': 17.748881859338265, 'dt': 0.00019282636350085596}
2026-06-09T15:06:35+12:00 scalar diagnostics {'step': 13706, 'time': 17.75003791521051, 'dt': 0.00019257287679775315, 'total_energy': 47244.18988526388}
2026-06-09T15:06:46+12:00 progress {'step': 13800, 'time': 17.76807655671601, 'dt': 0.00019131537255310383}
2026-06-09T15:07:01+12:00 progress {'step': 13900, 'time': 17.787197512483164, 'dt': 0.000193203394265262}
2026-06-09T15:07:16+12:00 progress {'step': 14000, 'time': 17.8063102377526, 'dt': 0.0001885860986775141}
2026-06-09T15:07:31+12:00 progress {'step': 14100, 'time': 17.824976870021963, 'dt': 0.000186108648582776}
2026-06-09T15:07:41+12:00 progress {'step': 14200, 'time': 17.84326392566294, 'dt': 0.00018115739643774753}
2026-06-09T15:07:48+12:00 progress {'step': 14300, 'time': 17.861227993382364, 'dt': 0.0001776834813463686}
2026-06-09T15:07:54+12:00 progress {'step': 14400, 'time': 17.878773862059578, 'dt': 0.00017400227184772175}
2026-06-09T15:08:01+12:00 progress {'step': 14500, 'time': 17.896041351977182, 'dt': 0.00017227319800402444}
2026-06-09T15:08:08+12:00 progress {'step': 14600, 'time': 17.913288750348418, 'dt': 0.00017104406752583567}
2026-06-09T15:08:15+12:00 progress {'step': 14700, 'time': 17.930451928382197, 'dt': 0.00017243880513240098}
2026-06-09T15:08:22+12:00 progress {'step': 14800, 'time': 17.94745335231317, 'dt': 0.00016838124170955143}
2026-06-09T15:08:29+12:00 progress {'step': 14900, 'time': 17.964176889510096, 'dt': 0.00016495185178413987}
2026-06-09T15:08:35+12:00 progress {'step': 15000, 'time': 17.980537896555383, 'dt': 0.00016218471089625628}
2026-06-09T15:08:43+12:00 progress {'step': 15100, 'time': 17.996665740806986, 'dt': 0.00016157226553469318}
2026-06-09T15:08:45+12:00 scalar diagnostics {'step': 15121, 'time': 18.0000653010858, 'dt': 0.0001622048446419503, 'total_energy': 59789.96071111576}
2026-06-09T15:08:50+12:00 progress {'step': 15200, 'time': 18.012922422543664, 'dt': 0.0001625571988356904}
2026-06-09T15:08:57+12:00 progress {'step': 15300, 'time': 18.02906031175599, 'dt': 0.00016089311955802524}
2026-06-09T15:09:04+12:00 progress {'step': 15400, 'time': 18.045077147037322, 'dt': 0.00015978324421479824}
2026-06-09T15:09:10+12:00 progress {'step': 15500, 'time': 18.06095705967363, 'dt': 0.00015748811966052705}
2026-06-09T15:09:17+12:00 progress {'step': 15600, 'time': 18.076639735884363, 'dt': 0.00015698697802113027}
2026-06-09T15:09:24+12:00 progress {'step': 15700, 'time': 18.092279014277217, 'dt': 0.000155324545913499}
2026-06-09T15:09:30+12:00 progress {'step': 15800, 'time': 18.107642610067767, 'dt': 0.0001522490959171161}
2026-06-09T15:09:38+12:00 progress {'step': 15900, 'time': 18.122737502863973, 'dt': 0.00015006009611768346}
2026-06-09T15:09:45+12:00 progress {'step': 16000, 'time': 18.137704185960928, 'dt': 0.00014950586643853293}
2026-06-09T15:09:51+12:00 progress {'step': 16100, 'time': 18.152635452285597, 'dt': 0.00014898100005350079}
2026-06-09T15:09:58+12:00 progress {'step': 16200, 'time': 18.167506889865994, 'dt': 0.00014858938125775732}
2026-06-09T15:10:05+12:00 progress {'step': 16300, 'time': 18.182344942234273, 'dt': 0.00014799281759926913}
2026-06-09T15:10:12+12:00 progress {'step': 16400, 'time': 18.197089324673136, 'dt': 0.0001470066153512108}
2026-06-09T15:10:18+12:00 progress {'step': 16500, 'time': 18.21182619824199, 'dt': 0.0001477400755360986}
2026-06-09T15:10:25+12:00 progress {'step': 16600, 'time': 18.226505096748166, 'dt': 0.00014651868575312347}
2026-06-09T15:10:32+12:00 progress {'step': 16700, 'time': 18.241142754478457, 'dt': 0.0001462333459225997}
2026-06-09T15:10:36+12:00 scalar diagnostics {'step': 16761, 'time': 18.25002805498332, 'dt': 0.00014532494083689543, 'total_energy': 69012.53297239446}
2026-06-09T15:10:38+12:00 progress {'step': 16800, 'time': 18.255690749620648, 'dt': 0.00014508881266300978}
2026-06-09T15:10:45+12:00 progress {'step': 16900, 'time': 18.270141894886244, 'dt': 0.00014382449548764378}
2026-06-09T15:10:52+12:00 progress {'step': 17000, 'time': 18.284607761420013, 'dt': 0.00014557870021186933}
2026-06-09T15:10:58+12:00 progress {'step': 17100, 'time': 18.29926372152915, 'dt': 0.00014732173331276618}
2026-06-09T15:11:05+12:00 progress {'step': 17200, 'time': 18.3139308028017, 'dt': 0.00014622204518639117}
2026-06-09T15:11:11+12:00 progress {'step': 17300, 'time': 18.32847489110376, 'dt': 0.0001445654457103301}
2026-06-09T15:11:18+12:00 progress {'step': 17400, 'time': 18.34269447259274, 'dt': 0.0001395896013973369}
2026-06-09T15:11:24+12:00 progress {'step': 17500, 'time': 18.356491719107204, 'dt': 0.00013628519098826477}
2026-06-09T15:11:31+12:00 progress {'step': 17600, 'time': 18.369917612324166, 'dt': 0.00013249890286609023}
2026-06-09T15:11:37+12:00 progress {'step': 17700, 'time': 18.38308653636008, 'dt': 0.00013108569560910834}
2026-06-09T15:11:44+12:00 progress {'step': 17800, 'time': 18.396056043091193, 'dt': 0.00012824758030678684}
2026-06-09T15:11:50+12:00 progress {'step': 17900, 'time': 18.408801000217125, 'dt': 0.000126729713680296}
2026-06-09T15:11:57+12:00 progress {'step': 18000, 'time': 18.42153484748053, 'dt': 0.00012823441102211087}
2026-06-09T15:12:03+12:00 progress {'step': 18100, 'time': 18.434318727156207, 'dt': 0.0001268600123389555}
2026-06-09T15:12:10+12:00 progress {'step': 18200, 'time': 18.44690954097307, 'dt': 0.00012552255568288283}
2026-06-09T15:12:16+12:00 progress {'step': 18300, 'time': 18.459461449980758, 'dt': 0.0001251394215062609}
2026-06-09T15:12:23+12:00 progress {'step': 18400, 'time': 18.471897919602934, 'dt': 0.00012356318413273888}
2026-06-09T15:12:29+12:00 progress {'step': 18500, 'time': 18.484234442985585, 'dt': 0.00012306948425751816}
2026-06-09T15:12:35+12:00 progress {'step': 18600, 'time': 18.49639717017186, 'dt': 0.00012031975150962879}
2026-06-09T15:12:37+12:00 scalar diagnostics {'step': 18631, 'time': 18.50011661985547, 'dt': 0.00011972123671150443, 'total_energy': 84113.10002810974}
2026-06-09T15:12:42+12:00 progress {'step': 18700, 'time': 18.508331404281417, 'dt': 0.00011805140403263527}
2026-06-09T15:12:48+12:00 progress {'step': 18800, 'time': 18.52006829050557, 'dt': 0.0001168986948809961}
2026-06-09T15:12:55+12:00 progress {'step': 18900, 'time': 18.531746903227667, 'dt': 0.00011678258355604223}
2026-06-09T15:13:01+12:00 progress {'step': 19000, 'time': 18.54337025653249, 'dt': 0.00011564877372887024}
2026-06-09T15:13:08+12:00 progress {'step': 19100, 'time': 18.55488180659987, 'dt': 0.00011464209853364896}
2026-06-09T15:13:14+12:00 progress {'step': 19200, 'time': 18.566313614608138, 'dt': 0.00011412263173335531}
2026-06-09T15:13:21+12:00 progress {'step': 19300, 'time': 18.57768343155772, 'dt': 0.00011326591424119097}
2026-06-09T15:13:27+12:00 progress {'step': 19400, 'time': 18.5889787634415, 'dt': 0.00011248829687804671}
2026-06-09T15:13:33+12:00 progress {'step': 19500, 'time': 18.600187118160235, 'dt': 0.00011181407001030006}
2026-06-09T15:13:40+12:00 progress {'step': 19600, 'time': 18.6113757076146, 'dt': 0.00011191311001327067}
2026-06-09T15:13:46+12:00 progress {'step': 19700, 'time': 18.622559127920145, 'dt': 0.00011150806454778212}
2026-06-09T15:13:53+12:00 progress {'step': 19800, 'time': 18.6337268428232, 'dt': 0.00011145462364215455}
2026-06-09T15:14:02+12:00 progress {'step': 19900, 'time': 18.644850342008024, 'dt': 0.0001110737382187438}
2026-06-09T15:14:10+12:00 progress {'step': 20000, 'time': 18.65593104401203, 'dt': 0.0001104374260369196}
2026-06-09T15:14:18+12:00 progress {'step': 20100, 'time': 18.666991557320085, 'dt': 0.00011024152063303206}
2026-06-09T15:14:27+12:00 progress {'step': 20200, 'time': 18.677989045663946, 'dt': 0.00010968318695207676}
2026-06-09T15:14:35+12:00 progress {'step': 20300, 'time': 18.688966549108486, 'dt': 0.0001100184931971989}
2026-06-09T15:14:45+12:00 progress {'step': 20400, 'time': 18.69992584753657, 'dt': 0.00010893543841962549}
2026-06-09T15:14:56+12:00 progress {'step': 20500, 'time': 18.710718986093262, 'dt': 0.00010730200886091322}
2026-06-09T15:15:06+12:00 progress {'step': 20600, 'time': 18.721473803827575, 'dt': 0.00010777396126911929}
2026-06-09T15:15:17+12:00 progress {'step': 20700, 'time': 18.732177768696054, 'dt': 0.00010649776572177184}
2026-06-09T15:15:26+12:00 progress {'step': 20800, 'time': 18.742840516845, 'dt': 0.0001068080936224287}
2026-06-09T15:15:33+12:00 scalar diagnostics {'step': 20867, 'time': 18.750006781995907, 'dt': 0.00010728390698937321, 'total_energy': 97658.12754814717}
2026-06-09T15:15:36+12:00 progress {'step': 20900, 'time': 18.753542586082403, 'dt': 0.00010695820134137988}
2026-06-09T15:15:45+12:00 progress {'step': 21000, 'time': 18.764227858567775, 'dt': 0.00010678317458820519}
2026-06-09T15:15:54+12:00 progress {'step': 21100, 'time': 18.774878848920107, 'dt': 0.00010600325661230524}
2026-06-09T15:16:04+12:00 progress {'step': 21200, 'time': 18.78543803485558, 'dt': 0.00010531411577062464}
2026-06-09T15:16:14+12:00 progress {'step': 21300, 'time': 18.795966189367473, 'dt': 0.00010525192874264091}
2026-06-09T15:16:24+12:00 progress {'step': 21400, 'time': 18.80645686423989, 'dt': 0.00010435048883341522}
2026-06-09T15:16:33+12:00 progress {'step': 21500, 'time': 18.816827022783887, 'dt': 0.00010340683391795306}
2026-06-09T15:16:43+12:00 progress {'step': 21600, 'time': 18.827176834035193, 'dt': 0.00010352056957656873}
2026-06-09T15:16:53+12:00 progress {'step': 21700, 'time': 18.83754101019964, 'dt': 0.0001036574138657487}
2026-06-09T15:17:03+12:00 progress {'step': 21800, 'time': 18.847856084971966, 'dt': 0.00010262456122574558}
2026-06-09T15:17:13+12:00 progress {'step': 21900, 'time': 18.85807389212324, 'dt': 0.00010191941062012845}
2026-06-09T15:17:25+12:00 progress {'step': 22000, 'time': 18.868260115884183, 'dt': 0.00010179711150367739}
2026-06-09T15:17:36+12:00 progress {'step': 22100, 'time': 18.878451470116346, 'dt': 0.00010202236937054619}
2026-06-09T15:17:47+12:00 progress {'step': 22200, 'time': 18.888634896769016, 'dt': 0.00010165024731423688}
2026-06-09T15:17:58+12:00 progress {'step': 22300, 'time': 18.898785238161683, 'dt': 0.00010112443734391037}
2026-06-09T15:18:10+12:00 progress {'step': 22400, 'time': 18.908838056561287, 'dt': 0.0001001758392388359}
2026-06-09T15:18:22+12:00 progress {'step': 22500, 'time': 18.918835140564035, 'dt': 9.987205387626522e-05}
2026-06-09T15:18:34+12:00 progress {'step': 22600, 'time': 18.928780942232272, 'dt': 9.890498955008655e-05}
2026-06-09T15:18:45+12:00 progress {'step': 22700, 'time': 18.938626563441385, 'dt': 9.791944828714648e-05}
2026-06-09T15:18:57+12:00 progress {'step': 22800, 'time': 18.94834134783714, 'dt': 9.645877972736676e-05}
2026-06-09T15:19:08+12:00 progress {'step': 22900, 'time': 18.957962935711283, 'dt': 9.619704577258966e-05}
2026-06-09T15:19:14+12:00 progress {'step': 23000, 'time': 18.96760411651297, 'dt': 9.665034156773695e-05}
2026-06-09T15:19:21+12:00 progress {'step': 23100, 'time': 18.977233867509106, 'dt': 9.557371421900836e-05}
2026-06-09T15:19:37+12:00 progress {'step': 23200, 'time': 18.986723636399088, 'dt': 9.445888443622445e-05}
2026-06-09T15:19:52+12:00 progress {'step': 23300, 'time': 18.996126148578238, 'dt': 9.360107267661497e-05}
2026-06-09T15:19:57+12:00 scalar diagnostics {'step': 23342, 'time': 19.000053449250853, 'dt': 9.343524539067344e-05, 'total_energy': 119617.1033842247}
2026-06-09T15:20:07+12:00 progress {'step': 23400, 'time': 19.005464268954732, 'dt': 9.308889694980957e-05}
2026-06-09T15:20:20+12:00 progress {'step': 23500, 'time': 19.01471507315756, 'dt': 9.18477511443745e-05}
2026-06-09T15:20:33+12:00 progress {'step': 23600, 'time': 19.023828083281593, 'dt': 9.042592493430608e-05}
2026-06-09T15:20:45+12:00 progress {'step': 23700, 'time': 19.03281435425274, 'dt': 8.95446059760689e-05}
2026-06-09T15:20:58+12:00 progress {'step': 23800, 'time': 19.04175124201073, 'dt': 8.909361082343247e-05}
2026-06-09T15:21:11+12:00 progress {'step': 23900, 'time': 19.05061080899152, 'dt': 8.810225796614879e-05}
2026-06-09T15:21:21+12:00 progress {'step': 24000, 'time': 19.059389788077496, 'dt': 8.759089606621731e-05}
2026-06-09T15:21:31+12:00 progress {'step': 24100, 'time': 19.068095850402578, 'dt': 8.677282271670724e-05}
2026-06-09T15:21:44+12:00 progress {'step': 24200, 'time': 19.076763563689667, 'dt': 8.643075171212222e-05}
2026-06-09T15:21:59+12:00 progress {'step': 24300, 'time': 19.085366843645993, 'dt': 8.57193104619032e-05}
2026-06-09T15:22:13+12:00 progress {'step': 24400, 'time': 19.093925082662672, 'dt': 8.550355079222158e-05}
2026-06-09T15:22:26+12:00 progress {'step': 24500, 'time': 19.102466033239565, 'dt': 8.526136870596577e-05}
2026-06-09T15:22:38+12:00 progress {'step': 24600, 'time': 19.110966015656164, 'dt': 8.463289266785727e-05}
2026-06-09T15:22:50+12:00 progress {'step': 24700, 'time': 19.119409201107185, 'dt': 8.430371580630928e-05}
2026-06-09T15:23:05+12:00 progress {'step': 24800, 'time': 19.127817864056308, 'dt': 8.381369996340632e-05}
2026-06-09T15:23:15+12:00 progress {'step': 24900, 'time': 19.136185033491746, 'dt': 8.349856327249041e-05}
2026-06-09T15:23:31+12:00 progress {'step': 25000, 'time': 19.144519714275894, 'dt': 8.319932526992336e-05}
2026-06-09T15:23:44+12:00 progress {'step': 25100, 'time': 19.152826017662363, 'dt': 8.295946199481274e-05}
2026-06-09T15:23:59+12:00 progress {'step': 25200, 'time': 19.161124479597515, 'dt': 8.299576058595456e-05}
2026-06-09T15:24:13+12:00 progress {'step': 25300, 'time': 19.169392115177423, 'dt': 8.219895792748307e-05}
2026-06-09T15:24:25+12:00 progress {'step': 25400, 'time': 19.17759721399421, 'dt': 8.227118262555883e-05}
2026-06-09T15:24:37+12:00 progress {'step': 25500, 'time': 19.185862539849367, 'dt': 8.272657601695151e-05}
2026-06-09T15:24:50+12:00 progress {'step': 25600, 'time': 19.194122216753176, 'dt': 8.259923424415118e-05}
2026-06-09T15:25:02+12:00 progress {'step': 25700, 'time': 19.202396243944722, 'dt': 8.285341359051146e-05}
2026-06-09T15:25:14+12:00 progress {'step': 25800, 'time': 19.21068331967405, 'dt': 8.277462766211884e-05}
2026-06-09T15:25:25+12:00 progress {'step': 25900, 'time': 19.218963490390152, 'dt': 8.299595243639641e-05}
2026-06-09T15:25:37+12:00 progress {'step': 26000, 'time': 19.22723893234071, 'dt': 8.259415247316474e-05}
2026-06-09T15:25:50+12:00 progress {'step': 26100, 'time': 19.235501352407734, 'dt': 8.278235006229707e-05}
2026-06-09T15:26:02+12:00 progress {'step': 26200, 'time': 19.243818689983264, 'dt': 8.331044422908697e-05}
2026-06-09T15:26:12+12:00 scalar diagnostics {'step': 26275, 'time': 19.250060023852516, 'dt': 8.314448007585727e-05, 'total_energy': 140212.4310416903}
2026-06-09T15:26:15+12:00 progress {'step': 26300, 'time': 19.2521376170354, 'dt': 8.306972437301211e-05}
2026-06-09T15:26:29+12:00 progress {'step': 26400, 'time': 19.260438609725572, 'dt': 8.302439392609018e-05}
2026-06-09T15:26:42+12:00 progress {'step': 26500, 'time': 19.26874367058023, 'dt': 8.299322924309046e-05}
2026-06-09T15:26:56+12:00 progress {'step': 26600, 'time': 19.277041409569723, 'dt': 8.304991868006648e-05}
2026-06-09T15:27:11+12:00 progress {'step': 26700, 'time': 19.285345480451724, 'dt': 8.288932222181588e-05}
2026-06-09T15:27:20+12:00 progress {'step': 26800, 'time': 19.293601198495725, 'dt': 8.211221310946714e-05}
2026-06-09T15:27:29+12:00 progress {'step': 26900, 'time': 19.301776693377693, 'dt': 8.1521783267887e-05}
2026-06-09T15:27:40+12:00 progress {'step': 27000, 'time': 19.309915729127816, 'dt': 8.121825214822516e-05}
2026-06-09T15:27:53+12:00 progress {'step': 27100, 'time': 19.318002792982085, 'dt': 8.047587246138377e-05}
2026-06-09T15:28:06+12:00 progress {'step': 27200, 'time': 19.3260206410463, 'dt': 7.998890211569267e-05}
2026-06-09T15:28:22+12:00 progress {'step': 27300, 'time': 19.33400378063146, 'dt': 7.96032387439161e-05}
2026-06-09T15:28:39+12:00 progress {'step': 27400, 'time': 19.341917898041487, 'dt': 7.862209181349402e-05}
2026-06-09T15:28:53+12:00 progress {'step': 27500, 'time': 19.349718489038384, 'dt': 7.748042940952821e-05}
2026-06-09T15:29:08+12:00 progress {'step': 27600, 'time': 19.357442813077867, 'dt': 7.714092001037855e-05}
2026-06-09T15:29:21+12:00 progress {'step': 27700, 'time': 19.365144115621824, 'dt': 7.670575601814584e-05}
2026-06-09T15:29:37+12:00 progress {'step': 27800, 'time': 19.372764051222983, 'dt': 7.579240594752465e-05}
2026-06-09T15:29:53+12:00 progress {'step': 27900, 'time': 19.380328171110467, 'dt': 7.55782101675694e-05}
2026-06-09T15:30:09+12:00 progress {'step': 28000, 'time': 19.387880449907513, 'dt': 7.546341565585836e-05}
2026-06-09T15:30:26+12:00 progress {'step': 28100, 'time': 19.395402773160125, 'dt': 7.484908739634992e-05}
2026-06-09T15:30:43+12:00 progress {'step': 28200, 'time': 19.40284424199174, 'dt': 7.400329034281045e-05}
2026-06-09T15:30:57+12:00 progress {'step': 28300, 'time': 19.410240309800468, 'dt': 7.403171695620228e-05}
2026-06-09T15:31:09+12:00 progress {'step': 28400, 'time': 19.417638911040385, 'dt': 7.375549134128783e-05}
2026-06-09T15:31:25+12:00 progress {'step': 28500, 'time': 19.424976519773956, 'dt': 7.314721713884583e-05}
2026-06-09T15:31:39+12:00 progress {'step': 28600, 'time': 19.43227472674424, 'dt': 7.26589288685232e-05}
2026-06-09T15:31:53+12:00 progress {'step': 28700, 'time': 19.43950486907666, 'dt': 7.197664728322591e-05}
2026-06-09T15:32:07+12:00 progress {'step': 28800, 'time': 19.446671358209308, 'dt': 7.104544139758513e-05}
2026-06-09T15:32:20+12:00 progress {'step': 28900, 'time': 19.45371695535119, 'dt': 7.004192377682327e-05}
2026-06-09T15:32:28+12:00 progress {'step': 29000, 'time': 19.46069925792096, 'dt': 6.960614521747442e-05}
2026-06-09T15:32:36+12:00 progress {'step': 29100, 'time': 19.467630572790835, 'dt': 6.906474320508721e-05}
2026-06-09T15:32:44+12:00 progress {'step': 29200, 'time': 19.474530525819624, 'dt': 6.893410733990495e-05}
2026-06-09T15:32:51+12:00 progress {'step': 29300, 'time': 19.481412781272347, 'dt': 6.870508102469528e-05}
2026-06-09T15:33:01+12:00 progress {'step': 29400, 'time': 19.488272178705333, 'dt': 6.864088783502397e-05}
2026-06-09T15:33:16+12:00 progress {'step': 29500, 'time': 19.49516657414599, 'dt': 6.933394472067157e-05}
2026-06-09T15:33:26+12:00 scalar diagnostics {'step': 29570, 'time': 19.500032373147725, 'dt': 6.956424769199819e-05, 'total_energy': 195995.79431070885}
2026-06-09T15:33:30+12:00 progress {'step': 29600, 'time': 19.502119373196443, 'dt': 6.956111554277701e-05}
2026-06-09T15:33:45+12:00 progress {'step': 29700, 'time': 19.509072254831384, 'dt': 6.95707676497263e-05}
2026-06-09T15:33:57+12:00 progress {'step': 29800, 'time': 19.516056449572655, 'dt': 6.981433555564828e-05}
2026-06-09T15:34:05+12:00 progress {'step': 29900, 'time': 19.52301767072196, 'dt': 6.955291366879596e-05}
2026-06-09T15:34:13+12:00 progress {'step': 30000, 'time': 19.52995484874324, 'dt': 6.920815297339288e-05}
2026-06-09T15:34:20+12:00 progress {'step': 30100, 'time': 19.536851114868906, 'dt': 6.869301566404404e-05}
2026-06-09T15:34:29+12:00 progress {'step': 30200, 'time': 19.543696359209104, 'dt': 6.822026208756668e-05}
2026-06-09T15:34:45+12:00 progress {'step': 30300, 'time': 19.550492993003424, 'dt': 6.772709645448861e-05}
2026-06-09T15:34:58+12:00 progress {'step': 30400, 'time': 19.557243296479168, 'dt': 6.728283764501795e-05}
2026-06-09T15:35:13+12:00 progress {'step': 30500, 'time': 19.563947551262036, 'dt': 6.681324399899348e-05}
2026-06-09T15:35:27+12:00 progress {'step': 30600, 'time': 19.57060814805796, 'dt': 6.644374069365805e-05}
2026-06-09T15:35:41+12:00 progress {'step': 30700, 'time': 19.577246171516734, 'dt': 6.633052342435374e-05}
2026-06-09T15:35:54+12:00 progress {'step': 30800, 'time': 19.583865813476233, 'dt': 6.605739311179796e-05}
2026-06-09T15:36:07+12:00 progress {'step': 30900, 'time': 19.590453479520153, 'dt': 6.571480758847285e-05}
2026-06-09T15:36:20+12:00 progress {'step': 31000, 'time': 19.597015025232395, 'dt': 6.553498282641482e-05}
2026-06-09T15:36:32+12:00 progress {'step': 31100, 'time': 19.603552875174433, 'dt': 6.519330375493597e-05}
2026-06-09T15:36:45+12:00 progress {'step': 31200, 'time': 19.61005634083327, 'dt': 6.489965446779153e-05}
2026-06-09T15:36:54+12:00 progress {'step': 31300, 'time': 19.616535648497084, 'dt': 6.465122609306329e-05}
2026-06-09T15:37:09+12:00 progress {'step': 31400, 'time': 19.622975217956682, 'dt': 6.416997746641852e-05}
2026-06-09T15:37:22+12:00 progress {'step': 31500, 'time': 19.62937160991557, 'dt': 6.374414726955411e-05}
2026-06-09T15:37:34+12:00 progress {'step': 31600, 'time': 19.635720725402802, 'dt': 6.323802098814524e-05}
2026-06-09T15:37:47+12:00 progress {'step': 31700, 'time': 19.642019425391013, 'dt': 6.275489081054522e-05}
2026-06-09T15:38:00+12:00 progress {'step': 31800, 'time': 19.64827906245472, 'dt': 6.247393614197405e-05}
2026-06-09T15:38:12+12:00 progress {'step': 31900, 'time': 19.654513700620207, 'dt': 6.226418060584374e-05}
2026-06-09T15:38:26+12:00 progress {'step': 32000, 'time': 19.660722666813335, 'dt': 6.181846486491177e-05}
2026-06-09T15:38:37+12:00 progress {'step': 32100, 'time': 19.66688531092321, 'dt': 6.147689766632181e-05}
2026-06-09T15:38:46+12:00 progress {'step': 32200, 'time': 19.673020434279746, 'dt': 6.123126634090492e-05}
2026-06-09T15:38:53+12:00 progress {'step': 32300, 'time': 19.67913405923264, 'dt': 6.104716166613844e-05}
2026-06-09T15:39:00+12:00 progress {'step': 32400, 'time': 19.685228043258203, 'dt': 6.0789994012875635e-05}
2026-06-09T15:39:08+12:00 progress {'step': 32500, 'time': 19.69129148353279, 'dt': 6.053064123810119e-05}
2026-06-09T15:39:16+12:00 progress {'step': 32600, 'time': 19.697341954778846, 'dt': 6.048371596251499e-05}
2026-06-09T15:39:23+12:00 progress {'step': 32700, 'time': 19.703383076319742, 'dt': 6.033121823826887e-05}
2026-06-09T15:39:30+12:00 progress {'step': 32800, 'time': 19.70941509811494, 'dt': 6.0320266246788544e-05}
2026-06-09T15:39:39+12:00 progress {'step': 32900, 'time': 19.715440431462884, 'dt': 6.0198768526315654e-05}
2026-06-09T15:39:46+12:00 progress {'step': 33000, 'time': 19.72145317348659, 'dt': 6.005016590933187e-05}
2026-06-09T15:39:54+12:00 progress {'step': 33100, 'time': 19.727439642502834, 'dt': 5.968777204529675e-05}
2026-06-09T15:40:01+12:00 progress {'step': 33200, 'time': 19.73339760247268, 'dt': 5.952974416430599e-05}
2026-06-09T15:40:11+12:00 progress {'step': 33300, 'time': 19.739357453180336, 'dt': 5.971280624418634e-05}
2026-06-09T15:40:25+12:00 progress {'step': 33400, 'time': 19.7453459596857, 'dt': 6.002904159527852e-05}
2026-06-09T15:40:36+12:00 scalar diagnostics {'step': 33478, 'time': 19.75002701678529, 'dt': 5.990993899769362e-05, 'total_energy': 246247.2039746137}
2026-06-09T15:40:39+12:00 progress {'step': 33500, 'time': 19.75134404049259, 'dt': 5.982286036985494e-05}
2026-06-09T15:40:52+12:00 progress {'step': 33600, 'time': 19.757305591688038, 'dt': 5.941820347980352e-05}
2026-06-09T15:41:05+12:00 progress {'step': 33700, 'time': 19.763229706237574, 'dt': 5.907870666260321e-05}
2026-06-09T15:41:17+12:00 progress {'step': 33800, 'time': 19.76912601059561, 'dt': 5.888289019904564e-05}
2026-06-09T15:41:32+12:00 progress {'step': 33900, 'time': 19.775005741465467, 'dt': 5.873292058480935e-05}
2026-06-09T15:41:46+12:00 progress {'step': 34000, 'time': 19.780878427746384, 'dt': 5.872997877241158e-05}
2026-06-09T15:42:01+12:00 progress {'step': 34100, 'time': 19.786752350205855, 'dt': 5.87267339728996e-05}
2026-06-09T15:42:19+12:00 progress {'step': 34200, 'time': 19.79262126407719, 'dt': 5.8685138959538596e-05}
2026-06-09T15:42:36+12:00 progress {'step': 34300, 'time': 19.798493697100593, 'dt': 5.876746118089559e-05}
2026-06-09T15:42:52+12:00 progress {'step': 34400, 'time': 19.80437079602232, 'dt': 5.8712050305767354e-05}
2026-06-09T15:43:08+12:00 progress {'step': 34500, 'time': 19.810231286858794, 'dt': 5.85311989788487e-05}
2026-06-09T15:43:22+12:00 progress {'step': 34600, 'time': 19.81607927793668, 'dt': 5.8444057422755e-05}
2026-06-09T15:43:31+12:00 progress {'step': 34700, 'time': 19.821924564558824, 'dt': 5.8494271196000436e-05}
2026-06-09T15:43:39+12:00 progress {'step': 34800, 'time': 19.827784290761684, 'dt': 5.87275382225561e-05}
2026-06-09T15:43:47+12:00 progress {'step': 34900, 'time': 19.83367131501628, 'dt': 5.8996711245046524e-05}
2026-06-09T15:43:54+12:00 progress {'step': 35000, 'time': 19.839584823969624, 'dt': 5.927150150490233e-05}
2026-06-09T15:44:01+12:00 progress {'step': 35100, 'time': 19.845521996727953, 'dt': 5.940005194932267e-05}
2026-06-09T15:44:09+12:00 progress {'step': 35200, 'time': 19.851469824856423, 'dt': 5.956516018606379e-05}
2026-06-09T15:44:16+12:00 progress {'step': 35300, 'time': 19.857412779766637, 'dt': 5.926046377413069e-05}
2026-06-09T15:44:24+12:00 progress {'step': 35400, 'time': 19.863322619755355, 'dt': 5.899051708903727e-05}
2026-06-09T15:44:32+12:00 progress {'step': 35500, 'time': 19.869220983324663, 'dt': 5.899704625002513e-05}
2026-06-09T15:44:40+12:00 progress {'step': 35600, 'time': 19.875126987231955, 'dt': 5.916204675147779e-05}
2026-06-09T15:44:48+12:00 progress {'step': 35700, 'time': 19.88105494834357, 'dt': 5.923912047605744e-05}
2026-06-09T15:44:57+12:00 progress {'step': 35800, 'time': 19.886962552763183, 'dt': 5.883795126742521e-05}
2026-06-09T15:45:06+12:00 progress {'step': 35900, 'time': 19.892822048020147, 'dt': 5.8435537342095324e-05}
2026-06-09T15:45:21+12:00 progress {'step': 36000, 'time': 19.898663094581956, 'dt': 5.843621939257379e-05}
2026-06-09T15:45:35+12:00 progress {'step': 36100, 'time': 19.904516755480092, 'dt': 5.865753955234133e-05}
2026-06-09T15:45:51+12:00 progress {'step': 36200, 'time': 19.91037774001631, 'dt': 5.8533886957032224e-05}
2026-06-09T15:46:08+12:00 progress {'step': 36300, 'time': 19.9162325966444, 'dt': 5.861468456921887e-05}
2026-06-09T15:46:25+12:00 progress {'step': 36400, 'time': 19.922109196189872, 'dt': 5.891922792664395e-05}
2026-06-09T15:46:42+12:00 progress {'step': 36500, 'time': 19.92800655051658, 'dt': 5.9034273804768264e-05}
2026-06-09T15:47:00+12:00 progress {'step': 36600, 'time': 19.933919549596677, 'dt': 5.9269873544769266e-05}
2026-06-09T15:47:15+12:00 progress {'step': 36700, 'time': 19.939861322540942, 'dt': 5.952503632247678e-05}
2026-06-09T15:47:23+12:00 progress {'step': 36800, 'time': 19.94579624745514, 'dt': 5.922580937950758e-05}
2026-06-09T15:47:31+12:00 progress {'step': 36900, 'time': 19.95171483807597, 'dt': 5.911267636679216e-05}
2026-06-09T15:47:38+12:00 progress {'step': 37000, 'time': 19.957612678607305, 'dt': 5.8883412747836437e-05}
2026-06-09T15:47:46+12:00 progress {'step': 37100, 'time': 19.963502331148575, 'dt': 5.8924463167023086e-05}
2026-06-09T15:47:56+12:00 progress {'step': 37200, 'time': 19.969393749618813, 'dt': 5.89078207408609e-05}
2026-06-09T15:48:16+12:00 progress {'step': 37300, 'time': 19.975279227930578, 'dt': 5.873609574525676e-05}
2026-06-09T15:57:07+12:00 progress {'step': 37400, 'time': 19.98114653379309, 'dt': 5.8703852029675434e-05}
2026-06-09T15:57:31+12:00 progress {'step': 37500, 'time': 19.987000340558907, 'dt': 5.840167929444463e-05}
2026-06-09T15:57:54+12:00 progress {'step': 37600, 'time': 19.99283012061643, 'dt': 5.8207740053478094e-05}
2026-06-09T15:58:14+12:00 progress {'step': 37700, 'time': 19.998640819881143, 'dt': 5.79837768946711e-05}
2026-06-09T15:58:18+12:00 scalar diagnostics {'step': 37724, 'time': 20.000031555560387, 'dt': 5.791398546905869e-05, 'total_energy': 271866.74871032935}
2026-06-09T15:58:34+12:00 progress {'step': 37800, 'time': 20.00442583554437, 'dt': 5.774611339031392e-05}
2026-06-09T15:58:54+12:00 progress {'step': 37900, 'time': 20.01020024571156, 'dt': 5.77965592199709e-05}
2026-06-09T15:59:14+12:00 progress {'step': 38000, 'time': 20.015985572194786, 'dt': 5.7819930529335426e-05}
2026-06-09T15:59:34+12:00 progress {'step': 38100, 'time': 20.02176031909863, 'dt': 5.7651333439566784e-05}
2026-06-09T15:59:54+12:00 progress {'step': 38200, 'time': 20.027519877616356, 'dt': 5.758308067127136e-05}
2026-06-09T16:00:15+12:00 progress {'step': 38300, 'time': 20.033281500158807, 'dt': 5.7649479435651386e-05}
2026-06-09T16:00:35+12:00 progress {'step': 38400, 'time': 20.03905115521705, 'dt': 5.7667770546228015e-05}
2026-06-09T16:00:55+12:00 progress {'step': 38500, 'time': 20.044797596933886, 'dt': 5.72741796809069e-05}
2026-06-09T16:01:11+12:00 progress {'step': 38600, 'time': 20.050511725579664, 'dt': 5.703680501894789e-05}
2026-06-09T16:01:23+12:00 progress {'step': 38700, 'time': 20.05619652887238, 'dt': 5.659671322500558e-05}
2026-06-09T16:01:37+12:00 progress {'step': 38800, 'time': 20.061835539187122, 'dt': 5.619934255998934e-05}
2026-06-09T16:01:56+12:00 progress {'step': 38900, 'time': 20.06743669060905, 'dt': 5.5832837496783705e-05}
2026-06-09T16:02:16+12:00 progress {'step': 39000, 'time': 20.073004706531524, 'dt': 5.554543078694692e-05}
2026-06-09T16:02:35+12:00 progress {'step': 39100, 'time': 20.078541899141488, 'dt': 5.522747323129492e-05}
2026-06-09T16:02:54+12:00 progress {'step': 39200, 'time': 20.08404988593635, 'dt': 5.491677842795665e-05}
2026-06-09T16:03:14+12:00 progress {'step': 39300, 'time': 20.089521869191493, 'dt': 5.450284774928137e-05}
2026-06-09T16:03:35+12:00 progress {'step': 39400, 'time': 20.094952704305463, 'dt': 5.4144181752461926e-05}
2026-06-09T16:03:55+12:00 progress {'step': 39500, 'time': 20.100356758342773, 'dt': 5.396032226700103e-05}
2026-06-09T16:04:14+12:00 progress {'step': 39600, 'time': 20.105746898766768, 'dt': 5.379041515443986e-05}
2026-06-09T16:04:33+12:00 progress {'step': 39700, 'time': 20.11111376878476, 'dt': 5.3594390617767274e-05}
2026-06-09T16:04:51+12:00 progress {'step': 39800, 'time': 20.116470504689413, 'dt': 5.355247029429461e-05}
2026-06-09T16:05:10+12:00 progress {'step': 39900, 'time': 20.121828263274725, 'dt': 5.3617752660183546e-05}
2026-06-09T16:05:30+12:00 progress {'step': 40000, 'time': 20.12718979818342, 'dt': 5.354716342598172e-05}
2026-06-09T16:05:50+12:00 progress {'step': 40100, 'time': 20.132532668949505, 'dt': 5.33161916432754e-05}
2026-06-09T16:06:11+12:00 progress {'step': 40200, 'time': 20.13784946995775, 'dt': 5.2994746774167556e-05}
2026-06-09T16:06:31+12:00 progress {'step': 40300, 'time': 20.143132155284274, 'dt': 5.2686656681426694e-05}
2026-06-09T16:06:50+12:00 progress {'step': 40400, 'time': 20.148386651193842, 'dt': 5.23945361372023e-05}
2026-06-09T16:07:09+12:00 progress {'step': 40500, 'time': 20.1536104277583, 'dt': 5.209298086038817e-05}
2026-06-09T16:07:29+12:00 progress {'step': 40600, 'time': 20.15880580797246, 'dt': 5.1826157485821294e-05}
2026-06-09T16:07:49+12:00 progress {'step': 40700, 'time': 20.163978353193876, 'dt': 5.1629295299133646e-05}
2026-06-09T16:08:11+12:00 progress {'step': 40800, 'time': 20.16913496191127, 'dt': 5.152178927688729e-05}
2026-06-09T16:08:30+12:00 progress {'step': 40900, 'time': 20.174276615880956, 'dt': 5.127169248389179e-05}
2026-06-09T16:08:50+12:00 progress {'step': 41000, 'time': 20.179388541497286, 'dt': 5.1016929314029065e-05}
2026-06-09T16:09:09+12:00 progress {'step': 41100, 'time': 20.184490835017073, 'dt': 5.10457683583222e-05}
2026-06-09T16:09:30+12:00 progress {'step': 41200, 'time': 20.189591973220193, 'dt': 5.093644405529389e-05}
2026-06-09T16:09:53+12:00 progress {'step': 41300, 'time': 20.194669405100687, 'dt': 5.0623346556029994e-05}
2026-06-09T16:10:14+12:00 progress {'step': 41400, 'time': 20.19971893745404, 'dt': 5.0405833538756886e-05}
2026-06-09T16:10:34+12:00 progress {'step': 41500, 'time': 20.204739698039607, 'dt': 5.002613245341551e-05}
2026-06-09T16:10:52+12:00 progress {'step': 41600, 'time': 20.2097318005161, 'dt': 4.9838369378788366e-05}
2026-06-09T16:11:11+12:00 progress {'step': 41700, 'time': 20.21470676107552, 'dt': 4.9666696962335753e-05}
2026-06-09T16:11:30+12:00 progress {'step': 41800, 'time': 20.219667289516245, 'dt': 4.954388494732967e-05}
2026-06-09T16:11:50+12:00 progress {'step': 41900, 'time': 20.22461231457827, 'dt': 4.936452548208214e-05}
2026-06-09T16:12:11+12:00 progress {'step': 42000, 'time': 20.22954156543547, 'dt': 4.923730203433732e-05}
2026-06-09T16:12:30+12:00 progress {'step': 42100, 'time': 20.23446375239943, 'dt': 4.921395589876907e-05}
2026-06-09T16:12:49+12:00 progress {'step': 42200, 'time': 20.239378583571288, 'dt': 4.907257295396401e-05}
2026-06-09T16:13:07+12:00 progress {'step': 42300, 'time': 20.24428089740911, 'dt': 4.897805083742599e-05}
2026-06-09T16:13:26+12:00 progress {'step': 42400, 'time': 20.249173958885432, 'dt': 4.8893247076898906e-05}
2026-06-09T16:13:29+12:00 scalar diagnostics {'step': 42417, 'time': 20.25000506225972, 'dt': 4.888427605807339e-05, 'total_energy': 371636.9714062812}
2026-06-09T16:13:45+12:00 progress {'step': 42500, 'time': 20.254060422497908, 'dt': 4.882842165949767e-05}
2026-06-09T16:14:06+12:00 progress {'step': 42600, 'time': 20.258941213654506, 'dt': 4.8809845782857216e-05}
2026-06-09T16:14:27+12:00 progress {'step': 42700, 'time': 20.263823133144868, 'dt': 4.8824942536518864e-05}
2026-06-09T16:14:46+12:00 progress {'step': 42800, 'time': 20.268705400082958, 'dt': 4.871618078117183e-05}
2026-06-09T16:15:06+12:00 progress {'step': 42900, 'time': 20.273558334744713, 'dt': 4.8362525625334025e-05}
2026-06-09T16:15:26+12:00 progress {'step': 43000, 'time': 20.278380448237144, 'dt': 4.810837417697719e-05}
2026-06-09T16:15:46+12:00 progress {'step': 43100, 'time': 20.283181769658782, 'dt': 4.7906915907850273e-05}
2026-06-09T16:16:06+12:00 progress {'step': 43200, 'time': 20.287952525977744, 'dt': 4.754304881601894e-05}
2026-06-09T16:16:25+12:00 progress {'step': 43300, 'time': 20.292702182222023, 'dt': 4.751841413630813e-05}
2026-06-09T16:16:44+12:00 progress {'step': 43400, 'time': 20.297455827462745, 'dt': 4.750665049069009e-05}
2026-06-09T16:17:05+12:00 progress {'step': 43500, 'time': 20.30219553812817, 'dt': 4.727010454531525e-05}
2026-06-09T16:17:25+12:00 progress {'step': 43600, 'time': 20.30690912203319, 'dt': 4.7052638162147064e-05}
2026-06-09T16:17:45+12:00 progress {'step': 43700, 'time': 20.31160282563191, 'dt': 4.681864184468348e-05}
2026-06-09T16:18:05+12:00 progress {'step': 43800, 'time': 20.31627511978378, 'dt': 4.6639667504774956e-05}
2026-06-09T16:18:25+12:00 progress {'step': 43900, 'time': 20.320936544107674, 'dt': 4.6630100227038195e-05}
2026-06-09T16:18:45+12:00 progress {'step': 44000, 'time': 20.325605525043127, 'dt': 4.6741023150149466e-05}
2026-06-09T16:19:05+12:00 progress {'step': 44100, 'time': 20.33027999623384, 'dt': 4.671919850643032e-05}
2026-06-09T16:19:25+12:00 progress {'step': 44200, 'time': 20.334948836433448, 'dt': 4.667028024647711e-05}
2026-06-09T16:19:45+12:00 progress {'step': 44300, 'time': 20.339614008608105, 'dt': 4.661069299025723e-05}
2026-06-09T16:20:04+12:00 progress {'step': 44400, 'time': 20.34427041402482, 'dt': 4.650864999982588e-05}
2026-06-09T16:20:23+12:00 progress {'step': 44500, 'time': 20.348913451124393, 'dt': 4.63562885883518e-05}
2026-06-09T16:20:46+12:00 progress {'step': 44600, 'time': 20.35354249748314, 'dt': 4.6224409041012294e-05}
2026-06-09T16:21:07+12:00 progress {'step': 44700, 'time': 20.358158314205202, 'dt': 4.609847131931197e-05}
2026-06-09T16:21:26+12:00 progress {'step': 44800, 'time': 20.362762647098602, 'dt': 4.5956663212540426e-05}
2026-06-09T16:21:47+12:00 progress {'step': 44900, 'time': 20.367345518717443, 'dt': 4.571323845988537e-05}
2026-06-09T16:22:08+12:00 progress {'step': 45000, 'time': 20.371907630501756, 'dt': 4.554391631636066e-05}
