2026-05-29T17:17:32+12:00 run start {'title': 'Inhomogeneous rmhd simulation test', 'input_file': 'C:\\Users\\naoki\\Downloads\\rmhd-gpu-new\\rmhdgpu\\diagnostics\\nokia_inhomo_linear_s.input', 'output_dir': 'C:\\Users\\naoki\\Downloads\\rmhd-gpu-new\\rmhdgpu\\diagnostics\\kz_scan\\runs_nokia_s\\kz_00', 'backend': 'numpy', 'equation_set': 'inhomogeneous_rmhd_s', 'equation_mode': 'linear', 'grid': [16, 16, 16], 'output_cadences': {'scalar': 0.3141592653589793, 'spectra': 0.0, 'full_field': 0.0}, 'hostname': 'Naoki', 'python_executable': 'C:\\Users\\naoki\\AppData\\Local\\Programs\\Python\\Python313\\python.exe', 'git_commit': 'bae2e3dc28d11833148393904c049d5ad2ad4cea', 'command': "'C:\\Users\\naoki\\Downloads\\rmhd-gpu-new\\rmhdgpu\\run.py' 'C:\\Users\\naoki\\Downloads\\rmhd-gpu-new\\rmhdgpu\\diagnostics\\nokia_inhomo_linear_s.input' --output-dir 'C:\\Users\\naoki\\Downloads\\rmhd-gpu-new\\rmhdgpu\\diagnostics\\kz_scan\\runs_nokia_s\\kz_00' --mode-kx 3 --mode-ky 3 --mode-kz 0"}
2026-05-29T17:17:32+12:00 run setup {'resolved_output_dir': 'C:\\Users\\naoki\\Downloads\\rmhd-gpu-new\\rmhdgpu\\diagnostics\\kz_scan\\runs_nokia_s\\kz_00', 'input_file': 'C:\\Users\\naoki\\Downloads\\rmhd-gpu-new\\rmhdgpu\\diagnostics\\nokia_inhomo_linear_s.input', 'backend': 'numpy', 'equation_set': 'inhomogeneous_rmhd_s', 'equation_mode': 'linear', 'grid': [16, 16, 16], 'output_cadences': {'scalar': 0.3141592653589793, 'spectra': 0.0, 'full_field': 0.0}, 'dissipation_mode': 'manual', 'initial_condition': {'type': 'single_fourier_mode', 'parameters': {'k_indices': [3, 3, 0], 'amplitude': 1e-12, 'seed': 0}}}
2026-05-29T17:17:32+12:00 scalar diagnostics {'step': 0, 'time': 0.0, 'dt': 0.0, 'total_energy': 2.1797928651349613e-24}
2026-05-29T17:17:32+12:00 scalar diagnostics {'step': 32, 'time': 0.3200000000000001, 'dt': 0.01, 'total_energy': 1.9546835108830223e-18}
2026-05-29T17:17:32+12:00 scalar diagnostics {'step': 63, 'time': 0.6300000000000003, 'dt': 0.01, 'total_energy': 3.10277914235114e-17}
2026-05-29T17:17:33+12:00 scalar diagnostics {'step': 95, 'time': 0.9500000000000006, 'dt': 0.01, 'total_energy': 2.0105196468433945e-16}
2026-05-29T17:17:33+12:00 progress {'step': 100, 'time': 1.0000000000000007, 'dt': 0.01}
2026-05-29T17:17:33+12:00 scalar diagnostics {'step': 126, 'time': 1.260000000000001, 'dt': 0.01, 'total_energy': 8.510899349671809e-16}
2026-05-29T17:17:33+12:00 scalar diagnostics {'step': 158, 'time': 1.5800000000000012, 'dt': 0.01, 'total_energy': 3.1566967087581965e-15}
2026-05-29T17:17:33+12:00 scalar diagnostics {'step': 189, 'time': 1.8900000000000015, 'dt': 0.01, 'total_energy': 1.0264506335858712e-14}
2026-05-29T17:17:33+12:00 progress {'step': 200, 'time': 2.0000000000000013, 'dt': 0.01}
2026-05-29T17:17:33+12:00 scalar diagnostics {'step': 220, 'time': 2.199999999999997, 'dt': 0.01, 'total_energy': 3.178114103440208e-14}
2026-05-29T17:17:33+12:00 scalar diagnostics {'step': 252, 'time': 2.5199999999999902, 'dt': 0.01, 'total_energy': 9.913413689355708e-14}
2026-05-29T17:17:34+12:00 scalar diagnostics {'step': 283, 'time': 2.8299999999999836, 'dt': 0.01, 'total_energy': 2.936536703602543e-13}
2026-05-29T17:17:34+12:00 progress {'step': 300, 'time': 2.99999999999998, 'dt': 0.01}
2026-05-29T17:17:34+12:00 scalar diagnostics {'step': 315, 'time': 3.149999999999977, 'dt': 0.01, 'total_energy': 8.922930838278466e-13}
2026-05-29T17:17:34+12:00 scalar diagnostics {'step': 346, 'time': 3.45999999999997, 'dt': 0.01, 'total_energy': 2.604708877362303e-12}
2026-05-29T17:17:34+12:00 scalar diagnostics {'step': 377, 'time': 3.7699999999999636, 'dt': 0.01, 'total_energy': 7.580061182261206e-12}
2026-05-29T17:17:34+12:00 progress {'step': 400, 'time': 3.9999999999999587, 'dt': 0.01}
2026-05-29T17:17:34+12:00 scalar diagnostics {'step': 409, 'time': 4.089999999999957, 'dt': 0.01, 'total_energy': 2.2789355567454904e-11}
2026-05-29T17:17:34+12:00 scalar diagnostics {'step': 440, 'time': 4.399999999999951, 'dt': 0.01, 'total_energy': 6.612852835307282e-11}
2026-05-29T17:17:34+12:00 scalar diagnostics {'step': 472, 'time': 4.719999999999944, 'dt': 0.01, 'total_energy': 1.9846893190770026e-10}
2026-05-29T17:17:35+12:00 progress {'step': 500, 'time': 4.999999999999938, 'dt': 0.01}
2026-05-29T17:17:35+12:00 scalar diagnostics {'step': 503, 'time': 5.029999999999937, 'dt': 0.01, 'total_energy': 5.753384888093796e-10}
2026-05-29T17:17:35+12:00 scalar diagnostics {'step': 535, 'time': 5.34999999999993, 'dt': 0.01, 'total_energy': 1.7257220988712413e-09}
2026-05-29T17:17:35+12:00 scalar diagnostics {'step': 566, 'time': 5.659999999999924, 'dt': 0.01, 'total_energy': 5.001004998470402e-09}
2026-05-29T17:17:35+12:00 scalar diagnostics {'step': 597, 'time': 5.969999999999917, 'dt': 0.01, 'total_energy': 1.449149252707024e-08}
2026-05-29T17:17:35+12:00 progress {'step': 600, 'time': 5.9999999999999165, 'dt': 0.01}
2026-05-29T17:17:35+12:00 scalar diagnostics {'step': 629, 'time': 6.28999999999991, 'dt': 0.01, 'total_energy': 4.345654653801671e-08}
2026-05-29T17:17:35+12:00 scalar diagnostics {'step': 660, 'time': 6.599999999999904, 'dt': 0.01, 'total_energy': 1.2591638451112836e-07}
2026-05-29T17:17:35+12:00 scalar diagnostics {'step': 692, 'time': 6.919999999999897, 'dt': 0.01, 'total_energy': 3.775782875129088e-07}
2026-05-29T17:17:35+12:00 progress {'step': 700, 'time': 6.999999999999895, 'dt': 0.01}
2026-05-29T17:17:36+12:00 scalar diagnostics {'step': 723, 'time': 7.22999999999989, 'dt': 0.01, 'total_energy': 1.0940175236436059e-06}
2026-05-29T17:17:36+12:00 scalar diagnostics {'step': 754, 'time': 7.539999999999884, 'dt': 0.01, 'total_energy': 3.169855574823865e-06}
2026-05-29T17:17:36+12:00 scalar diagnostics {'step': 786, 'time': 7.859999999999877, 'dt': 0.01, 'total_energy': 9.505109393353225e-06}
2026-05-29T17:17:36+12:00 progress {'step': 800, 'time': 7.999999999999874, 'dt': 0.01}
2026-05-29T17:17:36+12:00 scalar diagnostics {'step': 817, 'time': 8.16999999999987, 'dt': 0.01, 'total_energy': 2.7540407963447913e-05}
2026-05-29T17:17:36+12:00 scalar diagnostics {'step': 849, 'time': 8.489999999999863, 'dt': 0.01, 'total_energy': 8.258227483148563e-05}
2026-05-29T17:17:36+12:00 scalar diagnostics {'step': 880, 'time': 8.799999999999857, 'dt': 0.01, 'total_energy': 0.00023927616043041412}
2026-05-29T17:17:36+12:00 progress {'step': 900, 'time': 8.999999999999853, 'dt': 0.01}
2026-05-29T17:17:36+12:00 scalar diagnostics {'step': 912, 'time': 9.11999999999985, 'dt': 0.01, 'total_energy': 0.000717489428004087}
2026-05-29T17:17:37+12:00 scalar diagnostics {'step': 943, 'time': 9.429999999999843, 'dt': 0.01, 'total_energy': 0.0020788725818313295}
2026-05-29T17:17:37+12:00 scalar diagnostics {'step': 974, 'time': 9.739999999999837, 'dt': 0.01, 'total_energy': 0.006023378980154617}
2026-05-29T17:17:37+12:00 progress {'step': 1000, 'time': 9.999999999999831, 'dt': 0.01}
2026-05-29T17:17:37+12:00 scalar diagnostics {'step': 1006, 'time': 10.05999999999983, 'dt': 0.01, 'total_energy': 0.018061595042429185}
2026-05-29T17:17:37+12:00 scalar diagnostics {'step': 1037, 'time': 10.369999999999823, 'dt': 0.01, 'total_energy': 0.05233212544528998}
2026-05-29T17:17:37+12:00 scalar diagnostics {'step': 1069, 'time': 10.689999999999817, 'dt': 0.01, 'total_energy': 0.15692215318358235}
2026-05-29T17:17:37+12:00 progress {'step': 1100, 'time': 10.99999999999981, 'dt': 0.01}
2026-05-29T17:17:37+12:00 scalar diagnostics {'step': 1100, 'time': 10.99999999999981, 'dt': 0.01, 'total_energy': 0.45467022705929055}
2026-05-29T17:17:37+12:00 scalar diagnostics {'step': 1131, 'time': 11.309999999999803, 'dt': 0.01, 'total_energy': 1.3173730391294463}
2026-05-29T17:17:38+12:00 scalar diagnostics {'step': 1163, 'time': 11.629999999999797, 'dt': 0.01, 'total_energy': 3.9502505741511658}
2026-05-29T17:17:38+12:00 scalar diagnostics {'step': 1194, 'time': 11.93999999999979, 'dt': 0.01, 'total_energy': 11.445556049901832}
2026-05-29T17:17:38+12:00 progress {'step': 1200, 'time': 11.999999999999789, 'dt': 0.01}
2026-05-29T17:17:38+12:00 scalar diagnostics {'step': 1226, 'time': 12.259999999999783, 'dt': 0.01, 'total_energy': 34.320433791871984}
2026-05-29T17:17:38+12:00 scalar diagnostics {'step': 1257, 'time': 12.569999999999776, 'dt': 0.01, 'total_energy': 99.44089376668862}
2026-05-29T17:17:38+12:00 scalar diagnostics {'step': 1289, 'time': 12.88999999999977, 'dt': 0.01, 'total_energy': 298.18163407707954}
2026-05-29T17:17:38+12:00 progress {'step': 1300, 'time': 12.999999999999767, 'dt': 0.01}
2026-05-29T17:17:38+12:00 scalar diagnostics {'step': 1320, 'time': 13.199999999999763, 'dt': 0.01, 'total_energy': 863.9590150162421}
2026-05-29T17:17:38+12:00 scalar diagnostics {'step': 1351, 'time': 13.509999999999756, 'dt': 0.01, 'total_energy': 2503.256720730738}
2026-05-29T17:17:39+12:00 scalar diagnostics {'step': 1383, 'time': 13.82999999999975, 'dt': 0.01, 'total_energy': 7506.219531961082}
2026-05-29T17:17:39+12:00 progress {'step': 1400, 'time': 13.999999999999746, 'dt': 0.01}
2026-05-29T17:17:39+12:00 scalar diagnostics {'step': 1414, 'time': 14.139999999999743, 'dt': 0.01, 'total_energy': 21748.710483953342}
2026-05-29T17:17:39+12:00 scalar diagnostics {'step': 1446, 'time': 14.459999999999736, 'dt': 0.01, 'total_energy': 65215.28297961576}
2026-05-29T17:17:39+12:00 scalar diagnostics {'step': 1477, 'time': 14.76999999999973, 'dt': 0.01, 'total_energy': 188956.41175072745}
2026-05-29T17:17:39+12:00 progress {'step': 1500, 'time': 14.999999999999725, 'dt': 0.01}
2026-05-29T17:17:39+12:00 scalar diagnostics {'step': 1508, 'time': 15.079999999999723, 'dt': 0.01, 'total_energy': 547487.0906018934}
2026-05-29T17:17:39+12:00 scalar diagnostics {'step': 1540, 'time': 15.399999999999716, 'dt': 0.01, 'total_energy': 1641684.7134979886}
2026-05-29T17:17:40+12:00 scalar diagnostics {'step': 1571, 'time': 15.70999999999971, 'dt': 0.01, 'total_energy': 4756658.846022177}
2026-05-29T17:17:40+12:00 progress {'step': 1600, 'time': 15.999999999999703, 'dt': 0.01}
2026-05-29T17:17:40+12:00 scalar diagnostics {'step': 1603, 'time': 16.029999999999706, 'dt': 0.01, 'total_energy': 14263229.670314167}
2026-05-29T17:17:40+12:00 scalar diagnostics {'step': 1634, 'time': 16.339999999999755, 'dt': 0.01, 'total_energy': 41326642.70195155}
2026-05-29T17:17:40+12:00 scalar diagnostics {'step': 1666, 'time': 16.659999999999805, 'dt': 0.01, 'total_energy': 123921310.1972517}
2026-05-29T17:17:40+12:00 scalar diagnostics {'step': 1697, 'time': 16.969999999999853, 'dt': 0.01, 'total_energy': 359052741.0729977}
2026-05-29T17:17:40+12:00 progress {'step': 1700, 'time': 16.999999999999858, 'dt': 0.01}
2026-05-29T17:17:40+12:00 scalar diagnostics {'step': 1728, 'time': 17.2799999999999, 'dt': 0.01, 'total_energy': 1040328500.9395888}
2026-05-29T17:17:41+12:00 scalar diagnostics {'step': 1760, 'time': 17.59999999999995, 'dt': 0.01, 'total_energy': 3119509895.870927}
2026-05-29T17:17:41+12:00 scalar diagnostics {'step': 1791, 'time': 17.91, 'dt': 0.01, 'total_energy': 9038546938.636059}
2026-05-29T17:17:41+12:00 progress {'step': 1800, 'time': 18.000000000000014, 'dt': 0.01}
2026-05-29T17:17:41+12:00 scalar diagnostics {'step': 1823, 'time': 18.23000000000005, 'dt': 0.01, 'total_energy': 27102820497.480946}
2026-05-29T17:17:41+12:00 scalar diagnostics {'step': 1854, 'time': 18.5400000000001, 'dt': 0.01, 'total_energy': 78528398182.1759}
2026-05-29T17:17:41+12:00 scalar diagnostics {'step': 1885, 'time': 18.850000000000147, 'dt': 0.01, 'total_energy': 227530168737.6607}
2026-05-29T17:17:41+12:00 progress {'step': 1900, 'time': 19.00000000000017, 'dt': 0.01}
2026-05-29T17:17:41+12:00 scalar diagnostics {'step': 1917, 'time': 19.170000000000197, 'dt': 0.01, 'total_energy': 682267776328.7646}
2026-05-29T17:17:41+12:00 scalar diagnostics {'step': 1948, 'time': 19.480000000000246, 'dt': 0.01, 'total_energy': 1976819925861.227}
2026-05-29T17:17:42+12:00 scalar diagnostics {'step': 1980, 'time': 19.800000000000296, 'dt': 0.01, 'total_energy': 5927655846713.891}
2026-05-29T17:17:42+12:00 progress {'step': 2000, 'time': 20.0, 'dt': 0.009999999999674714}
2026-05-29T17:17:42+12:00 scalar diagnostics {'step': 2000, 'time': 20.0, 'dt': 0.009999999999674714, 'total_energy': 11774850463119.275}
2026-05-29T17:17:42+12:00 run complete {'backend': 'numpy', 'equation_set': 'inhomogeneous_rmhd_s', 'equation_mode': 'linear', 'grid': [16, 16, 16], 'steps': 2000, 't_final': 20.0, 'dt_last': 0.009999999999674714, 'total_energy_initial': 2.1797928651349613e-24, 'total_energy_final': 11774850463119.275, 'psi_hat_max_abs': 5.28207615544599e-10, 'output_dir': 'C:\\Users\\naoki\\Downloads\\rmhd-gpu-new\\rmhdgpu\\diagnostics\\kz_scan\\runs_nokia_s\\kz_00', 'scalar_diagnostics_csv': 'C:\\Users\\naoki\\Downloads\\rmhd-gpu-new\\rmhdgpu\\diagnostics\\kz_scan\\runs_nokia_s\\kz_00\\scalar_diagnostics.csv'}
