2026-06-10T10:34:43+12:00 run start {'title': 'Inhomogeneous rmhd simulation test', 'input_file': 'C:\\Users\\naoki\\Downloads\\rmhd-gpu-new\\examples\\nokias_inhomogeneous.input', 'output_dir': 'C:\\Users\\naoki\\Downloads\\rmhd-gpu-new\\examples\\outputs_nokia_rmhd_s_3_linear', 'backend': 'numpy', 'equation_set': 'inhomogeneous_rmhd_s', 'equation_mode': 'linear', 'grid': [32, 32, 32], 'output_cadences': {'scalar': 0.25, 'spectra': 0.0, 'full_field': 0.0}, 'hostname': 'Naoki', 'python_executable': 'C:\\Users\\naoki\\AppData\\Local\\Programs\\Python\\Python313\\python.exe', 'git_commit': 'cde2789c3d6596cb8e14f232da25acf4598750f1', 'command': "'C:\\Users\\naoki\\Downloads\\rmhd-gpu-new\\rmhdgpu\\run.py' '.\\examples\\nokias_inhomogeneous.input'"}
2026-06-10T10:34:43+12:00 run setup {'resolved_output_dir': 'C:\\Users\\naoki\\Downloads\\rmhd-gpu-new\\examples\\outputs_nokia_rmhd_s_3_linear', 'input_file': 'C:\\Users\\naoki\\Downloads\\rmhd-gpu-new\\examples\\nokias_inhomogeneous.input', 'backend': 'numpy', 'equation_set': 'inhomogeneous_rmhd_s', 'equation_mode': 'linear', 'grid': [32, 32, 32], 'output_cadences': {'scalar': 0.25, 'spectra': 0.0, 'full_field': 0.0}, 'dissipation_mode': 'auto', 'initial_condition': {'type': 'random_spectrum', 'parameters': {'n_min': 1.0, 'n_max': 3.0, 'alpha': 0.0, 'init_energy': 0.75, 'seed': 1, 'exclude_kpar0': True}}}
2026-06-10T10:34:43+12:00 scalar diagnostics {'step': 0, 'time': 0.0, 'dt': 0.0, 'total_energy': 0.75}
2026-06-10T10:34:43+12:00 scalar diagnostics {'step': 6, 'time': 0.29332239665899223, 'dt': 0.051332729139646795, 'total_energy': 0.7630678335731447}
2026-06-10T10:34:44+12:00 scalar diagnostics {'step': 10, 'time': 0.5174809689626788, 'dt': 0.05958219533872006, 'total_energy': 0.7718589029796059}
2026-06-10T10:34:44+12:00 scalar diagnostics {'step': 15, 'time': 0.8085794447017272, 'dt': 0.061816238642230584, 'total_energy': 0.7507491658386642}
2026-06-10T10:34:44+12:00 scalar diagnostics {'step': 19, 'time': 1.039205169785769, 'dt': 0.05590028503134076, 'total_energy': 0.7263110289140656}
2026-06-10T10:34:44+12:00 scalar diagnostics {'step': 23, 'time': 1.2592818638858254, 'dt': 0.054483131767075144, 'total_energy': 0.7239730781064335}
2026-06-10T10:34:44+12:00 scalar diagnostics {'step': 28, 'time': 1.5345273625482903, 'dt': 0.05554171470639851, 'total_energy': 0.7547925472300298}
2026-06-10T10:34:44+12:00 scalar diagnostics {'step': 33, 'time': 1.7975368496884991, 'dt': 0.04844381613772836, 'total_energy': 0.7966286723762539}
2026-06-10T10:34:44+12:00 scalar diagnostics {'step': 38, 'time': 2.02783630888533, 'dt': 0.04567066824930783, 'total_energy': 0.8301297392567113}
2026-06-10T10:34:44+12:00 scalar diagnostics {'step': 43, 'time': 2.2622299196456574, 'dt': 0.047786841203871465, 'total_energy': 0.8583381977871902}
2026-06-10T10:34:45+12:00 scalar diagnostics {'step': 48, 'time': 2.5157787773508704, 'dt': 0.053569184571366446, 'total_energy': 0.8796419673364596}
2026-06-10T10:34:45+12:00 scalar diagnostics {'step': 53, 'time': 2.7865927422981938, 'dt': 0.05399743185581254, 'total_energy': 0.8960212993019738}
2026-06-10T10:34:45+12:00 scalar diagnostics {'step': 58, 'time': 3.042222850124031, 'dt': 0.04962303880524283, 'total_energy': 0.9192138701771164}
2026-06-10T10:34:45+12:00 scalar diagnostics {'step': 63, 'time': 3.287628239487332, 'dt': 0.049066101469623674, 'total_energy': 0.9519021275792791}
2026-06-10T10:34:45+12:00 scalar diagnostics {'step': 68, 'time': 3.531670271331611, 'dt': 0.04709034252975741, 'total_energy': 0.9837658997651819}
2026-06-10T10:34:45+12:00 scalar diagnostics {'step': 73, 'time': 3.751196295070791, 'dt': 0.042101035259058804, 'total_energy': 1.0074731504310597}
2026-06-10T10:34:45+12:00 scalar diagnostics {'step': 80, 'time': 4.030643897876493, 'dt': 0.03898330643737828, 'total_energy': 1.039669322883537}
2026-06-10T10:34:46+12:00 scalar diagnostics {'step': 86, 'time': 4.265308462957662, 'dt': 0.03948430219015959, 'total_energy': 1.0708852686467452}
2026-06-10T10:34:46+12:00 scalar diagnostics {'step': 92, 'time': 4.511421308459179, 'dt': 0.04175046382707111, 'total_energy': 1.0986963605791509}
2026-06-10T10:34:46+12:00 scalar diagnostics {'step': 98, 'time': 4.763458384901384, 'dt': 0.041347489762712616, 'total_energy': 1.1218684555162683}
2026-06-10T10:34:46+12:00 progress {'step': 100, 'time': 4.8445860843392525, 'dt': 0.04031707799924436}
2026-06-10T10:34:46+12:00 scalar diagnostics {'step': 104, 'time': 5.001794736532838, 'dt': 0.03878137111906466, 'total_energy': 1.152413477455589}
2026-06-10T10:34:46+12:00 scalar diagnostics {'step': 111, 'time': 5.2681795810048975, 'dt': 0.03783692776054025, 'total_energy': 1.1986375933024083}
2026-06-10T10:34:46+12:00 scalar diagnostics {'step': 118, 'time': 5.537759684130387, 'dt': 0.039428307724049955, 'total_energy': 1.2329166793324826}
2026-06-10T10:34:47+12:00 scalar diagnostics {'step': 124, 'time': 5.772755907298899, 'dt': 0.038318987755026276, 'total_energy': 1.2413711197627457}
2026-06-10T10:34:47+12:00 scalar diagnostics {'step': 131, 'time': 6.034698765981062, 'dt': 0.0371755490575378, 'total_energy': 1.2465035072275636}
2026-06-10T10:34:47+12:00 scalar diagnostics {'step': 137, 'time': 6.261750681089131, 'dt': 0.03864229767715311, 'total_energy': 1.2622265688134275}
2026-06-10T10:34:47+12:00 scalar diagnostics {'step': 143, 'time': 6.503403558278811, 'dt': 0.04116808437034809, 'total_energy': 1.2830595945406542}
2026-06-10T10:34:47+12:00 scalar diagnostics {'step': 150, 'time': 6.78430628694581, 'dt': 0.03942655845190025, 'total_energy': 1.2940008026040029}
2026-06-10T10:34:48+12:00 scalar diagnostics {'step': 156, 'time': 7.018443334200008, 'dt': 0.0386815984188038, 'total_energy': 1.2935618102199082}
2026-06-10T10:34:48+12:00 scalar diagnostics {'step': 162, 'time': 7.250712802389805, 'dt': 0.03893442433378699, 'total_energy': 1.2923339303897432}
2026-06-10T10:34:48+12:00 scalar diagnostics {'step': 169, 'time': 7.524634112137806, 'dt': 0.038638289631122515, 'total_energy': 1.2890125251470672}
2026-06-10T10:34:48+12:00 scalar diagnostics {'step': 176, 'time': 7.785065510199808, 'dt': 0.03653946386441095, 'total_energy': 1.2827003717768328}
2026-06-10T10:34:48+12:00 scalar diagnostics {'step': 182, 'time': 8.008126706919063, 'dt': 0.03823283298604532, 'total_energy': 1.2809012214449587}
2026-06-10T10:34:49+12:00 scalar diagnostics {'step': 189, 'time': 8.290385718072772, 'dt': 0.041034789924938996, 'total_energy': 1.280855848105248}
2026-06-10T10:34:49+12:00 scalar diagnostics {'step': 195, 'time': 8.541109692682097, 'dt': 0.0423365844260075, 'total_energy': 1.2633173144903576}
2026-06-10T10:34:49+12:00 progress {'step': 200, 'time': 8.74877909875709, 'dt': 0.041020831811789144}
2026-06-10T10:34:49+12:00 scalar diagnostics {'step': 201, 'time': 8.789715103032059, 'dt': 0.04093600427496824, 'total_energy': 1.223890863183986}
2026-06-10T10:34:49+12:00 scalar diagnostics {'step': 207, 'time': 9.038372313607766, 'dt': 0.04231597465639986, 'total_energy': 1.186351621525819}
2026-06-10T10:34:49+12:00 scalar diagnostics {'step': 213, 'time': 9.285223108807056, 'dt': 0.039496747340270276, 'total_energy': 1.1720573966874888}
2026-06-10T10:34:50+12:00 scalar diagnostics {'step': 219, 'time': 9.51278144118689, 'dt': 0.03709342125528488, 'total_energy': 1.1693909902121247}
2026-06-10T10:34:50+12:00 scalar diagnostics {'step': 226, 'time': 9.768999088313906, 'dt': 0.03651950354304867, 'total_energy': 1.1513254998399172}
2026-06-10T10:34:50+12:00 scalar diagnostics {'step': 233, 'time': 10.031058018563987, 'dt': 0.03854306523436335, 'total_energy': 1.1093863273565838}
2026-06-10T10:34:50+12:00 scalar diagnostics {'step': 239, 'time': 10.273939937720156, 'dt': 0.04209296916798181, 'total_energy': 1.0654826784159386}
2026-06-10T10:34:50+12:00 scalar diagnostics {'step': 245, 'time': 10.543021509885353, 'dt': 0.047093500697624545, 'total_energy': 1.0241390771096306}
2026-06-10T10:34:51+12:00 scalar diagnostics {'step': 250, 'time': 10.786511437121925, 'dt': 0.04969602631237933, 'total_energy': 0.9920965682312085}
2026-06-10T10:34:51+12:00 scalar diagnostics {'step': 255, 'time': 11.040648423811326, 'dt': 0.05144450912428789, 'total_energy': 0.96352170829672}
2026-06-10T10:34:51+12:00 scalar diagnostics {'step': 260, 'time': 11.297779523264227, 'dt': 0.05089337072831871, 'total_energy': 0.9398637594419732}
2026-06-10T10:34:51+12:00 scalar diagnostics {'step': 265, 'time': 11.545541109992499, 'dt': 0.048882531006781534, 'total_energy': 0.9156509557514816}
2026-06-10T10:34:51+12:00 scalar diagnostics {'step': 270, 'time': 11.78893181498494, 'dt': 0.04837773820591984, 'total_energy': 0.8874283265967601}
2026-06-10T10:34:51+12:00 scalar diagnostics {'step': 275, 'time': 12.026770354020545, 'dt': 0.047471671168241664, 'total_energy': 0.8640234405741822}
2026-06-10T10:34:52+12:00 scalar diagnostics {'step': 281, 'time': 12.291022476167859, 'dt': 0.043078416099062884, 'total_energy': 0.8505746615021735}
2026-06-10T10:34:52+12:00 scalar diagnostics {'step': 286, 'time': 12.51470976457658, 'dt': 0.04679229761024196, 'total_energy': 0.8411044452231978}
2026-06-10T10:34:52+12:00 scalar diagnostics {'step': 291, 'time': 12.772495266422714, 'dt': 0.05352353732100885, 'total_energy': 0.8193683070426192}
2026-06-10T10:34:52+12:00 scalar diagnostics {'step': 296, 'time': 13.057418198737125, 'dt': 0.05906234823469819, 'total_energy': 0.7882775657984004}
2026-06-10T10:34:52+12:00 progress {'step': 300, 'time': 13.295880205995983, 'dt': 0.05958572902335172}
2026-06-10T10:34:52+12:00 scalar diagnostics {'step': 300, 'time': 13.295880205995983, 'dt': 0.05958572902335172, 'total_energy': 0.7683956325217125}
2026-06-10T10:34:52+12:00 scalar diagnostics {'step': 304, 'time': 13.51158280634902, 'dt': 0.05262014263843582, 'total_energy': 0.7538640127650449}
2026-06-10T10:34:53+12:00 scalar diagnostics {'step': 309, 'time': 13.793338664714657, 'dt': 0.05825605868077363, 'total_energy': 0.7354825591678908}
2026-06-10T10:34:53+12:00 scalar diagnostics {'step': 313, 'time': 14.027241593276381, 'dt': 0.05883692448072426, 'total_energy': 0.7307488598308083}
2026-06-10T10:34:53+12:00 scalar diagnostics {'step': 317, 'time': 14.270950785862716, 'dt': 0.06162371551089985, 'total_energy': 0.7436666202626305}
2026-06-10T10:34:53+12:00 scalar diagnostics {'step': 321, 'time': 14.501021625903391, 'dt': 0.05196822009761658, 'total_energy': 0.7590267869624984}
2026-06-10T10:34:53+12:00 scalar diagnostics {'step': 327, 'time': 14.789141800461493, 'dt': 0.04879761351008334, 'total_energy': 0.7584186351179809}
2026-06-10T10:34:53+12:00 scalar diagnostics {'step': 332, 'time': 15.046693885967876, 'dt': 0.050579637289815974, 'total_energy': 0.7516285094625195}
2026-06-10T10:34:54+12:00 scalar diagnostics {'step': 337, 'time': 15.29285264206992, 'dt': 0.048718065677667566, 'total_energy': 0.7647810174416545}
2026-06-10T10:34:54+12:00 scalar diagnostics {'step': 342, 'time': 15.538608069970243, 'dt': 0.04985761128615753, 'total_energy': 0.7916265612329011}
2026-06-10T10:34:54+12:00 scalar diagnostics {'step': 347, 'time': 15.79832354500794, 'dt': 0.0535667308959878, 'total_energy': 0.8062410179177399}
2026-06-10T10:34:54+12:00 scalar diagnostics {'step': 351, 'time': 16.01300800971723, 'dt': 0.05420544486224659, 'total_energy': 0.8015092130754069}
2026-06-10T10:34:54+12:00 scalar diagnostics {'step': 356, 'time': 16.299893015376192, 'dt': 0.05862877536821701, 'total_energy': 0.7924625178019358}
2026-06-10T10:34:55+12:00 scalar diagnostics {'step': 360, 'time': 16.53821907928554, 'dt': 0.06007468315069376, 'total_energy': 0.7959153288303957}
2026-06-10T10:34:55+12:00 scalar diagnostics {'step': 364, 'time': 16.779257378252275, 'dt': 0.05977285377374411, 'total_energy': 0.8093479042104552}
2026-06-10T10:34:55+12:00 scalar diagnostics {'step': 368, 'time': 17.005023234651432, 'dt': 0.05440864298605059, 'total_energy': 0.8316544082274853}
2026-06-10T10:34:55+12:00 scalar diagnostics {'step': 373, 'time': 17.262662124174703, 'dt': 0.050187994919084294, 'total_energy': 0.8697962547134209}
2026-06-10T10:34:55+12:00 scalar diagnostics {'step': 378, 'time': 17.504301121144973, 'dt': 0.047597099002269876, 'total_energy': 0.9075319034749851}
2026-06-10T10:34:55+12:00 scalar diagnostics {'step': 384, 'time': 17.783399232280114, 'dt': 0.04519800468734823, 'total_energy': 0.9377792567999969}
2026-06-10T10:34:55+12:00 scalar diagnostics {'step': 389, 'time': 18.00634140019902, 'dt': 0.04436816079177497, 'total_energy': 0.9567944118101671}
2026-06-10T10:34:56+12:00 scalar diagnostics {'step': 395, 'time': 18.275070570695135, 'dt': 0.04614674296888705, 'total_energy': 0.9884593651745208}
2026-06-10T10:34:56+12:00 progress {'step': 400, 'time': 18.51231410119115, 'dt': 0.04738876156030301}
2026-06-10T10:34:56+12:00 scalar diagnostics {'step': 400, 'time': 18.51231410119115, 'dt': 0.04738876156030301, 'total_energy': 1.0202701455452043}
2026-06-10T10:34:56+12:00 scalar diagnostics {'step': 405, 'time': 18.751728106215495, 'dt': 0.04831981238067323, 'total_energy': 1.0433547628774535}
2026-06-10T10:34:56+12:00 scalar diagnostics {'step': 411, 'time': 19.044353985693093, 'dt': 0.04899204086629579, 'total_energy': 1.062875679418785}
2026-06-10T10:34:56+12:00 scalar diagnostics {'step': 416, 'time': 19.294699430022717, 'dt': 0.050356126134023745, 'total_energy': 1.0863559342298383}
2026-06-10T10:34:56+12:00 scalar diagnostics {'step': 421, 'time': 19.537317080372475, 'dt': 0.04750387834119191, 'total_energy': 1.1147834637615317}
2026-06-10T10:34:57+12:00 scalar diagnostics {'step': 426, 'time': 19.767864867867903, 'dt': 0.04481610548412695, 'total_energy': 1.1424166416849397}
2026-06-10T10:34:57+12:00 scalar diagnostics {'step': 432, 'time': 20.01201776467142, 'dt': 0.0385319809261026, 'total_energy': 1.1785715162396069}
2026-06-10T10:34:57+12:00 scalar diagnostics {'step': 439, 'time': 20.273525460883533, 'dt': 0.03725576031300736, 'total_energy': 1.2289952882787603}
2026-06-10T10:34:57+12:00 scalar diagnostics {'step': 445, 'time': 20.500462980123967, 'dt': 0.03771528122454089, 'total_energy': 1.2649889153929068}
2026-06-10T10:34:58+12:00 scalar diagnostics {'step': 452, 'time': 20.767444967595345, 'dt': 0.038697255005013524, 'total_energy': 1.2734771377378897}
2026-06-10T10:34:58+12:00 scalar diagnostics {'step': 458, 'time': 21.003060501896027, 'dt': 0.03984397102191901, 'total_energy': 1.2605642951114786}
2026-06-10T10:34:58+12:00 scalar diagnostics {'step': 465, 'time': 21.289215345262654, 'dt': 0.042607927304794097, 'total_energy': 1.2590435057107319}
2026-06-10T10:34:58+12:00 scalar diagnostics {'step': 470, 'time': 21.508458124442917, 'dt': 0.04425732837992879, 'total_energy': 1.2745946484531108}
2026-06-10T10:34:58+12:00 scalar diagnostics {'step': 476, 'time': 21.773277319611896, 'dt': 0.043003471710552583, 'total_energy': 1.28963588011132}
2026-06-10T10:34:59+12:00 scalar diagnostics {'step': 482, 'time': 22.023900656611023, 'dt': 0.04168257676341293, 'total_energy': 1.2868004164076863}
2026-06-10T10:34:59+12:00 scalar diagnostics {'step': 488, 'time': 22.267196161577285, 'dt': 0.039329861764413825, 'total_energy': 1.2759955201014668}
2026-06-10T10:34:59+12:00 scalar diagnostics {'step': 495, 'time': 22.53325575994258, 'dt': 0.037319885053185745, 'total_energy': 1.2630697659247467}
2026-06-10T10:34:59+12:00 progress {'step': 500, 'time': 22.719227467716525, 'dt': 0.03727610488620387}
2026-06-10T10:34:59+12:00 scalar diagnostics {'step': 501, 'time': 22.75664776397665, 'dt': 0.03742029626012274, 'total_energy': 1.2496163873238453}
2026-06-10T10:34:59+12:00 scalar diagnostics {'step': 508, 'time': 23.024503469962365, 'dt': 0.03904614749132617, 'total_energy': 1.233215223787867}
2026-06-10T10:35:00+12:00 scalar diagnostics {'step': 514, 'time': 23.26710165481034, 'dt': 0.04133953009350347, 'total_energy': 1.22391743260083}
2026-06-10T10:35:00+12:00 scalar diagnostics {'step': 520, 'time': 23.525308866417543, 'dt': 0.04440936351792771, 'total_energy': 1.2124881242300432}
2026-06-10T10:35:00+12:00 scalar diagnostics {'step': 525, 'time': 23.751359202194255, 'dt': 0.045072390068702686, 'total_energy': 1.1898354285352397}
2026-06-10T10:35:00+12:00 scalar diagnostics {'step': 531, 'time': 24.0232484810173, 'dt': 0.04509079912881892, 'total_energy': 1.151742530175109}
2026-06-10T10:35:00+12:00 scalar diagnostics {'step': 537, 'time': 24.292037915259346, 'dt': 0.0447670615358638, 'total_energy': 1.1239818314938645}
2026-06-10T10:35:01+12:00 scalar diagnostics {'step': 542, 'time': 24.515191113475147, 'dt': 0.04441849044545134, 'total_energy': 1.11073691954548}
2026-06-10T10:35:01+12:00 scalar diagnostics {'step': 548, 'time': 24.770761639997275, 'dt': 0.041665264947424424, 'total_energy': 1.0893332601099304}
2026-06-10T10:35:01+12:00 scalar diagnostics {'step': 554, 'time': 25.01881665453599, 'dt': 0.041440489459783576, 'total_energy': 1.0532007150911968}
2026-06-10T10:35:01+12:00 scalar diagnostics {'step': 560, 'time': 25.27344259900477, 'dt': 0.043437885575656414, 'total_energy': 1.0118613790836553}
2026-06-10T10:35:01+12:00 scalar diagnostics {'step': 566, 'time': 25.54242985617593, 'dt': 0.045540357669391913, 'total_energy': 0.9780040618391761}
2026-06-10T10:35:02+12:00 scalar diagnostics {'step': 571, 'time': 25.762089608995485, 'dt': 0.04286700652848964, 'total_energy': 0.9577581120957932}
2026-06-10T10:35:02+12:00 scalar diagnostics {'step': 577, 'time': 26.015960343131578, 'dt': 0.04257368724905105, 'total_energy': 0.9387428294540334}
2026-06-10T10:35:02+12:00 scalar diagnostics {'step': 583, 'time': 26.28109065862337, 'dt': 0.046095533318516436, 'total_energy': 0.921898004296049}
2026-06-10T10:35:02+12:00 scalar diagnostics {'step': 588, 'time': 26.535857281674282, 'dt': 0.05339295477413843, 'total_energy': 0.9026217621640171}
2026-06-10T10:35:02+12:00 scalar diagnostics {'step': 593, 'time': 26.79921627065805, 'dt': 0.05205264003502595, 'total_energy': 0.8738943420359482}
2026-06-10T10:35:02+12:00 scalar diagnostics {'step': 597, 'time': 27.007275903794987, 'dt': 0.052199938316771256, 'total_energy': 0.8506880330296331}
2026-06-10T10:35:03+12:00 progress {'step': 600, 'time': 27.16585656700788, 'dt': 0.05326441187419877}
2026-06-10T10:35:03+12:00 scalar diagnostics {'step': 602, 'time': 27.27386884285661, 'dt': 0.054266262474989696, 'total_energy': 0.8334770479979612}
2026-06-10T10:35:03+12:00 scalar diagnostics {'step': 607, 'time': 27.552880252284933, 'dt': 0.056649701673844616, 'total_energy': 0.8285754361329928}
2026-06-10T10:35:03+12:00 scalar diagnostics {'step': 611, 'time': 27.772751582366798, 'dt': 0.054312706591734365, 'total_energy': 0.8228775998311771}
2026-06-10T10:35:03+12:00 scalar diagnostics {'step': 616, 'time': 28.022249176806543, 'dt': 0.04588631075463937, 'total_energy': 0.8115515902666891}
2026-06-10T10:35:03+12:00 scalar diagnostics {'step': 622, 'time': 28.275392218225225, 'dt': 0.040843768069571885, 'total_energy': 0.800081038960252}
2026-06-10T10:35:03+12:00 scalar diagnostics {'step': 628, 'time': 28.524472913885848, 'dt': 0.0429368404484097, 'total_energy': 0.7841636053061336}
2026-06-10T10:35:04+12:00 scalar diagnostics {'step': 633, 'time': 28.762304154933098, 'dt': 0.051776562186075764, 'total_energy': 0.757626537793521}
2026-06-10T10:35:04+12:00 scalar diagnostics {'step': 637, 'time': 29.000044588967533, 'dt': 0.062280299179920125, 'total_energy': 0.7326671919956095}
2026-06-10T10:35:04+12:00 scalar diagnostics {'step': 642, 'time': 29.30551714961051, 'dt': 0.061142701989694605, 'total_energy': 0.7388842838254848}
2026-06-10T10:35:04+12:00 scalar diagnostics {'step': 646, 'time': 29.554679879369253, 'dt': 0.062278313073300076, 'total_energy': 0.768848932882235}
2026-06-10T10:35:04+12:00 scalar diagnostics {'step': 650, 'time': 29.797022702630958, 'dt': 0.058538552517935626, 'total_energy': 0.7839059682660566}
2026-06-10T10:35:04+12:00 scalar diagnostics {'step': 654, 'time': 30.016435186769492, 'dt': 0.05194117236051357, 'total_energy': 0.7774505634706516}
2026-06-10T10:35:05+12:00 scalar diagnostics {'step': 659, 'time': 30.25596463382514, 'dt': 0.04598735079621054, 'total_energy': 0.7727605985891028}
2026-06-10T10:35:05+12:00 scalar diagnostics {'step': 665, 'time': 30.530188563164447, 'dt': 0.04623979516625315, 'total_energy': 0.7952245517377217}
2026-06-10T10:35:05+12:00 scalar diagnostics {'step': 670, 'time': 30.7724904324283, 'dt': 0.05047845266895768, 'total_energy': 0.8221622790740011}
2026-06-10T10:35:05+12:00 scalar diagnostics {'step': 675, 'time': 31.050333336939925, 'dt': 0.059109123298449286, 'total_energy': 0.8293653564537433}
2026-06-10T10:35:05+12:00 scalar diagnostics {'step': 679, 'time': 31.281833477834024, 'dt': 0.0570379616759547, 'total_energy': 0.8226366245512365}
2026-06-10T10:35:06+12:00 scalar diagnostics {'step': 683, 'time': 31.510740287407366, 'dt': 0.057979131284313264, 'total_energy': 0.8252832578556842}
2026-06-10T10:35:06+12:00 scalar diagnostics {'step': 688, 'time': 31.78820893486287, 'dt': 0.05440999689953926, 'total_energy': 0.8507216007889901}
2026-06-10T10:35:06+12:00 scalar diagnostics {'step': 693, 'time': 32.035684658526215, 'dt': 0.04716779292794477, 'total_energy': 0.8867492556555454}
2026-06-10T10:35:06+12:00 scalar diagnostics {'step': 698, 'time': 32.26700843381366, 'dt': 0.046231418406457794, 'total_energy': 0.924588910957025}
2026-06-10T10:35:06+12:00 progress {'step': 700, 'time': 32.36009784908376, 'dt': 0.04649469677736663}
2026-06-10T10:35:07+12:00 scalar diagnostics {'step': 704, 'time': 32.54238830762675, 'dt': 0.04533334915135022, 'total_energy': 0.9643306297309537}
2026-06-10T10:35:07+12:00 scalar diagnostics {'step': 709, 'time': 32.769486642090534, 'dt': 0.045800581720945616, 'total_energy': 0.9846367319207201}
2026-06-10T10:35:07+12:00 scalar diagnostics {'step': 715, 'time': 33.04379508707554, 'dt': 0.04513444283133443, 'total_energy': 1.0008936748011523}
2026-06-10T10:35:07+12:00 scalar diagnostics {'step': 720, 'time': 33.26303899560113, 'dt': 0.04283386601103148, 'total_energy': 1.022040773185112}
2026-06-10T10:35:08+12:00 scalar diagnostics {'step': 726, 'time': 33.51749041919496, 'dt': 0.042635093044855375, 'total_energy': 1.05875247167001}
2026-06-10T10:35:08+12:00 scalar diagnostics {'step': 732, 'time': 33.783326046257095, 'dt': 0.04563652135197849, 'total_energy': 1.0927052339271506}
2026-06-10T10:35:08+12:00 scalar diagnostics {'step': 737, 'time': 34.01050658567336, 'dt': 0.04463307925901418, 'total_energy': 1.109531597191785}
2026-06-10T10:35:08+12:00 scalar diagnostics {'step': 743, 'time': 34.271984161376935, 'dt': 0.04328744017158164, 'total_energy': 1.1246900885294742}
2026-06-10T10:35:09+12:00 scalar diagnostics {'step': 749, 'time': 34.53374760345547, 'dt': 0.044011688386130454, 'total_energy': 1.1425077034773845}
2026-06-10T10:35:09+12:00 scalar diagnostics {'step': 754, 'time': 34.757634044745544, 'dt': 0.04523341054459574, 'total_energy': 1.1550188968002966}
2026-06-10T10:35:09+12:00 scalar diagnostics {'step': 760, 'time': 35.02950049277689, 'dt': 0.0447469384519223, 'total_energy': 1.1686317981150027}
2026-06-10T10:35:09+12:00 scalar diagnostics {'step': 766, 'time': 35.28467038559083, 'dt': 0.041633664999641135, 'total_energy': 1.1931909424056417}
2026-06-10T10:35:09+12:00 scalar diagnostics {'step': 772, 'time': 35.53413370178594, 'dt': 0.040767113326911866, 'total_energy': 1.2260900202870806}
2026-06-10T10:35:10+12:00 scalar diagnostics {'step': 778, 'time': 35.765754252088946, 'dt': 0.037241723789534976, 'total_energy': 1.246855966932215}
2026-06-10T10:35:10+12:00 scalar diagnostics {'step': 785, 'time': 36.016752567221815, 'dt': 0.03515831032491474, 'total_energy': 1.250791052718474}
2026-06-10T10:35:10+12:00 scalar diagnostics {'step': 792, 'time': 36.26280247314371, 'dt': 0.03549931084595226, 'total_energy': 1.2483029380931687}
2026-06-10T10:35:10+12:00 scalar diagnostics {'step': 799, 'time': 36.521059092915706, 'dt': 0.038272534545595586, 'total_energy': 1.2477533327625565}
2026-06-10T10:35:10+12:00 progress {'step': 800, 'time': 36.55994115968518, 'dt': 0.03888206676947715}
2026-06-10T10:35:11+12:00 scalar diagnostics {'step': 805, 'time': 36.76539530485886, 'dt': 0.04272373616183137, 'total_energy': 1.2411838407794356}
2026-06-10T10:35:11+12:00 scalar diagnostics {'step': 811, 'time': 37.03432609130991, 'dt': 0.0452016049009302, 'total_energy': 1.2249356406723315}
2026-06-10T10:35:11+12:00 scalar diagnostics {'step': 816, 'time': 37.264100983401164, 'dt': 0.04677155655924884, 'total_energy': 1.2146931173813593}
2026-06-10T10:35:11+12:00 scalar diagnostics {'step': 822, 'time': 37.54087432837997, 'dt': 0.045004777188781826, 'total_energy': 1.2088902169169555}
2026-06-10T10:35:11+12:00 scalar diagnostics {'step': 827, 'time': 37.75792853766392, 'dt': 0.04215948822066151, 'total_energy': 1.1979830410697831}
2026-06-10T10:35:12+12:00 scalar diagnostics {'step': 834, 'time': 38.03349142655786, 'dt': 0.03787293174907998, 'total_energy': 1.1756593124684818}
2026-06-10T10:35:12+12:00 scalar diagnostics {'step': 840, 'time': 38.25750316211292, 'dt': 0.03732037273591081, 'total_energy': 1.16674835061314}
2026-06-10T10:35:12+12:00 scalar diagnostics {'step': 847, 'time': 38.52826053074966, 'dt': 0.04028986649791728, 'total_energy': 1.170500465135845}
2026-06-10T10:35:12+12:00 scalar diagnostics {'step': 853, 'time': 38.78735635644936, 'dt': 0.04445922080544039, 'total_energy': 1.159860591013174}
2026-06-10T10:35:12+12:00 scalar diagnostics {'step': 858, 'time': 39.007634840090375, 'dt': 0.043533145918495934, 'total_energy': 1.1264377776872294}
2026-06-10T10:35:13+12:00 scalar diagnostics {'step': 864, 'time': 39.2678960140785, 'dt': 0.043846284329863136, 'total_energy': 1.0815518795494956}
2026-06-10T10:35:13+12:00 scalar diagnostics {'step': 870, 'time': 39.53530772593965, 'dt': 0.044833575345500074, 'total_energy': 1.063106835508889}
2026-06-10T10:35:13+12:00 scalar diagnostics {'step': 875, 'time': 39.75945133786286, 'dt': 0.04499388034422475, 'total_energy': 1.064611835143304}
2026-06-10T10:35:13+12:00 scalar diagnostics {'step': 881, 'time': 40.03494141285563, 'dt': 0.0464928517408013, 'total_energy': 1.0534899782778726}
2026-06-10T10:35:13+12:00 scalar diagnostics {'step': 886, 'time': 40.26098772712471, 'dt': 0.044695805910015804, 'total_energy': 1.0218961334625012}
2026-06-10T10:35:14+12:00 scalar diagnostics {'step': 892, 'time': 40.529058254223564, 'dt': 0.04505606344526629, 'total_energy': 0.9725706565606536}
2026-06-10T10:35:14+12:00 scalar diagnostics {'step': 897, 'time': 40.76057207143053, 'dt': 0.04714409669275187, 'total_energy': 0.935672111562816}
2026-06-10T10:35:14+12:00 progress {'step': 900, 'time': 40.90515001007098, 'dt': 0.04874768288877791}
2026-06-10T10:35:14+12:00 scalar diagnostics {'step': 902, 'time': 41.004396804941635, 'dt': 0.04991785542702889, 'total_energy': 0.9096652722537413}
2026-06-10T10:35:14+12:00 scalar diagnostics {'step': 907, 'time': 41.262286199102924, 'dt': 0.05253754666930587, 'total_energy': 0.8949695730408289}
2026-06-10T10:35:14+12:00 scalar diagnostics {'step': 912, 'time': 41.526111023117174, 'dt': 0.051382230333143264, 'total_energy': 0.8839293532559314}
2026-06-10T10:35:15+12:00 scalar diagnostics {'step': 917, 'time': 41.782457632527816, 'dt': 0.05116074967055704, 'total_energy': 0.8660754556361161}
2026-06-10T10:35:15+12:00 scalar diagnostics {'step': 922, 'time': 42.0396174190894, 'dt': 0.05179499284732931, 'total_energy': 0.8432451792349652}
2026-06-10T10:35:15+12:00 scalar diagnostics {'step': 927, 'time': 42.280044393776855, 'dt': 0.04608596713098197, 'total_energy': 0.8296494855426078}
2026-06-10T10:35:15+12:00 scalar diagnostics {'step': 932, 'time': 42.511404082486, 'dt': 0.047354114182848746, 'total_energy': 0.8262978896519065}
2026-06-10T10:35:16+12:00 scalar diagnostics {'step': 937, 'time': 42.77098814411959, 'dt': 0.05520593607592639, 'total_energy': 0.8208286669376545}
2026-06-10T10:35:16+12:00 scalar diagnostics {'step': 942, 'time': 43.05644205592426, 'dt': 0.057103272689830904, 'total_energy': 0.802996539974117}
2026-06-10T10:35:16+12:00 scalar diagnostics {'step': 946, 'time': 43.273806097979204, 'dt': 0.053285401665491984, 'total_energy': 0.7899484584668213}
2026-06-10T10:35:16+12:00 scalar diagnostics {'step': 951, 'time': 43.543434131951145, 'dt': 0.05502225452174375, 'total_energy': 0.7831004977237599}
2026-06-10T10:35:16+12:00 scalar diagnostics {'step': 955, 'time': 43.76194778111978, 'dt': 0.05356581570019706, 'total_energy': 0.7790897600100217}
2026-06-10T10:35:16+12:00 scalar diagnostics {'step': 960, 'time': 44.01836944745268, 'dt': 0.05096979987963536, 'total_energy': 0.7722874632606017}
2026-06-10T10:35:17+12:00 scalar diagnostics {'step': 965, 'time': 44.290609887158766, 'dt': 0.0584907096192156, 'total_energy': 0.7782667172263684}
2026-06-10T10:35:17+12:00 scalar diagnostics {'step': 969, 'time': 44.52157896380445, 'dt': 0.056473153834589535, 'total_energy': 0.8013365775201916}
2026-06-10T10:35:17+12:00 scalar diagnostics {'step': 974, 'time': 44.79472836878736, 'dt': 0.05291995875293291, 'total_energy': 0.8284208753133195}
2026-06-10T10:35:17+12:00 scalar diagnostics {'step': 979, 'time': 45.05018819595982, 'dt': 0.05084852547186893, 'total_energy': 0.8333724345232905}
2026-06-10T10:35:17+12:00 scalar diagnostics {'step': 983, 'time': 45.2515046643774, 'dt': 0.050063471669543905, 'total_energy': 0.831238956098341}
2026-06-10T10:35:18+12:00 scalar diagnostics {'step': 989, 'time': 45.53860767603454, 'dt': 0.046003652871918106, 'total_energy': 0.8440772352920245}
2026-06-10T10:35:18+12:00 scalar diagnostics {'step': 994, 'time': 45.759088414780244, 'dt': 0.043293502798567855, 'total_energy': 0.8656569292607108}
2026-06-10T10:35:18+12:00 progress {'step': 1000, 'time': 46.019939671019706, 'dt': 0.044170964783528145}
2026-06-10T10:35:18+12:00 scalar diagnostics {'step': 1000, 'time': 46.019939671019706, 'dt': 0.044170964783528145, 'total_energy': 0.8852637405281473}
2026-06-10T10:35:18+12:00 scalar diagnostics {'step': 1006, 'time': 46.29717177267598, 'dt': 0.048080005490952905, 'total_energy': 0.8932144884153218}
2026-06-10T10:35:18+12:00 scalar diagnostics {'step': 1011, 'time': 46.54932040945511, 'dt': 0.052830781695491484, 'total_energy': 0.8986909128534726}
2026-06-10T10:35:19+12:00 scalar diagnostics {'step': 1015, 'time': 46.775750500606286, 'dt': 0.057764773202425686, 'total_energy': 0.9041836611328709}
2026-06-10T10:35:19+12:00 scalar diagnostics {'step': 1019, 'time': 47.004204038523575, 'dt': 0.05597279293756509, 'total_energy': 0.9104343601335435}
2026-06-10T10:35:19+12:00 scalar diagnostics {'step': 1024, 'time': 47.26806526575914, 'dt': 0.05077423224211789, 'total_energy': 0.9301187331133788}
2026-06-10T10:35:19+12:00 scalar diagnostics {'step': 1029, 'time': 47.50752365357488, 'dt': 0.04640520279702499, 'total_energy': 0.9670376801090774}
2026-06-10T10:35:19+12:00 scalar diagnostics {'step': 1035, 'time': 47.77860567017057, 'dt': 0.04467434412910976, 'total_energy': 1.0119399413335404}
2026-06-10T10:35:19+12:00 scalar diagnostics {'step': 1040, 'time': 48.0034674223965, 'dt': 0.04534221699344112, 'total_energy': 1.0323705807893788}
2026-06-10T10:35:20+12:00 scalar diagnostics {'step': 1046, 'time': 48.2680582906118, 'dt': 0.04249987001441195, 'total_energy': 1.042343385454334}
2026-06-10T10:35:20+12:00 scalar diagnostics {'step': 1052, 'time': 48.51433714177322, 'dt': 0.04092445687517022, 'total_energy': 1.0590095540197844}
2026-06-10T10:35:20+12:00 scalar diagnostics {'step': 1058, 'time': 48.77228187404739, 'dt': 0.044900539844245246, 'total_energy': 1.085780280266146}
2026-06-10T10:35:20+12:00 scalar diagnostics {'step': 1063, 'time': 49.00431589456666, 'dt': 0.04631477121519093, 'total_energy': 1.1030599586550298}
2026-06-10T10:35:20+12:00 scalar diagnostics {'step': 1069, 'time': 49.27331880765961, 'dt': 0.04384063983164535, 'total_energy': 1.1099469463117018}
2026-06-10T10:35:21+12:00 scalar diagnostics {'step': 1075, 'time': 49.540007163550364, 'dt': 0.04531279336507671, 'total_energy': 1.1152443946030801}
2026-06-10T10:35:21+12:00 scalar diagnostics {'step': 1080, 'time': 49.7631330720312, 'dt': 0.04423887317644808, 'total_energy': 1.1235351406295264}
2026-06-10T10:35:21+12:00 progress {'step': 1086, 'time': 50.0, 'dt': 0.022684952842979555}
2026-06-10T10:35:21+12:00 scalar diagnostics {'step': 1086, 'time': 50.0, 'dt': 0.022684952842979555, 'total_energy': 1.1363270894680055}
2026-06-10T10:35:21+12:00 run complete {'backend': 'numpy', 'equation_set': 'inhomogeneous_rmhd_s', 'equation_mode': 'linear', 'grid': [32, 32, 32], 'steps': 1086, 't_final': 50.0, 'dt_last': 0.022684952842979555, 'total_energy_initial': 0.75, 'total_energy_final': 1.1363270894680055, 'psi_hat_max_abs': 4769.711300034808, 'output_dir': 'C:\\Users\\naoki\\Downloads\\rmhd-gpu-new\\examples\\outputs_nokia_rmhd_s_3_linear', 'scalar_diagnostics_csv': 'C:\\Users\\naoki\\Downloads\\rmhd-gpu-new\\examples\\outputs_nokia_rmhd_s_3_linear\\scalar_diagnostics.csv'}
