2026-05-22T10:58:09+12:00 run start {'title': 'Inhomogeneous rmhd simulation test', 'input_file': 'C:\\Users\\naoki\\Downloads\\rmhd-gpu-new\\examples\\nokia_inhomo_linear.input', 'output_dir': 'C:\\Users\\naoki\\Downloads\\rmhd-gpu-new\\examples\\kz_scan\\runs\\kz_09', 'backend': 'numpy', 'equation_set': 'inhomogeneous_rmhd', 'equation_mode': 'linear', 'grid': [32, 32, 32], 'output_cadences': {'scalar': 0.3141592653589793, 'spectra': 0.0, 'full_field': 0.0}, 'hostname': 'Naoki', 'python_executable': 'C:\\Users\\naoki\\AppData\\Local\\Programs\\Python\\Python313\\python.exe', 'git_commit': '55f5340485b9b2ef64df3d654ebb18505fd4615d', 'command': "'C:\\Users\\naoki\\Downloads\\rmhd-gpu-new\\rmhdgpu\\run.py' 'C:\\Users\\naoki\\Downloads\\rmhd-gpu-new\\examples\\nokia_inhomo_linear.input' --output-dir 'C:\\Users\\naoki\\Downloads\\rmhd-gpu-new\\examples\\kz_scan\\runs\\kz_09' --mode-kx 3 --mode-ky 2 --mode-kz 9"}
2026-05-22T10:58:09+12:00 run setup {'resolved_output_dir': 'C:\\Users\\naoki\\Downloads\\rmhd-gpu-new\\examples\\kz_scan\\runs\\kz_09', 'input_file': 'C:\\Users\\naoki\\Downloads\\rmhd-gpu-new\\examples\\nokia_inhomo_linear.input', 'backend': 'numpy', 'equation_set': 'inhomogeneous_rmhd', 'equation_mode': 'linear', 'grid': [32, 32, 32], 'output_cadences': {'scalar': 0.3141592653589793, 'spectra': 0.0, 'full_field': 0.0}, 'dissipation_mode': 'manual', 'initial_condition': {'type': 'single_fourier_mode', 'parameters': {'k_indices': [3, 2, 9], 'amplitude': 1e-12, 'seed': 0}}}
2026-05-22T10:58:09+12:00 scalar diagnostics {'step': 0, 'time': 0.0, 'dt': 0.0, 'total_energy': 2.0091621073352015e-24}
2026-05-22T10:58:09+12:00 scalar diagnostics {'step': 4, 'time': 0.4, 'dt': 0.1, 'total_energy': 2.4107612009097462e-24}
2026-05-22T10:58:09+12:00 scalar diagnostics {'step': 7, 'time': 0.7, 'dt': 0.1, 'total_energy': 3.331962448836061e-24}
2026-05-22T10:58:09+12:00 scalar diagnostics {'step': 10, 'time': 0.9999999999999999, 'dt': 0.1, 'total_energy': 2.586810210399194e-24}
2026-05-22T10:58:09+12:00 scalar diagnostics {'step': 13, 'time': 1.3, 'dt': 0.1, 'total_energy': 1.8828028056341552e-24}
2026-05-22T10:58:09+12:00 scalar diagnostics {'step': 16, 'time': 1.6000000000000003, 'dt': 0.1, 'total_energy': 2.8699155453866456e-24}
2026-05-22T10:58:09+12:00 scalar diagnostics {'step': 19, 'time': 1.9000000000000006, 'dt': 0.1, 'total_energy': 2.2587880606913155e-24}
2026-05-22T10:58:09+12:00 scalar diagnostics {'step': 22, 'time': 2.2000000000000006, 'dt': 0.1, 'total_energy': 1.6494415161736848e-24}
2026-05-22T10:58:09+12:00 scalar diagnostics {'step': 26, 'time': 2.600000000000001, 'dt': 0.1, 'total_energy': 1.67372808749513e-24}
2026-05-22T10:58:09+12:00 scalar diagnostics {'step': 29, 'time': 2.9000000000000012, 'dt': 0.1, 'total_energy': 3.530165821015078e-24}
2026-05-22T10:58:09+12:00 scalar diagnostics {'step': 32, 'time': 3.2000000000000015, 'dt': 0.1, 'total_energy': 1.672727527971122e-24}
2026-05-22T10:58:09+12:00 scalar diagnostics {'step': 35, 'time': 3.5000000000000018, 'dt': 0.1, 'total_energy': 1.841778114504876e-24}
2026-05-22T10:58:09+12:00 scalar diagnostics {'step': 38, 'time': 3.800000000000002, 'dt': 0.1, 'total_energy': 1.5300392001295144e-24}
2026-05-22T10:58:09+12:00 scalar diagnostics {'step': 41, 'time': 4.100000000000001, 'dt': 0.1, 'total_energy': 2.6566519184645655e-24}
2026-05-22T10:58:09+12:00 scalar diagnostics {'step': 44, 'time': 4.4, 'dt': 0.1, 'total_energy': 1.4606696067341456e-24}
2026-05-22T10:58:09+12:00 scalar diagnostics {'step': 48, 'time': 4.799999999999999, 'dt': 0.1, 'total_energy': 1.822645661378112e-24}
2026-05-22T10:58:09+12:00 scalar diagnostics {'step': 51, 'time': 5.099999999999998, 'dt': 0.1, 'total_energy': 2.135652826837679e-24}
2026-05-22T10:58:10+12:00 scalar diagnostics {'step': 54, 'time': 5.399999999999997, 'dt': 0.1, 'total_energy': 2.021823092843935e-24}
2026-05-22T10:58:10+12:00 scalar diagnostics {'step': 57, 'time': 5.699999999999996, 'dt': 0.1, 'total_energy': 1.310494780239818e-24}
2026-05-22T10:58:10+12:00 scalar diagnostics {'step': 60, 'time': 5.999999999999995, 'dt': 0.1, 'total_energy': 1.5457280355426728e-24}
2026-05-22T10:58:10+12:00 scalar diagnostics {'step': 63, 'time': 6.299999999999994, 'dt': 0.1, 'total_energy': 1.8728744561375585e-24}
2026-05-22T10:58:10+12:00 scalar diagnostics {'step': 66, 'time': 6.5999999999999925, 'dt': 0.1, 'total_energy': 2.0803772824098025e-24}
2026-05-22T10:58:10+12:00 scalar diagnostics {'step': 70, 'time': 6.999999999999991, 'dt': 0.1, 'total_energy': 1.6440675330416633e-24}
2026-05-22T10:58:10+12:00 scalar diagnostics {'step': 73, 'time': 7.29999999999999, 'dt': 0.1, 'total_energy': 1.155095920272266e-24}
2026-05-22T10:58:10+12:00 scalar diagnostics {'step': 76, 'time': 7.599999999999989, 'dt': 0.1, 'total_energy': 2.0716301386667356e-24}
2026-05-22T10:58:10+12:00 scalar diagnostics {'step': 79, 'time': 7.899999999999988, 'dt': 0.1, 'total_energy': 1.3313232426092873e-24}
2026-05-22T10:58:10+12:00 scalar diagnostics {'step': 82, 'time': 8.199999999999987, 'dt': 0.1, 'total_energy': 1.5633446891503972e-24}
2026-05-22T10:58:10+12:00 scalar diagnostics {'step': 85, 'time': 8.499999999999986, 'dt': 0.1, 'total_energy': 1.0925251050187726e-24}
2026-05-22T10:58:10+12:00 scalar diagnostics {'step': 88, 'time': 8.799999999999985, 'dt': 0.1, 'total_energy': 2.179556494162555e-24}
2026-05-22T10:58:10+12:00 scalar diagnostics {'step': 92, 'time': 9.199999999999983, 'dt': 0.1, 'total_energy': 1.0753181384044185e-24}
2026-05-22T10:58:10+12:00 scalar diagnostics {'step': 95, 'time': 9.499999999999982, 'dt': 0.1, 'total_energy': 1.211675197479996e-24}
2026-05-22T10:58:10+12:00 scalar diagnostics {'step': 98, 'time': 9.799999999999981, 'dt': 0.1, 'total_energy': 1.2797867359940861e-24}
2026-05-22T10:58:10+12:00 progress {'step': 100, 'time': 9.99999999999998, 'dt': 0.1}
2026-05-22T10:58:10+12:00 scalar diagnostics {'step': 101, 'time': 10.09999999999998, 'dt': 0.1, 'total_energy': 1.9226423378177554e-24}
2026-05-22T10:58:10+12:00 scalar diagnostics {'step': 104, 'time': 10.399999999999979, 'dt': 0.1, 'total_energy': 1.0499519660553529e-24}
2026-05-22T10:58:10+12:00 scalar diagnostics {'step': 107, 'time': 10.699999999999978, 'dt': 0.1, 'total_energy': 1.1075936534974809e-24}
2026-05-22T10:58:10+12:00 scalar diagnostics {'step': 110, 'time': 10.999999999999977, 'dt': 0.1, 'total_energy': 1.3222330119936248e-24}
2026-05-22T10:58:10+12:00 scalar diagnostics {'step': 114, 'time': 11.399999999999975, 'dt': 0.1, 'total_energy': 1.2389261013956867e-24}
2026-05-22T10:58:10+12:00 scalar diagnostics {'step': 117, 'time': 11.699999999999974, 'dt': 0.1, 'total_energy': 1.0838232780088818e-24}
2026-05-22T10:58:10+12:00 scalar diagnostics {'step': 120, 'time': 11.999999999999973, 'dt': 0.1, 'total_energy': 8.930513706665774e-25}
2026-05-22T10:58:10+12:00 scalar diagnostics {'step': 123, 'time': 12.299999999999972, 'dt': 0.1, 'total_energy': 1.736326321284273e-24}
2026-05-22T10:58:10+12:00 scalar diagnostics {'step': 126, 'time': 12.599999999999971, 'dt': 0.1, 'total_energy': 1.0678561894136573e-24}
2026-05-22T10:58:10+12:00 scalar diagnostics {'step': 129, 'time': 12.89999999999997, 'dt': 0.1, 'total_energy': 1.0046161773227758e-24}
2026-05-22T10:58:10+12:00 scalar diagnostics {'step': 132, 'time': 13.199999999999969, 'dt': 0.1, 'total_energy': 8.0883926720661745e-25}
2026-05-22T10:58:10+12:00 scalar diagnostics {'step': 136, 'time': 13.599999999999968, 'dt': 0.1, 'total_energy': 1.6490679644948789e-24}
2026-05-22T10:58:10+12:00 scalar diagnostics {'step': 139, 'time': 13.899999999999967, 'dt': 0.1, 'total_energy': 7.913434269729889e-25}
2026-05-22T10:58:10+12:00 scalar diagnostics {'step': 142, 'time': 14.199999999999966, 'dt': 0.1, 'total_energy': 9.82785035275823e-25}
2026-05-22T10:58:10+12:00 scalar diagnostics {'step': 145, 'time': 14.499999999999964, 'dt': 0.1, 'total_energy': 9.436384093168346e-25}
2026-05-22T10:58:11+12:00 scalar diagnostics {'step': 148, 'time': 14.799999999999963, 'dt': 0.1, 'total_energy': 1.4510858766923725e-24}
2026-05-22T10:58:11+12:00 scalar diagnostics {'step': 151, 'time': 15.099999999999962, 'dt': 0.1, 'total_energy': 7.2344451524003155e-25}
2026-05-22T10:58:11+12:00 scalar diagnostics {'step': 154, 'time': 15.399999999999961, 'dt': 0.1, 'total_energy': 8.83815959027643e-25}
2026-05-22T10:58:11+12:00 scalar diagnostics {'step': 158, 'time': 15.79999999999996, 'dt': 0.1, 'total_energy': 1.2753488912548032e-24}
2026-05-22T10:58:11+12:00 scalar diagnostics {'step': 161, 'time': 16.09999999999996, 'dt': 0.1, 'total_energy': 1.0456331605160665e-24}
2026-05-22T10:58:11+12:00 scalar diagnostics {'step': 164, 'time': 16.399999999999963, 'dt': 0.1, 'total_energy': 7.804901776117959e-25}
2026-05-22T10:58:11+12:00 scalar diagnostics {'step': 167, 'time': 16.699999999999967, 'dt': 0.1, 'total_energy': 6.583706480456613e-25}
2026-05-22T10:58:11+12:00 scalar diagnostics {'step': 170, 'time': 16.99999999999997, 'dt': 0.1, 'total_energy': 1.2014819996455382e-24}
2026-05-22T10:58:11+12:00 scalar diagnostics {'step': 173, 'time': 17.299999999999976, 'dt': 0.1, 'total_energy': 9.45731404116811e-25}
2026-05-22T10:58:11+12:00 scalar diagnostics {'step': 176, 'time': 17.59999999999998, 'dt': 0.1, 'total_energy': 7.470713144956955e-25}
2026-05-22T10:58:11+12:00 scalar diagnostics {'step': 180, 'time': 17.999999999999986, 'dt': 0.1, 'total_energy': 6.670509769932721e-25}
2026-05-22T10:58:11+12:00 scalar diagnostics {'step': 183, 'time': 18.29999999999999, 'dt': 0.1, 'total_energy': 1.2770313597551787e-24}
2026-05-22T10:58:11+12:00 scalar diagnostics {'step': 186, 'time': 18.599999999999994, 'dt': 0.1, 'total_energy': 6.223093287877875e-25}
2026-05-22T10:58:11+12:00 scalar diagnostics {'step': 189, 'time': 18.9, 'dt': 0.1, 'total_energy': 7.065965623970238e-25}
2026-05-22T10:58:11+12:00 scalar diagnostics {'step': 192, 'time': 19.200000000000003, 'dt': 0.1, 'total_energy': 6.470697433924607e-25}
2026-05-22T10:58:11+12:00 scalar diagnostics {'step': 195, 'time': 19.500000000000007, 'dt': 0.1, 'total_energy': 1.2192537051815256e-24}
2026-05-22T10:58:11+12:00 scalar diagnostics {'step': 198, 'time': 19.80000000000001, 'dt': 0.1, 'total_energy': 5.682333997090742e-25}
2026-05-22T10:58:11+12:00 progress {'step': 200, 'time': 20.0, 'dt': 0.09999999999998721}
2026-05-22T10:58:11+12:00 scalar diagnostics {'step': 200, 'time': 20.0, 'dt': 0.09999999999998721, 'total_energy': 6.536793713067238e-25}
2026-05-22T10:58:11+12:00 run complete {'backend': 'numpy', 'equation_set': 'inhomogeneous_rmhd', 'equation_mode': 'linear', 'grid': [32, 32, 32], 'steps': 200, 't_final': 20.0, 'dt_last': 0.09999999999998721, 'total_energy_initial': 2.0091621073352015e-24, 'total_energy_final': 6.536793713067238e-25, 'psi_hat_max_abs': 1.071468352915249e-09, 'output_dir': 'C:\\Users\\naoki\\Downloads\\rmhd-gpu-new\\examples\\kz_scan\\runs\\kz_09', 'scalar_diagnostics_csv': 'C:\\Users\\naoki\\Downloads\\rmhd-gpu-new\\examples\\kz_scan\\runs\\kz_09\\scalar_diagnostics.csv'}
