2026-06-17T12:42:02+12:00 run start {'title': 'Inhomogeneous rmhd simulation test', 'input_file': 'C:\\Users\\naoki\\Downloads\\rmhd-gpu-new\\rmhdgpu\\diagnostics\\nokia_inhomo_linear.input', 'output_dir': 'C:\\Users\\naoki\\Downloads\\rmhd-gpu-new\\rmhdgpu\\diagnostics\\kz_scan\\runs_nokia\\kz_03', 'backend': 'numpy', 'equation_set': 'inhomogeneous_rmhd_rho', 'equation_mode': 'linear', 'grid': [16, 16, 16], 'output_cadences': {'scalar': 0.3141592653589793, 'spectra': 0.0, 'full_field': 0.0}, 'hostname': 'Naoki', 'python_executable': 'C:\\Users\\naoki\\AppData\\Local\\Programs\\Python\\Python313\\python.exe', 'git_commit': 'af192df54ab76b1a58e42d47767e1b4fff28b045', 'command': "'C:\\Users\\naoki\\Downloads\\rmhd-gpu-new\\rmhdgpu\\run.py' 'C:\\Users\\naoki\\Downloads\\rmhd-gpu-new\\rmhdgpu\\diagnostics\\nokia_inhomo_linear.input' --output-dir 'C:\\Users\\naoki\\Downloads\\rmhd-gpu-new\\rmhdgpu\\diagnostics\\kz_scan\\runs_nokia\\kz_03' --mode-kx 1 --mode-ky 1 --mode-kz 3"}
2026-06-17T12:42:02+12:00 run setup {'resolved_output_dir': 'C:\\Users\\naoki\\Downloads\\rmhd-gpu-new\\rmhdgpu\\diagnostics\\kz_scan\\runs_nokia\\kz_03', 'input_file': 'C:\\Users\\naoki\\Downloads\\rmhd-gpu-new\\rmhdgpu\\diagnostics\\nokia_inhomo_linear.input', 'backend': 'numpy', 'equation_set': 'inhomogeneous_rmhd_rho', 'equation_mode': 'linear', 'grid': [16, 16, 16], 'output_cadences': {'scalar': 0.3141592653589793, 'spectra': 0.0, 'full_field': 0.0}, 'dissipation_mode': 'manual', 'initial_condition': {'type': 'single_fourier_mode', 'parameters': {'k_indices': [1, 1, 3], 'amplitude': 1e-12, 'seed': 0}}}
2026-06-17T12:42:02+12:00 scalar diagnostics {'step': 0, 'time': 0.0, 'dt': 0.0, 'total_energy': 1.6455073870128834e-24}
2026-06-17T12:42:02+12:00 scalar diagnostics {'step': 32, 'time': 0.3200000000000001, 'dt': 0.01, 'total_energy': 2.0121265147277422e-19}
2026-06-17T12:42:02+12:00 scalar diagnostics {'step': 63, 'time': 0.6300000000000003, 'dt': 0.01, 'total_energy': 2.1668242136710854e-19}
2026-06-17T12:42:02+12:00 scalar diagnostics {'step': 95, 'time': 0.9500000000000006, 'dt': 0.01, 'total_energy': 1.8198704269113354e-19}
2026-06-17T12:42:02+12:00 progress {'step': 100, 'time': 1.0000000000000007, 'dt': 0.01}
2026-06-17T12:42:02+12:00 scalar diagnostics {'step': 126, 'time': 1.260000000000001, 'dt': 0.01, 'total_energy': 4.537258753430366e-19}
2026-06-17T12:42:02+12:00 scalar diagnostics {'step': 158, 'time': 1.5800000000000012, 'dt': 0.01, 'total_energy': 4.3078069442638527e-19}
2026-06-17T12:42:02+12:00 scalar diagnostics {'step': 189, 'time': 1.8900000000000015, 'dt': 0.01, 'total_energy': 1.5526293782955453e-19}
2026-06-17T12:42:02+12:00 progress {'step': 200, 'time': 2.0000000000000013, 'dt': 0.01}
2026-06-17T12:42:02+12:00 scalar diagnostics {'step': 220, 'time': 2.199999999999997, 'dt': 0.01, 'total_energy': 2.264981376300482e-19}
2026-06-17T12:42:03+12:00 scalar diagnostics {'step': 252, 'time': 2.5199999999999902, 'dt': 0.01, 'total_energy': 2.553383171495119e-19}
2026-06-17T12:42:03+12:00 scalar diagnostics {'step': 283, 'time': 2.8299999999999836, 'dt': 0.01, 'total_energy': 9.776991970917512e-20}
2026-06-17T12:42:03+12:00 progress {'step': 300, 'time': 2.99999999999998, 'dt': 0.01}
2026-06-17T12:42:03+12:00 scalar diagnostics {'step': 315, 'time': 3.149999999999977, 'dt': 0.01, 'total_energy': 4.71704401718898e-19}
2026-06-17T12:42:03+12:00 scalar diagnostics {'step': 346, 'time': 3.45999999999997, 'dt': 0.01, 'total_energy': 8.555218024625256e-19}
2026-06-17T12:42:03+12:00 scalar diagnostics {'step': 377, 'time': 3.7699999999999636, 'dt': 0.01, 'total_energy': 4.475042202925113e-19}
2026-06-17T12:42:03+12:00 progress {'step': 400, 'time': 3.9999999999999587, 'dt': 0.01}
2026-06-17T12:42:03+12:00 scalar diagnostics {'step': 409, 'time': 4.089999999999957, 'dt': 0.01, 'total_energy': 1.5718819015905716e-19}
2026-06-17T12:42:03+12:00 scalar diagnostics {'step': 440, 'time': 4.399999999999951, 'dt': 0.01, 'total_energy': 5.3957161109552005e-19}
2026-06-17T12:42:03+12:00 scalar diagnostics {'step': 472, 'time': 4.719999999999944, 'dt': 0.01, 'total_energy': 4.930014629664804e-19}
2026-06-17T12:42:03+12:00 progress {'step': 500, 'time': 4.999999999999938, 'dt': 0.01}
2026-06-17T12:42:03+12:00 scalar diagnostics {'step': 503, 'time': 5.029999999999937, 'dt': 0.01, 'total_energy': 1.534646157799599e-19}
2026-06-17T12:42:03+12:00 scalar diagnostics {'step': 535, 'time': 5.34999999999993, 'dt': 0.01, 'total_energy': 5.783543082223846e-19}
2026-06-17T12:42:03+12:00 scalar diagnostics {'step': 566, 'time': 5.659999999999924, 'dt': 0.01, 'total_energy': 9.20584276170269e-19}
2026-06-17T12:42:03+12:00 scalar diagnostics {'step': 597, 'time': 5.969999999999917, 'dt': 0.01, 'total_energy': 3.7272810068033503e-19}
2026-06-17T12:42:03+12:00 progress {'step': 600, 'time': 5.9999999999999165, 'dt': 0.01}
2026-06-17T12:42:03+12:00 scalar diagnostics {'step': 629, 'time': 6.28999999999991, 'dt': 0.01, 'total_energy': 3.9449629394401384e-20}
2026-06-17T12:42:03+12:00 scalar diagnostics {'step': 660, 'time': 6.599999999999904, 'dt': 0.01, 'total_energy': 3.5225589686438014e-19}
2026-06-17T12:42:03+12:00 scalar diagnostics {'step': 692, 'time': 6.919999999999897, 'dt': 0.01, 'total_energy': 3.169453239872252e-19}
2026-06-17T12:42:03+12:00 progress {'step': 700, 'time': 6.999999999999895, 'dt': 0.01}
2026-06-17T12:42:03+12:00 scalar diagnostics {'step': 723, 'time': 7.22999999999989, 'dt': 0.01, 'total_energy': 1.4536220382637965e-19}
2026-06-17T12:42:04+12:00 scalar diagnostics {'step': 754, 'time': 7.539999999999884, 'dt': 0.01, 'total_energy': 4.357276274550863e-19}
2026-06-17T12:42:04+12:00 scalar diagnostics {'step': 786, 'time': 7.859999999999877, 'dt': 0.01, 'total_energy': 5.131837648825469e-19}
2026-06-17T12:42:04+12:00 progress {'step': 800, 'time': 7.999999999999874, 'dt': 0.01}
2026-06-17T12:42:04+12:00 scalar diagnostics {'step': 817, 'time': 8.16999999999987, 'dt': 0.01, 'total_energy': 1.6115227742057404e-19}
2026-06-17T12:42:04+12:00 scalar diagnostics {'step': 849, 'time': 8.489999999999863, 'dt': 0.01, 'total_energy': 9.738939821241103e-20}
2026-06-17T12:42:04+12:00 scalar diagnostics {'step': 880, 'time': 8.799999999999857, 'dt': 0.01, 'total_energy': 1.6708307287738436e-19}
2026-06-17T12:42:04+12:00 progress {'step': 900, 'time': 8.999999999999853, 'dt': 0.01}
2026-06-17T12:42:04+12:00 scalar diagnostics {'step': 912, 'time': 9.11999999999985, 'dt': 0.01, 'total_energy': 1.0492052628175976e-19}
2026-06-17T12:42:04+12:00 scalar diagnostics {'step': 943, 'time': 9.429999999999843, 'dt': 0.01, 'total_energy': 3.9489563523401524e-19}
2026-06-17T12:42:04+12:00 scalar diagnostics {'step': 974, 'time': 9.739999999999837, 'dt': 0.01, 'total_energy': 6.811490221882678e-19}
2026-06-17T12:42:04+12:00 progress {'step': 1000, 'time': 9.999999999999831, 'dt': 0.01}
2026-06-17T12:42:04+12:00 scalar diagnostics {'step': 1006, 'time': 10.05999999999983, 'dt': 0.01, 'total_energy': 3.4420030005809573e-19}
2026-06-17T12:42:04+12:00 scalar diagnostics {'step': 1037, 'time': 10.369999999999823, 'dt': 0.01, 'total_energy': 1.740152171407062e-19}
2026-06-17T12:42:04+12:00 scalar diagnostics {'step': 1069, 'time': 10.689999999999817, 'dt': 0.01, 'total_energy': 4.968464595589256e-19}
2026-06-17T12:42:04+12:00 progress {'step': 1100, 'time': 10.99999999999981, 'dt': 0.01}
2026-06-17T12:42:04+12:00 scalar diagnostics {'step': 1100, 'time': 10.99999999999981, 'dt': 0.01, 'total_energy': 3.7850486078730466e-19}
2026-06-17T12:42:04+12:00 scalar diagnostics {'step': 1131, 'time': 11.309999999999803, 'dt': 0.01, 'total_energy': 1.48222126185604e-19}
2026-06-17T12:42:04+12:00 scalar diagnostics {'step': 1163, 'time': 11.629999999999797, 'dt': 0.01, 'total_energy': 6.7689314726065935e-19}
2026-06-17T12:42:04+12:00 scalar diagnostics {'step': 1194, 'time': 11.93999999999979, 'dt': 0.01, 'total_energy': 9.530714207621497e-19}
2026-06-17T12:42:04+12:00 progress {'step': 1200, 'time': 11.999999999999789, 'dt': 0.01}
2026-06-17T12:42:04+12:00 scalar diagnostics {'step': 1226, 'time': 12.259999999999783, 'dt': 0.01, 'total_energy': 3.310860159035689e-19}
2026-06-17T12:42:04+12:00 scalar diagnostics {'step': 1257, 'time': 12.569999999999776, 'dt': 0.01, 'total_energy': 1.299565281260993e-19}
2026-06-17T12:42:05+12:00 scalar diagnostics {'step': 1289, 'time': 12.88999999999977, 'dt': 0.01, 'total_energy': 5.283212889868099e-19}
2026-06-17T12:42:05+12:00 progress {'step': 1300, 'time': 12.999999999999767, 'dt': 0.01}
2026-06-17T12:42:05+12:00 scalar diagnostics {'step': 1320, 'time': 13.199999999999763, 'dt': 0.01, 'total_energy': 3.840722818971801e-19}
2026-06-17T12:42:05+12:00 scalar diagnostics {'step': 1351, 'time': 13.509999999999756, 'dt': 0.01, 'total_energy': 1.4478491130289604e-19}
2026-06-17T12:42:05+12:00 scalar diagnostics {'step': 1383, 'time': 13.82999999999975, 'dt': 0.01, 'total_energy': 5.486583757992672e-19}
2026-06-17T12:42:05+12:00 progress {'step': 1400, 'time': 13.999999999999746, 'dt': 0.01}
2026-06-17T12:42:05+12:00 scalar diagnostics {'step': 1414, 'time': 14.139999999999743, 'dt': 0.01, 'total_energy': 6.568461817718989e-19}
2026-06-17T12:42:05+12:00 scalar diagnostics {'step': 1446, 'time': 14.459999999999736, 'dt': 0.01, 'total_energy': 1.5579436640759526e-19}
2026-06-17T12:42:05+12:00 scalar diagnostics {'step': 1477, 'time': 14.76999999999973, 'dt': 0.01, 'total_energy': 3.3200571850316836e-20}
2026-06-17T12:42:05+12:00 progress {'step': 1500, 'time': 14.999999999999725, 'dt': 0.01}
2026-06-17T12:42:05+12:00 scalar diagnostics {'step': 1508, 'time': 15.079999999999723, 'dt': 0.01, 'total_energy': 2.000394626927815e-19}
2026-06-17T12:42:05+12:00 scalar diagnostics {'step': 1540, 'time': 15.399999999999716, 'dt': 0.01, 'total_energy': 1.4787188013551613e-19}
2026-06-17T12:42:05+12:00 scalar diagnostics {'step': 1571, 'time': 15.70999999999971, 'dt': 0.01, 'total_energy': 2.9053814685751644e-19}
2026-06-17T12:42:05+12:00 progress {'step': 1600, 'time': 15.999999999999703, 'dt': 0.01}
2026-06-17T12:42:05+12:00 scalar diagnostics {'step': 1603, 'time': 16.029999999999706, 'dt': 0.01, 'total_energy': 5.387871450967322e-19}
2026-06-17T12:42:05+12:00 scalar diagnostics {'step': 1634, 'time': 16.339999999999755, 'dt': 0.01, 'total_energy': 3.1981755296739463e-19}
2026-06-17T12:42:05+12:00 scalar diagnostics {'step': 1666, 'time': 16.659999999999805, 'dt': 0.01, 'total_energy': 1.5702795698684282e-19}
2026-06-17T12:42:05+12:00 scalar diagnostics {'step': 1697, 'time': 16.969999999999853, 'dt': 0.01, 'total_energy': 3.4907949580667536e-19}
2026-06-17T12:42:05+12:00 progress {'step': 1700, 'time': 16.999999999999858, 'dt': 0.01}
2026-06-17T12:42:05+12:00 scalar diagnostics {'step': 1728, 'time': 17.2799999999999, 'dt': 0.01, 'total_energy': 2.385300765995689e-19}
2026-06-17T12:42:06+12:00 scalar diagnostics {'step': 1760, 'time': 17.59999999999995, 'dt': 0.01, 'total_energy': 1.4999447977641243e-19}
2026-06-17T12:42:06+12:00 scalar diagnostics {'step': 1791, 'time': 17.91, 'dt': 0.01, 'total_energy': 6.82153516791608e-19}
2026-06-17T12:42:06+12:00 progress {'step': 1800, 'time': 18.000000000000014, 'dt': 0.01}
2026-06-17T12:42:06+12:00 scalar diagnostics {'step': 1823, 'time': 18.23000000000005, 'dt': 0.01, 'total_energy': 8.532649971762098e-19}
2026-06-17T12:42:06+12:00 scalar diagnostics {'step': 1854, 'time': 18.5400000000001, 'dt': 0.01, 'total_energy': 2.8302722226676763e-19}
2026-06-17T12:42:06+12:00 scalar diagnostics {'step': 1885, 'time': 18.850000000000147, 'dt': 0.01, 'total_energy': 2.2077663750834194e-19}
2026-06-17T12:42:06+12:00 progress {'step': 1900, 'time': 19.00000000000017, 'dt': 0.01}
2026-06-17T12:42:06+12:00 scalar diagnostics {'step': 1917, 'time': 19.170000000000197, 'dt': 0.01, 'total_energy': 6.188135532435099e-19}
2026-06-17T12:42:06+12:00 scalar diagnostics {'step': 1948, 'time': 19.480000000000246, 'dt': 0.01, 'total_energy': 3.772354856947197e-19}
2026-06-17T12:42:06+12:00 scalar diagnostics {'step': 1980, 'time': 19.800000000000296, 'dt': 0.01, 'total_energy': 1.8449799954590893e-19}
2026-06-17T12:42:06+12:00 progress {'step': 2000, 'time': 20.0, 'dt': 0.009999999999674714}
2026-06-17T12:42:06+12:00 scalar diagnostics {'step': 2000, 'time': 20.0, 'dt': 0.009999999999674714, 'total_energy': 4.977980370730648e-19}
2026-06-17T12:42:06+12:00 run complete {'backend': 'numpy', 'equation_set': 'inhomogeneous_rmhd_rho', 'equation_mode': 'linear', 'grid': [16, 16, 16], 'steps': 2000, 't_final': 20.0, 'dt_last': 0.009999999999674714, 'total_energy_initial': 1.6455073870128834e-24, 'total_energy_final': 4.977980370730648e-19, 'psi_hat_max_abs': 5.353563218527832e-10, 'output_dir': 'C:\\Users\\naoki\\Downloads\\rmhd-gpu-new\\rmhdgpu\\diagnostics\\kz_scan\\runs_nokia\\kz_03', 'scalar_diagnostics_csv': 'C:\\Users\\naoki\\Downloads\\rmhd-gpu-new\\rmhdgpu\\diagnostics\\kz_scan\\runs_nokia\\kz_03\\scalar_diagnostics.csv'}
