2026-06-09T09:21:37+12:00 run start {'title': 'Inhomogeneous rmhd simulation test', 'input_file': 'C:\\Users\\naoki\\Downloads\\rmhd-gpu-new\\examples\\nokias_inhomogeneous.input', 'output_dir': 'C:\\Users\\naoki\\Downloads\\rmhd-gpu-new\\examples\\outputs_nokia_rmhd_s_21', 'backend': 'numpy', 'equation_set': 'inhomogeneous_rmhd_s', 'equation_mode': 'linear', 'grid': [16, 16, 16], 'output_cadences': {'scalar': 0.25, 'spectra': 0.0, 'full_field': 0.0}, 'hostname': 'Naoki', 'python_executable': 'C:\\Users\\naoki\\AppData\\Local\\Programs\\Python\\Python313\\python.exe', 'git_commit': 'cde2789c3d6596cb8e14f232da25acf4598750f1', 'command': "'C:\\Users\\naoki\\Downloads\\rmhd-gpu-new\\rmhdgpu\\run.py' '.\\examples\\nokias_inhomogeneous.input'"}
2026-06-09T09:21:37+12:00 run setup {'resolved_output_dir': 'C:\\Users\\naoki\\Downloads\\rmhd-gpu-new\\examples\\outputs_nokia_rmhd_s_21', 'input_file': 'C:\\Users\\naoki\\Downloads\\rmhd-gpu-new\\examples\\nokias_inhomogeneous.input', 'backend': 'numpy', 'equation_set': 'inhomogeneous_rmhd_s', 'equation_mode': 'linear', 'grid': [16, 16, 16], 'output_cadences': {'scalar': 0.25, 'spectra': 0.0, 'full_field': 0.0}, 'dissipation_mode': 'auto', 'initial_condition': {'type': 'random_spectrum', 'parameters': {'n_min': 1.0, 'n_max': 3.0, 'alpha': 0.0, 'init_energy': 0.75, 'seed': 1}}}
2026-06-09T09:21:37+12:00 scalar diagnostics {'step': 0, 'time': 0.0, 'dt': 0.0, 'total_energy': 0.7500000000000001}
2026-06-09T09:21:37+12:00 scalar diagnostics {'step': 3, 'time': 0.27631528027514174, 'dt': 0.09396559628970683, 'total_energy': 1.1919992816053913}
2026-06-09T09:21:37+12:00 scalar diagnostics {'step': 6, 'time': 0.5901265488163197, 'dt': 0.11131051841176566, 'total_energy': 2.8967532742172364}
2026-06-09T09:21:37+12:00 scalar diagnostics {'step': 8, 'time': 0.8280505860950462, 'dt': 0.12147419435627795, 'total_energy': 4.503851189748841}
2026-06-09T09:21:37+12:00 scalar diagnostics {'step': 10, 'time': 1.0783001395413427, 'dt': 0.12500745677278402, 'total_energy': 5.52562070543913}
2026-06-09T09:21:37+12:00 scalar diagnostics {'step': 12, 'time': 1.3221251180820215, 'dt': 0.11929661844558484, 'total_energy': 6.040599811024816}
2026-06-09T09:21:37+12:00 scalar diagnostics {'step': 14, 'time': 1.5414946879439761, 'dt': 0.10669678967267578, 'total_energy': 6.946222161083808}
2026-06-09T09:21:38+12:00 scalar diagnostics {'step': 17, 'time': 1.8338661024039902, 'dt': 0.09345866190445207, 'total_energy': 9.046258738463141}
2026-06-09T09:21:38+12:00 scalar diagnostics {'step': 19, 'time': 2.0102629599197743, 'dt': 0.0867154125913773, 'total_energy': 10.289101976123085}
2026-06-09T09:21:38+12:00 scalar diagnostics {'step': 22, 'time': 2.2630842906595023, 'dt': 0.08366541261379806, 'total_energy': 11.708409222541645}
2026-06-09T09:21:38+12:00 scalar diagnostics {'step': 25, 'time': 2.5131314980050394, 'dt': 0.08352847541104676, 'total_energy': 13.202659900804216}
2026-06-09T09:21:38+12:00 scalar diagnostics {'step': 28, 'time': 2.766060431872856, 'dt': 0.08465307126795253, 'total_energy': 15.100926432520902}
2026-06-09T09:21:38+12:00 scalar diagnostics {'step': 31, 'time': 3.01990479671443, 'dt': 0.0843811259251921, 'total_energy': 17.005330578923502}
2026-06-09T09:21:38+12:00 scalar diagnostics {'step': 34, 'time': 3.270221357533241, 'dt': 0.08296657774116008, 'total_energy': 18.806168022239795}
2026-06-09T09:21:38+12:00 scalar diagnostics {'step': 37, 'time': 3.518567926428471, 'dt': 0.08300824621532953, 'total_energy': 20.81442709997256}
2026-06-09T09:21:38+12:00 scalar diagnostics {'step': 40, 'time': 3.7745720460608667, 'dt': 0.08706190786194709, 'total_energy': 23.03510695581448}
2026-06-09T09:21:38+12:00 scalar diagnostics {'step': 43, 'time': 4.039209417953201, 'dt': 0.08720922042897164, 'total_energy': 25.334989897543544}
2026-06-09T09:21:38+12:00 scalar diagnostics {'step': 46, 'time': 4.30165058961884, 'dt': 0.0881574177508539, 'total_energy': 27.875622806322326}
2026-06-09T09:21:38+12:00 scalar diagnostics {'step': 49, 'time': 4.575304882532109, 'dt': 0.09303710879160763, 'total_energy': 30.50313657779975}
2026-06-09T09:21:38+12:00 scalar diagnostics {'step': 51, 'time': 4.766782413044589, 'dt': 0.09654949309644144, 'total_energy': 31.834455625099764}
2026-06-09T09:21:38+12:00 scalar diagnostics {'step': 54, 'time': 5.04912307106338, 'dt': 0.09008202335069926, 'total_energy': 33.14707662333896}
2026-06-09T09:21:38+12:00 scalar diagnostics {'step': 57, 'time': 5.297512315011423, 'dt': 0.08002094623955579, 'total_energy': 34.45256501436529}
2026-06-09T09:21:38+12:00 scalar diagnostics {'step': 60, 'time': 5.530478779660601, 'dt': 0.07721383728115713, 'total_energy': 35.76993641976789}
2026-06-09T09:21:38+12:00 scalar diagnostics {'step': 63, 'time': 5.761148948346707, 'dt': 0.07743247660028531, 'total_energy': 36.55528795700745}
2026-06-09T09:21:38+12:00 scalar diagnostics {'step': 66, 'time': 6.005631284735342, 'dt': 0.0840766078500017, 'total_energy': 36.92716675224498}
2026-06-09T09:21:38+12:00 scalar diagnostics {'step': 69, 'time': 6.270005711835194, 'dt': 0.09061717091079753, 'total_energy': 37.681623763725376}
2026-06-09T09:21:38+12:00 scalar diagnostics {'step': 72, 'time': 6.559542515290689, 'dt': 0.09939157600300068, 'total_energy': 38.997866903019315}
2026-06-09T09:21:38+12:00 scalar diagnostics {'step': 74, 'time': 6.763587472859161, 'dt': 0.10281645419113178, 'total_energy': 39.9225316400922}
2026-06-09T09:21:38+12:00 scalar diagnostics {'step': 77, 'time': 7.0574984301957455, 'dt': 0.09296478234826151, 'total_energy': 41.733007150594176}
2026-06-09T09:21:38+12:00 scalar diagnostics {'step': 80, 'time': 7.314553958077299, 'dt': 0.08296084092203469, 'total_energy': 44.036510176214286}
2026-06-09T09:21:38+12:00 scalar diagnostics {'step': 83, 'time': 7.556975146391097, 'dt': 0.0804857885923142, 'total_energy': 46.02801834064468}
2026-06-09T09:21:38+12:00 scalar diagnostics {'step': 86, 'time': 7.805156618171287, 'dt': 0.08457671397227141, 'total_energy': 47.57696699362194}
2026-06-09T09:21:38+12:00 scalar diagnostics {'step': 89, 'time': 8.079466900472195, 'dt': 0.09570846270588228, 'total_energy': 49.84230117760029}
2026-06-09T09:21:38+12:00 scalar diagnostics {'step': 91, 'time': 8.287032455137883, 'dt': 0.10644251145116469, 'total_energy': 52.39229548690564}
2026-06-09T09:21:38+12:00 scalar diagnostics {'step': 93, 'time': 8.515635735267042, 'dt': 0.11773630163879871, 'total_energy': 55.54525236789387}
2026-06-09T09:21:38+12:00 scalar diagnostics {'step': 95, 'time': 8.767000544124603, 'dt': 0.12660653057793342, 'total_energy': 58.961120971768096}
2026-06-09T09:21:38+12:00 scalar diagnostics {'step': 97, 'time': 9.013431565247048, 'dt': 0.12155078716566192, 'total_energy': 62.53946012707481}
2026-06-09T09:21:38+12:00 progress {'step': 100, 'time': 9.357714829664788, 'dt': 0.11206158671007557}
2026-06-09T09:21:38+12:00 scalar diagnostics {'step': 100, 'time': 9.357714829664788, 'dt': 0.11206158671007557, 'total_energy': 67.84457463663114}
2026-06-09T09:21:38+12:00 scalar diagnostics {'step': 102, 'time': 9.579240660487246, 'dt': 0.1107133483873125, 'total_energy': 70.75551640736293}
2026-06-09T09:21:38+12:00 scalar diagnostics {'step': 104, 'time': 9.804314392268784, 'dt': 0.11341581448921448, 'total_energy': 73.33453279544685}
2026-06-09T09:21:38+12:00 scalar diagnostics {'step': 106, 'time': 10.03744283082153, 'dt': 0.11754365550307928, 'total_energy': 76.20269634452247}
2026-06-09T09:21:38+12:00 scalar diagnostics {'step': 108, 'time': 10.270871420291485, 'dt': 0.11493213079065105, 'total_energy': 79.64379903200373}
2026-06-09T09:21:38+12:00 scalar diagnostics {'step': 111, 'time': 10.573074409345011, 'dt': 0.09460499248567794, 'total_energy': 85.00100955372692}
2026-06-09T09:21:38+12:00 scalar diagnostics {'step': 114, 'time': 10.834117160119417, 'dt': 0.08420289064401901, 'total_energy': 90.45467858194284}
2026-06-09T09:21:38+12:00 scalar diagnostics {'step': 117, 'time': 11.079184373141235, 'dt': 0.08110207590045392, 'total_energy': 95.82279470452538}
2026-06-09T09:21:39+12:00 scalar diagnostics {'step': 120, 'time': 11.325995644819363, 'dt': 0.08339984236480255, 'total_energy': 100.64998925701533}
2026-06-09T09:21:39+12:00 scalar diagnostics {'step': 123, 'time': 11.588812259726932, 'dt': 0.0901282293283073, 'total_energy': 104.9978714902219}
2026-06-09T09:21:39+12:00 scalar diagnostics {'step': 125, 'time': 11.777800726639956, 'dt': 0.09596236249544003, 'total_energy': 108.08032306972179}
2026-06-09T09:21:39+12:00 scalar diagnostics {'step': 128, 'time': 12.07787169025012, 'dt': 0.10072324084028522, 'total_energy': 113.57442164859043}
2026-06-09T09:21:39+12:00 scalar diagnostics {'step': 130, 'time': 12.278988326053218, 'dt': 0.10030899872418357, 'total_energy': 117.73222419983637}
2026-06-09T09:21:39+12:00 scalar diagnostics {'step': 133, 'time': 12.56612037201868, 'dt': 0.09288110074151656, 'total_energy': 124.56362652129737}
2026-06-09T09:21:39+12:00 scalar diagnostics {'step': 136, 'time': 12.829139723838145, 'dt': 0.08540966082008433, 'total_energy': 131.8711881504285}
2026-06-09T09:21:39+12:00 scalar diagnostics {'step': 139, 'time': 13.073565882276208, 'dt': 0.0797200995908696, 'total_energy': 138.80492602832507}
2026-06-09T09:21:39+12:00 scalar diagnostics {'step': 142, 'time': 13.311699587032024, 'dt': 0.07996582465442673, 'total_energy': 144.80293930804413}
2026-06-09T09:21:39+12:00 scalar diagnostics {'step': 145, 'time': 13.564504953382906, 'dt': 0.08724028098799638, 'total_energy': 150.1839876390552}
2026-06-09T09:21:39+12:00 scalar diagnostics {'step': 148, 'time': 13.844680397504286, 'dt': 0.0967808578116419, 'total_energy': 155.1105655629411}
2026-06-09T09:21:39+12:00 scalar diagnostics {'step': 150, 'time': 14.048403289843796, 'dt': 0.1032548414537125, 'total_energy': 157.85578526773062}
2026-06-09T09:21:39+12:00 scalar diagnostics {'step': 152, 'time': 14.254323227453932, 'dt': 0.10274256034531931, 'total_energy': 160.10337349294548}
2026-06-09T09:21:39+12:00 scalar diagnostics {'step': 155, 'time': 14.551609370696102, 'dt': 0.09655355567003394, 'total_energy': 164.0001001363909}
2026-06-09T09:21:39+12:00 scalar diagnostics {'step': 158, 'time': 14.8210696048436, 'dt': 0.08643881001752156, 'total_energy': 169.36967986341745}
2026-06-09T09:21:39+12:00 scalar diagnostics {'step': 161, 'time': 15.069257274352266, 'dt': 0.0815971507184268, 'total_energy': 174.98827627642453}
2026-06-09T09:21:39+12:00 scalar diagnostics {'step': 164, 'time': 15.312892062398177, 'dt': 0.08058073845308926, 'total_energy': 179.9758498122529}
2026-06-09T09:21:39+12:00 scalar diagnostics {'step': 167, 'time': 15.549509348103399, 'dt': 0.07844611504141207, 'total_energy': 184.2793032392548}
2026-06-09T09:21:39+12:00 scalar diagnostics {'step': 170, 'time': 15.7869827031833, 'dt': 0.07988404081659216, 'total_energy': 188.45846383279152}
2026-06-09T09:21:39+12:00 scalar diagnostics {'step': 173, 'time': 16.035143791012324, 'dt': 0.08446473917332865, 'total_energy': 192.83189902726224}
2026-06-09T09:21:39+12:00 scalar diagnostics {'step': 176, 'time': 16.302352688702193, 'dt': 0.09160314997752837, 'total_energy': 197.8440418655863}
2026-06-09T09:21:39+12:00 scalar diagnostics {'step': 179, 'time': 16.58764749238926, 'dt': 0.09504061033154554, 'total_energy': 204.00202426386232}
2026-06-09T09:21:39+12:00 scalar diagnostics {'step': 181, 'time': 16.77730662124022, 'dt': 0.09498206613720894, 'total_energy': 208.35315571798782}
2026-06-09T09:21:39+12:00 scalar diagnostics {'step': 184, 'time': 17.07281267283916, 'dt': 0.10125812573462031, 'total_energy': 214.95877861408363}
2026-06-09T09:21:39+12:00 scalar diagnostics {'step': 186, 'time': 17.289310870148604, 'dt': 0.11097583123226759, 'total_energy': 219.88147584217955}
2026-06-09T09:21:39+12:00 scalar diagnostics {'step': 188, 'time': 17.531069735994866, 'dt': 0.12429103747990296, 'total_energy': 225.83947443210326}
2026-06-09T09:21:39+12:00 scalar diagnostics {'step': 190, 'time': 17.775719812019307, 'dt': 0.12143339168923924, 'total_energy': 232.00444984585462}
2026-06-09T09:21:39+12:00 scalar diagnostics {'step': 192, 'time': 18.01462555468767, 'dt': 0.11961908880798072, 'total_energy': 237.6226260516964}
2026-06-09T09:21:39+12:00 scalar diagnostics {'step': 195, 'time': 18.34783344887364, 'dt': 0.1082083981135843, 'total_energy': 245.37027666572465}
2026-06-09T09:21:39+12:00 scalar diagnostics {'step': 197, 'time': 18.555892721801786, 'dt': 0.10302496431108311, 'total_energy': 250.67195510568024}
2026-06-09T09:21:39+12:00 scalar diagnostics {'step': 199, 'time': 18.756915771347376, 'dt': 0.09968447175911999, 'total_energy': 256.12105715608334}
2026-06-09T09:21:39+12:00 progress {'step': 200, 'time': 18.856075944225296, 'dt': 0.09916017287791923}
2026-06-09T09:21:39+12:00 scalar diagnostics {'step': 202, 'time': 19.056110561990774, 'dt': 0.10053652550563792, 'total_energy': 264.66383233893924}
2026-06-09T09:21:39+12:00 scalar diagnostics {'step': 204, 'time': 19.264671712993763, 'dt': 0.10580068349456992, 'total_energy': 270.97800222391044}
2026-06-09T09:21:39+12:00 scalar diagnostics {'step': 207, 'time': 19.597547512019354, 'dt': 0.11298812391362463, 'total_energy': 281.1556488534153}
2026-06-09T09:21:39+12:00 scalar diagnostics {'step': 209, 'time': 19.823316236714785, 'dt': 0.11234210436072252, 'total_energy': 287.811360917887}
2026-06-09T09:21:39+12:00 scalar diagnostics {'step': 211, 'time': 20.039890956851462, 'dt': 0.10665261803473217, 'total_energy': 294.339284980729}
2026-06-09T09:21:39+12:00 scalar diagnostics {'step': 214, 'time': 20.33942294145654, 'dt': 0.09673681607874457, 'total_energy': 304.088720778765}
2026-06-09T09:21:39+12:00 scalar diagnostics {'step': 216, 'time': 20.522734463192585, 'dt': 0.08937156276422561, 'total_energy': 310.13930837660337}
2026-06-09T09:21:39+12:00 scalar diagnostics {'step': 219, 'time': 20.773583815519117, 'dt': 0.08164660582364214, 'total_energy': 318.11032314298564}
2026-06-09T09:21:39+12:00 scalar diagnostics {'step': 222, 'time': 21.01299684515042, 'dt': 0.0793055121462259, 'total_energy': 325.86775302670867}
2026-06-09T09:21:39+12:00 scalar diagnostics {'step': 225, 'time': 21.254003311080346, 'dt': 0.08130558260800738, 'total_energy': 334.6760935040757}
2026-06-09T09:21:39+12:00 scalar diagnostics {'step': 228, 'time': 21.50794265195664, 'dt': 0.08648655304705632, 'total_energy': 344.5585150748752}
2026-06-09T09:21:39+12:00 scalar diagnostics {'step': 231, 'time': 21.776094738596694, 'dt': 0.09118236745631907, 'total_energy': 353.9034088379732}
2026-06-09T09:21:39+12:00 scalar diagnostics {'step': 234, 'time': 22.05154423104714, 'dt': 0.09067513241883321, 'total_energy': 361.51312678601266}
2026-06-09T09:21:39+12:00 scalar diagnostics {'step': 237, 'time': 22.31992207592632, 'dt': 0.08914729434141622, 'total_energy': 367.79063638754974}
2026-06-09T09:21:39+12:00 scalar diagnostics {'step': 240, 'time': 22.58907218419443, 'dt': 0.09028663083982935, 'total_energy': 373.6603264252795}
2026-06-09T09:21:39+12:00 scalar diagnostics {'step': 242, 'time': 22.772616913865647, 'dt': 0.09234920423527765, 'total_energy': 377.2074927255704}
2026-06-09T09:21:39+12:00 scalar diagnostics {'step': 245, 'time': 23.057483245905036, 'dt': 0.09619179686616285, 'total_energy': 384.01865645979336}
2026-06-09T09:21:39+12:00 scalar diagnostics {'step': 247, 'time': 23.250212969886686, 'dt': 0.09602870235351234, 'total_energy': 389.30906926481816}
2026-06-09T09:21:40+12:00 scalar diagnostics {'step': 250, 'time': 23.532842174620484, 'dt': 0.09308614738542456, 'total_energy': 396.9334011482212}
2026-06-09T09:21:40+12:00 scalar diagnostics {'step': 253, 'time': 23.8020586473195, 'dt': 0.08841377933510532, 'total_energy': 401.18786745610066}
2026-06-09T09:21:40+12:00 scalar diagnostics {'step': 256, 'time': 24.058821573230123, 'dt': 0.08419799780887424, 'total_energy': 404.8841256255893}
2026-06-09T09:21:40+12:00 scalar diagnostics {'step': 259, 'time': 24.30608110274777, 'dt': 0.0820874829133065, 'total_energy': 407.65665881125653}
2026-06-09T09:21:40+12:00 scalar diagnostics {'step': 262, 'time': 24.55876138855644, 'dt': 0.086084010053722, 'total_energy': 406.1506729169006}
2026-06-09T09:21:40+12:00 scalar diagnostics {'step': 265, 'time': 24.838121644689593, 'dt': 0.0973683212654226, 'total_energy': 402.38296772621266}
2026-06-09T09:21:40+12:00 scalar diagnostics {'step': 267, 'time': 25.046101652777345, 'dt': 0.10618870980251059, 'total_energy': 400.2951150527602}
2026-06-09T09:21:40+12:00 scalar diagnostics {'step': 269, 'time': 25.265522003281028, 'dt': 0.11044638029929757, 'total_energy': 398.96859890355785}
2026-06-09T09:21:40+12:00 scalar diagnostics {'step': 272, 'time': 25.59192866860988, 'dt': 0.10639701730160316, 'total_energy': 390.77933082289945}
2026-06-09T09:21:40+12:00 scalar diagnostics {'step': 274, 'time': 25.7959087559411, 'dt': 0.10059485528782804, 'total_energy': 383.8076035249549}
2026-06-09T09:21:40+12:00 scalar diagnostics {'step': 277, 'time': 26.08863832801006, 'dt': 0.09706520087902133, 'total_energy': 374.28229713566486}
2026-06-09T09:21:40+12:00 scalar diagnostics {'step': 279, 'time': 26.28751319863135, 'dt': 0.10071132246938337, 'total_energy': 368.21284533113254}
2026-06-09T09:21:40+12:00 scalar diagnostics {'step': 281, 'time': 26.503985633703845, 'dt': 0.11147063829649577, 'total_energy': 356.44942636892466}
2026-06-09T09:21:40+12:00 scalar diagnostics {'step': 284, 'time': 26.876910833983544, 'dt': 0.13222053592837, 'total_energy': 331.55935778238575}
2026-06-09T09:21:40+12:00 scalar diagnostics {'step': 285, 'time': 27.022712617945807, 'dt': 0.1458017839622624, 'total_energy': 323.16209289495055}
2026-06-09T09:21:40+12:00 scalar diagnostics {'step': 287, 'time': 27.349443900190394, 'dt': 0.1669874387386237, 'total_energy': 305.5499926630664}
2026-06-09T09:21:40+12:00 scalar diagnostics {'step': 288, 'time': 27.51426309652859, 'dt': 0.16481919633819747, 'total_energy': 297.28466430314387}
2026-06-09T09:21:40+12:00 scalar diagnostics {'step': 290, 'time': 27.838181474702616, 'dt': 0.15868905903206815, 'total_energy': 283.05771403630314}
2026-06-09T09:21:40+12:00 scalar diagnostics {'step': 292, 'time': 28.114448519543746, 'dt': 0.13354015256835314, 'total_energy': 262.9267489411785}
2026-06-09T09:21:40+12:00 scalar diagnostics {'step': 294, 'time': 28.37090816393311, 'dt': 0.12761664833985337, 'total_energy': 247.38572741942633}
2026-06-09T09:21:40+12:00 scalar diagnostics {'step': 295, 'time': 28.500116522535997, 'dt': 0.12920835860288699, 'total_energy': 240.42993641110877}
2026-06-09T09:21:40+12:00 scalar diagnostics {'step': 297, 'time': 28.771968252853906, 'dt': 0.13873086990390102, 'total_energy': 227.4473157887332}
2026-06-09T09:21:40+12:00 scalar diagnostics {'step': 299, 'time': 29.06599930734766, 'dt': 0.1490696081495141, 'total_energy': 215.60254207739905}
2026-06-09T09:21:40+12:00 progress {'step': 300, 'time': 29.21548128588726, 'dt': 0.14948197853960102}
2026-06-09T09:21:40+12:00 scalar diagnostics {'step': 301, 'time': 29.358530257013392, 'dt': 0.1430489711261309, 'total_energy': 203.5736907414537}
2026-06-09T09:21:40+12:00 scalar diagnostics {'step': 303, 'time': 29.621293410941938, 'dt': 0.12859435248034737, 'total_energy': 192.66735077789676}
2026-06-09T09:21:40+12:00 scalar diagnostics {'step': 305, 'time': 29.875488965947426, 'dt': 0.12775016089899488, 'total_energy': 183.25384995039002}
2026-06-09T09:21:40+12:00 scalar diagnostics {'step': 306, 'time': 30.008298629633327, 'dt': 0.1328096636859021, 'total_energy': 178.5592677294909}
2026-06-09T09:21:40+12:00 scalar diagnostics {'step': 308, 'time': 30.281165154082224, 'dt': 0.13881714786286797, 'total_energy': 169.45477090108207}
2026-06-09T09:21:40+12:00 scalar diagnostics {'step': 310, 'time': 30.59219740353656, 'dt': 0.16142169719429275, 'total_energy': 160.45241866605022}
2026-06-09T09:21:40+12:00 scalar diagnostics {'step': 311, 'time': 30.755083752157073, 'dt': 0.16288634862051368, 'total_energy': 155.9504092882951}
2026-06-09T09:21:40+12:00 scalar diagnostics {'step': 313, 'time': 31.079957651625804, 'dt': 0.16193051793389393, 'total_energy': 147.57091170390933}
2026-06-09T09:21:40+12:00 scalar diagnostics {'step': 315, 'time': 31.400396068997754, 'dt': 0.15990886729149903, 'total_energy': 139.89531517634703}
2026-06-09T09:21:40+12:00 scalar diagnostics {'step': 316, 'time': 31.561438223586535, 'dt': 0.16104215458877935, 'total_energy': 136.34784210419622}
2026-06-09T09:21:40+12:00 scalar diagnostics {'step': 318, 'time': 31.8780510328338, 'dt': 0.15857093378248222, 'total_energy': 129.92727252234076}
2026-06-09T09:21:40+12:00 scalar diagnostics {'step': 319, 'time': 32.0421572300081, 'dt': 0.16410619717429933, 'total_energy': 126.80898863676312}
2026-06-09T09:21:40+12:00 scalar diagnostics {'step': 321, 'time': 32.400238719190476, 'dt': 0.1832383557002705, 'total_energy': 121.06940603826551}
2026-06-09T09:21:40+12:00 scalar diagnostics {'step': 322, 'time': 32.58690957536, 'dt': 0.18667085616952914, 'total_energy': 118.53946853942203}
2026-06-09T09:21:40+12:00 scalar diagnostics {'step': 323, 'time': 32.774865456349225, 'dt': 0.18795588098922286, 'total_energy': 116.05015932774472}
2026-06-09T09:21:40+12:00 scalar diagnostics {'step': 325, 'time': 33.138355168306475, 'dt': 0.17884414555907696, 'total_energy': 111.48507074511802}
2026-06-09T09:21:40+12:00 scalar diagnostics {'step': 326, 'time': 33.314035281414924, 'dt': 0.17568011310844814, 'total_energy': 109.41678739877298}
2026-06-09T09:21:40+12:00 scalar diagnostics {'step': 328, 'time': 33.668607072402615, 'dt': 0.1790517595026083, 'total_energy': 105.47986004992683}
2026-06-09T09:21:40+12:00 scalar diagnostics {'step': 329, 'time': 33.85026283447219, 'dt': 0.18165576206957756, 'total_energy': 103.60946039407258}
2026-06-09T09:21:40+12:00 scalar diagnostics {'step': 330, 'time': 34.03334873060915, 'dt': 0.18308589613696158, 'total_energy': 101.83914802228801}
2026-06-09T09:21:40+12:00 scalar diagnostics {'step': 332, 'time': 34.41155957628687, 'dt': 0.191805867209275, 'total_energy': 99.90104117218237}
2026-06-09T09:21:40+12:00 scalar diagnostics {'step': 333, 'time': 34.60790911713623, 'dt': 0.19634954084936207, 'total_energy': 98.89889162202431}
2026-06-09T09:21:40+12:00 scalar diagnostics {'step': 334, 'time': 34.80425865798559, 'dt': 0.19634954084936207, 'total_energy': 97.95190782097822}
2026-06-09T09:21:40+12:00 scalar diagnostics {'step': 335, 'time': 35.000608198834954, 'dt': 0.19634954084936207, 'total_energy': 97.08446364913388}
2026-06-09T09:21:40+12:00 scalar diagnostics {'step': 337, 'time': 35.393307280533676, 'dt': 0.19634954084936207, 'total_energy': 95.42103990109767}
2026-06-09T09:21:40+12:00 scalar diagnostics {'step': 338, 'time': 35.58965682138304, 'dt': 0.19634954084936207, 'total_energy': 94.587405994}
2026-06-09T09:21:40+12:00 scalar diagnostics {'step': 339, 'time': 35.7860063622324, 'dt': 0.19634954084936207, 'total_energy': 93.81299811469069}
2026-06-09T09:21:40+12:00 scalar diagnostics {'step': 341, 'time': 36.17870544393112, 'dt': 0.19634954084936207, 'total_energy': 93.05237743758639}
2026-06-09T09:21:40+12:00 scalar diagnostics {'step': 342, 'time': 36.37505498478048, 'dt': 0.19634954084936207, 'total_energy': 92.97382799938909}
2026-06-09T09:21:41+12:00 scalar diagnostics {'step': 343, 'time': 36.571404525629845, 'dt': 0.19634954084936207, 'total_energy': 92.88351907288921}
2026-06-09T09:21:41+12:00 scalar diagnostics {'step': 344, 'time': 36.767754066479206, 'dt': 0.19634954084936207, 'total_energy': 92.807272169855}
2026-06-09T09:21:41+12:00 scalar diagnostics {'step': 346, 'time': 37.16045314817793, 'dt': 0.19634954084936207, 'total_energy': 92.74719876903347}
2026-06-09T09:21:41+12:00 scalar diagnostics {'step': 347, 'time': 37.35680268902729, 'dt': 0.19634954084936207, 'total_energy': 92.73084041976318}
2026-06-09T09:21:41+12:00 scalar diagnostics {'step': 348, 'time': 37.55315222987665, 'dt': 0.19634954084936207, 'total_energy': 92.7114280605374}
2026-06-09T09:21:41+12:00 scalar diagnostics {'step': 350, 'time': 37.945851311575375, 'dt': 0.19634954084936207, 'total_energy': 92.75335743020149}
2026-06-09T09:21:41+12:00 scalar diagnostics {'step': 351, 'time': 38.142200852424736, 'dt': 0.19634954084936207, 'total_energy': 93.16040610601016}
2026-06-09T09:21:41+12:00 scalar diagnostics {'step': 352, 'time': 38.3385503932741, 'dt': 0.19634954084936207, 'total_energy': 93.54793499913615}
2026-06-09T09:21:41+12:00 scalar diagnostics {'step': 353, 'time': 38.53489993412346, 'dt': 0.19634954084936207, 'total_energy': 93.88627912878118}
2026-06-09T09:21:41+12:00 scalar diagnostics {'step': 355, 'time': 38.92759901582218, 'dt': 0.19634954084936207, 'total_energy': 94.57010143453039}
2026-06-09T09:21:41+12:00 scalar diagnostics {'step': 356, 'time': 39.12394855667154, 'dt': 0.19634954084936207, 'total_energy': 95.01790237424109}
2026-06-09T09:21:41+12:00 scalar diagnostics {'step': 357, 'time': 39.320298097520904, 'dt': 0.19634954084936207, 'total_energy': 95.51144729234062}
2026-06-09T09:21:41+12:00 scalar diagnostics {'step': 358, 'time': 39.516647638370266, 'dt': 0.19634954084936207, 'total_energy': 95.98340874601269}
2026-06-09T09:21:41+12:00 scalar diagnostics {'step': 360, 'time': 39.90934672006899, 'dt': 0.19634954084936207, 'total_energy': 96.78143530355595}
2026-06-09T09:21:41+12:00 scalar diagnostics {'step': 361, 'time': 40.10569626091835, 'dt': 0.19634954084936207, 'total_energy': 97.34291043593723}
2026-06-09T09:21:41+12:00 scalar diagnostics {'step': 362, 'time': 40.30204580176771, 'dt': 0.19634954084936207, 'total_energy': 97.88185298677726}
2026-06-09T09:21:41+12:00 scalar diagnostics {'step': 364, 'time': 40.694744883466434, 'dt': 0.19634954084936207, 'total_energy': 98.8972086520366}
2026-06-09T09:21:41+12:00 scalar diagnostics {'step': 365, 'time': 40.891094424315796, 'dt': 0.19634954084936207, 'total_energy': 99.41351045409684}
2026-06-09T09:21:41+12:00 scalar diagnostics {'step': 366, 'time': 41.08744396516516, 'dt': 0.19634954084936207, 'total_energy': 99.94329441487648}
2026-06-09T09:21:41+12:00 scalar diagnostics {'step': 367, 'time': 41.28379350601452, 'dt': 0.19634954084936207, 'total_energy': 100.46692178569137}
2026-06-09T09:21:41+12:00 scalar diagnostics {'step': 369, 'time': 41.67649258771324, 'dt': 0.19634954084936207, 'total_energy': 101.44995696631}
2026-06-09T09:21:41+12:00 scalar diagnostics {'step': 370, 'time': 41.8728421285626, 'dt': 0.19634954084936207, 'total_energy': 101.90991721960302}
2026-06-09T09:21:41+12:00 scalar diagnostics {'step': 371, 'time': 42.069191669411964, 'dt': 0.19634954084936207, 'total_energy': 102.48224129705261}
2026-06-09T09:21:41+12:00 scalar diagnostics {'step': 372, 'time': 42.265541210261325, 'dt': 0.19634954084936207, 'total_energy': 103.07166157750217}
2026-06-09T09:21:41+12:00 scalar diagnostics {'step': 374, 'time': 42.65824029196005, 'dt': 0.19634954084936207, 'total_energy': 104.40731892806828}
2026-06-09T09:21:41+12:00 scalar diagnostics {'step': 375, 'time': 42.85458983280941, 'dt': 0.19634954084936207, 'total_energy': 105.09699384841426}
2026-06-09T09:21:41+12:00 scalar diagnostics {'step': 376, 'time': 43.05093937365877, 'dt': 0.19634954084936207, 'total_energy': 105.71393154153549}
2026-06-09T09:21:41+12:00 scalar diagnostics {'step': 378, 'time': 43.443638455357494, 'dt': 0.19634954084936207, 'total_energy': 106.70891293396191}
2026-06-09T09:21:41+12:00 scalar diagnostics {'step': 379, 'time': 43.639987996206855, 'dt': 0.19634954084936207, 'total_energy': 107.18287500287502}
2026-06-09T09:21:41+12:00 scalar diagnostics {'step': 380, 'time': 43.83633753705622, 'dt': 0.19634954084936207, 'total_energy': 107.68923127516251}
2026-06-09T09:21:41+12:00 scalar diagnostics {'step': 381, 'time': 44.03268707790558, 'dt': 0.19634954084936207, 'total_energy': 108.30855722561851}
2026-06-09T09:21:41+12:00 scalar diagnostics {'step': 383, 'time': 44.4253861596043, 'dt': 0.19634954084936207, 'total_energy': 109.63278866794178}
2026-06-09T09:21:41+12:00 scalar diagnostics {'step': 384, 'time': 44.62173570045366, 'dt': 0.19634954084936207, 'total_energy': 110.32949507209656}
2026-06-09T09:21:41+12:00 scalar diagnostics {'step': 385, 'time': 44.818085241303024, 'dt': 0.19634954084936207, 'total_energy': 111.04251051957331}
2026-06-09T09:21:41+12:00 scalar diagnostics {'step': 386, 'time': 45.014434782152385, 'dt': 0.19634954084936207, 'total_energy': 111.77512694096552}
2026-06-09T09:21:41+12:00 scalar diagnostics {'step': 388, 'time': 45.40713386385111, 'dt': 0.19634954084936207, 'total_energy': 113.33535183398016}
2026-06-09T09:21:41+12:00 scalar diagnostics {'step': 389, 'time': 45.60348340470047, 'dt': 0.19634954084936207, 'total_energy': 114.1555890699138}
2026-06-09T09:21:41+12:00 scalar diagnostics {'step': 390, 'time': 45.79983294554983, 'dt': 0.19634954084936207, 'total_energy': 114.9727389472728}
2026-06-09T09:21:41+12:00 scalar diagnostics {'step': 392, 'time': 46.192532027248554, 'dt': 0.19634954084936207, 'total_energy': 116.62178729848372}
2026-06-09T09:21:41+12:00 scalar diagnostics {'step': 393, 'time': 46.388881568097915, 'dt': 0.19634954084936207, 'total_energy': 117.41781471043336}
2026-06-09T09:21:41+12:00 scalar diagnostics {'step': 394, 'time': 46.585231108947276, 'dt': 0.19634954084936207, 'total_energy': 118.23817239904001}
2026-06-09T09:21:41+12:00 scalar diagnostics {'step': 395, 'time': 46.78158064979664, 'dt': 0.19634954084936207, 'total_energy': 119.09934064811819}
2026-06-09T09:21:41+12:00 scalar diagnostics {'step': 397, 'time': 47.17427973149536, 'dt': 0.19634954084936207, 'total_energy': 120.83714595087079}
2026-06-09T09:21:41+12:00 scalar diagnostics {'step': 398, 'time': 47.37062927234472, 'dt': 0.19634954084936207, 'total_energy': 121.66725042526042}
2026-06-09T09:21:41+12:00 scalar diagnostics {'step': 399, 'time': 47.56697881319408, 'dt': 0.19634954084936207, 'total_energy': 122.50651999168606}
2026-06-09T09:21:41+12:00 progress {'step': 400, 'time': 47.763328354043445, 'dt': 0.19634954084936207}
2026-06-09T09:21:41+12:00 scalar diagnostics {'step': 400, 'time': 47.763328354043445, 'dt': 0.19634954084936207, 'total_energy': 123.39737461192385}
2026-06-09T09:21:41+12:00 scalar diagnostics {'step': 402, 'time': 48.15602743574217, 'dt': 0.19634954084936207, 'total_energy': 125.35029760360918}
2026-06-09T09:21:41+12:00 scalar diagnostics {'step': 403, 'time': 48.35237697659153, 'dt': 0.19634954084936207, 'total_energy': 126.28545947281776}
2026-06-09T09:21:41+12:00 scalar diagnostics {'step': 404, 'time': 48.54872651744089, 'dt': 0.19634954084936207, 'total_energy': 127.17879493014576}
2026-06-09T09:21:41+12:00 scalar diagnostics {'step': 406, 'time': 48.94142559913961, 'dt': 0.19634954084936207, 'total_energy': 128.96412579312602}
2026-06-09T09:21:41+12:00 scalar diagnostics {'step': 407, 'time': 49.137775139988975, 'dt': 0.19634954084936207, 'total_energy': 129.8824772628428}
2026-06-09T09:21:41+12:00 scalar diagnostics {'step': 408, 'time': 49.334124680838336, 'dt': 0.19634954084936207, 'total_energy': 130.8052606383183}
2026-06-09T09:21:41+12:00 scalar diagnostics {'step': 409, 'time': 49.5304742216877, 'dt': 0.19634954084936207, 'total_energy': 131.7274413168657}
2026-06-09T09:21:41+12:00 scalar diagnostics {'step': 411, 'time': 49.92317330338642, 'dt': 0.19634954084936207, 'total_energy': 133.61844574483484}
2026-06-09T09:21:41+12:00 scalar diagnostics {'step': 412, 'time': 50.11952284423578, 'dt': 0.19634954084936207, 'total_energy': 134.58475808467105}
2026-06-09T09:21:41+12:00 scalar diagnostics {'step': 413, 'time': 50.31587238508514, 'dt': 0.19634954084936207, 'total_energy': 135.5380451445015}
2026-06-09T09:21:41+12:00 scalar diagnostics {'step': 414, 'time': 50.512221925934504, 'dt': 0.19634954084936207, 'total_energy': 136.46774155693}
2026-06-09T09:21:41+12:00 scalar diagnostics {'step': 416, 'time': 50.90492100763323, 'dt': 0.19634954084936207, 'total_energy': 138.27971468853247}
2026-06-09T09:21:41+12:00 scalar diagnostics {'step': 417, 'time': 51.10127054848259, 'dt': 0.19634954084936207, 'total_energy': 139.1736433066105}
2026-06-09T09:21:41+12:00 scalar diagnostics {'step': 418, 'time': 51.29762008933195, 'dt': 0.19634954084936207, 'total_energy': 140.04350135510674}
2026-06-09T09:21:41+12:00 scalar diagnostics {'step': 420, 'time': 51.69031917103067, 'dt': 0.19634954084936207, 'total_energy': 141.6735302051054}
2026-06-09T09:21:41+12:00 scalar diagnostics {'step': 421, 'time': 51.886668711880034, 'dt': 0.19634954084936207, 'total_energy': 142.4903061857898}
2026-06-09T09:21:41+12:00 scalar diagnostics {'step': 422, 'time': 52.083018252729396, 'dt': 0.19634954084936207, 'total_energy': 143.32949098280926}
2026-06-09T09:21:41+12:00 scalar diagnostics {'step': 423, 'time': 52.27936779357876, 'dt': 0.19634954084936207, 'total_energy': 144.19001889199754}
2026-06-09T09:21:41+12:00 scalar diagnostics {'step': 425, 'time': 52.67206687527748, 'dt': 0.19634954084936207, 'total_energy': 145.9163284208928}
2026-06-09T09:21:41+12:00 scalar diagnostics {'step': 426, 'time': 52.86841641612684, 'dt': 0.19634954084936207, 'total_energy': 146.77895715104657}
2026-06-09T09:21:41+12:00 scalar diagnostics {'step': 427, 'time': 53.0647659569762, 'dt': 0.19634954084936207, 'total_energy': 147.65244806874995}
2026-06-09T09:21:42+12:00 scalar diagnostics {'step': 428, 'time': 53.261115497825564, 'dt': 0.19634954084936207, 'total_energy': 148.54135120007385}
2026-06-09T09:21:42+12:00 scalar diagnostics {'step': 430, 'time': 53.65381457952429, 'dt': 0.19634954084936207, 'total_energy': 150.3979145771155}
2026-06-09T09:21:42+12:00 scalar diagnostics {'step': 431, 'time': 53.85016412037365, 'dt': 0.19634954084936207, 'total_energy': 151.40724681864708}
2026-06-09T09:21:42+12:00 scalar diagnostics {'step': 432, 'time': 54.04651366122301, 'dt': 0.19634954084936207, 'total_energy': 152.46132459260392}
2026-06-09T09:21:42+12:00 scalar diagnostics {'step': 434, 'time': 54.43921274292173, 'dt': 0.19634954084936207, 'total_energy': 154.58437132465133}
2026-06-09T09:21:42+12:00 scalar diagnostics {'step': 435, 'time': 54.635562283771094, 'dt': 0.19634954084936207, 'total_energy': 155.5876815438524}
2026-06-09T09:21:42+12:00 scalar diagnostics {'step': 436, 'time': 54.831911824620455, 'dt': 0.19634954084936207, 'total_energy': 156.54286743629095}
2026-06-09T09:21:42+12:00 scalar diagnostics {'step': 437, 'time': 55.02826136546982, 'dt': 0.19634954084936207, 'total_energy': 157.48013504315432}
2026-06-09T09:21:42+12:00 scalar diagnostics {'step': 439, 'time': 55.42096044716854, 'dt': 0.19634954084936207, 'total_energy': 159.44860137600963}
2026-06-09T09:21:42+12:00 scalar diagnostics {'step': 440, 'time': 55.6173099880179, 'dt': 0.19634954084936207, 'total_energy': 160.4879875204775}
2026-06-09T09:21:42+12:00 scalar diagnostics {'step': 441, 'time': 55.81365952886726, 'dt': 0.19634954084936207, 'total_energy': 161.53887712995405}
2026-06-09T09:21:42+12:00 scalar diagnostics {'step': 442, 'time': 56.010009069716624, 'dt': 0.19634954084936207, 'total_energy': 162.57824665254498}
2026-06-09T09:21:42+12:00 scalar diagnostics {'step': 444, 'time': 56.40270815141535, 'dt': 0.19634954084936207, 'total_energy': 164.71842723444766}
2026-06-09T09:21:42+12:00 scalar diagnostics {'step': 445, 'time': 56.59905769226471, 'dt': 0.19634954084936207, 'total_energy': 165.84932531035548}
2026-06-09T09:21:42+12:00 scalar diagnostics {'step': 446, 'time': 56.79540723311407, 'dt': 0.19634954084936207, 'total_energy': 166.98845516932104}
2026-06-09T09:21:42+12:00 scalar diagnostics {'step': 448, 'time': 57.18810631481279, 'dt': 0.19634954084936207, 'total_energy': 169.18550064550567}
2026-06-09T09:21:42+12:00 scalar diagnostics {'step': 449, 'time': 57.384455855662154, 'dt': 0.19634954084936207, 'total_energy': 170.25666637591024}
2026-06-09T09:21:42+12:00 scalar diagnostics {'step': 450, 'time': 57.580805396511515, 'dt': 0.19634954084936207, 'total_energy': 171.3356743673124}
2026-06-09T09:21:42+12:00 scalar diagnostics {'step': 451, 'time': 57.777154937360876, 'dt': 0.19634954084936207, 'total_energy': 172.4405524721908}
2026-06-09T09:21:42+12:00 scalar diagnostics {'step': 453, 'time': 58.1698540190596, 'dt': 0.19634954084936207, 'total_energy': 174.73661081385924}
2026-06-09T09:21:42+12:00 scalar diagnostics {'step': 454, 'time': 58.36620355990896, 'dt': 0.19634954084936207, 'total_energy': 175.94710869435724}
2026-06-09T09:21:42+12:00 scalar diagnostics {'step': 455, 'time': 58.56255310075832, 'dt': 0.19634954084936207, 'total_energy': 177.18256325359332}
2026-06-09T09:21:42+12:00 scalar diagnostics {'step': 456, 'time': 58.75890264160768, 'dt': 0.19634954084936207, 'total_energy': 178.3967277146544}
2026-06-09T09:21:42+12:00 scalar diagnostics {'step': 458, 'time': 59.151601723306406, 'dt': 0.19634954084936207, 'total_energy': 180.59999437350234}
2026-06-09T09:21:42+12:00 scalar diagnostics {'step': 459, 'time': 59.34795126415577, 'dt': 0.19634954084936207, 'total_energy': 181.59495383333712}
2026-06-09T09:21:42+12:00 scalar diagnostics {'step': 460, 'time': 59.54430080500513, 'dt': 0.19634954084936207, 'total_energy': 182.56783682291257}
2026-06-09T09:21:42+12:00 scalar diagnostics {'step': 462, 'time': 59.93699988670385, 'dt': 0.19634954084936207, 'total_energy': 184.56033469223294}
2026-06-09T09:21:42+12:00 scalar diagnostics {'step': 463, 'time': 60.13334942755321, 'dt': 0.19634954084936207, 'total_energy': 185.58722332940042}
2026-06-09T09:21:42+12:00 scalar diagnostics {'step': 464, 'time': 60.329698968402575, 'dt': 0.19634954084936207, 'total_energy': 186.6472548511435}
2026-06-09T09:21:42+12:00 scalar diagnostics {'step': 465, 'time': 60.526048509251936, 'dt': 0.19634954084936207, 'total_energy': 187.74797379224714}
2026-06-09T09:21:42+12:00 scalar diagnostics {'step': 467, 'time': 60.91874759095066, 'dt': 0.19634954084936207, 'total_energy': 189.98777654819213}
2026-06-09T09:21:42+12:00 scalar diagnostics {'step': 468, 'time': 61.11509713180002, 'dt': 0.19634954084936207, 'total_energy': 191.05921838214948}
2026-06-09T09:21:42+12:00 scalar diagnostics {'step': 469, 'time': 61.31144667264938, 'dt': 0.19634954084936207, 'total_energy': 192.08768921276896}
2026-06-09T09:21:42+12:00 scalar diagnostics {'step': 470, 'time': 61.50779621349874, 'dt': 0.19634954084936207, 'total_energy': 193.0959484539423}
2026-06-09T09:21:42+12:00 scalar diagnostics {'step': 472, 'time': 61.900495295197466, 'dt': 0.19634954084936207, 'total_energy': 195.1225477308978}
2026-06-09T09:21:42+12:00 scalar diagnostics {'step': 473, 'time': 62.09684483604683, 'dt': 0.19634954084936207, 'total_energy': 196.13938446284453}
2026-06-09T09:21:42+12:00 scalar diagnostics {'step': 474, 'time': 62.29319437689619, 'dt': 0.19634954084936207, 'total_energy': 197.1775380736213}
2026-06-09T09:21:42+12:00 scalar diagnostics {'step': 476, 'time': 62.68589345859491, 'dt': 0.19634954084936207, 'total_energy': 199.4141143919852}
2026-06-09T09:21:42+12:00 scalar diagnostics {'step': 477, 'time': 62.88224299944427, 'dt': 0.19634954084936207, 'total_energy': 200.59784004499676}
2026-06-09T09:21:42+12:00 scalar diagnostics {'step': 478, 'time': 63.078592540293634, 'dt': 0.19634954084936207, 'total_energy': 201.77122027846315}
2026-06-09T09:21:42+12:00 scalar diagnostics {'step': 479, 'time': 63.274942081142996, 'dt': 0.19634954084936207, 'total_energy': 202.9034129016989}
2026-06-09T09:21:42+12:00 scalar diagnostics {'step': 481, 'time': 63.66764116284172, 'dt': 0.19634954084936207, 'total_energy': 205.1004597992753}
2026-06-09T09:21:42+12:00 scalar diagnostics {'step': 482, 'time': 63.86399070369108, 'dt': 0.19634954084936207, 'total_energy': 206.22867613054575}
2026-06-09T09:21:42+12:00 scalar diagnostics {'step': 483, 'time': 64.06034024454044, 'dt': 0.19634954084936207, 'total_energy': 207.39033764925784}
2026-06-09T09:21:42+12:00 scalar diagnostics {'step': 484, 'time': 64.25668978538981, 'dt': 0.19634954084936207, 'total_energy': 208.57013355912298}
2026-06-09T09:21:42+12:00 scalar diagnostics {'step': 486, 'time': 64.64938886708855, 'dt': 0.19634954084936207, 'total_energy': 210.94254846913321}
2026-06-09T09:21:42+12:00 scalar diagnostics {'step': 487, 'time': 64.84573840793792, 'dt': 0.19634954084936207, 'total_energy': 212.147238383713}
2026-06-09T09:21:42+12:00 scalar diagnostics {'step': 488, 'time': 65.04208794878728, 'dt': 0.19634954084936207, 'total_energy': 213.3738513290465}
2026-06-09T09:21:42+12:00 scalar diagnostics {'step': 490, 'time': 65.43478703048602, 'dt': 0.19634954084936207, 'total_energy': 215.87146461628606}
2026-06-09T09:21:42+12:00 scalar diagnostics {'step': 491, 'time': 65.63113657133539, 'dt': 0.19634954084936207, 'total_energy': 217.13356977417232}
2026-06-09T09:21:42+12:00 scalar diagnostics {'step': 492, 'time': 65.82748611218476, 'dt': 0.19634954084936207, 'total_energy': 218.39677967622714}
2026-06-09T09:21:42+12:00 scalar diagnostics {'step': 493, 'time': 66.02383565303413, 'dt': 0.19634954084936207, 'total_energy': 219.6549108970895}
2026-06-09T09:21:42+12:00 scalar diagnostics {'step': 495, 'time': 66.41653473473286, 'dt': 0.19634954084936207, 'total_energy': 222.1581595959809}
2026-06-09T09:21:42+12:00 scalar diagnostics {'step': 496, 'time': 66.61288427558223, 'dt': 0.19634954084936207, 'total_energy': 223.43454357973243}
2026-06-09T09:21:42+12:00 scalar diagnostics {'step': 497, 'time': 66.8092338164316, 'dt': 0.19634954084936207, 'total_energy': 224.74661600030095}
2026-06-09T09:21:42+12:00 scalar diagnostics {'step': 498, 'time': 67.00558335728097, 'dt': 0.19634954084936207, 'total_energy': 226.07999200160486}
2026-06-09T09:21:42+12:00 progress {'step': 500, 'time': 67.3982824389797, 'dt': 0.19634954084936207}
2026-06-09T09:21:42+12:00 scalar diagnostics {'step': 500, 'time': 67.3982824389797, 'dt': 0.19634954084936207, 'total_energy': 228.66122966836468}
2026-06-09T09:21:42+12:00 scalar diagnostics {'step': 501, 'time': 67.59463197982907, 'dt': 0.19634954084936207, 'total_energy': 229.86639595495592}
2026-06-09T09:21:42+12:00 scalar diagnostics {'step': 502, 'time': 67.79098152067844, 'dt': 0.19634954084936207, 'total_energy': 231.03335188178278}
2026-06-09T09:21:42+12:00 scalar diagnostics {'step': 504, 'time': 68.18368060237718, 'dt': 0.19634954084936207, 'total_energy': 233.40976048092128}
2026-06-09T09:21:42+12:00 scalar diagnostics {'step': 505, 'time': 68.38003014322655, 'dt': 0.19634954084936207, 'total_energy': 234.663612938715}
2026-06-09T09:21:42+12:00 scalar diagnostics {'step': 506, 'time': 68.57637968407592, 'dt': 0.19634954084936207, 'total_energy': 235.9527151233122}
2026-06-09T09:21:42+12:00 scalar diagnostics {'step': 507, 'time': 68.77272922492529, 'dt': 0.19634954084936207, 'total_energy': 237.25449304503343}
2026-06-09T09:21:42+12:00 scalar diagnostics {'step': 509, 'time': 69.16542830662402, 'dt': 0.19634954084936207, 'total_energy': 239.8159836128993}
2026-06-09T09:21:42+12:00 scalar diagnostics {'step': 510, 'time': 69.36177784747339, 'dt': 0.19634954084936207, 'total_energy': 241.04899614346118}
2026-06-09T09:21:42+12:00 scalar diagnostics {'step': 511, 'time': 69.55812738832276, 'dt': 0.19634954084936207, 'total_energy': 242.24606664296977}
2026-06-09T09:21:42+12:00 scalar diagnostics {'step': 512, 'time': 69.75447692917213, 'dt': 0.19634954084936207, 'total_energy': 243.41333053275272}
2026-06-09T09:21:42+12:00 scalar diagnostics {'step': 514, 'time': 70.14717601087087, 'dt': 0.19634954084936207, 'total_energy': 245.72542316924307}
2026-06-09T09:21:42+12:00 scalar diagnostics {'step': 515, 'time': 70.34352555172023, 'dt': 0.19634954084936207, 'total_energy': 246.88539935044702}
2026-06-09T09:21:42+12:00 scalar diagnostics {'step': 516, 'time': 70.5398750925696, 'dt': 0.19634954084936207, 'total_energy': 248.03970563568384}
2026-06-09T09:21:42+12:00 scalar diagnostics {'step': 518, 'time': 70.93257417426834, 'dt': 0.19634954084936207, 'total_energy': 250.34307222995244}
2026-06-09T09:21:42+12:00 scalar diagnostics {'step': 519, 'time': 71.12892371511771, 'dt': 0.19634954084936207, 'total_energy': 251.5320395401434}
2026-06-09T09:21:42+12:00 scalar diagnostics {'step': 520, 'time': 71.32527325596708, 'dt': 0.19634954084936207, 'total_energy': 252.76456500790516}
2026-06-09T09:21:42+12:00 scalar diagnostics {'step': 521, 'time': 71.52162279681644, 'dt': 0.19634954084936207, 'total_energy': 254.02944836817454}
2026-06-09T09:21:42+12:00 scalar diagnostics {'step': 523, 'time': 71.91432187851518, 'dt': 0.19634954084936207, 'total_energy': 256.5535484393581}
2026-06-09T09:21:42+12:00 scalar diagnostics {'step': 524, 'time': 72.11067141936455, 'dt': 0.19634954084936207, 'total_energy': 257.7999815240624}
2026-06-09T09:21:42+12:00 scalar diagnostics {'step': 525, 'time': 72.30702096021392, 'dt': 0.19634954084936207, 'total_energy': 259.05571499142104}
2026-06-09T09:21:42+12:00 scalar diagnostics {'step': 526, 'time': 72.50337050106329, 'dt': 0.19634954084936207, 'total_energy': 260.3353977870466}
2026-06-09T09:21:42+12:00 scalar diagnostics {'step': 528, 'time': 72.89606958276202, 'dt': 0.19634954084936207, 'total_energy': 262.95941068639536}
2026-06-09T09:21:43+12:00 scalar diagnostics {'step': 529, 'time': 73.09241912361139, 'dt': 0.19634954084936207, 'total_energy': 264.2838089163089}
2026-06-09T09:21:43+12:00 scalar diagnostics {'step': 530, 'time': 73.28876866446076, 'dt': 0.19634954084936207, 'total_energy': 265.6062713913996}
2026-06-09T09:21:43+12:00 scalar diagnostics {'step': 532, 'time': 73.6814677461595, 'dt': 0.19634954084936207, 'total_energy': 268.2380145254674}
2026-06-09T09:21:43+12:00 scalar diagnostics {'step': 533, 'time': 73.87781728700887, 'dt': 0.19634954084936207, 'total_energy': 269.554546153419}
2026-06-09T09:21:43+12:00 scalar diagnostics {'step': 534, 'time': 74.07416682785824, 'dt': 0.19634954084936207, 'total_energy': 270.8918736185495}
2026-06-09T09:21:43+12:00 scalar diagnostics {'step': 535, 'time': 74.2705163687076, 'dt': 0.19634954084936207, 'total_energy': 272.2647960080617}
2026-06-09T09:21:43+12:00 scalar diagnostics {'step': 537, 'time': 74.66321545040634, 'dt': 0.19634954084936207, 'total_energy': 275.08794290769924}
2026-06-09T09:21:43+12:00 scalar diagnostics {'step': 538, 'time': 74.85956499125571, 'dt': 0.19634954084936207, 'total_energy': 276.4908474708987}
2026-06-09T09:21:43+12:00 scalar diagnostics {'step': 539, 'time': 75.05591453210508, 'dt': 0.19634954084936207, 'total_energy': 277.869733589826}
2026-06-09T09:21:43+12:00 scalar diagnostics {'step': 540, 'time': 75.25226407295445, 'dt': 0.19634954084936207, 'total_energy': 279.23429683993845}
2026-06-09T09:21:43+12:00 scalar diagnostics {'step': 542, 'time': 75.64496315465318, 'dt': 0.19634954084936207, 'total_energy': 281.9776938356309}
2026-06-09T09:21:43+12:00 scalar diagnostics {'step': 543, 'time': 75.84131269550255, 'dt': 0.19634954084936207, 'total_energy': 283.3597146601495}
2026-06-09T09:21:43+12:00 scalar diagnostics {'step': 544, 'time': 76.03766223635192, 'dt': 0.19634954084936207, 'total_energy': 284.7458267981115}
2026-06-09T09:21:43+12:00 scalar diagnostics {'step': 546, 'time': 76.43036131805066, 'dt': 0.19634954084936207, 'total_energy': 287.5542347302819}
2026-06-09T09:21:43+12:00 scalar diagnostics {'step': 547, 'time': 76.62671085890003, 'dt': 0.19634954084936207, 'total_energy': 288.98757564659513}
2026-06-09T09:21:43+12:00 scalar diagnostics {'step': 548, 'time': 76.8230603997494, 'dt': 0.19634954084936207, 'total_energy': 290.43457868984785}
2026-06-09T09:21:43+12:00 scalar diagnostics {'step': 549, 'time': 77.01940994059876, 'dt': 0.19634954084936207, 'total_energy': 291.8832321844435}
2026-06-09T09:21:43+12:00 scalar diagnostics {'step': 551, 'time': 77.4121090222975, 'dt': 0.19634954084936207, 'total_energy': 294.742244710288}
2026-06-09T09:21:43+12:00 scalar diagnostics {'step': 552, 'time': 77.60845856314687, 'dt': 0.19634954084936207, 'total_energy': 296.13471653001363}
2026-06-09T09:21:43+12:00 scalar diagnostics {'step': 553, 'time': 77.80480810399624, 'dt': 0.19634954084936207, 'total_energy': 297.4933177744347}
2026-06-09T09:21:43+12:00 scalar diagnostics {'step': 554, 'time': 78.0011576448456, 'dt': 0.19634954084936207, 'total_energy': 298.8196394553447}
2026-06-09T09:21:43+12:00 scalar diagnostics {'step': 556, 'time': 78.39385672654434, 'dt': 0.19634954084936207, 'total_energy': 301.43484594499057}
2026-06-09T09:21:43+12:00 scalar diagnostics {'step': 557, 'time': 78.59020626739371, 'dt': 0.19634954084936207, 'total_energy': 302.75957490830785}
2026-06-09T09:21:43+12:00 scalar diagnostics {'step': 558, 'time': 78.78655580824308, 'dt': 0.19634954084936207, 'total_energy': 304.100756197409}
2026-06-09T09:21:43+12:00 scalar diagnostics {'step': 560, 'time': 79.17925488994182, 'dt': 0.19634954084936207, 'total_energy': 306.7693491005422}
2026-06-09T09:21:43+12:00 scalar diagnostics {'step': 561, 'time': 79.37560443079118, 'dt': 0.19634954084936207, 'total_energy': 308.0747034808346}
2026-06-09T09:21:43+12:00 scalar diagnostics {'step': 562, 'time': 79.57195397164055, 'dt': 0.19634954084936207, 'total_energy': 309.3681833122815}
2026-06-09T09:21:43+12:00 scalar diagnostics {'step': 563, 'time': 79.76830351248992, 'dt': 0.19634954084936207, 'total_energy': 310.66753401327463}
2026-06-09T09:21:43+12:00 scalar diagnostics {'step': 565, 'time': 80.16100259418866, 'dt': 0.19634954084936207, 'total_energy': 313.3256226066649}
2026-06-09T09:21:43+12:00 scalar diagnostics {'step': 566, 'time': 80.35735213503803, 'dt': 0.19634954084936207, 'total_energy': 314.6795655007518}
2026-06-09T09:21:43+12:00 scalar diagnostics {'step': 567, 'time': 80.5537016758874, 'dt': 0.19634954084936207, 'total_energy': 316.0392100511891}
2026-06-09T09:21:43+12:00 scalar diagnostics {'step': 568, 'time': 80.75005121673676, 'dt': 0.19634954084936207, 'total_energy': 317.40150394344494}
2026-06-09T09:21:43+12:00 scalar diagnostics {'step': 570, 'time': 81.1427502984355, 'dt': 0.19634954084936207, 'total_energy': 320.16083058141817}
2026-06-09T09:21:43+12:00 scalar diagnostics {'step': 571, 'time': 81.33909983928487, 'dt': 0.19634954084936207, 'total_energy': 321.5773644138885}
2026-06-09T09:21:43+12:00 scalar diagnostics {'step': 572, 'time': 81.53544938013424, 'dt': 0.19634954084936207, 'total_energy': 323.0177225591774}
2026-06-09T09:21:43+12:00 scalar diagnostics {'step': 574, 'time': 81.92814846183298, 'dt': 0.19634954084936207, 'total_energy': 325.90680953444485}
2026-06-09T09:21:43+12:00 scalar diagnostics {'step': 575, 'time': 82.12449800268234, 'dt': 0.19634954084936207, 'total_energy': 327.32338691214227}
2026-06-09T09:21:43+12:00 scalar diagnostics {'step': 576, 'time': 82.32084754353171, 'dt': 0.19634954084936207, 'total_energy': 328.72069090370775}
2026-06-09T09:21:43+12:00 scalar diagnostics {'step': 577, 'time': 82.51719708438108, 'dt': 0.19634954084936207, 'total_energy': 330.1190758044825}
2026-06-09T09:21:43+12:00 scalar diagnostics {'step': 579, 'time': 82.90989616607982, 'dt': 0.19634954084936207, 'total_energy': 333.01791918788365}
2026-06-09T09:21:43+12:00 scalar diagnostics {'step': 580, 'time': 83.10624570692919, 'dt': 0.19634954084936207, 'total_energy': 334.5332139135678}
2026-06-09T09:21:43+12:00 scalar diagnostics {'step': 581, 'time': 83.30259524777856, 'dt': 0.19634954084936207, 'total_energy': 336.0699950503871}
2026-06-09T09:21:43+12:00 scalar diagnostics {'step': 583, 'time': 83.69529432947729, 'dt': 0.19634954084936207, 'total_energy': 339.1073192401843}
2026-06-09T09:21:43+12:00 scalar diagnostics {'step': 584, 'time': 83.89164387032666, 'dt': 0.19634954084936207, 'total_energy': 340.597268718471}
2026-06-09T09:21:43+12:00 scalar diagnostics {'step': 585, 'time': 84.08799341117603, 'dt': 0.19634954084936207, 'total_energy': 342.0869891432745}
2026-06-09T09:21:43+12:00 scalar diagnostics {'step': 586, 'time': 84.2843429520254, 'dt': 0.19634954084936207, 'total_energy': 343.5924326351231}
2026-06-09T09:21:43+12:00 scalar diagnostics {'step': 588, 'time': 84.67704203372413, 'dt': 0.19634954084936207, 'total_energy': 346.6589813591402}
2026-06-09T09:21:43+12:00 scalar diagnostics {'step': 589, 'time': 84.8733915745735, 'dt': 0.19634954084936207, 'total_energy': 348.20480672160704}
2026-06-09T09:21:43+12:00 scalar diagnostics {'step': 590, 'time': 85.06974111542287, 'dt': 0.19634954084936207, 'total_energy': 349.7492230974363}
2026-06-09T09:21:43+12:00 scalar diagnostics {'step': 591, 'time': 85.26609065627224, 'dt': 0.19634954084936207, 'total_energy': 351.2909354045332}
2026-06-09T09:21:43+12:00 scalar diagnostics {'step': 593, 'time': 85.65878973797098, 'dt': 0.19634954084936207, 'total_energy': 354.3676787034659}
2026-06-09T09:21:43+12:00 scalar diagnostics {'step': 594, 'time': 85.85513927882035, 'dt': 0.19634954084936207, 'total_energy': 355.9062630142153}
2026-06-09T09:21:43+12:00 scalar diagnostics {'step': 595, 'time': 86.05148881966971, 'dt': 0.19634954084936207, 'total_energy': 357.44446856885105}
2026-06-09T09:21:43+12:00 scalar diagnostics {'step': 597, 'time': 86.44418790136845, 'dt': 0.19634954084936207, 'total_energy': 360.49331302647545}
2026-06-09T09:21:43+12:00 scalar diagnostics {'step': 598, 'time': 86.64053744221782, 'dt': 0.19634954084936207, 'total_energy': 361.989286013385}
2026-06-09T09:21:43+12:00 scalar diagnostics {'step': 599, 'time': 86.83688698306719, 'dt': 0.19634954084936207, 'total_energy': 363.4688766279193}
2026-06-09T09:21:43+12:00 progress {'step': 600, 'time': 87.03323652391656, 'dt': 0.19634954084936207}
2026-06-09T09:21:43+12:00 scalar diagnostics {'step': 600, 'time': 87.03323652391656, 'dt': 0.19634954084936207, 'total_energy': 364.9463271119316}
2026-06-09T09:21:43+12:00 scalar diagnostics {'step': 602, 'time': 87.4259356056153, 'dt': 0.19634954084936207, 'total_energy': 367.9426004991477}
2026-06-09T09:21:43+12:00 scalar diagnostics {'step': 603, 'time': 87.62228514646466, 'dt': 0.19634954084936207, 'total_energy': 369.4515118708647}
2026-06-09T09:21:43+12:00 scalar diagnostics {'step': 604, 'time': 87.81863468731403, 'dt': 0.19634954084936207, 'total_energy': 370.94498718383454}
2026-06-09T09:21:43+12:00 scalar diagnostics {'step': 605, 'time': 88.0149842281634, 'dt': 0.19634954084936207, 'total_energy': 372.40993081672764}
2026-06-09T09:21:43+12:00 scalar diagnostics {'step': 607, 'time': 88.40768330986214, 'dt': 0.19634954084936207, 'total_energy': 375.26097227905495}
2026-06-09T09:21:43+12:00 scalar diagnostics {'step': 608, 'time': 88.6040328507115, 'dt': 0.19634954084936207, 'total_energy': 376.66946981073926}
2026-06-09T09:21:43+12:00 scalar diagnostics {'step': 609, 'time': 88.80038239156087, 'dt': 0.19634954084936207, 'total_energy': 378.08265293721297}
2026-06-09T09:21:43+12:00 scalar diagnostics {'step': 611, 'time': 89.19308147325961, 'dt': 0.19634954084936207, 'total_energy': 380.9515540776253}
2026-06-09T09:21:43+12:00 scalar diagnostics {'step': 612, 'time': 89.38943101410898, 'dt': 0.19634954084936207, 'total_energy': 382.4109779335883}
2026-06-09T09:21:44+12:00 scalar diagnostics {'step': 613, 'time': 89.58578055495835, 'dt': 0.19634954084936207, 'total_energy': 383.8854063612963}
2026-06-09T09:21:44+12:00 scalar diagnostics {'step': 614, 'time': 89.78213009580772, 'dt': 0.19634954084936207, 'total_energy': 385.37511934671}
2026-06-09T09:21:44+12:00 scalar diagnostics {'step': 616, 'time': 90.17482917750645, 'dt': 0.19634954084936207, 'total_energy': 388.41162365441465}
2026-06-09T09:21:44+12:00 scalar diagnostics {'step': 617, 'time': 90.37117871835582, 'dt': 0.19634954084936207, 'total_energy': 389.95884635647656}
2026-06-09T09:21:44+12:00 scalar diagnostics {'step': 618, 'time': 90.56752825920519, 'dt': 0.19634954084936207, 'total_energy': 391.5158576248686}
2026-06-09T09:21:44+12:00 scalar diagnostics {'step': 619, 'time': 90.76387780005456, 'dt': 0.19634954084936207, 'total_energy': 393.07114708009465}
2026-06-09T09:21:44+12:00 scalar diagnostics {'step': 621, 'time': 91.1565768817533, 'dt': 0.19634954084936207, 'total_energy': 396.16038845032426}
2026-06-09T09:21:44+12:00 scalar diagnostics {'step': 622, 'time': 91.35292642260266, 'dt': 0.19634954084936207, 'total_energy': 397.70898164203066}
2026-06-09T09:21:44+12:00 scalar diagnostics {'step': 623, 'time': 91.54927596345203, 'dt': 0.19634954084936207, 'total_energy': 399.27539940627025}
2026-06-09T09:21:44+12:00 scalar diagnostics {'step': 625, 'time': 91.94197504515077, 'dt': 0.19634954084936207, 'total_energy': 402.46782283015733}
2026-06-09T09:21:44+12:00 scalar diagnostics {'step': 626, 'time': 92.13832458600014, 'dt': 0.19634954084936207, 'total_energy': 404.07900500109434}
2026-06-09T09:21:44+12:00 scalar diagnostics {'step': 627, 'time': 92.3346741268495, 'dt': 0.19634954084936207, 'total_energy': 405.69175055900996}
2026-06-09T09:21:44+12:00 scalar diagnostics {'step': 628, 'time': 92.53102366769888, 'dt': 0.19634954084936207, 'total_energy': 407.30779725626417}
2026-06-09T09:21:44+12:00 scalar diagnostics {'step': 630, 'time': 92.92372274939761, 'dt': 0.19634954084936207, 'total_energy': 410.5692413057792}
2026-06-09T09:21:44+12:00 scalar diagnostics {'step': 631, 'time': 93.12007229024698, 'dt': 0.19634954084936207, 'total_energy': 412.2162526861561}
2026-06-09T09:21:44+12:00 scalar diagnostics {'step': 632, 'time': 93.31642183109635, 'dt': 0.19634954084936207, 'total_energy': 413.86594408240035}
2026-06-09T09:21:44+12:00 scalar diagnostics {'step': 633, 'time': 93.51277137194572, 'dt': 0.19634954084936207, 'total_energy': 415.51097058249604}
2026-06-09T09:21:44+12:00 scalar diagnostics {'step': 635, 'time': 93.90547045364445, 'dt': 0.19634954084936207, 'total_energy': 418.772843813402}
2026-06-09T09:21:44+12:00 scalar diagnostics {'step': 636, 'time': 94.10181999449382, 'dt': 0.19634954084936207, 'total_energy': 420.39425761539314}
2026-06-09T09:21:44+12:00 scalar diagnostics {'step': 637, 'time': 94.29816953534319, 'dt': 0.19634954084936207, 'total_energy': 422.0203033201161}
2026-06-09T09:21:44+12:00 scalar diagnostics {'step': 639, 'time': 94.69086861704193, 'dt': 0.19634954084936207, 'total_energy': 425.32715147731346}
2026-06-09T09:21:44+12:00 scalar diagnostics {'step': 640, 'time': 94.8872181578913, 'dt': 0.19634954084936207, 'total_energy': 427.01377124775456}
2026-06-09T09:21:44+12:00 scalar diagnostics {'step': 641, 'time': 95.08356769874067, 'dt': 0.19634954084936207, 'total_energy': 428.71154354540465}
2026-06-09T09:21:44+12:00 scalar diagnostics {'step': 642, 'time': 95.27991723959003, 'dt': 0.19634954084936207, 'total_energy': 430.4045857436912}
2026-06-09T09:21:44+12:00 scalar diagnostics {'step': 644, 'time': 95.67261632128877, 'dt': 0.19634954084936207, 'total_energy': 433.74630472821735}
2026-06-09T09:21:44+12:00 scalar diagnostics {'step': 645, 'time': 95.86896586213814, 'dt': 0.19634954084936207, 'total_energy': 435.39918753099}
2026-06-09T09:21:44+12:00 scalar diagnostics {'step': 646, 'time': 96.06531540298751, 'dt': 0.19634954084936207, 'total_energy': 437.04328799427617}
2026-06-09T09:21:44+12:00 scalar diagnostics {'step': 647, 'time': 96.26166494383688, 'dt': 0.19634954084936207, 'total_energy': 438.67249371817195}
2026-06-09T09:21:44+12:00 scalar diagnostics {'step': 649, 'time': 96.65436402553561, 'dt': 0.19634954084936207, 'total_energy': 441.84870796562313}
2026-06-09T09:21:44+12:00 scalar diagnostics {'step': 650, 'time': 96.85071356638498, 'dt': 0.19634954084936207, 'total_energy': 443.39245090305974}
2026-06-09T09:21:44+12:00 scalar diagnostics {'step': 651, 'time': 97.04706310723435, 'dt': 0.19634954084936207, 'total_energy': 444.9206693776739}
2026-06-09T09:21:44+12:00 scalar diagnostics {'step': 653, 'time': 97.43976218893309, 'dt': 0.19634954084936207, 'total_energy': 447.9881700349769}
2026-06-09T09:21:44+12:00 scalar diagnostics {'step': 654, 'time': 97.63611172978246, 'dt': 0.19634954084936207, 'total_energy': 449.5479258526036}
2026-06-09T09:21:44+12:00 scalar diagnostics {'step': 655, 'time': 97.83246127063182, 'dt': 0.19634954084936207, 'total_energy': 451.1261874433468}
2026-06-09T09:21:44+12:00 scalar diagnostics {'step': 656, 'time': 98.0288108114812, 'dt': 0.19634954084936207, 'total_energy': 452.7147684231396}
2026-06-09T09:21:44+12:00 scalar diagnostics {'step': 658, 'time': 98.42150989317993, 'dt': 0.19634954084936207, 'total_energy': 455.8905458179131}
2026-06-09T09:21:44+12:00 scalar diagnostics {'step': 659, 'time': 98.6178594340293, 'dt': 0.19634954084936207, 'total_energy': 457.4824560333884}
2026-06-09T09:21:44+12:00 scalar diagnostics {'step': 660, 'time': 98.81420897487867, 'dt': 0.19634954084936207, 'total_energy': 459.09483024993614}
2026-06-09T09:21:44+12:00 scalar diagnostics {'step': 661, 'time': 99.01055851572804, 'dt': 0.19634954084936207, 'total_energy': 460.7394808202823}
2026-06-09T09:21:44+12:00 scalar diagnostics {'step': 663, 'time': 99.40325759742677, 'dt': 0.19634954084936207, 'total_energy': 464.09371228112366}
2026-06-09T09:21:44+12:00 scalar diagnostics {'step': 664, 'time': 99.59960713827614, 'dt': 0.19634954084936207, 'total_energy': 465.7650430757153}
2026-06-09T09:21:44+12:00 scalar diagnostics {'step': 665, 'time': 99.79595667912551, 'dt': 0.19634954084936207, 'total_energy': 467.41618506505085}
2026-06-09T09:21:44+12:00 progress {'step': 667, 'time': 100.0, 'dt': 0.007693780025121555}
2026-06-09T09:21:44+12:00 scalar diagnostics {'step': 667, 'time': 100.0, 'dt': 0.007693780025121555, 'total_energy': 469.1171932054293}
2026-06-09T09:21:44+12:00 run complete {'backend': 'numpy', 'equation_set': 'inhomogeneous_rmhd_s', 'equation_mode': 'linear', 'grid': [16, 16, 16], 'steps': 667, 't_final': 100.0, 'dt_last': 0.007693780025121555, 'total_energy_initial': 0.7500000000000001, 'total_energy_final': 469.1171932054293, 'psi_hat_max_abs': 225.41199129437464, 'output_dir': 'C:\\Users\\naoki\\Downloads\\rmhd-gpu-new\\examples\\outputs_nokia_rmhd_s_21', 'scalar_diagnostics_csv': 'C:\\Users\\naoki\\Downloads\\rmhd-gpu-new\\examples\\outputs_nokia_rmhd_s_21\\scalar_diagnostics.csv'}
