2026-05-07T12:32:43+12:00 run start {'title': 'Low-beta stratified linear-mode example', 'input_file': 'C:\\Users\\naoki\\Downloads\\rmhd-gpu-new\\rmhdgpu\\diagnostics\\low_beta_stratified_linear.input', 'output_dir': 'C:\\Users\\naoki\\Downloads\\rmhd-gpu-new\\rmhdgpu\\diagnostics\\kz_scan\\runs\\kz_00', 'backend': 'numpy', 'equation_set': 'low_beta_stratified', 'equation_mode': 'linear', 'grid': [16, 16, 16], 'output_cadences': {'scalar': 0.2, 'spectra': 0.0, 'full_field': 0.0}, 'hostname': 'Naoki', 'python_executable': 'C:\\Users\\naoki\\AppData\\Local\\Programs\\Python\\Python313\\python.exe', 'git_commit': '714d2f55a606fde8470ee39f0752d26e79ce42db', 'command': "'C:\\Users\\naoki\\Downloads\\rmhd-gpu-new\\rmhdgpu\\run.py' 'C:\\Users\\naoki\\Downloads\\rmhd-gpu-new\\rmhdgpu\\diagnostics\\low_beta_stratified_linear.input' --output-dir 'C:\\Users\\naoki\\Downloads\\rmhd-gpu-new\\rmhdgpu\\diagnostics\\kz_scan\\runs\\kz_00' --mode-kx 2 --mode-ky 1 --mode-kz 0"}
2026-05-07T12:32:43+12:00 run setup {'resolved_output_dir': 'C:\\Users\\naoki\\Downloads\\rmhd-gpu-new\\rmhdgpu\\diagnostics\\kz_scan\\runs\\kz_00', 'input_file': 'C:\\Users\\naoki\\Downloads\\rmhd-gpu-new\\rmhdgpu\\diagnostics\\low_beta_stratified_linear.input', 'backend': 'numpy', 'equation_set': 'low_beta_stratified', 'equation_mode': 'linear', 'grid': [16, 16, 16], 'output_cadences': {'scalar': 0.2, 'spectra': 0.0, 'full_field': 0.0}, 'dissipation_mode': 'manual', 'initial_condition': {'type': 'single_fourier_mode', 'parameters': {'k_indices': [2, 1, 0], 'amplitude': 1e-12, 'seed': 0}}}
2026-05-07T12:32:43+12:00 scalar diagnostics {'step': 0, 'time': 0.0, 'dt': 0.0, 'total_energy': 8.003585041897697e-26}
2026-05-07T12:32:43+12:00 progress {'step': 100, 'time': 0.20000000000000015, 'dt': 0.002}
2026-05-07T12:32:43+12:00 scalar diagnostics {'step': 100, 'time': 0.20000000000000015, 'dt': 0.002, 'total_energy': 9.567008348556122e-26}
2026-05-07T12:32:43+12:00 progress {'step': 200, 'time': 0.4000000000000003, 'dt': 0.002}
2026-05-07T12:32:43+12:00 scalar diagnostics {'step': 200, 'time': 0.4000000000000003, 'dt': 0.002, 'total_energy': 1.2185787269744382e-25}
2026-05-07T12:32:43+12:00 progress {'step': 300, 'time': 0.6000000000000004, 'dt': 0.002}
2026-05-07T12:32:43+12:00 scalar diagnostics {'step': 300, 'time': 0.6000000000000004, 'dt': 0.002, 'total_energy': 1.6370823910867553e-25}
2026-05-07T12:32:43+12:00 progress {'step': 400, 'time': 0.8000000000000006, 'dt': 0.002}
2026-05-07T12:32:43+12:00 scalar diagnostics {'step': 400, 'time': 0.8000000000000006, 'dt': 0.002, 'total_energy': 2.2938584302703843e-25}
2026-05-07T12:32:43+12:00 progress {'step': 500, 'time': 1.0000000000000007, 'dt': 0.002}
2026-05-07T12:32:43+12:00 scalar diagnostics {'step': 500, 'time': 1.0000000000000007, 'dt': 0.002, 'total_energy': 3.3170384170342517e-25}
2026-05-07T12:32:44+12:00 progress {'step': 600, 'time': 1.2000000000000008, 'dt': 0.002}
2026-05-07T12:32:44+12:00 scalar diagnostics {'step': 600, 'time': 1.2000000000000008, 'dt': 0.002, 'total_energy': 4.906236303233061e-25}
2026-05-07T12:32:44+12:00 progress {'step': 700, 'time': 1.400000000000001, 'dt': 0.002}
2026-05-07T12:32:44+12:00 scalar diagnostics {'step': 700, 'time': 1.400000000000001, 'dt': 0.002, 'total_energy': 7.371491450903053e-25}
2026-05-07T12:32:44+12:00 progress {'step': 800, 'time': 1.6000000000000012, 'dt': 0.002}
2026-05-07T12:32:44+12:00 scalar diagnostics {'step': 800, 'time': 1.6000000000000012, 'dt': 0.002, 'total_energy': 1.1193754747204993e-24}
2026-05-07T12:32:44+12:00 progress {'step': 900, 'time': 1.8000000000000014, 'dt': 0.002}
2026-05-07T12:32:44+12:00 scalar diagnostics {'step': 900, 'time': 1.8000000000000014, 'dt': 0.002, 'total_energy': 1.71187181441695e-24}
2026-05-07T12:32:44+12:00 progress {'step': 1000, 'time': 2.0000000000000013, 'dt': 0.002}
2026-05-07T12:32:44+12:00 scalar diagnostics {'step': 1000, 'time': 2.0000000000000013, 'dt': 0.002, 'total_energy': 2.630229299030801e-24}
2026-05-07T12:32:44+12:00 progress {'step': 1100, 'time': 2.1999999999999793, 'dt': 0.002}
2026-05-07T12:32:44+12:00 scalar diagnostics {'step': 1101, 'time': 2.201999999999979, 'dt': 0.002, 'total_energy': 4.071229884204803e-24}
2026-05-07T12:32:44+12:00 progress {'step': 1200, 'time': 2.3999999999999573, 'dt': 0.002}
2026-05-07T12:32:44+12:00 scalar diagnostics {'step': 1201, 'time': 2.401999999999957, 'dt': 0.002, 'total_energy': 6.287015722038363e-24}
2026-05-07T12:32:44+12:00 progress {'step': 1300, 'time': 2.5999999999999353, 'dt': 0.002}
2026-05-07T12:32:44+12:00 scalar diagnostics {'step': 1301, 'time': 2.601999999999935, 'dt': 0.002, 'total_energy': 9.721235436395142e-24}
2026-05-07T12:32:45+12:00 progress {'step': 1400, 'time': 2.7999999999999132, 'dt': 0.002}
2026-05-07T12:32:45+12:00 scalar diagnostics {'step': 1401, 'time': 2.801999999999913, 'dt': 0.002, 'total_energy': 1.5043876886295645e-23}
2026-05-07T12:32:45+12:00 progress {'step': 1500, 'time': 2.999999999999891, 'dt': 0.002}
2026-05-07T12:32:45+12:00 scalar diagnostics {'step': 1501, 'time': 3.001999999999891, 'dt': 0.002, 'total_energy': 2.329334339067861e-23}
2026-05-07T12:32:45+12:00 progress {'step': 1600, 'time': 3.199999999999869, 'dt': 0.002}
2026-05-07T12:32:45+12:00 scalar diagnostics {'step': 1601, 'time': 3.201999999999869, 'dt': 0.002, 'total_energy': 3.607903762643948e-23}
2026-05-07T12:32:45+12:00 progress {'step': 1700, 'time': 3.399999999999847, 'dt': 0.002}
2026-05-07T12:32:45+12:00 scalar diagnostics {'step': 1701, 'time': 3.401999999999847, 'dt': 0.002, 'total_energy': 5.589534277800207e-23}
2026-05-07T12:32:45+12:00 progress {'step': 1800, 'time': 3.599999999999825, 'dt': 0.002}
2026-05-07T12:32:45+12:00 scalar diagnostics {'step': 1801, 'time': 3.601999999999825, 'dt': 0.002, 'total_energy': 8.660825606350878e-23}
2026-05-07T12:32:45+12:00 progress {'step': 1900, 'time': 3.799999999999803, 'dt': 0.002}
2026-05-07T12:32:45+12:00 scalar diagnostics {'step': 1901, 'time': 3.801999999999803, 'dt': 0.002, 'total_energy': 1.3420961281324338e-22}
2026-05-07T12:32:45+12:00 progress {'step': 2000, 'time': 3.999999999999781, 'dt': 0.002}
2026-05-07T12:32:45+12:00 scalar diagnostics {'step': 2001, 'time': 4.001999999999781, 'dt': 0.002, 'total_energy': 2.0798604397918034e-22}
2026-05-07T12:32:45+12:00 progress {'step': 2100, 'time': 4.1999999999997595, 'dt': 0.002}
2026-05-07T12:32:45+12:00 scalar diagnostics {'step': 2101, 'time': 4.201999999999759, 'dt': 0.002, 'total_energy': 3.2233072101636715e-22}
2026-05-07T12:32:45+12:00 progress {'step': 2200, 'time': 4.3999999999997375, 'dt': 0.002}
2026-05-07T12:32:45+12:00 scalar diagnostics {'step': 2201, 'time': 4.401999999999737, 'dt': 0.002, 'total_energy': 4.995513445760672e-22}
2026-05-07T12:32:46+12:00 progress {'step': 2300, 'time': 4.599999999999715, 'dt': 0.002}
2026-05-07T12:32:46+12:00 scalar diagnostics {'step': 2301, 'time': 4.601999999999715, 'dt': 0.002, 'total_energy': 7.74222192377517e-22}
2026-05-07T12:32:46+12:00 progress {'step': 2400, 'time': 4.799999999999693, 'dt': 0.002}
2026-05-07T12:32:46+12:00 scalar diagnostics {'step': 2401, 'time': 4.801999999999693, 'dt': 0.002, 'total_energy': 1.1999292747987135e-21}
2026-05-07T12:32:46+12:00 progress {'step': 2500, 'time': 4.999999999999671, 'dt': 0.002}
2026-05-07T12:32:46+12:00 scalar diagnostics {'step': 2501, 'time': 5.001999999999671, 'dt': 0.002, 'total_energy': 1.859724522247276e-21}
2026-05-07T12:32:46+12:00 progress {'step': 2600, 'time': 5.199999999999649, 'dt': 0.002}
2026-05-07T12:32:46+12:00 scalar diagnostics {'step': 2601, 'time': 5.201999999999649, 'dt': 0.002, 'total_energy': 2.882328529792293e-21}
2026-05-07T12:32:46+12:00 progress {'step': 2700, 'time': 5.399999999999627, 'dt': 0.002}
2026-05-07T12:32:46+12:00 scalar diagnostics {'step': 2701, 'time': 5.401999999999627, 'dt': 0.002, 'total_energy': 4.467242880508575e-21}
2026-05-07T12:32:46+12:00 progress {'step': 2800, 'time': 5.599999999999605, 'dt': 0.002}
2026-05-07T12:32:46+12:00 scalar diagnostics {'step': 2801, 'time': 5.601999999999605, 'dt': 0.002, 'total_energy': 6.923671254093186e-21}
2026-05-07T12:32:46+12:00 progress {'step': 2900, 'time': 5.799999999999583, 'dt': 0.002}
2026-05-07T12:32:46+12:00 scalar diagnostics {'step': 2901, 'time': 5.801999999999583, 'dt': 0.002, 'total_energy': 1.0730842507096883e-20}
2026-05-07T12:32:46+12:00 progress {'step': 3000, 'time': 5.999999999999561, 'dt': 0.002}
2026-05-07T12:32:46+12:00 progress {'step': 3001, 'time': 6.0, 'dt': 4.3876013933186186e-13}
2026-05-07T12:32:46+12:00 scalar diagnostics {'step': 3001, 'time': 6.0, 'dt': 4.3876013933186186e-13, 'total_energy': 1.6558788269674534e-20}
2026-05-07T12:32:46+12:00 run complete {'backend': 'numpy', 'equation_set': 'low_beta_stratified', 'equation_mode': 'linear', 'grid': [16, 16, 16], 'steps': 3001, 't_final': 6.0, 'dt_last': 4.3876013933186186e-13, 'total_energy_initial': 8.003585041897697e-26, 'total_energy_final': 1.6558788269674534e-20, 'psi_hat_max_abs': 5.28207615544599e-10, 'output_dir': 'C:\\Users\\naoki\\Downloads\\rmhd-gpu-new\\rmhdgpu\\diagnostics\\kz_scan\\runs\\kz_00', 'scalar_diagnostics_csv': 'C:\\Users\\naoki\\Downloads\\rmhd-gpu-new\\rmhdgpu\\diagnostics\\kz_scan\\runs\\kz_00\\scalar_diagnostics.csv'}
