2026-06-10T10:26:53+12:00 run start {'title': 'Inhomogeneous rmhd simulation test', 'input_file': 'C:\\Users\\naoki\\Downloads\\rmhd-gpu-new\\examples\\nokias_inhomogeneous.input', 'output_dir': 'C:\\Users\\naoki\\Downloads\\rmhd-gpu-new\\examples\\outputs_nokia_rmhd_s_2', 'backend': 'numpy', 'equation_set': 'inhomogeneous_rmhd_s', 'equation_mode': 'nonlinear', 'grid': [32, 32, 32], 'output_cadences': {'scalar': 0.25, 'spectra': 0.0, 'full_field': 0.0}, 'hostname': 'Naoki', 'python_executable': 'C:\\Users\\naoki\\AppData\\Local\\Programs\\Python\\Python313\\python.exe', 'git_commit': 'cde2789c3d6596cb8e14f232da25acf4598750f1', 'command': "'C:\\Users\\naoki\\Downloads\\rmhd-gpu-new\\rmhdgpu\\run.py' '.\\examples\\nokias_inhomogeneous.input'"}
2026-06-10T10:26:53+12:00 run setup {'resolved_output_dir': 'C:\\Users\\naoki\\Downloads\\rmhd-gpu-new\\examples\\outputs_nokia_rmhd_s_2', 'input_file': 'C:\\Users\\naoki\\Downloads\\rmhd-gpu-new\\examples\\nokias_inhomogeneous.input', 'backend': 'numpy', 'equation_set': 'inhomogeneous_rmhd_s', 'equation_mode': 'nonlinear', 'grid': [32, 32, 32], 'output_cadences': {'scalar': 0.25, 'spectra': 0.0, 'full_field': 0.0}, 'dissipation_mode': 'auto', 'initial_condition': {'type': 'random_spectrum', 'parameters': {'n_min': 1.0, 'n_max': 3.0, 'alpha': 0.0, 'init_energy': 0.75, 'seed': 1, 'exclude_kpar0': True}}}
2026-06-10T10:26:53+12:00 scalar diagnostics {'step': 0, 'time': 0.0, 'dt': 0.0, 'total_energy': 0.75}
2026-06-10T10:26:53+12:00 scalar diagnostics {'step': 6, 'time': 0.2899904871513305, 'dt': 0.05079475053954155, 'total_energy': 0.8527043251888827}
2026-06-10T10:26:54+12:00 scalar diagnostics {'step': 10, 'time': 0.5137152917928863, 'dt': 0.05896542205075164, 'total_energy': 1.0455594329634887}
2026-06-10T10:26:54+12:00 scalar diagnostics {'step': 15, 'time': 0.8022528651840437, 'dt': 0.05447482064857827, 'total_energy': 1.1485666984498741}
2026-06-10T10:26:55+12:00 scalar diagnostics {'step': 19, 'time': 1.0012987713204822, 'dt': 0.04727032867369809, 'total_energy': 1.0602116335377483}
2026-06-10T10:26:56+12:00 scalar diagnostics {'step': 25, 'time': 1.2811046847753735, 'dt': 0.04815423759084287, 'total_energy': 0.9591040476674063}
2026-06-10T10:26:56+12:00 scalar diagnostics {'step': 30, 'time': 1.5344479740624994, 'dt': 0.05139444247123125, 'total_energy': 0.9701467082836007}
2026-06-10T10:26:57+12:00 scalar diagnostics {'step': 35, 'time': 1.7855886371040304, 'dt': 0.04892889799974529, 'total_energy': 1.0290399775204802}
2026-06-10T10:26:58+12:00 scalar diagnostics {'step': 40, 'time': 2.030593107647933, 'dt': 0.04976766399516624, 'total_energy': 1.065858515163573}
2026-06-10T10:26:59+12:00 scalar diagnostics {'step': 45, 'time': 2.2719823700472435, 'dt': 0.0454598213470266, 'total_energy': 1.0627997791165795}
2026-06-10T10:26:59+12:00 scalar diagnostics {'step': 51, 'time': 2.532164875579158, 'dt': 0.04256093992734969, 'total_energy': 1.1238743490573666}
2026-06-10T10:27:00+12:00 scalar diagnostics {'step': 57, 'time': 2.7947194242570177, 'dt': 0.04482988467714284, 'total_energy': 1.1722760530022087}
2026-06-10T10:27:01+12:00 scalar diagnostics {'step': 62, 'time': 3.0261441801401276, 'dt': 0.04540613379421626, 'total_energy': 1.1935147908100099}
2026-06-10T10:27:02+12:00 scalar diagnostics {'step': 67, 'time': 3.2583487905530775, 'dt': 0.049091942670142295, 'total_energy': 1.2206227901100881}
2026-06-10T10:27:02+12:00 scalar diagnostics {'step': 72, 'time': 3.509364402467896, 'dt': 0.04864445040987409, 'total_energy': 1.2040550160867023}
2026-06-10T10:27:03+12:00 scalar diagnostics {'step': 78, 'time': 3.780299893748849, 'dt': 0.042945422893098675, 'total_energy': 1.2529786685402144}
2026-06-10T10:27:04+12:00 scalar diagnostics {'step': 84, 'time': 4.0371977959710055, 'dt': 0.044528105628653177, 'total_energy': 1.318681069903606}
2026-06-10T10:27:05+12:00 scalar diagnostics {'step': 89, 'time': 4.273771389174054, 'dt': 0.048314519167443525, 'total_energy': 1.3344235983803032}
2026-06-10T10:27:06+12:00 scalar diagnostics {'step': 94, 'time': 4.519123741902316, 'dt': 0.04819781644375319, 'total_energy': 1.348985883893459}
2026-06-10T10:27:07+12:00 scalar diagnostics {'step': 99, 'time': 4.760540953688783, 'dt': 0.0479851057509678, 'total_energy': 1.370993420073443}
2026-06-10T10:27:07+12:00 progress {'step': 100, 'time': 4.807927051278784, 'dt': 0.04738609759000093}
2026-06-10T10:27:08+12:00 scalar diagnostics {'step': 105, 'time': 5.040678333015533, 'dt': 0.045647501922164074, 'total_energy': 1.454969806387027}
2026-06-10T10:27:09+12:00 scalar diagnostics {'step': 110, 'time': 5.276798988682257, 'dt': 0.04783080089276893, 'total_energy': 1.5083599978067743}
2026-06-10T10:27:10+12:00 scalar diagnostics {'step': 115, 'time': 5.518612036956152, 'dt': 0.04635918603415766, 'total_energy': 1.4958787581623951}
2026-06-10T10:27:12+12:00 scalar diagnostics {'step': 121, 'time': 5.779589578178537, 'dt': 0.0425960375022801, 'total_energy': 1.493884476036558}
2026-06-10T10:27:13+12:00 scalar diagnostics {'step': 127, 'time': 6.02808894060852, 'dt': 0.04202598173325868, 'total_energy': 1.51314378973428}
2026-06-10T10:27:14+12:00 scalar diagnostics {'step': 132, 'time': 6.2537292454085405, 'dt': 0.044962057791593256, 'total_energy': 1.5605343110949106}
2026-06-10T10:27:15+12:00 scalar diagnostics {'step': 138, 'time': 6.521563017045765, 'dt': 0.04423894800690263, 'total_energy': 1.621353779281785}
2026-06-10T10:27:17+12:00 scalar diagnostics {'step': 144, 'time': 6.784279716214196, 'dt': 0.04406605821628225, 'total_energy': 1.622999888292644}
2026-06-10T10:27:18+12:00 scalar diagnostics {'step': 149, 'time': 7.009832936089666, 'dt': 0.046411659119915134, 'total_energy': 1.6279351363392054}
2026-06-10T10:27:19+12:00 scalar diagnostics {'step': 155, 'time': 7.283178216478438, 'dt': 0.04411025653809565, 'total_energy': 1.6479550581521465}
2026-06-10T10:27:21+12:00 scalar diagnostics {'step': 161, 'time': 7.540526969232276, 'dt': 0.04120766398417439, 'total_energy': 1.668120871881734}
2026-06-10T10:27:22+12:00 scalar diagnostics {'step': 166, 'time': 7.759102078782537, 'dt': 0.04562435909105336, 'total_energy': 1.6785506019861027}
2026-06-10T10:27:23+12:00 scalar diagnostics {'step': 172, 'time': 8.04518606374855, 'dt': 0.047502768053692836, 'total_energy': 1.6634731545712196}
2026-06-10T10:27:24+12:00 scalar diagnostics {'step': 177, 'time': 8.277861316572148, 'dt': 0.04551785570327482, 'total_energy': 1.6815620034287155}
2026-06-10T10:27:25+12:00 scalar diagnostics {'step': 182, 'time': 8.504777272076549, 'dt': 0.04466417315299828, 'total_energy': 1.681049303335091}
2026-06-10T10:27:27+12:00 scalar diagnostics {'step': 188, 'time': 8.761112041820965, 'dt': 0.04335044368629682, 'total_energy': 1.6409753654855932}
2026-06-10T10:27:28+12:00 scalar diagnostics {'step': 194, 'time': 9.038640008914998, 'dt': 0.04675756525026821, 'total_energy': 1.5894189550571767}
2026-06-10T10:27:29+12:00 scalar diagnostics {'step': 199, 'time': 9.282442558387572, 'dt': 0.04871783036948759, 'total_energy': 1.5227421427381762}
2026-06-10T10:27:29+12:00 progress {'step': 200, 'time': 9.330573127281694, 'dt': 0.048130568894121435}
2026-06-10T10:27:30+12:00 scalar diagnostics {'step': 204, 'time': 9.520764135956503, 'dt': 0.048002742395517245, 'total_energy': 1.4690951082168942}
2026-06-10T10:27:31+12:00 scalar diagnostics {'step': 209, 'time': 9.760891174881287, 'dt': 0.049648197005413404, 'total_energy': 1.4256932881973667}
2026-06-10T10:27:32+12:00 scalar diagnostics {'step': 214, 'time': 10.01208525237477, 'dt': 0.0514288000599527, 'total_energy': 1.3723604451330749}
2026-06-10T10:27:33+12:00 scalar diagnostics {'step': 219, 'time': 10.25564663938624, 'dt': 0.04735177910239971, 'total_energy': 1.3473291242944827}
2026-06-10T10:27:34+12:00 scalar diagnostics {'step': 225, 'time': 10.541862888601877, 'dt': 0.046995331676716275, 'total_energy': 1.2688931452956131}
2026-06-10T10:27:35+12:00 scalar diagnostics {'step': 230, 'time': 10.774587461495468, 'dt': 0.04672534824210623, 'total_energy': 1.257978994705538}
2026-06-10T10:27:36+12:00 scalar diagnostics {'step': 235, 'time': 11.023180181984333, 'dt': 0.05131528014345918, 'total_energy': 1.223005116848834}
2026-06-10T10:27:38+12:00 scalar diagnostics {'step': 240, 'time': 11.282269570886328, 'dt': 0.05251555123687385, 'total_energy': 1.2004741978241151}
2026-06-10T10:27:39+12:00 scalar diagnostics {'step': 245, 'time': 11.544821069933345, 'dt': 0.05154695628673616, 'total_energy': 1.1903890794622307}
2026-06-10T10:27:39+12:00 scalar diagnostics {'step': 249, 'time': 11.750937242135144, 'dt': 0.05172526921691362, 'total_energy': 1.1660309610998343}
2026-06-10T10:27:40+12:00 scalar diagnostics {'step': 254, 'time': 12.001551028690315, 'dt': 0.04918376274539551, 'total_energy': 1.164285735034382}
2026-06-10T10:27:40+12:00 scalar diagnostics {'step': 260, 'time': 12.295682566751621, 'dt': 0.05037370066996875, 'total_energy': 1.131329554666435}
2026-06-10T10:27:41+12:00 scalar diagnostics {'step': 265, 'time': 12.544628101559784, 'dt': 0.049492808809710895, 'total_energy': 1.1305811167109316}
2026-06-10T10:27:41+12:00 scalar diagnostics {'step': 270, 'time': 12.797546808401835, 'dt': 0.051815671326762354, 'total_energy': 1.1499243322189345}
2026-06-10T10:27:42+12:00 scalar diagnostics {'step': 274, 'time': 13.006692452747423, 'dt': 0.052311909925434594, 'total_energy': 1.1313172333020782}
2026-06-10T10:27:43+12:00 scalar diagnostics {'step': 279, 'time': 13.267532676172374, 'dt': 0.05156492016479418, 'total_energy': 1.1263299330512808}
2026-06-10T10:27:44+12:00 scalar diagnostics {'step': 284, 'time': 13.526867743764704, 'dt': 0.052451556867394146, 'total_energy': 1.1054371976056676}
2026-06-10T10:27:44+12:00 scalar diagnostics {'step': 289, 'time': 13.790993768892386, 'dt': 0.05202817015586965, 'total_energy': 1.1056687758368633}
2026-06-10T10:27:45+12:00 scalar diagnostics {'step': 294, 'time': 14.047582850826933, 'dt': 0.051002756823393905, 'total_energy': 1.1217024276351901}
2026-06-10T10:27:46+12:00 scalar diagnostics {'step': 298, 'time': 14.255367079892554, 'dt': 0.05306683356501184, 'total_energy': 1.118106030309181}
2026-06-10T10:27:46+12:00 progress {'step': 300, 'time': 14.36011049870342, 'dt': 0.05207449470943333}
2026-06-10T10:27:46+12:00 scalar diagnostics {'step': 303, 'time': 14.513464578119347, 'dt': 0.05074189635569133, 'total_energy': 1.121679795482148}
2026-06-10T10:27:47+12:00 scalar diagnostics {'step': 308, 'time': 14.76380177839958, 'dt': 0.04961062080644622, 'total_energy': 1.106487753130061}
2026-06-10T10:27:48+12:00 scalar diagnostics {'step': 313, 'time': 15.021127569570485, 'dt': 0.053162065222474804, 'total_energy': 1.10408724354259}
2026-06-10T10:27:48+12:00 scalar diagnostics {'step': 318, 'time': 15.281920306963798, 'dt': 0.05225652654231254, 'total_energy': 1.1134388256434617}
2026-06-10T10:27:49+12:00 scalar diagnostics {'step': 323, 'time': 15.544997180151165, 'dt': 0.0530327904168881, 'total_energy': 1.0860738232290537}
2026-06-10T10:27:49+12:00 scalar diagnostics {'step': 327, 'time': 15.75671119009546, 'dt': 0.05312336253552429, 'total_energy': 1.0884033295545428}
2026-06-10T10:27:50+12:00 scalar diagnostics {'step': 332, 'time': 16.022449107779856, 'dt': 0.052798365094604935, 'total_energy': 1.1049275552394393}
2026-06-10T10:27:51+12:00 scalar diagnostics {'step': 337, 'time': 16.283318092913827, 'dt': 0.051305000011136775, 'total_energy': 1.1179388573850098}
2026-06-10T10:27:51+12:00 scalar diagnostics {'step': 342, 'time': 16.540515805075316, 'dt': 0.05199589050450936, 'total_energy': 1.128579832210475}
2026-06-10T10:27:52+12:00 scalar diagnostics {'step': 346, 'time': 16.75243331961538, 'dt': 0.05296775672174427, 'total_energy': 1.1075610212210498}
2026-06-10T10:27:53+12:00 scalar diagnostics {'step': 351, 'time': 17.017126134580202, 'dt': 0.05348338334353416, 'total_energy': 1.0985993329840453}
2026-06-10T10:27:53+12:00 scalar diagnostics {'step': 356, 'time': 17.280400043486445, 'dt': 0.05244324979195495, 'total_energy': 1.0949989943542335}
2026-06-10T10:27:54+12:00 scalar diagnostics {'step': 361, 'time': 17.54327496525181, 'dt': 0.052268418807084716, 'total_energy': 1.111331865922029}
2026-06-10T10:27:55+12:00 scalar diagnostics {'step': 365, 'time': 17.75059159671714, 'dt': 0.05157340015293451, 'total_energy': 1.1378402778262673}
2026-06-10T10:27:55+12:00 scalar diagnostics {'step': 370, 'time': 18.003696537586684, 'dt': 0.05002437937740712, 'total_energy': 1.1233188146042101}
2026-06-10T10:27:56+12:00 scalar diagnostics {'step': 375, 'time': 18.25199641038458, 'dt': 0.04953630691824859, 'total_energy': 1.1220522420038819}
2026-06-10T10:27:57+12:00 scalar diagnostics {'step': 380, 'time': 18.505203345890486, 'dt': 0.051714187982478475, 'total_energy': 1.118676979419629}
2026-06-10T10:27:58+12:00 scalar diagnostics {'step': 385, 'time': 18.770302076658332, 'dt': 0.053335716546270694, 'total_energy': 1.1116831715069642}
2026-06-10T10:27:59+12:00 scalar diagnostics {'step': 390, 'time': 19.03775225493545, 'dt': 0.05376819539081481, 'total_energy': 1.1324413527644066}
2026-06-10T10:27:59+12:00 scalar diagnostics {'step': 394, 'time': 19.25035798550168, 'dt': 0.05288462290282143, 'total_energy': 1.1244696263295182}
2026-06-10T10:28:00+12:00 scalar diagnostics {'step': 399, 'time': 19.510624320987112, 'dt': 0.05184864656674461, 'total_energy': 1.1395592096676843}
2026-06-10T10:28:01+12:00 progress {'step': 400, 'time': 19.56257216072048, 'dt': 0.05194783973337007}
2026-06-10T10:28:01+12:00 scalar diagnostics {'step': 404, 'time': 19.771365339322166, 'dt': 0.05222752343583201, 'total_energy': 1.1346924953290536}
2026-06-10T10:28:02+12:00 scalar diagnostics {'step': 409, 'time': 20.032186230362843, 'dt': 0.05215598331858816, 'total_energy': 1.1257368666604488}
2026-06-10T10:28:04+12:00 scalar diagnostics {'step': 414, 'time': 20.294527890781502, 'dt': 0.05249368043150199, 'total_energy': 1.1443401439129763}
2026-06-10T10:28:04+12:00 scalar diagnostics {'step': 418, 'time': 20.502574460705784, 'dt': 0.05191043839080205, 'total_energy': 1.13936963455538}
2026-06-10T10:28:05+12:00 scalar diagnostics {'step': 423, 'time': 20.763634412060025, 'dt': 0.05175122496404067, 'total_energy': 1.1535815878135032}
2026-06-10T10:28:06+12:00 scalar diagnostics {'step': 428, 'time': 21.020434300862103, 'dt': 0.051620503748307796, 'total_energy': 1.1451616773415982}
2026-06-10T10:28:07+12:00 scalar diagnostics {'step': 433, 'time': 21.282194265853192, 'dt': 0.0529640257127909, 'total_energy': 1.1458611828100045}
2026-06-10T10:28:08+12:00 scalar diagnostics {'step': 438, 'time': 21.55019658165957, 'dt': 0.05338787403113027, 'total_energy': 1.1618649066132043}
2026-06-10T10:28:09+12:00 scalar diagnostics {'step': 442, 'time': 21.757202160967072, 'dt': 0.05108517142530165, 'total_energy': 1.159005592444554}
2026-06-10T10:28:10+12:00 scalar diagnostics {'step': 447, 'time': 22.01436910847162, 'dt': 0.052186144600367745, 'total_energy': 1.1789602578402885}
2026-06-10T10:28:11+12:00 scalar diagnostics {'step': 452, 'time': 22.276501866998192, 'dt': 0.052340639620898737, 'total_energy': 1.168132576385834}
2026-06-10T10:28:12+12:00 scalar diagnostics {'step': 457, 'time': 22.538528779568935, 'dt': 0.05255193082315604, 'total_energy': 1.1672814289803828}
2026-06-10T10:28:13+12:00 scalar diagnostics {'step': 461, 'time': 22.750815871527642, 'dt': 0.05346065808565694, 'total_energy': 1.185062023032927}
2026-06-10T10:28:14+12:00 scalar diagnostics {'step': 466, 'time': 23.015951087747784, 'dt': 0.05213713300398088, 'total_energy': 1.183829133283684}
2026-06-10T10:28:15+12:00 scalar diagnostics {'step': 471, 'time': 23.276232194650678, 'dt': 0.05239754980001275, 'total_energy': 1.192502288385049}
2026-06-10T10:28:16+12:00 scalar diagnostics {'step': 476, 'time': 23.533196484776152, 'dt': 0.050882273520021816, 'total_energy': 1.190786710121901}
2026-06-10T10:28:17+12:00 scalar diagnostics {'step': 481, 'time': 23.789284342946708, 'dt': 0.051870290468946735, 'total_energy': 1.1999617052636902}
2026-06-10T10:28:18+12:00 scalar diagnostics {'step': 485, 'time': 24.002605994650665, 'dt': 0.05421849219604032, 'total_energy': 1.2056664845441667}
2026-06-10T10:28:19+12:00 scalar diagnostics {'step': 490, 'time': 24.261896641219643, 'dt': 0.0501360278804891, 'total_energy': 1.1939654877030816}
2026-06-10T10:28:19+12:00 scalar diagnostics {'step': 495, 'time': 24.509144720580277, 'dt': 0.049748145415742295, 'total_energy': 1.208949509384109}
2026-06-10T10:28:20+12:00 progress {'step': 500, 'time': 24.760877842889418, 'dt': 0.05046847697470463}
2026-06-10T10:28:20+12:00 scalar diagnostics {'step': 500, 'time': 24.760877842889418, 'dt': 0.05046847697470463, 'total_energy': 1.2145524099885991}
2026-06-10T10:28:21+12:00 scalar diagnostics {'step': 505, 'time': 25.020951118261756, 'dt': 0.05339514949296031, 'total_energy': 1.2226342256104252}
2026-06-10T10:28:22+12:00 scalar diagnostics {'step': 510, 'time': 25.293534628408207, 'dt': 0.05506880465366694, 'total_energy': 1.235046839535476}
2026-06-10T10:28:23+12:00 scalar diagnostics {'step': 514, 'time': 25.51114103894647, 'dt': 0.054190963698575005, 'total_energy': 1.2225479673240363}
2026-06-10T10:28:24+12:00 scalar diagnostics {'step': 519, 'time': 25.772686450868058, 'dt': 0.05090420498367668, 'total_energy': 1.2258846374943417}
2026-06-10T10:28:26+12:00 scalar diagnostics {'step': 524, 'time': 26.023585277220004, 'dt': 0.05022011622361795, 'total_energy': 1.229836460855048}
2026-06-10T10:28:26+12:00 scalar diagnostics {'step': 529, 'time': 26.280839495762823, 'dt': 0.0518214352895322, 'total_energy': 1.2406209343549373}
2026-06-10T10:28:27+12:00 scalar diagnostics {'step': 534, 'time': 26.536185886061304, 'dt': 0.05060055917358007, 'total_energy': 1.2545337848582263}
2026-06-10T10:28:28+12:00 scalar diagnostics {'step': 539, 'time': 26.789033844127154, 'dt': 0.05104527959101857, 'total_energy': 1.2454636563887251}
2026-06-10T10:28:28+12:00 scalar diagnostics {'step': 544, 'time': 27.04555300314386, 'dt': 0.050848753236658974, 'total_energy': 1.2560371754371091}
2026-06-10T10:28:29+12:00 scalar diagnostics {'step': 549, 'time': 27.301353105717258, 'dt': 0.05148017348725578, 'total_energy': 1.254177292224351}
2026-06-10T10:28:29+12:00 scalar diagnostics {'step': 553, 'time': 27.511587301632673, 'dt': 0.053417182589749354, 'total_energy': 1.2510537925660141}
2026-06-10T10:28:30+12:00 scalar diagnostics {'step': 558, 'time': 27.775051091511543, 'dt': 0.05165751706599792, 'total_energy': 1.25794441946505}
2026-06-10T10:28:31+12:00 scalar diagnostics {'step': 563, 'time': 28.032619241127662, 'dt': 0.05191564042682426, 'total_energy': 1.253475229180303}
2026-06-10T10:28:31+12:00 scalar diagnostics {'step': 568, 'time': 28.291273015455083, 'dt': 0.050554632408749446, 'total_energy': 1.2745551009465117}
2026-06-10T10:28:32+12:00 scalar diagnostics {'step': 573, 'time': 28.54080163536099, 'dt': 0.05005241031347806, 'total_energy': 1.2726746773740998}
2026-06-10T10:28:33+12:00 scalar diagnostics {'step': 578, 'time': 28.799916057539598, 'dt': 0.05336835093165967, 'total_energy': 1.2707317649409564}
2026-06-10T10:28:34+12:00 scalar diagnostics {'step': 582, 'time': 29.015097275718876, 'dt': 0.05319877100473303, 'total_energy': 1.274858852841433}
2026-06-10T10:28:35+12:00 scalar diagnostics {'step': 587, 'time': 29.27804670570516, 'dt': 0.05252691552666145, 'total_energy': 1.2608547714751148}
2026-06-10T10:28:36+12:00 scalar diagnostics {'step': 592, 'time': 29.541745537721937, 'dt': 0.052163369722211854, 'total_energy': 1.2803406994153836}
2026-06-10T10:28:37+12:00 scalar diagnostics {'step': 597, 'time': 29.799485291981497, 'dt': 0.05159369374963431, 'total_energy': 1.2853472834784132}
2026-06-10T10:28:37+12:00 progress {'step': 600, 'time': 29.956078143519356, 'dt': 0.05256266866459396}
2026-06-10T10:28:37+12:00 scalar diagnostics {'step': 601, 'time': 30.00903588035753, 'dt': 0.05295773683817516, 'total_energy': 1.284796171756037}
2026-06-10T10:28:38+12:00 scalar diagnostics {'step': 606, 'time': 30.27190198177161, 'dt': 0.05218544378903171, 'total_energy': 1.2868801794417966}
2026-06-10T10:28:39+12:00 scalar diagnostics {'step': 611, 'time': 30.533556989550096, 'dt': 0.052374801482075746, 'total_energy': 1.2780652678072788}
2026-06-10T10:28:40+12:00 scalar diagnostics {'step': 616, 'time': 30.791205108885112, 'dt': 0.051302090868886784, 'total_energy': 1.2926498522993617}
2026-06-10T10:28:41+12:00 scalar diagnostics {'step': 621, 'time': 31.05222895464424, 'dt': 0.053160262154011116, 'total_energy': 1.2898593579781121}
2026-06-10T10:28:42+12:00 scalar diagnostics {'step': 625, 'time': 31.26814070269609, 'dt': 0.053853097520168425, 'total_energy': 1.29726050446487}
2026-06-10T10:28:43+12:00 scalar diagnostics {'step': 630, 'time': 31.53729732770208, 'dt': 0.05410583221774513, 'total_energy': 1.3059460811211139}
2026-06-10T10:28:44+12:00 scalar diagnostics {'step': 634, 'time': 31.752219147086336, 'dt': 0.0529221071161372, 'total_energy': 1.296359752232255}
2026-06-10T10:28:45+12:00 scalar diagnostics {'step': 639, 'time': 32.010874012946665, 'dt': 0.05130549435426856, 'total_energy': 1.3101207353887343}
2026-06-10T10:28:46+12:00 scalar diagnostics {'step': 644, 'time': 32.270420250518626, 'dt': 0.05267691612840471, 'total_energy': 1.3132409584714748}
2026-06-10T10:28:47+12:00 scalar diagnostics {'step': 649, 'time': 32.53984772070838, 'dt': 0.053938138702782905, 'total_energy': 1.318363155635117}
2026-06-10T10:28:48+12:00 scalar diagnostics {'step': 653, 'time': 32.752625378065154, 'dt': 0.052932847365031316, 'total_energy': 1.3253435681735302}
2026-06-10T10:28:49+12:00 scalar diagnostics {'step': 658, 'time': 33.01671580197667, 'dt': 0.05258946495000028, 'total_energy': 1.3215937329388017}
2026-06-10T10:28:50+12:00 scalar diagnostics {'step': 663, 'time': 33.27445992900874, 'dt': 0.0512531250360947, 'total_energy': 1.3337154454911944}
2026-06-10T10:28:51+12:00 scalar diagnostics {'step': 668, 'time': 33.535253426720026, 'dt': 0.05313042782751395, 'total_energy': 1.3349402445973975}
2026-06-10T10:28:52+12:00 scalar diagnostics {'step': 672, 'time': 33.751761293151986, 'dt': 0.0541162469464059, 'total_energy': 1.3407521918048764}
2026-06-10T10:28:52+12:00 scalar diagnostics {'step': 677, 'time': 34.01943814116965, 'dt': 0.05325761133161552, 'total_energy': 1.347597980577687}
2026-06-10T10:28:54+12:00 scalar diagnostics {'step': 682, 'time': 34.284952210877336, 'dt': 0.0527301106512321, 'total_energy': 1.3420929102335941}
2026-06-10T10:28:55+12:00 scalar diagnostics {'step': 687, 'time': 34.54584359368399, 'dt': 0.05205136487289047, 'total_energy': 1.355657215136162}
2026-06-10T10:28:55+12:00 scalar diagnostics {'step': 691, 'time': 34.756338651578666, 'dt': 0.05315103922017982, 'total_energy': 1.3602030017917532}
2026-06-10T10:28:56+12:00 scalar diagnostics {'step': 696, 'time': 35.02856317828862, 'dt': 0.055164114613532704, 'total_energy': 1.3649777452462808}
2026-06-10T10:28:57+12:00 progress {'step': 700, 'time': 35.248937180746694, 'dt': 0.0549197951508018}
2026-06-10T10:28:57+12:00 scalar diagnostics {'step': 701, 'time': 35.3034854441676, 'dt': 0.05454826342090457, 'total_energy': 1.3655449126013406}
2026-06-10T10:28:58+12:00 scalar diagnostics {'step': 705, 'time': 35.517136478627506, 'dt': 0.05273834921941541, 'total_energy': 1.3593617190388014}
2026-06-10T10:28:59+12:00 scalar diagnostics {'step': 710, 'time': 35.776870630808695, 'dt': 0.051705231386823564, 'total_energy': 1.3735883467598733}
2026-06-10T10:29:00+12:00 scalar diagnostics {'step': 715, 'time': 36.03776648129983, 'dt': 0.052719963147074264, 'total_energy': 1.3793896528080103}
2026-06-10T10:29:01+12:00 scalar diagnostics {'step': 719, 'time': 36.25214384376149, 'dt': 0.054078547266328963, 'total_energy': 1.3795583865016994}
2026-06-10T10:29:02+12:00 scalar diagnostics {'step': 724, 'time': 36.521882397842106, 'dt': 0.053845603278581324, 'total_energy': 1.3813188469962212}
2026-06-10T10:29:03+12:00 scalar diagnostics {'step': 729, 'time': 36.78943355107991, 'dt': 0.05299823352974848, 'total_energy': 1.3742859198429314}
2026-06-10T10:29:04+12:00 scalar diagnostics {'step': 734, 'time': 37.05119099265237, 'dt': 0.05207515552664576, 'total_energy': 1.3895205852476757}
2026-06-10T10:29:05+12:00 scalar diagnostics {'step': 738, 'time': 37.259910314689996, 'dt': 0.05236270208647409, 'total_energy': 1.3978139094552149}
2026-06-10T10:29:06+12:00 scalar diagnostics {'step': 743, 'time': 37.52511987992347, 'dt': 0.053521574209161156, 'total_energy': 1.4036459616478854}
2026-06-10T10:29:07+12:00 scalar diagnostics {'step': 748, 'time': 37.795457975406265, 'dt': 0.05433728953946057, 'total_energy': 1.399256063576869}
2026-06-10T10:29:08+12:00 scalar diagnostics {'step': 752, 'time': 38.01299144311263, 'dt': 0.054316149202806745, 'total_energy': 1.3894113602647526}
2026-06-10T10:29:09+12:00 scalar diagnostics {'step': 757, 'time': 38.28200953525163, 'dt': 0.05336010038308162, 'total_energy': 1.4039398190701609}
2026-06-10T10:29:10+12:00 scalar diagnostics {'step': 762, 'time': 38.54806752310666, 'dt': 0.053281824720520524, 'total_energy': 1.408894320390615}
2026-06-10T10:29:11+12:00 scalar diagnostics {'step': 766, 'time': 38.763382961646634, 'dt': 0.054266657395634126, 'total_energy': 1.4146047090404237}
2026-06-10T10:29:12+12:00 scalar diagnostics {'step': 771, 'time': 39.03504307491299, 'dt': 0.05419653271235992, 'total_energy': 1.4193547588828532}
2026-06-10T10:29:13+12:00 scalar diagnostics {'step': 775, 'time': 39.25058369010315, 'dt': 0.053682676659302216, 'total_energy': 1.4074650863466156}
2026-06-10T10:29:14+12:00 scalar diagnostics {'step': 780, 'time': 39.516767002783766, 'dt': 0.05320393369538822, 'total_energy': 1.4138439348455292}
2026-06-10T10:29:15+12:00 scalar diagnostics {'step': 785, 'time': 39.7856244980087, 'dt': 0.05416469734298613, 'total_energy': 1.4216799313739998}
2026-06-10T10:29:16+12:00 scalar diagnostics {'step': 789, 'time': 40.00444315177423, 'dt': 0.055116581046501495, 'total_energy': 1.4305754688565762}
2026-06-10T10:29:17+12:00 scalar diagnostics {'step': 794, 'time': 40.28025397995976, 'dt': 0.055073206807825494, 'total_energy': 1.4318692460434983}
2026-06-10T10:29:18+12:00 scalar diagnostics {'step': 799, 'time': 40.55357151234932, 'dt': 0.0542046250386947, 'total_energy': 1.4199386690855886}
2026-06-10T10:29:18+12:00 progress {'step': 800, 'time': 40.60755074014564, 'dt': 0.05397922779631736}
2026-06-10T10:29:18+12:00 scalar diagnostics {'step': 803, 'time': 40.76810602169187, 'dt': 0.05320388548071383, 'total_energy': 1.4288662991870222}
2026-06-10T10:29:19+12:00 scalar diagnostics {'step': 808, 'time': 41.030333450256705, 'dt': 0.052141238983712306, 'total_energy': 1.4310472884040053}
2026-06-10T10:29:20+12:00 scalar diagnostics {'step': 813, 'time': 41.29286627878033, 'dt': 0.05305976165606343, 'total_energy': 1.4432182765635566}
2026-06-10T10:29:21+12:00 scalar diagnostics {'step': 817, 'time': 41.50944885953276, 'dt': 0.05455423237334459, 'total_energy': 1.4471793602090712}
2026-06-10T10:29:22+12:00 scalar diagnostics {'step': 822, 'time': 41.77708487241663, 'dt': 0.052948055568773765, 'total_energy': 1.434490031986158}
2026-06-10T10:29:23+12:00 scalar diagnostics {'step': 827, 'time': 42.04202646886582, 'dt': 0.05336830149689624, 'total_energy': 1.4444631883985013}
2026-06-10T10:29:24+12:00 scalar diagnostics {'step': 831, 'time': 42.25237302911493, 'dt': 0.052122276746429934, 'total_energy': 1.4502034683590899}
2026-06-10T10:29:24+12:00 scalar diagnostics {'step': 836, 'time': 42.5130183506791, 'dt': 0.05248479169978649, 'total_energy': 1.4635893136156186}
2026-06-10T10:29:25+12:00 scalar diagnostics {'step': 841, 'time': 42.78165236958296, 'dt': 0.05461700924970236, 'total_energy': 1.4652631450057205}
2026-06-10T10:29:25+12:00 scalar diagnostics {'step': 846, 'time': 43.05026100578161, 'dt': 0.05328575079911194, 'total_energy': 1.4497865680419235}
2026-06-10T10:29:26+12:00 scalar diagnostics {'step': 850, 'time': 43.263960355829866, 'dt': 0.05369135075635247, 'total_energy': 1.4567690761268697}
2026-06-10T10:29:26+12:00 scalar diagnostics {'step': 855, 'time': 43.53152519915027, 'dt': 0.053151089481316534, 'total_energy': 1.4692535636205357}
2026-06-10T10:29:27+12:00 scalar diagnostics {'step': 860, 'time': 43.79819616397457, 'dt': 0.05368649657483767, 'total_energy': 1.4886315052507872}
2026-06-10T10:29:28+12:00 scalar diagnostics {'step': 864, 'time': 44.01581074957434, 'dt': 0.05482690041762625, 'total_energy': 1.4909894361561307}
2026-06-10T10:29:28+12:00 scalar diagnostics {'step': 869, 'time': 44.2881271253268, 'dt': 0.054095442252605146, 'total_energy': 1.474546582751947}
2026-06-10T10:29:29+12:00 scalar diagnostics {'step': 873, 'time': 44.503824626989356, 'dt': 0.05365217036037754, 'total_energy': 1.4753718075500843}
2026-06-10T10:29:29+12:00 scalar diagnostics {'step': 878, 'time': 44.771793350476685, 'dt': 0.05374961113846344, 'total_energy': 1.480813516285137}
2026-06-10T10:29:30+12:00 scalar diagnostics {'step': 883, 'time': 45.04346291081306, 'dt': 0.0548429355322757, 'total_energy': 1.5030733826456517}
2026-06-10T10:29:31+12:00 scalar diagnostics {'step': 887, 'time': 45.25832803363577, 'dt': 0.05304258664018229, 'total_energy': 1.5126943984499461}
2026-06-10T10:29:31+12:00 scalar diagnostics {'step': 892, 'time': 45.520894697852235, 'dt': 0.052572945535303214, 'total_energy': 1.4981192081486943}
2026-06-10T10:29:32+12:00 scalar diagnostics {'step': 897, 'time': 45.78507884534954, 'dt': 0.05241981527219505, 'total_energy': 1.4957551265575884}
2026-06-10T10:29:33+12:00 progress {'step': 900, 'time': 45.9419560024083, 'dt': 0.052341429140335224}
2026-06-10T10:29:33+12:00 scalar diagnostics {'step': 902, 'time': 46.047331002005116, 'dt': 0.05283627598109442, 'total_energy': 1.496428989098621}
2026-06-10T10:29:34+12:00 scalar diagnostics {'step': 906, 'time': 46.262989688398314, 'dt': 0.05463143138433686, 'total_energy': 1.5068821000752584}
2026-06-10T10:29:34+12:00 scalar diagnostics {'step': 911, 'time': 46.53564361884413, 'dt': 0.053640689519249565, 'total_energy': 1.5187791212957213}
2026-06-10T10:29:35+12:00 scalar diagnostics {'step': 916, 'time': 46.800635802677604, 'dt': 0.053002551742953846, 'total_energy': 1.5146311779615278}
2026-06-10T10:29:35+12:00 scalar diagnostics {'step': 920, 'time': 47.013969537466004, 'dt': 0.05303462990382185, 'total_energy': 1.5181760743969122}
2026-06-10T10:29:36+12:00 scalar diagnostics {'step': 925, 'time': 47.27823766886431, 'dt': 0.05306853452361033, 'total_energy': 1.51628973325775}
2026-06-10T10:29:37+12:00 scalar diagnostics {'step': 930, 'time': 47.54864847105209, 'dt': 0.054825157021474814, 'total_energy': 1.525997959223}
2026-06-10T10:29:37+12:00 scalar diagnostics {'step': 934, 'time': 47.76683546773095, 'dt': 0.05393102361811008, 'total_energy': 1.5314828384330028}
2026-06-10T10:29:38+12:00 scalar diagnostics {'step': 939, 'time': 48.03504323984472, 'dt': 0.05388445940401381, 'total_energy': 1.5219110353606748}
2026-06-10T10:29:39+12:00 scalar diagnostics {'step': 944, 'time': 48.30053962732085, 'dt': 0.052754405523850356, 'total_energy': 1.529108283841004}
2026-06-10T10:29:40+12:00 scalar diagnostics {'step': 948, 'time': 48.51309576411703, 'dt': 0.053577456420472694, 'total_energy': 1.5302944253945059}
2026-06-10T10:29:41+12:00 scalar diagnostics {'step': 953, 'time': 48.78707521176693, 'dt': 0.055323897593070485, 'total_energy': 1.5410458514908711}
2026-06-10T10:29:41+12:00 scalar diagnostics {'step': 957, 'time': 49.00486744674499, 'dt': 0.054025221524204706, 'total_energy': 1.5492843386069657}
2026-06-10T10:29:42+12:00 scalar diagnostics {'step': 962, 'time': 49.27363691030867, 'dt': 0.05332692241321161, 'total_energy': 1.5407726636760637}
2026-06-10T10:29:43+12:00 scalar diagnostics {'step': 967, 'time': 49.53637138273719, 'dt': 0.05239849880461459, 'total_energy': 1.5444434681031483}
2026-06-10T10:29:44+12:00 scalar diagnostics {'step': 972, 'time': 49.8029445318468, 'dt': 0.05422661303029823, 'total_energy': 1.5429963059996021}
2026-06-10T10:29:45+12:00 scalar diagnostics {'step': 976, 'time': 50.022543331871645, 'dt': 0.05449978657841853, 'total_energy': 1.5528312969362115}
2026-06-10T10:29:46+12:00 scalar diagnostics {'step': 981, 'time': 50.289971891119635, 'dt': 0.053136630296050195, 'total_energy': 1.5630864163789469}
2026-06-10T10:29:47+12:00 scalar diagnostics {'step': 985, 'time': 50.50428898469616, 'dt': 0.05406278669724499, 'total_energy': 1.5588058963662306}
2026-06-10T10:29:48+12:00 scalar diagnostics {'step': 990, 'time': 50.770717746599594, 'dt': 0.05284631858144156, 'total_energy': 1.5627262755820526}
2026-06-10T10:29:49+12:00 scalar diagnostics {'step': 995, 'time': 51.03773533912977, 'dt': 0.05414312952708648, 'total_energy': 1.5584331954292812}
2026-06-10T10:29:49+12:00 scalar diagnostics {'step': 999, 'time': 51.25720556220455, 'dt': 0.05447115638097499, 'total_energy': 1.5651492016367383}
2026-06-10T10:29:50+12:00 progress {'step': 1000, 'time': 51.31104432475866, 'dt': 0.053838762554111276}
2026-06-10T10:29:50+12:00 scalar diagnostics {'step': 1004, 'time': 51.52181320547088, 'dt': 0.05223358161726784, 'total_energy': 1.5739457184085208}
2026-06-10T10:29:51+12:00 scalar diagnostics {'step': 1009, 'time': 51.783989059725606, 'dt': 0.052935261069181144, 'total_energy': 1.5693509388881415}
2026-06-10T10:29:52+12:00 scalar diagnostics {'step': 1014, 'time': 52.051079521123555, 'dt': 0.05317955437204071, 'total_energy': 1.5763001207981682}
2026-06-10T10:29:53+12:00 scalar diagnostics {'step': 1018, 'time': 52.26465610356789, 'dt': 0.053695708543008085, 'total_energy': 1.5760474892469434}
2026-06-10T10:29:54+12:00 scalar diagnostics {'step': 1023, 'time': 52.536921501856035, 'dt': 0.05447700131917117, 'total_energy': 1.5854592138619128}
2026-06-10T10:29:55+12:00 scalar diagnostics {'step': 1027, 'time': 52.75359668156813, 'dt': 0.0541358990315043, 'total_energy': 1.5908884257733837}
2026-06-10T10:29:56+12:00 scalar diagnostics {'step': 1032, 'time': 53.025552880889165, 'dt': 0.05413634390153632, 'total_energy': 1.58343190977557}
2026-06-10T10:29:57+12:00 scalar diagnostics {'step': 1037, 'time': 53.29285171025255, 'dt': 0.05327490779591328, 'total_energy': 1.5849575497050696}
2026-06-10T10:29:58+12:00 scalar diagnostics {'step': 1041, 'time': 53.50767034524005, 'dt': 0.05410383894146565, 'total_energy': 1.5850244306658767}
2026-06-10T10:29:59+12:00 scalar diagnostics {'step': 1046, 'time': 53.7748414570922, 'dt': 0.052994530126303195, 'total_energy': 1.5988077271578636}
2026-06-10T10:30:00+12:00 scalar diagnostics {'step': 1051, 'time': 54.041785514217004, 'dt': 0.05401224238962966, 'total_energy': 1.6082040996588582}
2026-06-10T10:30:01+12:00 scalar diagnostics {'step': 1055, 'time': 54.25906438740126, 'dt': 0.05396088351477196, 'total_energy': 1.6044626168043783}
2026-06-10T10:30:02+12:00 scalar diagnostics {'step': 1060, 'time': 54.52609210997552, 'dt': 0.05325342791584298, 'total_energy': 1.6061059581799175}
2026-06-10T10:30:03+12:00 scalar diagnostics {'step': 1065, 'time': 54.79501925671257, 'dt': 0.05436263223118644, 'total_energy': 1.6034899297707805}
2026-06-10T10:30:03+12:00 scalar diagnostics {'step': 1069, 'time': 55.00960427779533, 'dt': 0.053055217634290996, 'total_energy': 1.6116887398774669}
2026-06-10T10:30:04+12:00 scalar diagnostics {'step': 1074, 'time': 55.27469213155269, 'dt': 0.05343241283260742, 'total_energy': 1.6214534833900776}
2026-06-10T10:30:05+12:00 scalar diagnostics {'step': 1079, 'time': 55.54783756656814, 'dt': 0.054830669599817375, 'total_energy': 1.6181524718917666}
2026-06-10T10:30:06+12:00 scalar diagnostics {'step': 1083, 'time': 55.764275449329354, 'dt': 0.05379858183929073, 'total_energy': 1.6221121302416646}
2026-06-10T10:30:07+12:00 scalar diagnostics {'step': 1088, 'time': 56.03387693860976, 'dt': 0.054262547555172846, 'total_energy': 1.6230941093979838}
2026-06-10T10:30:08+12:00 scalar diagnostics {'step': 1092, 'time': 56.25306981696852, 'dt': 0.05482737554478532, 'total_energy': 1.6294326541399795}
2026-06-10T10:30:09+12:00 scalar diagnostics {'step': 1097, 'time': 56.52666346884148, 'dt': 0.054773558581637294, 'total_energy': 1.6355299963087753}
2026-06-10T10:30:10+12:00 progress {'step': 1100, 'time': 56.691332403532435, 'dt': 0.05493652375372535}
2026-06-10T10:30:10+12:00 scalar diagnostics {'step': 1102, 'time': 56.80122771965076, 'dt': 0.054942212764484494, 'total_energy': 1.6300367340999125}
2026-06-10T10:30:11+12:00 scalar diagnostics {'step': 1106, 'time': 57.02052313211098, 'dt': 0.05473891741094903, 'total_energy': 1.6332940177013295}
2026-06-10T10:30:12+12:00 scalar diagnostics {'step': 1111, 'time': 57.293671684491734, 'dt': 0.05455689296157349, 'total_energy': 1.6345673528716638}
2026-06-10T10:30:13+12:00 scalar diagnostics {'step': 1115, 'time': 57.51161634278662, 'dt': 0.05444174094293436, 'total_energy': 1.6439402355872623}
2026-06-10T10:30:15+12:00 scalar diagnostics {'step': 1120, 'time': 57.783296198586555, 'dt': 0.05426595436078361, 'total_energy': 1.6512034570367198}
2026-06-10T10:30:16+12:00 scalar diagnostics {'step': 1124, 'time': 58.0001063392268, 'dt': 0.054177170863837915, 'total_energy': 1.643179352198592}
2026-06-10T10:30:17+12:00 scalar diagnostics {'step': 1129, 'time': 58.27136901625398, 'dt': 0.05436841900872847, 'total_energy': 1.641135295128922}
2026-06-10T10:30:18+12:00 scalar diagnostics {'step': 1134, 'time': 58.544448199687054, 'dt': 0.05464277016867872, 'total_energy': 1.6387355787420057}
2026-06-10T10:30:18+12:00 scalar diagnostics {'step': 1138, 'time': 58.76319975881266, 'dt': 0.05479443125813413, 'total_energy': 1.6490591026920918}
2026-06-10T10:30:20+12:00 scalar diagnostics {'step': 1143, 'time': 59.03809734853885, 'dt': 0.0548958276133996, 'total_energy': 1.6623265708087214}
2026-06-10T10:30:21+12:00 scalar diagnostics {'step': 1147, 'time': 59.25681264436266, 'dt': 0.05453808486058697, 'total_energy': 1.6594502120667958}
2026-06-10T10:30:22+12:00 scalar diagnostics {'step': 1152, 'time': 59.52836968382141, 'dt': 0.0542225638733358, 'total_energy': 1.6582605947998403}
2026-06-10T10:30:22+12:00 scalar diagnostics {'step': 1157, 'time': 59.80027786469246, 'dt': 0.054579080509067616, 'total_energy': 1.6519605266372837}
2026-06-10T10:30:23+12:00 scalar diagnostics {'step': 1161, 'time': 60.019934650077396, 'dt': 0.05511024232553156, 'total_energy': 1.659297631626558}
2026-06-10T10:30:24+12:00 scalar diagnostics {'step': 1166, 'time': 60.29472525615158, 'dt': 0.05484685970535754, 'total_energy': 1.6695318207619667}
2026-06-10T10:30:25+12:00 scalar diagnostics {'step': 1170, 'time': 60.514032966617116, 'dt': 0.05484156467990989, 'total_energy': 1.6692840006967826}
2026-06-10T10:30:26+12:00 scalar diagnostics {'step': 1175, 'time': 60.78637724942072, 'dt': 0.0540762839049952, 'total_energy': 1.6720872899570087}
2026-06-10T10:30:27+12:00 scalar diagnostics {'step': 1179, 'time': 61.001677209895405, 'dt': 0.053780524775561944, 'total_energy': 1.6674942653095357}
2026-06-10T10:30:27+12:00 scalar diagnostics {'step': 1184, 'time': 61.272867845163404, 'dt': 0.05472668391150388, 'total_energy': 1.675108648117286}
2026-06-10T10:30:28+12:00 scalar diagnostics {'step': 1189, 'time': 61.550469217801655, 'dt': 0.055689875204236225, 'total_energy': 1.6827470200981067}
2026-06-10T10:30:29+12:00 scalar diagnostics {'step': 1193, 'time': 61.77140836229465, 'dt': 0.05491631696662129, 'total_energy': 1.6798781225883244}
2026-06-10T10:30:30+12:00 scalar diagnostics {'step': 1198, 'time': 62.043267170561116, 'dt': 0.05414717962156666, 'total_energy': 1.6815387241020125}
2026-06-10T10:30:31+12:00 progress {'step': 1200, 'time': 62.151667389051504, 'dt': 0.05424088895187753}
2026-06-10T10:30:31+12:00 scalar diagnostics {'step': 1202, 'time': 62.260081752253164, 'dt': 0.05419213468512283, 'total_energy': 1.678854269577053}
2026-06-10T10:30:32+12:00 scalar diagnostics {'step': 1207, 'time': 62.53272080267379, 'dt': 0.05489880999494062, 'total_energy': 1.6881095968993358}
2026-06-10T10:30:33+12:00 scalar diagnostics {'step': 1211, 'time': 62.75421284480936, 'dt': 0.055585002839047416, 'total_energy': 1.6958042109174154}
2026-06-10T10:30:34+12:00 scalar diagnostics {'step': 1216, 'time': 63.02918536431579, 'dt': 0.05458659711874957, 'total_energy': 1.6940199910984104}
2026-06-10T10:30:35+12:00 scalar diagnostics {'step': 1221, 'time': 63.30085831358869, 'dt': 0.05423925207190471, 'total_energy': 1.69247121022156}
2026-06-10T10:30:36+12:00 scalar diagnostics {'step': 1225, 'time': 63.51762776354327, 'dt': 0.054283788423931764, 'total_energy': 1.6874679507349704}
2026-06-10T10:30:37+12:00 scalar diagnostics {'step': 1230, 'time': 63.791663739638935, 'dt': 0.05499224198288784, 'total_energy': 1.6970403284234237}
2026-06-10T10:30:38+12:00 scalar diagnostics {'step': 1234, 'time': 64.01007640462305, 'dt': 0.05436011672113237, 'total_energy': 1.7051593774642453}
2026-06-10T10:30:39+12:00 scalar diagnostics {'step': 1239, 'time': 64.28097091649319, 'dt': 0.05423739401900882, 'total_energy': 1.70501350541983}
2026-06-10T10:30:40+12:00 scalar diagnostics {'step': 1244, 'time': 64.55070291659614, 'dt': 0.05347650618019188, 'total_energy': 1.7054516617294024}
2026-06-10T10:30:41+12:00 scalar diagnostics {'step': 1248, 'time': 64.76454511175564, 'dt': 0.053643489819669106, 'total_energy': 1.7013220612150197}
2026-06-10T10:30:42+12:00 scalar diagnostics {'step': 1253, 'time': 65.03789666711734, 'dt': 0.05548152571390151, 'total_energy': 1.709001212790581}
2026-06-10T10:30:43+12:00 scalar diagnostics {'step': 1257, 'time': 65.25789612644014, 'dt': 0.05455506276292572, 'total_energy': 1.7161494635175025}
2026-06-10T10:30:44+12:00 scalar diagnostics {'step': 1262, 'time': 65.52862022879305, 'dt': 0.05413916445772105, 'total_energy': 1.715120922835104}
2026-06-10T10:30:45+12:00 scalar diagnostics {'step': 1267, 'time': 65.79999643545766, 'dt': 0.05387712555608248, 'total_energy': 1.7157677734739205}
2026-06-10T10:30:45+12:00 scalar diagnostics {'step': 1271, 'time': 66.0145641205804, 'dt': 0.05368961097906536, 'total_energy': 1.7129232583846257}
2026-06-10T10:30:47+12:00 scalar diagnostics {'step': 1276, 'time': 66.2870655009251, 'dt': 0.055212071923736346, 'total_energy': 1.7210297544037725}
2026-06-10T10:30:47+12:00 scalar diagnostics {'step': 1280, 'time': 66.50757765155602, 'dt': 0.05470436394196237, 'total_energy': 1.7295561852404693}
2026-06-10T10:30:49+12:00 scalar diagnostics {'step': 1285, 'time': 66.78048378106001, 'dt': 0.0548122661019382, 'total_energy': 1.7306955328785771}
2026-06-10T10:30:50+12:00 scalar diagnostics {'step': 1289, 'time': 67.00112685878489, 'dt': 0.054969629595582624, 'total_energy': 1.7303683531553282}
2026-06-10T10:30:51+12:00 scalar diagnostics {'step': 1294, 'time': 67.27518979878158, 'dt': 0.05494558043225256, 'total_energy': 1.7231768584071583}
2026-06-10T10:30:52+12:00 scalar diagnostics {'step': 1299, 'time': 67.55157840403035, 'dt': 0.05494328893830866, 'total_energy': 1.7305675078502165}
2026-06-10T10:30:53+12:00 progress {'step': 1300, 'time': 67.60620453629846, 'dt': 0.054626132268109244}
2026-06-10T10:30:53+12:00 scalar diagnostics {'step': 1303, 'time': 67.76892314242322, 'dt': 0.05413346664546284, 'total_energy': 1.7382808656422801}
2026-06-10T10:30:55+12:00 scalar diagnostics {'step': 1308, 'time': 68.0414973609752, 'dt': 0.05501168563073825, 'total_energy': 1.739528525335812}
2026-06-10T10:30:56+12:00 scalar diagnostics {'step': 1312, 'time': 68.25949376649798, 'dt': 0.054152163882316855, 'total_energy': 1.7403359581584459}
2026-06-10T10:30:57+12:00 scalar diagnostics {'step': 1317, 'time': 68.53144035045125, 'dt': 0.054893952192713334, 'total_energy': 1.7326701316895323}
2026-06-10T10:30:58+12:00 scalar diagnostics {'step': 1321, 'time': 68.75306807744157, 'dt': 0.05508008052879909, 'total_energy': 1.7357582115677312}
2026-06-10T10:30:59+12:00 scalar diagnostics {'step': 1326, 'time': 69.02404465892972, 'dt': 0.05386523971272789, 'total_energy': 1.7460776167931527}
2026-06-10T10:31:00+12:00 scalar diagnostics {'step': 1331, 'time': 69.29571317339318, 'dt': 0.05491345725960812, 'total_energy': 1.7495345633039163}
2026-06-10T10:31:00+12:00 scalar diagnostics {'step': 1335, 'time': 69.51196093324107, 'dt': 0.05362700549507721, 'total_energy': 1.7499100616159278}
2026-06-10T10:31:01+12:00 scalar diagnostics {'step': 1340, 'time': 69.78040714967348, 'dt': 0.05406141111262502, 'total_energy': 1.7413946443952477}
2026-06-10T10:31:02+12:00 scalar diagnostics {'step': 1345, 'time': 70.05469820754783, 'dt': 0.05477122655590868, 'total_energy': 1.7475486463147438}
2026-06-10T10:31:02+12:00 scalar diagnostics {'step': 1349, 'time': 70.27126318915373, 'dt': 0.05394775013970886, 'total_energy': 1.7542772869071945}
2026-06-10T10:31:03+12:00 scalar diagnostics {'step': 1354, 'time': 70.54339749808972, 'dt': 0.05500391985756032, 'total_energy': 1.7563409550991147}
2026-06-10T10:31:04+12:00 scalar diagnostics {'step': 1358, 'time': 70.76112007332561, 'dt': 0.05417550556586558, 'total_energy': 1.7566718860581871}
2026-06-10T10:31:05+12:00 scalar diagnostics {'step': 1363, 'time': 71.03295397406, 'dt': 0.054731006261499925, 'total_energy': 1.749045104174768}
2026-06-10T10:31:05+12:00 scalar diagnostics {'step': 1367, 'time': 71.25434484115846, 'dt': 0.05550750169821175, 'total_energy': 1.7551390086510177}
2026-06-10T10:31:06+12:00 scalar diagnostics {'step': 1372, 'time': 71.52949242422667, 'dt': 0.05492602600830943, 'total_energy': 1.7668933770504363}
2026-06-10T10:31:07+12:00 scalar diagnostics {'step': 1377, 'time': 71.80422065509289, 'dt': 0.05459831214289265, 'total_energy': 1.7694231295392646}
2026-06-10T10:31:07+12:00 scalar diagnostics {'step': 1381, 'time': 72.0216243076229, 'dt': 0.054369661594784076, 'total_energy': 1.767604190922432}
2026-06-10T10:31:08+12:00 scalar diagnostics {'step': 1386, 'time': 72.29700350039649, 'dt': 0.055666845627507094, 'total_energy': 1.757343253157483}
2026-06-10T10:31:08+12:00 scalar diagnostics {'step': 1390, 'time': 72.51662493838275, 'dt': 0.054500436558312264, 'total_energy': 1.762979138237798}
2026-06-10T10:31:09+12:00 scalar diagnostics {'step': 1395, 'time': 72.788260371436, 'dt': 0.054500844277242694, 'total_energy': 1.776337029201731}
2026-06-10T10:31:10+12:00 scalar diagnostics {'step': 1399, 'time': 73.00759289729743, 'dt': 0.054604039722226265, 'total_energy': 1.7816052559134126}
2026-06-10T10:31:10+12:00 progress {'step': 1400, 'time': 73.06192804073109, 'dt': 0.05433514343366521}
2026-06-10T10:31:11+12:00 scalar diagnostics {'step': 1404, 'time': 73.27828669047916, 'dt': 0.054135751070918864, 'total_energy': 1.7795879100140057}
2026-06-10T10:31:11+12:00 scalar diagnostics {'step': 1409, 'time': 73.55324886199607, 'dt': 0.055667813045339985, 'total_energy': 1.7667950145127647}
2026-06-10T10:31:12+12:00 scalar diagnostics {'step': 1413, 'time': 73.77266754266269, 'dt': 0.05444101525708009, 'total_energy': 1.7705081468113428}
2026-06-10T10:31:12+12:00 scalar diagnostics {'step': 1418, 'time': 74.04398476288593, 'dt': 0.05441274196083317, 'total_energy': 1.7817223802422573}
2026-06-10T10:31:13+12:00 scalar diagnostics {'step': 1422, 'time': 74.2639594810622, 'dt': 0.05530446287295152, 'total_energy': 1.7885194867951308}
2026-06-10T10:31:13+12:00 scalar diagnostics {'step': 1427, 'time': 74.53665576647911, 'dt': 0.05426809606982518, 'total_energy': 1.7906086715703293}
2026-06-10T10:31:14+12:00 scalar diagnostics {'step': 1431, 'time': 74.75457547450279, 'dt': 0.05472333362666117, 'total_energy': 1.7804323132062527}
2026-06-10T10:31:15+12:00 scalar diagnostics {'step': 1436, 'time': 75.02938816851787, 'dt': 0.05470841380269771, 'total_energy': 1.7791409558614428}
2026-06-10T10:31:15+12:00 scalar diagnostics {'step': 1441, 'time': 75.30221130509507, 'dt': 0.054635752097825833, 'total_energy': 1.7885651482128628}
2026-06-10T10:31:16+12:00 scalar diagnostics {'step': 1445, 'time': 75.52173978145447, 'dt': 0.05508487186067215, 'total_energy': 1.795091270030669}
2026-06-10T10:31:16+12:00 scalar diagnostics {'step': 1450, 'time': 75.79704019320673, 'dt': 0.05506160216025271, 'total_energy': 1.797007363919056}
2026-06-10T10:31:17+12:00 scalar diagnostics {'step': 1454, 'time': 76.01798460210361, 'dt': 0.05531527865265699, 'total_energy': 1.7886679358130748}
2026-06-10T10:31:18+12:00 scalar diagnostics {'step': 1459, 'time': 76.29282322134318, 'dt': 0.05489923742583661, 'total_energy': 1.7898768051100047}
2026-06-10T10:31:18+12:00 scalar diagnostics {'step': 1463, 'time': 76.51358849611556, 'dt': 0.05527003929804089, 'total_energy': 1.796858013081239}
2026-06-10T10:31:19+12:00 scalar diagnostics {'step': 1468, 'time': 76.78850964478136, 'dt': 0.05485144243098363, 'total_energy': 1.8042976450912023}
2026-06-10T10:31:19+12:00 scalar diagnostics {'step': 1472, 'time': 77.00818125775017, 'dt': 0.05502976335892726, 'total_energy': 1.806518726937875}
2026-06-10T10:31:20+12:00 scalar diagnostics {'step': 1477, 'time': 77.284642199761, 'dt': 0.055103451197784224, 'total_energy': 1.7952134008573153}
2026-06-10T10:31:20+12:00 scalar diagnostics {'step': 1481, 'time': 77.50357273594285, 'dt': 0.05466484997235616, 'total_energy': 1.7949889071239205}
2026-06-10T10:31:21+12:00 scalar diagnostics {'step': 1486, 'time': 77.77939173326058, 'dt': 0.05566558165224868, 'total_energy': 1.8050628490112968}
2026-06-10T10:31:22+12:00 scalar diagnostics {'step': 1490, 'time': 78.00246912420081, 'dt': 0.05553426293766273, 'total_energy': 1.8127966348444973}
2026-06-10T10:31:23+12:00 scalar diagnostics {'step': 1495, 'time': 78.27843017682882, 'dt': 0.055084292677532905, 'total_energy': 1.8173811752390316}
2026-06-10T10:31:23+12:00 progress {'step': 1500, 'time': 78.55530964609248, 'dt': 0.05571256068338886}
2026-06-10T10:31:23+12:00 scalar diagnostics {'step': 1500, 'time': 78.55530964609248, 'dt': 0.05571256068338886, 'total_energy': 1.8043646333141354}
2026-06-10T10:31:24+12:00 scalar diagnostics {'step': 1504, 'time': 78.77740293494263, 'dt': 0.055318809456064176, 'total_energy': 1.8024142894586275}
2026-06-10T10:31:25+12:00 scalar diagnostics {'step': 1509, 'time': 79.05329258450504, 'dt': 0.055183296633230024, 'total_energy': 1.8107757881894146}
2026-06-10T10:31:26+12:00 scalar diagnostics {'step': 1513, 'time': 79.27472653239577, 'dt': 0.05549049998014383, 'total_energy': 1.8203534318547239}
2026-06-10T10:31:27+12:00 scalar diagnostics {'step': 1518, 'time': 79.55246439298257, 'dt': 0.05556046159648554, 'total_energy': 1.8268331525634844}
2026-06-10T10:31:28+12:00 scalar diagnostics {'step': 1522, 'time': 79.77523352544632, 'dt': 0.055689495574220975, 'total_energy': 1.8170320192992713}
2026-06-10T10:31:29+12:00 scalar diagnostics {'step': 1527, 'time': 80.05477070933493, 'dt': 0.05612641286422071, 'total_energy': 1.812081744749384}
2026-06-10T10:31:30+12:00 scalar diagnostics {'step': 1531, 'time': 80.27833292512241, 'dt': 0.055593219757791676, 'total_energy': 1.814670706303597}
2026-06-10T10:31:31+12:00 scalar diagnostics {'step': 1536, 'time': 80.55314936144495, 'dt': 0.05466236399753454, 'total_energy': 1.8241951696543384}
2026-06-10T10:31:32+12:00 scalar diagnostics {'step': 1540, 'time': 80.77193633287489, 'dt': 0.054835461887027134, 'total_energy': 1.8314675842954187}
2026-06-10T10:31:34+12:00 scalar diagnostics {'step': 1545, 'time': 81.04847934418387, 'dt': 0.05553627571826198, 'total_energy': 1.8241830705028916}
2026-06-10T10:31:35+12:00 scalar diagnostics {'step': 1549, 'time': 81.27098036899234, 'dt': 0.05569758133911252, 'total_energy': 1.8228138490758699}
2026-06-10T10:31:36+12:00 scalar diagnostics {'step': 1554, 'time': 81.54992765724242, 'dt': 0.05579664723917472, 'total_energy': 1.8262033669189375}
2026-06-10T10:31:36+12:00 scalar diagnostics {'step': 1558, 'time': 81.77197106069775, 'dt': 0.055387659453660816, 'total_energy': 1.8317582753062247}
2026-06-10T10:31:37+12:00 scalar diagnostics {'step': 1563, 'time': 82.04855137921487, 'dt': 0.05524358343035012, 'total_energy': 1.838645163087211}
2026-06-10T10:31:38+12:00 scalar diagnostics {'step': 1567, 'time': 82.26979581418428, 'dt': 0.055411037128811465, 'total_energy': 1.83257886742618}
2026-06-10T10:31:39+12:00 scalar diagnostics {'step': 1572, 'time': 82.54741096346257, 'dt': 0.05542224456746641, 'total_energy': 1.8294345831122123}
2026-06-10T10:31:40+12:00 scalar diagnostics {'step': 1576, 'time': 82.76880515995813, 'dt': 0.05535212704424626, 'total_energy': 1.831639606881813}
2026-06-10T10:31:41+12:00 scalar diagnostics {'step': 1581, 'time': 83.04652593136544, 'dt': 0.05569902108998383, 'total_energy': 1.84093146923071}
2026-06-10T10:31:42+12:00 scalar diagnostics {'step': 1585, 'time': 83.26819714636903, 'dt': 0.05520580280583433, 'total_energy': 1.8483251206055447}
2026-06-10T10:31:43+12:00 scalar diagnostics {'step': 1590, 'time': 83.54414366265355, 'dt': 0.05536380060688028, 'total_energy': 1.8421312486216341}
2026-06-10T10:31:43+12:00 scalar diagnostics {'step': 1594, 'time': 83.76784523724537, 'dt': 0.05631151468663694, 'total_energy': 1.8389579546488022}
2026-06-10T10:31:44+12:00 scalar diagnostics {'step': 1599, 'time': 84.04542223965008, 'dt': 0.05502493213359022, 'total_energy': 1.8390450792197142}
2026-06-10T10:31:44+12:00 progress {'step': 1600, 'time': 84.10026600393905, 'dt': 0.05484376428897378}
2026-06-10T10:31:44+12:00 scalar diagnostics {'step': 1603, 'time': 84.26430918545928, 'dt': 0.05468041502371322, 'total_energy': 1.8447643141373415}
2026-06-10T10:31:45+12:00 scalar diagnostics {'step': 1608, 'time': 84.54038326069171, 'dt': 0.05553907431150759, 'total_energy': 1.8559072408722326}
2026-06-10T10:31:45+12:00 scalar diagnostics {'step': 1612, 'time': 84.76224050450847, 'dt': 0.055544517679002196, 'total_energy': 1.853585819893277}
2026-06-10T10:31:46+12:00 scalar diagnostics {'step': 1617, 'time': 85.0425932404155, 'dt': 0.05645995977543897, 'total_energy': 1.8493064584296415}
2026-06-10T10:31:46+12:00 scalar diagnostics {'step': 1621, 'time': 85.26586044197242, 'dt': 0.05537302912346078, 'total_energy': 1.847922136268247}
2026-06-10T10:31:47+12:00 scalar diagnostics {'step': 1626, 'time': 85.54036209055104, 'dt': 0.05480559702739189, 'total_energy': 1.8528197226798093}
2026-06-10T10:31:47+12:00 scalar diagnostics {'step': 1630, 'time': 85.76068399555453, 'dt': 0.05519876779759994, 'total_energy': 1.8599961431898109}
2026-06-10T10:31:48+12:00 scalar diagnostics {'step': 1635, 'time': 86.03736661812101, 'dt': 0.055655128230384376, 'total_energy': 1.8573744489560269}
2026-06-10T10:31:49+12:00 scalar diagnostics {'step': 1639, 'time': 86.26155053098091, 'dt': 0.055973614774368796, 'total_energy': 1.8554742978027516}
2026-06-10T10:31:49+12:00 scalar diagnostics {'step': 1644, 'time': 86.53901706261806, 'dt': 0.05521153377295568, 'total_energy': 1.8555595610251516}
2026-06-10T10:31:50+12:00 scalar diagnostics {'step': 1648, 'time': 86.75961800304898, 'dt': 0.05521199103305394, 'total_energy': 1.8599208366261775}
2026-06-10T10:31:50+12:00 scalar diagnostics {'step': 1653, 'time': 87.03396418611206, 'dt': 0.054543080767044075, 'total_energy': 1.8688559136432976}
2026-06-10T10:31:51+12:00 scalar diagnostics {'step': 1657, 'time': 87.25290119202565, 'dt': 0.055006359750837494, 'total_energy': 1.8662635216735515}
2026-06-10T10:31:51+12:00 scalar diagnostics {'step': 1662, 'time': 87.53093292926994, 'dt': 0.05545158769969559, 'total_energy': 1.8617255850823398}
2026-06-10T10:31:52+12:00 scalar diagnostics {'step': 1666, 'time': 87.75051975781243, 'dt': 0.05466448594100681, 'total_energy': 1.8600961228886352}
2026-06-10T10:31:52+12:00 scalar diagnostics {'step': 1671, 'time': 88.02507127163946, 'dt': 0.0553437650170223, 'total_energy': 1.8653915898190898}
2026-06-10T10:31:53+12:00 scalar diagnostics {'step': 1676, 'time': 88.3000597100025, 'dt': 0.054679670018063516, 'total_energy': 1.877157169268414}
2026-06-10T10:31:53+12:00 scalar diagnostics {'step': 1680, 'time': 88.51953419438748, 'dt': 0.055135674882596686, 'total_energy': 1.8759797399399536}
2026-06-10T10:31:54+12:00 scalar diagnostics {'step': 1685, 'time': 88.79952884837772, 'dt': 0.0564077909797795, 'total_energy': 1.8709910590880958}
2026-06-10T10:31:55+12:00 scalar diagnostics {'step': 1689, 'time': 89.02254054798601, 'dt': 0.05543821139494178, 'total_energy': 1.8673264030915524}
2026-06-10T10:31:56+12:00 scalar diagnostics {'step': 1694, 'time': 89.2994703980577, 'dt': 0.0555829807572697, 'total_energy': 1.8710140737599492}
2026-06-10T10:31:57+12:00 scalar diagnostics {'step': 1698, 'time': 89.52175462740205, 'dt': 0.05543141346254019, 'total_energy': 1.880065732786409}
2026-06-10T10:31:57+12:00 progress {'step': 1700, 'time': 89.63278875819849, 'dt': 0.05557104075302121}
2026-06-10T10:31:58+12:00 scalar diagnostics {'step': 1703, 'time': 89.80077322550659, 'dt': 0.05625454332456112, 'total_energy': 1.8823798383928922}
2026-06-10T10:31:58+12:00 scalar diagnostics {'step': 1707, 'time': 90.02650194015003, 'dt': 0.05617993965744425, 'total_energy': 1.8818775040156717}
2026-06-10T10:32:00+12:00 scalar diagnostics {'step': 1712, 'time': 90.30543678551369, 'dt': 0.05571554959857462, 'total_energy': 1.8772633359869877}
2026-06-10T10:32:00+12:00 scalar diagnostics {'step': 1716, 'time': 90.52935333342049, 'dt': 0.0559747479179874, 'total_energy': 1.8788455040421508}
2026-06-10T10:32:01+12:00 scalar diagnostics {'step': 1720, 'time': 90.75176415437741, 'dt': 0.055531582624850424, 'total_energy': 1.8865818815323379}
2026-06-10T10:32:03+12:00 scalar diagnostics {'step': 1725, 'time': 91.03201490068571, 'dt': 0.056422655670350805, 'total_energy': 1.8877292383878397}
2026-06-10T10:32:04+12:00 scalar diagnostics {'step': 1729, 'time': 91.25503810106916, 'dt': 0.05533330924744409, 'total_energy': 1.886843909533363}
2026-06-10T10:32:05+12:00 scalar diagnostics {'step': 1734, 'time': 91.53018000758017, 'dt': 0.05512342518371819, 'total_energy': 1.884519872742382}
2026-06-10T10:32:06+12:00 scalar diagnostics {'step': 1738, 'time': 91.75297853302898, 'dt': 0.05582815201910885, 'total_energy': 1.8868386779172308}
2026-06-10T10:32:07+12:00 scalar diagnostics {'step': 1743, 'time': 92.02864193091261, 'dt': 0.054942601191290914, 'total_energy': 1.896352492821473}
2026-06-10T10:32:08+12:00 scalar diagnostics {'step': 1747, 'time': 92.25011880407982, 'dt': 0.055773148212120795, 'total_energy': 1.8975445433947886}
2026-06-10T10:32:08+12:00 scalar diagnostics {'step': 1752, 'time': 92.52927264190483, 'dt': 0.05530249890223359, 'total_energy': 1.8948214994110242}
2026-06-10T10:32:09+12:00 scalar diagnostics {'step': 1757, 'time': 92.80384057485516, 'dt': 0.05490337852046797, 'total_energy': 1.888235183196511}
2026-06-10T10:32:09+12:00 scalar diagnostics {'step': 1761, 'time': 93.02534715862527, 'dt': 0.05574655090704912, 'total_energy': 1.8900650365347667}
2026-06-10T10:32:10+12:00 scalar diagnostics {'step': 1766, 'time': 93.3016905241446, 'dt': 0.05507987141213709, 'total_energy': 1.9021091585140397}
2026-06-10T10:32:11+12:00 scalar diagnostics {'step': 1770, 'time': 93.52307051597434, 'dt': 0.055605400103197436, 'total_energy': 1.9071992903839337}
2026-06-10T10:32:12+12:00 scalar diagnostics {'step': 1775, 'time': 93.80383627636823, 'dt': 0.05624668888332207, 'total_energy': 1.9073614359340079}
2026-06-10T10:32:12+12:00 scalar diagnostics {'step': 1779, 'time': 94.02813515482572, 'dt': 0.05605558625136826, 'total_energy': 1.9005339578563292}
2026-06-10T10:32:13+12:00 scalar diagnostics {'step': 1783, 'time': 94.25296109735285, 'dt': 0.056217860787670604, 'total_energy': 1.8976826436993437}
2026-06-10T10:32:13+12:00 scalar diagnostics {'step': 1788, 'time': 94.53352539914476, 'dt': 0.0561651648084329, 'total_energy': 1.9058070105874814}
2026-06-10T10:32:14+12:00 scalar diagnostics {'step': 1792, 'time': 94.75908881511579, 'dt': 0.056386178771889735, 'total_energy': 1.9110960279385056}
2026-06-10T10:32:15+12:00 scalar diagnostics {'step': 1797, 'time': 95.03929443156115, 'dt': 0.055951034994197894, 'total_energy': 1.9143512124533757}
2026-06-10T10:32:15+12:00 progress {'step': 1800, 'time': 95.20774291956826, 'dt': 0.05630046223968932}
2026-06-10T10:32:15+12:00 scalar diagnostics {'step': 1801, 'time': 95.26424833556855, 'dt': 0.05650541600029354, 'total_energy': 1.9101780194189408}
2026-06-10T10:32:16+12:00 scalar diagnostics {'step': 1806, 'time': 95.54576883791421, 'dt': 0.05615696994814833, 'total_energy': 1.9078039673368525}
2026-06-10T10:32:17+12:00 scalar diagnostics {'step': 1810, 'time': 95.77103476383493, 'dt': 0.056494202415890225, 'total_energy': 1.9134200909617183}
2026-06-10T10:32:17+12:00 scalar diagnostics {'step': 1815, 'time': 96.0534826179092, 'dt': 0.05614357323547531, 'total_energy': 1.9188454293770563}
2026-06-10T10:32:18+12:00 scalar diagnostics {'step': 1819, 'time': 96.27621819807405, 'dt': 0.05549019322859412, 'total_energy': 1.9204701860682425}
2026-06-10T10:32:18+12:00 scalar diagnostics {'step': 1824, 'time': 96.5543915580326, 'dt': 0.05591257324136676, 'total_energy': 1.9146508157182156}
2026-06-10T10:32:19+12:00 scalar diagnostics {'step': 1828, 'time': 96.77891003907186, 'dt': 0.056005341537714054, 'total_energy': 1.914066076832201}
2026-06-10T10:32:20+12:00 scalar diagnostics {'step': 1832, 'time': 97.00203367774232, 'dt': 0.05574841692504941, 'total_energy': 1.9211139298211355}
2026-06-10T10:32:20+12:00 scalar diagnostics {'step': 1837, 'time': 97.2824013814813, 'dt': 0.05638180722342848, 'total_energy': 1.928116909268161}
2026-06-10T10:32:21+12:00 scalar diagnostics {'step': 1841, 'time': 97.5079683516354, 'dt': 0.05617514409996248, 'total_energy': 1.930259962823257}
2026-06-10T10:32:21+12:00 scalar diagnostics {'step': 1846, 'time': 97.78768474396132, 'dt': 0.05587868370265425, 'total_energy': 1.922474414452028}
2026-06-10T10:32:22+12:00 scalar diagnostics {'step': 1850, 'time': 98.01139923990858, 'dt': 0.05599614628419404, 'total_energy': 1.9178982350555147}
2026-06-10T10:32:23+12:00 scalar diagnostics {'step': 1855, 'time': 98.29055861357249, 'dt': 0.05573876706471532, 'total_energy': 1.9251492685559422}
2026-06-10T10:32:23+12:00 scalar diagnostics {'step': 1859, 'time': 98.51400708868289, 'dt': 0.05598449551717245, 'total_energy': 1.93306742324976}
2026-06-10T10:32:24+12:00 scalar diagnostics {'step': 1864, 'time': 98.79534115659109, 'dt': 0.05641421202132993, 'total_energy': 1.9393777043597564}
2026-06-10T10:32:24+12:00 scalar diagnostics {'step': 1868, 'time': 99.02104224301497, 'dt': 0.05638485393730485, 'total_energy': 1.9337702896826925}
2026-06-10T10:32:25+12:00 scalar diagnostics {'step': 1873, 'time': 99.3020366789044, 'dt': 0.05607553309490276, 'total_energy': 1.927340465472521}
2026-06-10T10:32:25+12:00 scalar diagnostics {'step': 1877, 'time': 99.5260853866693, 'dt': 0.05601002247678191, 'total_energy': 1.9310071051244362}
2026-06-10T10:32:26+12:00 scalar diagnostics {'step': 1881, 'time': 99.75057238033945, 'dt': 0.056215662794682104, 'total_energy': 1.9372840120643202}
2026-06-10T10:32:26+12:00 progress {'step': 1886, 'time': 100.0, 'dt': 0.023854584044698868}
2026-06-10T10:32:27+12:00 scalar diagnostics {'step': 1886, 'time': 100.0, 'dt': 0.023854584044698868, 'total_energy': 1.9450262135466256}
2026-06-10T10:32:27+12:00 run complete {'backend': 'numpy', 'equation_set': 'inhomogeneous_rmhd_s', 'equation_mode': 'nonlinear', 'grid': [32, 32, 32], 'steps': 1886, 't_final': 100.0, 'dt_last': 0.023854584044698868, 'total_energy_initial': 0.75, 'total_energy_final': 1.9450262135466256, 'psi_hat_max_abs': 3369.8129311349776, 'output_dir': 'C:\\Users\\naoki\\Downloads\\rmhd-gpu-new\\examples\\outputs_nokia_rmhd_s_2', 'scalar_diagnostics_csv': 'C:\\Users\\naoki\\Downloads\\rmhd-gpu-new\\examples\\outputs_nokia_rmhd_s_2\\scalar_diagnostics.csv'}
