2026-06-10T10:36:35+12:00 run start {'title': 'Inhomogeneous rmhd simulation test', 'input_file': 'C:\\Users\\naoki\\Downloads\\rmhd-gpu-new\\examples\\nokias_inhomogeneous.input', 'output_dir': 'C:\\Users\\naoki\\Downloads\\rmhd-gpu-new\\examples\\outputs_nokia_rmhd_s_4_linear', 'backend': 'numpy', 'equation_set': 'inhomogeneous_rmhd_s', 'equation_mode': 'linear', 'grid': [32, 32, 32], 'output_cadences': {'scalar': 0.25, 'spectra': 0.0, 'full_field': 0.0}, 'hostname': 'Naoki', 'python_executable': 'C:\\Users\\naoki\\AppData\\Local\\Programs\\Python\\Python313\\python.exe', 'git_commit': 'cde2789c3d6596cb8e14f232da25acf4598750f1', 'command': "'C:\\Users\\naoki\\Downloads\\rmhd-gpu-new\\rmhdgpu\\run.py' '.\\examples\\nokias_inhomogeneous.input'"}
2026-06-10T10:36:35+12:00 run setup {'resolved_output_dir': 'C:\\Users\\naoki\\Downloads\\rmhd-gpu-new\\examples\\outputs_nokia_rmhd_s_4_linear', 'input_file': 'C:\\Users\\naoki\\Downloads\\rmhd-gpu-new\\examples\\nokias_inhomogeneous.input', 'backend': 'numpy', 'equation_set': 'inhomogeneous_rmhd_s', 'equation_mode': 'linear', 'grid': [32, 32, 32], 'output_cadences': {'scalar': 0.25, 'spectra': 0.0, 'full_field': 0.0}, 'dissipation_mode': 'auto', 'initial_condition': {'type': 'random_spectrum', 'parameters': {'n_min': 1.0, 'n_max': 3.0, 'alpha': 0.0, 'init_energy': 0.75, 'seed': 1, 'exclude_kpar0': True}}}
2026-06-10T10:36:35+12:00 scalar diagnostics {'step': 0, 'time': 0.0, 'dt': 0.0, 'total_energy': 0.75}
2026-06-10T10:36:35+12:00 scalar diagnostics {'step': 6, 'time': 0.2931977809886588, 'dt': 0.05125028204547713, 'total_energy': 1.5780346948964188}
2026-06-10T10:36:35+12:00 scalar diagnostics {'step': 10, 'time': 0.5147620941972142, 'dt': 0.058264096332060984, 'total_energy': 3.2592769163937874}
2026-06-10T10:36:36+12:00 scalar diagnostics {'step': 14, 'time': 0.7588764075326604, 'dt': 0.06008812538780255, 'total_energy': 5.70275435940199}
2026-06-10T10:36:36+12:00 scalar diagnostics {'step': 19, 'time': 1.0217737126905853, 'dt': 0.045060160553215496, 'total_energy': 8.848418035871791}
2026-06-10T10:36:36+12:00 scalar diagnostics {'step': 26, 'time': 1.252612705477131, 'dt': 0.028292558110108203, 'total_energy': 14.449259785398073}
2026-06-10T10:36:36+12:00 scalar diagnostics {'step': 37, 'time': 1.5127130884176796, 'dt': 0.02093796761823508, 'total_energy': 30.112822535133414}
2026-06-10T10:36:36+12:00 scalar diagnostics {'step': 50, 'time': 1.7624216996414166, 'dt': 0.017274529905353542, 'total_energy': 59.865888625041265}
2026-06-10T10:36:37+12:00 scalar diagnostics {'step': 66, 'time': 2.009100939229847, 'dt': 0.014266219424247543, 'total_energy': 104.08376326887861}
2026-06-10T10:36:37+12:00 scalar diagnostics {'step': 84, 'time': 2.251485173696182, 'dt': 0.012900006656753603, 'total_energy': 158.54224681640534}
2026-06-10T10:36:37+12:00 progress {'step': 100, 'time': 2.4532332909963412, 'dt': 0.012312959652894903}
2026-06-10T10:36:38+12:00 scalar diagnostics {'step': 104, 'time': 2.5019945445497465, 'dt': 0.012118038792206354, 'total_energy': 222.12649376888297}
2026-06-10T10:36:38+12:00 scalar diagnostics {'step': 126, 'time': 2.7590933917389364, 'dt': 0.01134587630755503, 'total_energy': 292.5168190732054}
2026-06-10T10:36:39+12:00 scalar diagnostics {'step': 148, 'time': 3.001989073721642, 'dt': 0.010778047077350207, 'total_energy': 363.6634580659966}
2026-06-10T10:36:39+12:00 scalar diagnostics {'step': 172, 'time': 3.2520822158653275, 'dt': 0.010030003190698982, 'total_energy': 443.5415324382899}
2026-06-10T10:36:40+12:00 scalar diagnostics {'step': 198, 'time': 3.501499161273414, 'dt': 0.009216719830545414, 'total_energy': 533.0847044913285}
2026-06-10T10:36:40+12:00 progress {'step': 200, 'time': 3.5198503819181792, 'dt': 0.009162009213676148}
2026-06-10T10:36:41+12:00 scalar diagnostics {'step': 227, 'time': 3.7580827061483517, 'dt': 0.008545524415198128, 'total_energy': 639.3677278484803}
2026-06-10T10:36:42+12:00 scalar diagnostics {'step': 257, 'time': 4.007108499200548, 'dt': 0.008110482945677172, 'total_energy': 760.2979935597559}
2026-06-10T10:36:43+12:00 scalar diagnostics {'step': 288, 'time': 4.254055997168441, 'dt': 0.007841804430146654, 'total_energy': 900.9123381119248}
2026-06-10T10:36:43+12:00 progress {'step': 300, 'time': 4.347639597567209, 'dt': 0.007765299196616185}
2026-06-10T10:36:44+12:00 scalar diagnostics {'step': 320, 'time': 4.50193674154079, 'dt': 0.0076750487847683365, 'total_energy': 1062.4738208829417}
2026-06-10T10:36:45+12:00 scalar diagnostics {'step': 353, 'time': 4.753267296971595, 'dt': 0.0075486213916713205, 'total_energy': 1239.68474860994}
2026-06-10T10:36:45+12:00 scalar diagnostics {'step': 387, 'time': 5.006337193876826, 'dt': 0.007338913581374701, 'total_energy': 1418.058432549573}
2026-06-10T10:36:46+12:00 progress {'step': 400, 'time': 5.101126500229647, 'dt': 0.007250138366680325}
2026-06-10T10:36:46+12:00 scalar diagnostics {'step': 421, 'time': 5.2517327373667095, 'dt': 0.007099447259638657, 'total_energy': 1578.38329966862}
2026-06-10T10:36:47+12:00 scalar diagnostics {'step': 457, 'time': 5.502500013285719, 'dt': 0.006842258895205284, 'total_energy': 1723.0062463261845}
2026-06-10T10:36:49+12:00 scalar diagnostics {'step': 494, 'time': 5.751210305434386, 'dt': 0.0066169622651892366, 'total_energy': 1848.1700074850773}
2026-06-10T10:36:49+12:00 progress {'step': 500, 'time': 5.790803141500116, 'dt': 0.0065860719044397815}
2026-06-10T10:36:50+12:00 scalar diagnostics {'step': 533, 'time': 6.0055570159959935, 'dt': 0.006445835358409624, 'total_energy': 1962.3504527497325}
2026-06-10T10:36:51+12:00 scalar diagnostics {'step': 572, 'time': 6.254290607451367, 'dt': 0.006318562938009286, 'total_energy': 2064.9587314379523}
2026-06-10T10:36:52+12:00 progress {'step': 600, 'time': 6.430223325830663, 'dt': 0.006253070218742632}
2026-06-10T10:36:52+12:00 scalar diagnostics {'step': 612, 'time': 6.504964957163581, 'dt': 0.0061967054965357616, 'total_energy': 2159.9026865097744}
2026-06-10T10:36:53+12:00 scalar diagnostics {'step': 653, 'time': 6.75464503361652, 'dt': 0.0060101529613049275, 'total_energy': 2241.3978514982177}
2026-06-10T10:36:54+12:00 scalar diagnostics {'step': 695, 'time': 7.0057060536034275, 'dt': 0.00597351454787776, 'total_energy': 2301.9709585777287}
2026-06-10T10:36:55+12:00 progress {'step': 700, 'time': 7.0355928308026705, 'dt': 0.005980231915257748}
2026-06-10T10:36:55+12:00 scalar diagnostics {'step': 737, 'time': 7.25465909206824, 'dt': 0.005855297919635837, 'total_energy': 2332.9851731277677}
2026-06-10T10:36:56+12:00 scalar diagnostics {'step': 780, 'time': 7.5025473646923215, 'dt': 0.0056761024112329745, 'total_energy': 2330.6377437480414}
2026-06-10T10:36:57+12:00 progress {'step': 800, 'time': 7.615326092695787, 'dt': 0.005607938437492662}
2026-06-10T10:36:58+12:00 scalar diagnostics {'step': 825, 'time': 7.75467080330556, 'dt': 0.005544905733205507, 'total_energy': 2294.118023182432}
2026-06-10T10:36:59+12:00 scalar diagnostics {'step': 870, 'time': 8.002343601218916, 'dt': 0.005478598114656304, 'total_energy': 2228.890265308194}
2026-06-10T10:37:00+12:00 progress {'step': 900, 'time': 8.166617815895869, 'dt': 0.005478029952590049}
2026-06-10T10:37:00+12:00 scalar diagnostics {'step': 916, 'time': 8.254347258754867, 'dt': 0.0054885172411041835, 'total_energy': 2140.620069302038}
2026-06-10T10:37:01+12:00 scalar diagnostics {'step': 961, 'time': 8.502428474073286, 'dt': 0.00553925136034439, 'total_energy': 2041.2309685249902}
2026-06-10T10:37:02+12:00 progress {'step': 1000, 'time': 8.719170371392478, 'dt': 0.005566877306043109}
2026-06-10T10:37:03+12:00 scalar diagnostics {'step': 1006, 'time': 8.752578304140386, 'dt': 0.005568763535501446, 'total_energy': 1934.6937267570088}
2026-06-10T10:37:04+12:00 scalar diagnostics {'step': 1051, 'time': 9.003470359317694, 'dt': 0.005582464168405964, 'total_energy': 1821.5098699798073}
2026-06-10T10:37:05+12:00 scalar diagnostics {'step': 1096, 'time': 9.255404478675164, 'dt': 0.00562234626905755, 'total_energy': 1696.188183293617}
2026-06-10T10:37:05+12:00 progress {'step': 1100, 'time': 9.277910298240315, 'dt': 0.00562900691481263}
2026-06-10T10:37:07+12:00 scalar diagnostics {'step': 1140, 'time': 9.504240093786814, 'dt': 0.005697967905299933, 'total_energy': 1555.1139754855944}
2026-06-10T10:37:08+12:00 scalar diagnostics {'step': 1183, 'time': 9.752553276019897, 'dt': 0.005856513776169909, 'total_energy': 1395.3106624407458}
2026-06-10T10:37:08+12:00 progress {'step': 1200, 'time': 9.852902011123932, 'dt': 0.0059499500075405}
2026-06-10T10:37:09+12:00 scalar diagnostics {'step': 1225, 'time': 10.004088784616435, 'dt': 0.0061463604685248275, 'total_energy': 1218.0107869339763}
2026-06-10T10:37:10+12:00 scalar diagnostics {'step': 1264, 'time': 10.25321097784677, 'dt': 0.006667601699898831, 'total_energy': 1036.4530635923143}
2026-06-10T10:37:11+12:00 progress {'step': 1300, 'time': 10.507245412154612, 'dt': 0.007485835147645625}
2026-06-10T10:37:11+12:00 scalar diagnostics {'step': 1300, 'time': 10.507245412154612, 'dt': 0.007485835147645625, 'total_energy': 858.0437383942196}
2026-06-10T10:37:12+12:00 scalar diagnostics {'step': 1331, 'time': 10.755384977738753, 'dt': 0.008555597855187828, 'total_energy': 701.53520610732}
2026-06-10T10:37:12+12:00 scalar diagnostics {'step': 1358, 'time': 11.003343973045672, 'dt': 0.009811367985848325, 'total_energy': 568.2328331599367}
2026-06-10T10:37:13+12:00 scalar diagnostics {'step': 1382, 'time': 11.254459960954835, 'dt': 0.011050617547302502, 'total_energy': 456.037478009443}
2026-06-10T10:37:14+12:00 progress {'step': 1400, 'time': 11.461414903084128, 'dt': 0.011909410921599046}
2026-06-10T10:37:14+12:00 scalar diagnostics {'step': 1404, 'time': 11.509565579154739, 'dt': 0.0121157481830341, 'total_energy': 361.4275550031244}
2026-06-10T10:37:14+12:00 scalar diagnostics {'step': 1423, 'time': 11.750047913232265, 'dt': 0.013190279382723222, 'total_energy': 286.4010125705035}
2026-06-10T10:37:15+12:00 scalar diagnostics {'step': 1441, 'time': 12.000945524983624, 'dt': 0.014736329450717366, 'total_energy': 219.97296276316058}
2026-06-10T10:37:15+12:00 scalar diagnostics {'step': 1457, 'time': 12.255462036352798, 'dt': 0.017146782218811867, 'total_energy': 163.00644845505684}
2026-06-10T10:37:16+12:00 scalar diagnostics {'step': 1471, 'time': 12.518955132022187, 'dt': 0.020146083823038664, 'total_energy': 114.27945892520651}
2026-06-10T10:37:16+12:00 scalar diagnostics {'step': 1482, 'time': 12.75364698292949, 'dt': 0.022343179504334853, 'total_energy': 79.9002103422101}
2026-06-10T10:37:16+12:00 scalar diagnostics {'step': 1493, 'time': 13.011246367545604, 'dt': 0.024219809619308218, 'total_energy': 52.29094582554491}
2026-06-10T10:37:16+12:00 progress {'step': 1500, 'time': 13.184244630585814, 'dt': 0.025029881015981432}
2026-06-10T10:37:17+12:00 scalar diagnostics {'step': 1503, 'time': 13.25972602843116, 'dt': 0.025219326722474227, 'total_energy': 35.600820058997016}
2026-06-10T10:37:17+12:00 scalar diagnostics {'step': 1513, 'time': 13.51222834818905, 'dt': 0.024899255323509374, 'total_energy': 27.895122114695496}
2026-06-10T10:37:17+12:00 scalar diagnostics {'step': 1523, 'time': 13.755917001175561, 'dt': 0.023862094499312998, 'total_energy': 27.218570931234844}
2026-06-10T10:37:17+12:00 scalar diagnostics {'step': 1534, 'time': 14.005277943139248, 'dt': 0.021934250869367535, 'total_energy': 29.79512408987881}
2026-06-10T10:37:18+12:00 scalar diagnostics {'step': 1546, 'time': 14.262624084102315, 'dt': 0.02126253979041324, 'total_energy': 32.93435757695139}
2026-06-10T10:37:18+12:00 scalar diagnostics {'step': 1558, 'time': 14.507953465443748, 'dt': 0.01976108730666328, 'total_energy': 36.61351349206415}
2026-06-10T10:37:19+12:00 scalar diagnostics {'step': 1571, 'time': 14.755222568005355, 'dt': 0.01849356565151364, 'total_energy': 42.82204750634844}
2026-06-10T10:37:19+12:00 scalar diagnostics {'step': 1585, 'time': 15.005371089522454, 'dt': 0.017263154969639486, 'total_energy': 51.661938068537836}
2026-06-10T10:37:19+12:00 progress {'step': 1600, 'time': 15.254301572453663, 'dt': 0.016048124717439972}
2026-06-10T10:37:19+12:00 scalar diagnostics {'step': 1600, 'time': 15.254301572453663, 'dt': 0.016048124717439972, 'total_energy': 60.726467443834935}
2026-06-10T10:37:20+12:00 scalar diagnostics {'step': 1616, 'time': 15.501837953538375, 'dt': 0.015004302195293778, 'total_energy': 68.07473158303642}
2026-06-10T10:37:20+12:00 scalar diagnostics {'step': 1634, 'time': 15.76363527344632, 'dt': 0.014202179056284651, 'total_energy': 73.86472877024336}
2026-06-10T10:37:21+12:00 scalar diagnostics {'step': 1651, 'time': 16.001571053538225, 'dt': 0.013885266604301907, 'total_energy': 78.18399267451152}
2026-06-10T10:37:21+12:00 scalar diagnostics {'step': 1669, 'time': 16.252505185669765, 'dt': 0.014081448047461143, 'total_energy': 83.77959853575669}
2026-06-10T10:37:22+12:00 scalar diagnostics {'step': 1687, 'time': 16.5126424753216, 'dt': 0.01488113028119559, 'total_energy': 95.65304579479388}
2026-06-10T10:37:23+12:00 progress {'step': 1700, 'time': 16.71236743364807, 'dt': 0.015814942472935734}
2026-06-10T10:37:23+12:00 scalar diagnostics {'step': 1703, 'time': 16.760298600701965, 'dt': 0.016058759417481246, 'total_energy': 119.53553984532279}
2026-06-10T10:37:23+12:00 scalar diagnostics {'step': 1719, 'time': 17.014295844887396, 'dt': 0.015319083163211969, 'total_energy': 162.99624832542648}
2026-06-10T10:37:24+12:00 scalar diagnostics {'step': 1735, 'time': 17.250121135361038, 'dt': 0.014275546703946792, 'total_energy': 223.40992348801768}
2026-06-10T10:37:24+12:00 scalar diagnostics {'step': 1754, 'time': 17.512214338345192, 'dt': 0.013374169832403705, 'total_energy': 312.68267013661205}
2026-06-10T10:37:25+12:00 scalar diagnostics {'step': 1773, 'time': 17.75801502288856, 'dt': 0.012477759254093676, 'total_energy': 412.8083284090065}
2026-06-10T10:37:25+12:00 scalar diagnostics {'step': 1794, 'time': 18.007061243363943, 'dt': 0.011357305668483543, 'total_energy': 522.0048493423249}
2026-06-10T10:37:25+12:00 progress {'step': 1800, 'time': 18.07439023928673, 'dt': 0.011130051120060217}
2026-06-10T10:37:26+12:00 scalar diagnostics {'step': 1817, 'time': 18.25912727048647, 'dt': 0.010670494735211105, 'total_energy': 631.8586507442192}
2026-06-10T10:37:27+12:00 scalar diagnostics {'step': 1841, 'time': 18.50620406715803, 'dt': 0.009964619018075717, 'total_energy': 734.884456051666}
2026-06-10T10:37:27+12:00 scalar diagnostics {'step': 1867, 'time': 18.757809838692687, 'dt': 0.00944647655298601, 'total_energy': 837.2946532488352}
2026-06-10T10:37:28+12:00 scalar diagnostics {'step': 1894, 'time': 19.007406396009024, 'dt': 0.009073951079302636, 'total_energy': 943.7410157032007}
2026-06-10T10:37:28+12:00 progress {'step': 1900, 'time': 19.061599746109678, 'dt': 0.009002791707806511}
2026-06-10T10:37:29+12:00 scalar diagnostics {'step': 1922, 'time': 19.256799995379545, 'dt': 0.008753869646293896, 'total_energy': 1065.0051731893882}
2026-06-10T10:37:30+12:00 scalar diagnostics {'step': 1951, 'time': 19.501435117134854, 'dt': 0.008145844927304092, 'total_energy': 1206.8665518685536}
2026-06-10T10:37:31+12:00 scalar diagnostics {'step': 1983, 'time': 19.751539506439777, 'dt': 0.007502501316303165, 'total_energy': 1376.9157358552256}
2026-06-10T10:37:31+12:00 progress {'step': 2000, 'time': 19.876244427091724, 'dt': 0.007193654774121064}
2026-06-10T10:37:31+12:00 scalar diagnostics {'step': 2018, 'time': 20.002981708087116, 'dt': 0.0069115695198257, 'total_energy': 1563.8774171880868}
2026-06-10T10:37:33+12:00 scalar diagnostics {'step': 2056, 'time': 20.254655407167817, 'dt': 0.00635325524949963, 'total_energy': 1748.6021698024224}
2026-06-10T10:37:34+12:00 scalar diagnostics {'step': 2097, 'time': 20.505270627656227, 'dt': 0.005915416058135688, 'total_energy': 1910.045124446959}
2026-06-10T10:37:34+12:00 progress {'step': 2100, 'time': 20.522967160464322, 'dt': 0.0058906561124929995}
2026-06-10T10:37:35+12:00 scalar diagnostics {'step': 2140, 'time': 20.752923700553545, 'dt': 0.0056350948828554305, 'total_energy': 2032.937304615656}
2026-06-10T10:37:36+12:00 scalar diagnostics {'step': 2185, 'time': 21.002391471415823, 'dt': 0.005473640488580822, 'total_energy': 2114.4092916028458}
2026-06-10T10:37:37+12:00 progress {'step': 2200, 'time': 21.084218739728904, 'dt': 0.005440227411385151}
2026-06-10T10:37:38+12:00 scalar diagnostics {'step': 2231, 'time': 21.252037940655743, 'dt': 0.005392379649820461, 'total_energy': 2158.334014324297}
2026-06-10T10:37:39+12:00 scalar diagnostics {'step': 2278, 'time': 21.50440398482562, 'dt': 0.005351652648514881, 'total_energy': 2177.6305525152243}
2026-06-10T10:37:40+12:00 progress {'step': 2300, 'time': 21.621873271962908, 'dt': 0.005326485898854705}
2026-06-10T10:37:40+12:00 scalar diagnostics {'step': 2325, 'time': 21.75465016445038, 'dt': 0.00529731047067684, 'total_energy': 2186.2054977118046}
2026-06-10T10:37:42+12:00 scalar diagnostics {'step': 2372, 'time': 22.00247469328399, 'dt': 0.005251009202373564, 'total_energy': 2192.4461191177597}
2026-06-10T10:37:42+12:00 progress {'step': 2400, 'time': 22.148989343884594, 'dt': 0.005215939519436572}
2026-06-10T10:37:43+12:00 scalar diagnostics {'step': 2420, 'time': 22.2531174958473, 'dt': 0.00519936849721087, 'total_energy': 2195.2719538520905}
2026-06-10T10:37:44+12:00 scalar diagnostics {'step': 2468, 'time': 22.50258278402897, 'dt': 0.005206438378884472, 'total_energy': 2185.64912478747}
2026-06-10T10:37:45+12:00 progress {'step': 2500, 'time': 22.669769780639715, 'dt': 0.0052487186031851315}
2026-06-10T10:37:46+12:00 scalar diagnostics {'step': 2516, 'time': 22.75405642535519, 'dt': 0.0052866442095391986, 'total_energy': 2150.9593818378276}
2026-06-10T10:37:47+12:00 scalar diagnostics {'step': 2562, 'time': 23.000957877733068, 'dt': 0.005460592478812897, 'total_energy': 2082.507124439413}
2026-06-10T10:37:48+12:00 progress {'step': 2600, 'time': 23.212475456331244, 'dt': 0.0056769616848817255}
2026-06-10T10:37:48+12:00 scalar diagnostics {'step': 2607, 'time': 23.25240010003803, 'dt': 0.00572373744143202, 'total_energy': 1974.8660963305374}
2026-06-10T10:37:49+12:00 scalar diagnostics {'step': 2650, 'time': 23.505538341725288, 'dt': 0.006054401614291883, 'total_energy': 1834.8664182935158}
2026-06-10T10:37:51+12:00 scalar diagnostics {'step': 2690, 'time': 23.754995606898003, 'dt': 0.006414908390789577, 'total_energy': 1680.3515164210817}
2026-06-10T10:37:51+12:00 progress {'step': 2700, 'time': 23.819668935939827, 'dt': 0.006510592747898643}
2026-06-10T10:37:52+12:00 scalar diagnostics {'step': 2728, 'time': 24.00598860961712, 'dt': 0.006790877555503968, 'total_energy': 1524.5031322253212}
2026-06-10T10:37:53+12:00 scalar diagnostics {'step': 2763, 'time': 24.250326135365405, 'dt': 0.00716469257999973, 'total_energy': 1383.8039720520787}
2026-06-10T10:37:54+12:00 scalar diagnostics {'step': 2797, 'time': 24.500087405471906, 'dt': 0.007505622747136939, 'total_energy': 1255.5178555594605}
2026-06-10T10:37:54+12:00 progress {'step': 2800, 'time': 24.522633862182886, 'dt': 0.0075164266181134585}
2026-06-10T10:37:55+12:00 scalar diagnostics {'step': 2831, 'time': 24.754697311687934, 'dt': 0.007440227946650357, 'total_energy': 1137.3635222360708}
2026-06-10T10:37:56+12:00 scalar diagnostics {'step': 2865, 'time': 25.005991337746156, 'dt': 0.007372099605188677, 'total_energy': 1024.1341804218634}
2026-06-10T10:37:57+12:00 scalar diagnostics {'step': 2898, 'time': 25.25110044301061, 'dt': 0.007536287800983411, 'total_energy': 907.9810410056382}
2026-06-10T10:37:57+12:00 progress {'step': 2900, 'time': 25.26620641226095, 'dt': 0.00755869197003279}
2026-06-10T10:37:58+12:00 scalar diagnostics {'step': 2930, 'time': 25.500735196271485, 'dt': 0.008143347538509661, 'total_energy': 780.4989011458708}
2026-06-10T10:37:58+12:00 scalar diagnostics {'step': 2961, 'time': 25.75384105594369, 'dt': 0.008171284735610929, 'total_energy': 646.8687564022094}
2026-06-10T10:37:59+12:00 scalar diagnostics {'step': 2991, 'time': 26.000405409510215, 'dt': 0.00830010453611717, 'total_energy': 522.7520202464154}
2026-06-10T10:38:00+12:00 progress {'step': 3000, 'time': 26.075533376589576, 'dt': 0.008389607741220599}
2026-06-10T10:38:00+12:00 scalar diagnostics {'step': 3021, 'time': 26.255015618575754, 'dt': 0.008718445575277142, 'total_energy': 411.022136454069}
2026-06-10T10:38:01+12:00 scalar diagnostics {'step': 3049, 'time': 26.508836611526633, 'dt': 0.00941895513637438, 'total_energy': 321.64995688067086}
2026-06-10T10:38:02+12:00 scalar diagnostics {'step': 3074, 'time': 26.75523134521656, 'dt': 0.010296830300339054, 'total_energy': 256.1560428035572}
2026-06-10T10:38:02+12:00 scalar diagnostics {'step': 3097, 'time': 27.00250421660326, 'dt': 0.011152153478360363, 'total_energy': 208.65608729879636}
2026-06-10T10:38:02+12:00 progress {'step': 3100, 'time': 27.036156107126896, 'dt': 0.011249150260553866}
2026-06-10T10:38:03+12:00 scalar diagnostics {'step': 3119, 'time': 27.254460144430208, 'dt': 0.01163068688917704, 'total_energy': 174.77415192380604}
2026-06-10T10:38:03+12:00 scalar diagnostics {'step': 3141, 'time': 27.509841059324586, 'dt': 0.011504647559894414, 'total_energy': 150.59382671732996}
2026-06-10T10:38:04+12:00 scalar diagnostics {'step': 3163, 'time': 27.759220719056028, 'dt': 0.011187849518256606, 'total_energy': 132.0339640635116}
2026-06-10T10:38:05+12:00 scalar diagnostics {'step': 3185, 'time': 28.004160497773213, 'dt': 0.011170467319726781, 'total_energy': 114.19330066813146}
2026-06-10T10:38:06+12:00 progress {'step': 3200, 'time': 28.174414306943007, 'dt': 0.011578232322847532}
2026-06-10T10:38:06+12:00 scalar diagnostics {'step': 3207, 'time': 28.25636929685022, 'dt': 0.01181898395627214, 'total_energy': 93.45439560118731}
2026-06-10T10:38:06+12:00 scalar diagnostics {'step': 3227, 'time': 28.506802685769483, 'dt': 0.013425989665170189, 'total_energy': 71.59208327961166}
2026-06-10T10:38:07+12:00 scalar diagnostics {'step': 3244, 'time': 28.75887959107208, 'dt': 0.016498074118822884, 'total_energy': 52.549835280796145}
2026-06-10T10:38:07+12:00 scalar diagnostics {'step': 3257, 'time': 29.006098775036133, 'dt': 0.021408168979870097, 'total_energy': 40.17282515657658}
2026-06-10T10:38:08+12:00 scalar diagnostics {'step': 3268, 'time': 29.269252313891887, 'dt': 0.025093718567071786, 'total_energy': 34.38248292409746}
2026-06-10T10:38:08+12:00 scalar diagnostics {'step': 3278, 'time': 29.51084924776081, 'dt': 0.02331491545162772, 'total_energy': 35.018828155181545}
2026-06-10T10:38:08+12:00 scalar diagnostics {'step': 3289, 'time': 29.754780133445045, 'dt': 0.021400252631776584, 'total_energy': 41.427086622509776}
2026-06-10T10:38:09+12:00 progress {'step': 3300, 'time': 29.98076723321139, 'dt': 0.019953599975593175}
2026-06-10T10:38:09+12:00 scalar diagnostics {'step': 3301, 'time': 30.00062584369631, 'dt': 0.01985861048491744, 'total_energy': 53.712475759429466}
2026-06-10T10:38:09+12:00 scalar diagnostics {'step': 3314, 'time': 30.252072903588694, 'dt': 0.018990631618045085, 'total_energy': 71.01268952620754}
2026-06-10T10:38:10+12:00 scalar diagnostics {'step': 3328, 'time': 30.511352555618647, 'dt': 0.017794150710719405, 'total_energy': 91.97980470031064}
2026-06-10T10:38:10+12:00 scalar diagnostics {'step': 3343, 'time': 30.76492873072569, 'dt': 0.01624418384168086, 'total_energy': 114.53897618142469}
2026-06-10T10:38:11+12:00 scalar diagnostics {'step': 3358, 'time': 31.000261222530405, 'dt': 0.01526830910596013, 'total_energy': 136.894922129996}
2026-06-10T10:38:11+12:00 scalar diagnostics {'step': 3375, 'time': 31.251739266418888, 'dt': 0.014421773517709142, 'total_energy': 162.80174934335875}
2026-06-10T10:38:12+12:00 scalar diagnostics {'step': 3393, 'time': 31.505515505946082, 'dt': 0.01384698440036303, 'total_energy': 194.9655529455697}
2026-06-10T10:38:12+12:00 progress {'step': 3400, 'time': 31.60173844098664, 'dt': 0.013673021206072347}
2026-06-10T10:38:12+12:00 scalar diagnostics {'step': 3411, 'time': 31.75063324897518, 'dt': 0.013424667104673674, 'total_energy': 239.35563692601414}
2026-06-10T10:38:13+12:00 scalar diagnostics {'step': 3431, 'time': 32.00192121196097, 'dt': 0.011738576605577922, 'total_energy': 306.16967038715256}
2026-06-10T10:38:14+12:00 scalar diagnostics {'step': 3454, 'time': 32.25657789704212, 'dt': 0.010597917270403195, 'total_energy': 398.5375468721695}
2026-06-10T10:38:14+12:00 scalar diagnostics {'step': 3478, 'time': 32.501924833351325, 'dt': 0.009788132948841502, 'total_energy': 507.07745022063926}
2026-06-10T10:38:15+12:00 progress {'step': 3500, 'time': 32.70787182601387, 'dt': 0.008981056630005934}
2026-06-10T10:38:15+12:00 scalar diagnostics {'step': 3505, 'time': 32.752268520726965, 'dt': 0.008813920607782163, 'total_energy': 629.1010938618482}
2026-06-10T10:38:16+12:00 scalar diagnostics {'step': 3535, 'time': 33.00460909611158, 'dt': 0.008102777325139388, 'total_energy': 753.414861808101}
2026-06-10T10:38:17+12:00 scalar diagnostics {'step': 3567, 'time': 33.25623359728103, 'dt': 0.007675769828485238, 'total_energy': 870.2526183865446}
2026-06-10T10:38:18+12:00 progress {'step': 3600, 'time': 33.50465134342603, 'dt': 0.007407141173944395}
2026-06-10T10:38:18+12:00 scalar diagnostics {'step': 3600, 'time': 33.50465134342603, 'dt': 0.007407141173944395, 'total_energy': 975.0685666249099}
2026-06-10T10:38:19+12:00 scalar diagnostics {'step': 3634, 'time': 33.751749680584986, 'dt': 0.007112760885882904, 'total_energy': 1070.4645323884288}
2026-06-10T10:38:20+12:00 scalar diagnostics {'step': 3670, 'time': 34.00265029649682, 'dt': 0.006856457086930922, 'total_energy': 1163.1010029104978}
2026-06-10T10:38:21+12:00 progress {'step': 3700, 'time': 34.20650287620059, 'dt': 0.006754460143353594}
2026-06-10T10:38:21+12:00 scalar diagnostics {'step': 3707, 'time': 34.253743205808384, 'dt': 0.006743506697670233, 'total_energy': 1258.2775909960442}
2026-06-10T10:38:22+12:00 scalar diagnostics {'step': 3744, 'time': 34.50135076108521, 'dt': 0.006660692631921406, 'total_energy': 1361.9287396097202}
2026-06-10T10:38:23+12:00 scalar diagnostics {'step': 3782, 'time': 34.75348624711983, 'dt': 0.006612168328748476, 'total_energy': 1482.2714210680601}
2026-06-10T10:38:24+12:00 progress {'step': 3800, 'time': 34.87232632970379, 'dt': 0.0065931797704743686}
2026-06-10T10:38:24+12:00 scalar diagnostics {'step': 3820, 'time': 35.00393704098973, 'dt': 0.006568005366193444, 'total_energy': 1613.500859414652}
2026-06-10T10:38:25+12:00 scalar diagnostics {'step': 3858, 'time': 35.25223653209948, 'dt': 0.006497175285695327, 'total_energy': 1743.086174644972}
2026-06-10T10:38:27+12:00 scalar diagnostics {'step': 3897, 'time': 35.50384018746368, 'dt': 0.00640888504083112, 'total_energy': 1857.681149443636}
2026-06-10T10:38:27+12:00 progress {'step': 3900, 'time': 35.52305469918404, 'dt': 0.006402839684418944}
2026-06-10T10:38:28+12:00 scalar diagnostics {'step': 3936, 'time': 35.75215592584891, 'dt': 0.006320803544560569, 'total_energy': 1941.8248825876321}
2026-06-10T10:38:29+12:00 scalar diagnostics {'step': 3976, 'time': 36.0034581867945, 'dt': 0.006242640781015425, 'total_energy': 1993.3897613556533}
2026-06-10T10:38:30+12:00 progress {'step': 4000, 'time': 36.15305207188818, 'dt': 0.006232089953006845}
2026-06-10T10:38:31+12:00 scalar diagnostics {'step': 4016, 'time': 36.25290903697972, 'dt': 0.006252379970212643, 'total_energy': 2015.665497049676}
2026-06-10T10:38:32+12:00 scalar diagnostics {'step': 4056, 'time': 36.5054774979977, 'dt': 0.006392189710631878, 'total_energy': 2018.9221905640723}
2026-06-10T10:38:33+12:00 scalar diagnostics {'step': 4095, 'time': 36.754421166088015, 'dt': 0.006268213241109665, 'total_energy': 2012.340453450093}
2026-06-10T10:38:33+12:00 progress {'step': 4100, 'time': 36.785659873183555, 'dt': 0.006234359385620748}
2026-06-10T10:38:34+12:00 scalar diagnostics {'step': 4135, 'time': 37.00037621782418, 'dt': 0.006058999705822321, 'total_energy': 2000.0092108359468}
2026-06-10T10:38:35+12:00 scalar diagnostics {'step': 4177, 'time': 37.25236208169317, 'dt': 0.005960747507809539, 'total_energy': 1979.7955262363125}
2026-06-10T10:38:36+12:00 progress {'step': 4200, 'time': 37.38952204395303, 'dt': 0.0059690720685474695}
2026-06-10T10:38:37+12:00 scalar diagnostics {'step': 4219, 'time': 37.50323661939805, 'dt': 0.006005774740385096, 'total_energy': 1948.3293978947604}
2026-06-10T10:38:38+12:00 scalar diagnostics {'step': 4261, 'time': 37.75406200414395, 'dt': 0.005842136942383194, 'total_energy': 1901.8051756984016}
2026-06-10T10:38:39+12:00 progress {'step': 4300, 'time': 37.97714847284843, 'dt': 0.005621616191294555}
2026-06-10T10:38:39+12:00 scalar diagnostics {'step': 4305, 'time': 38.00519455694586, 'dt': 0.005601191792697986, 'total_energy': 1836.4513848187198}
2026-06-10T10:38:41+12:00 scalar diagnostics {'step': 4350, 'time': 38.25431854926226, 'dt': 0.005496462793645687, 'total_energy': 1750.6599685971773}
2026-06-10T10:38:42+12:00 scalar diagnostics {'step': 4395, 'time': 38.50168121652855, 'dt': 0.00551572480403626, 'total_energy': 1646.5569616111386}
2026-06-10T10:38:42+12:00 progress {'step': 4400, 'time': 38.529283562652154, 'dt': 0.005523757984521411}
2026-06-10T10:38:43+12:00 scalar diagnostics {'step': 4440, 'time': 38.75194388780918, 'dt': 0.005612599472773388, 'total_energy': 1529.0622140267103}
2026-06-10T10:38:45+12:00 scalar diagnostics {'step': 4484, 'time': 39.00132650583696, 'dt': 0.005715547791460972, 'total_energy': 1408.9918970686708}
2026-06-10T10:38:45+12:00 progress {'step': 4500, 'time': 39.09299348496546, 'dt': 0.005740038894870245}
2026-06-10T10:38:46+12:00 scalar diagnostics {'step': 4528, 'time': 39.25411207125939, 'dt': 0.005763377133805022, 'total_energy': 1291.0770526063648}
2026-06-10T10:38:47+12:00 scalar diagnostics {'step': 4571, 'time': 39.50197458846967, 'dt': 0.005759872972208178, 'total_energy': 1181.0445631878722}
2026-06-10T10:38:48+12:00 progress {'step': 4600, 'time': 39.66888667306655, 'dt': 0.0057523727295307105}
2026-06-10T10:38:48+12:00 scalar diagnostics {'step': 4615, 'time': 39.75517932347145, 'dt': 0.005754504987217202, 'total_energy': 1072.3721807277489}
2026-06-10T10:38:50+12:00 scalar diagnostics {'step': 4658, 'time': 40.003246904344714, 'dt': 0.005799517027726439, 'total_energy': 966.2012394255149}
2026-06-10T10:38:51+12:00 progress {'step': 4700, 'time': 40.250631571996685, 'dt': 0.006010229918053088}
2026-06-10T10:38:51+12:00 scalar diagnostics {'step': 4700, 'time': 40.250631571996685, 'dt': 0.006010229918053088, 'total_energy': 858.1803603736796}
2026-06-10T10:38:52+12:00 scalar diagnostics {'step': 4741, 'time': 40.50536352873748, 'dt': 0.00644901252229591, 'total_energy': 744.9846321087003}
2026-06-10T10:38:53+12:00 scalar diagnostics {'step': 4778, 'time': 40.75549343823808, 'dt': 0.007097884326553588, 'total_energy': 635.3159048568433}
2026-06-10T10:38:54+12:00 progress {'step': 4800, 'time': 40.91738807405894, 'dt': 0.007612723738101749}
2026-06-10T10:38:54+12:00 scalar diagnostics {'step': 4811, 'time': 41.002869317215406, 'dt': 0.007906545487988938, 'total_energy': 532.8257892946276}
2026-06-10T10:38:55+12:00 scalar diagnostics {'step': 4841, 'time': 41.25389028013687, 'dt': 0.008826265678023554, 'total_energy': 437.90084126144575}
2026-06-10T10:38:56+12:00 scalar diagnostics {'step': 4868, 'time': 41.50576033966684, 'dt': 0.009830161568592677, 'total_energy': 352.4565164488729}
2026-06-10T10:38:57+12:00 scalar diagnostics {'step': 4892, 'time': 41.75580806130187, 'dt': 0.011035337261540941, 'total_energy': 277.26082863984044}
2026-06-10T10:38:57+12:00 progress {'step': 4900, 'time': 41.846473630626306, 'dt': 0.011580106503801528}
2026-06-10T10:38:57+12:00 scalar diagnostics {'step': 4913, 'time': 42.004794755294476, 'dt': 0.012761910294594935, 'total_energy': 212.90325093079673}
2026-06-10T10:38:58+12:00 scalar diagnostics {'step': 4931, 'time': 42.256915037282525, 'dt': 0.015118457955327196, 'total_energy': 160.15487228060903}
2026-06-10T10:38:58+12:00 scalar diagnostics {'step': 4947, 'time': 42.516941344573354, 'dt': 0.017362918479300094, 'total_energy': 119.52170048534363}
2026-06-10T10:38:59+12:00 scalar diagnostics {'step': 4960, 'time': 42.75862203841778, 'dt': 0.019697252962335536, 'total_energy': 92.74526658062615}
2026-06-10T10:38:59+12:00 scalar diagnostics {'step': 4972, 'time': 43.0109087114001, 'dt': 0.022191136336383005, 'total_energy': 72.82390717431917}
2026-06-10T10:38:59+12:00 scalar diagnostics {'step': 4983, 'time': 43.26736718880134, 'dt': 0.024071239591878818, 'total_energy': 58.078992940919306}
2026-06-10T10:39:00+12:00 scalar diagnostics {'step': 4993, 'time': 43.51491110488718, 'dt': 0.025238934653243904, 'total_energy': 49.03016693164561}
2026-06-10T10:39:00+12:00 progress {'step': 5000, 'time': 43.685472789684, 'dt': 0.023599133906744958}
2026-06-10T10:39:00+12:00 scalar diagnostics {'step': 5003, 'time': 43.75485399876703, 'dt': 0.022884721472190245, 'total_energy': 47.372907191750386}
2026-06-10T10:39:00+12:00 scalar diagnostics {'step': 5015, 'time': 44.01246732925894, 'dt': 0.02043594866140539, 'total_energy': 55.289685760076395}
2026-06-10T10:39:01+12:00 scalar diagnostics {'step': 5028, 'time': 44.265376302875865, 'dt': 0.01856276852152322, 'total_energy': 71.76645235913341}
2026-06-10T10:39:01+12:00 scalar diagnostics {'step': 5042, 'time': 44.50618399175793, 'dt': 0.016154385067294844, 'total_energy': 93.35182561254963}
2026-06-10T10:39:02+12:00 scalar diagnostics {'step': 5059, 'time': 44.762597922962264, 'dt': 0.014213029736152724, 'total_energy': 122.46308902483463}
2026-06-10T10:39:02+12:00 scalar diagnostics {'step': 5077, 'time': 45.00361804398465, 'dt': 0.012755652207385653, 'total_energy': 157.06496264705396}
2026-06-10T10:39:03+12:00 scalar diagnostics {'step': 5098, 'time': 45.258541987977175, 'dt': 0.011652290833648906, 'total_energy': 201.16875161299077}
2026-06-10T10:39:03+12:00 progress {'step': 5100, 'time': 45.281720791994594, 'dt': 0.011568691641917416}
2026-06-10T10:39:03+12:00 scalar diagnostics {'step': 5120, 'time': 45.50542096460683, 'dt': 0.010875501887039831, 'total_energy': 247.72260102664964}
2026-06-10T10:39:04+12:00 scalar diagnostics {'step': 5144, 'time': 45.758793735176226, 'dt': 0.01030209445002505, 'total_energy': 294.1637124188919}
2026-06-10T10:39:05+12:00 scalar diagnostics {'step': 5168, 'time': 46.00110381428554, 'dt': 0.00993630747995286, 'total_energy': 333.6008824982184}
2026-06-10T10:39:06+12:00 scalar diagnostics {'step': 5194, 'time': 46.2562724292297, 'dt': 0.009730137790652542, 'total_energy': 369.30762108538386}
2026-06-10T10:39:06+12:00 progress {'step': 5200, 'time': 46.314568700450835, 'dt': 0.009707168654752449}
2026-06-10T10:39:06+12:00 scalar diagnostics {'step': 5220, 'time': 46.50831724184541, 'dt': 0.009671062175891847, 'total_energy': 403.0739338474783}
2026-06-10T10:39:07+12:00 scalar diagnostics {'step': 5246, 'time': 46.75932142350908, 'dt': 0.009646652753756911, 'total_energy': 443.9117409262159}
2026-06-10T10:39:08+12:00 scalar diagnostics {'step': 5272, 'time': 47.00783823731694, 'dt': 0.009336941842687485, 'total_energy': 500.13567174192934}
2026-06-10T10:39:09+12:00 scalar diagnostics {'step': 5299, 'time': 47.2518093241106, 'dt': 0.008770090691012204, 'total_energy': 574.8035980892278}
2026-06-10T10:39:09+12:00 progress {'step': 5300, 'time': 47.26056027475694, 'dt': 0.008750950646334832}
2026-06-10T10:39:10+12:00 scalar diagnostics {'step': 5329, 'time': 47.50676791976467, 'dt': 0.008269813033296847, 'total_energy': 672.4750719293959}
2026-06-10T10:39:11+12:00 scalar diagnostics {'step': 5360, 'time': 47.75703366917579, 'dt': 0.007913389847738405, 'total_energy': 783.0538807496664}
2026-06-10T10:39:12+12:00 scalar diagnostics {'step': 5392, 'time': 48.0061762431469, 'dt': 0.0076849451590560005, 'total_energy': 899.4030887920203}
2026-06-10T10:39:12+12:00 progress {'step': 5400, 'time': 48.06747031349086, 'dt': 0.007644541069125793}
2026-06-10T10:39:12+12:00 scalar diagnostics {'step': 5425, 'time': 48.25725985311607, 'dt': 0.007549474166430228, 'total_energy': 1011.3089076928211}
2026-06-10T10:39:13+12:00 scalar diagnostics {'step': 5458, 'time': 48.50501854644213, 'dt': 0.007476718144164367, 'total_energy': 1104.8910533577898}
2026-06-10T10:39:14+12:00 scalar diagnostics {'step': 5492, 'time': 48.75435141937744, 'dt': 0.00720087469118001, 'total_energy': 1175.968904712135}
2026-06-10T10:39:15+12:00 progress {'step': 5500, 'time': 48.81168987183039, 'dt': 0.0071418035006026274}
2026-06-10T10:39:15+12:00 scalar diagnostics {'step': 5527, 'time': 49.002135079000226, 'dt': 0.006983338888228283, 'total_energy': 1226.1484571981018}
2026-06-10T10:39:16+12:00 scalar diagnostics {'step': 5563, 'time': 49.251701848672354, 'dt': 0.006914825053835949, 'total_energy': 1266.8158106894705}
2026-06-10T10:39:17+12:00 scalar diagnostics {'step': 5599, 'time': 49.5025448734939, 'dt': 0.007054108096091132, 'total_energy': 1313.7476266782896}
2026-06-10T10:39:18+12:00 progress {'step': 5600, 'time': 49.50960606357497, 'dt': 0.007061190081070732}
2026-06-10T10:39:19+12:00 scalar diagnostics {'step': 5634, 'time': 49.7549065514573, 'dt': 0.007307601797514325, 'total_energy': 1382.7111190698088}
2026-06-10T10:39:20+12:00 progress {'step': 5669, 'time': 50.0, 'dt': 0.004858768486236897}
2026-06-10T10:39:20+12:00 scalar diagnostics {'step': 5669, 'time': 50.0, 'dt': 0.004858768486236897, 'total_energy': 1477.1375802322405}
2026-06-10T10:39:20+12:00 run complete {'backend': 'numpy', 'equation_set': 'inhomogeneous_rmhd_s', 'equation_mode': 'linear', 'grid': [32, 32, 32], 'steps': 5669, 't_final': 50.0, 'dt_last': 0.004858768486236897, 'total_energy_initial': 0.75, 'total_energy_final': 1477.1375802322405, 'psi_hat_max_abs': 29324.470794809557, 'output_dir': 'C:\\Users\\naoki\\Downloads\\rmhd-gpu-new\\examples\\outputs_nokia_rmhd_s_4_linear', 'scalar_diagnostics_csv': 'C:\\Users\\naoki\\Downloads\\rmhd-gpu-new\\examples\\outputs_nokia_rmhd_s_4_linear\\scalar_diagnostics.csv'}
