2026-06-09T09:22:21+12:00 run start {'title': 'Inhomogeneous rmhd simulation test', 'input_file': 'C:\\Users\\naoki\\Downloads\\rmhd-gpu-new\\examples\\nokias_inhomogeneous.input', 'output_dir': 'C:\\Users\\naoki\\Downloads\\rmhd-gpu-new\\examples\\outputs_nokia_rmhd_s_22', 'backend': 'numpy', 'equation_set': 'inhomogeneous_rmhd_s', 'equation_mode': 'linear', 'grid': [16, 16, 16], 'output_cadences': {'scalar': 0.25, 'spectra': 0.0, 'full_field': 0.0}, 'hostname': 'Naoki', 'python_executable': 'C:\\Users\\naoki\\AppData\\Local\\Programs\\Python\\Python313\\python.exe', 'git_commit': 'cde2789c3d6596cb8e14f232da25acf4598750f1', 'command': "'C:\\Users\\naoki\\Downloads\\rmhd-gpu-new\\rmhdgpu\\run.py' '.\\examples\\nokias_inhomogeneous.input'"}
2026-06-09T09:22:21+12:00 run setup {'resolved_output_dir': 'C:\\Users\\naoki\\Downloads\\rmhd-gpu-new\\examples\\outputs_nokia_rmhd_s_22', 'input_file': 'C:\\Users\\naoki\\Downloads\\rmhd-gpu-new\\examples\\nokias_inhomogeneous.input', 'backend': 'numpy', 'equation_set': 'inhomogeneous_rmhd_s', 'equation_mode': 'linear', 'grid': [16, 16, 16], 'output_cadences': {'scalar': 0.25, 'spectra': 0.0, 'full_field': 0.0}, 'dissipation_mode': 'auto', 'initial_condition': {'type': 'random_spectrum', 'parameters': {'n_min': 1.0, 'n_max': 3.0, 'alpha': 0.0, 'init_energy': 0.75, 'seed': 1}}}
2026-06-09T09:22:22+12:00 scalar diagnostics {'step': 0, 'time': 0.0, 'dt': 0.0, 'total_energy': 0.7500000000000001}
2026-06-09T09:22:22+12:00 scalar diagnostics {'step': 3, 'time': 0.27482581952792984, 'dt': 0.09272295023019843, 'total_energy': 3.2616417625945937}
2026-06-09T09:22:22+12:00 scalar diagnostics {'step': 6, 'time': 0.5573901899671896, 'dt': 0.0933302996568037, 'total_energy': 9.833830121499592}
2026-06-09T09:22:22+12:00 scalar diagnostics {'step': 9, 'time': 0.805987515215463, 'dt': 0.0764919925496861, 'total_energy': 21.849677291480933}
2026-06-09T09:22:22+12:00 scalar diagnostics {'step': 12, 'time': 1.0023819152228741, 'dt': 0.060779881213700655, 'total_energy': 41.208220962067664}
2026-06-09T09:22:22+12:00 scalar diagnostics {'step': 17, 'time': 1.2564463960435657, 'dt': 0.04587028710359072, 'total_energy': 78.17371162284088}
2026-06-09T09:22:22+12:00 scalar diagnostics {'step': 24, 'time': 1.5332254489652248, 'dt': 0.035616687949319895, 'total_energy': 140.30631673752072}
2026-06-09T09:22:22+12:00 scalar diagnostics {'step': 31, 'time': 1.7564122635489916, 'dt': 0.02953422839404611, 'total_energy': 219.9525343021386}
2026-06-09T09:22:22+12:00 scalar diagnostics {'step': 41, 'time': 2.023206539247868, 'dt': 0.02482273817418902, 'total_energy': 344.40179570981724}
2026-06-09T09:22:22+12:00 scalar diagnostics {'step': 51, 'time': 2.2552302888117053, 'dt': 0.022009302489775676, 'total_energy': 464.4866984744192}
2026-06-09T09:22:22+12:00 scalar diagnostics {'step': 63, 'time': 2.5015177852300123, 'dt': 0.019362826163113227, 'total_energy': 616.2594949063902}
2026-06-09T09:22:22+12:00 scalar diagnostics {'step': 77, 'time': 2.755307477849321, 'dt': 0.017234815741032083, 'total_energy': 808.0947342128452}
2026-06-09T09:22:22+12:00 scalar diagnostics {'step': 92, 'time': 3.0031466510184472, 'dt': 0.016025231341294983, 'total_energy': 1002.4298199554697}
2026-06-09T09:22:22+12:00 progress {'step': 100, 'time': 3.129384257569286, 'dt': 0.01559725384817411}
2026-06-09T09:22:22+12:00 scalar diagnostics {'step': 108, 'time': 3.252329165074445, 'dt': 0.015188078749604933, 'total_energy': 1186.6165668625313}
2026-06-09T09:22:22+12:00 scalar diagnostics {'step': 125, 'time': 3.502351402915512, 'dt': 0.014284057371717536, 'total_energy': 1387.3320148791577}
2026-06-09T09:22:22+12:00 scalar diagnostics {'step': 143, 'time': 3.752270945712047, 'dt': 0.01360716752152083, 'total_energy': 1611.8742218930802}
2026-06-09T09:22:22+12:00 scalar diagnostics {'step': 162, 'time': 4.008656942652968, 'dt': 0.013478041418311005, 'total_energy': 1821.4519322593997}
2026-06-09T09:22:22+12:00 scalar diagnostics {'step': 180, 'time': 4.2528480437778, 'dt': 0.013657676149014508, 'total_energy': 1981.4001854083458}
2026-06-09T09:22:22+12:00 scalar diagnostics {'step': 199, 'time': 4.5117202398200345, 'dt': 0.013591270466772264, 'total_energy': 2151.3894695096774}
2026-06-09T09:22:22+12:00 progress {'step': 200, 'time': 4.525308404858203, 'dt': 0.013588165038168268}
2026-06-09T09:22:23+12:00 scalar diagnostics {'step': 217, 'time': 4.756177884517684, 'dt': 0.01359438869990096, 'total_energy': 2343.295630198181}
2026-06-09T09:22:23+12:00 scalar diagnostics {'step': 235, 'time': 5.0022384512715155, 'dt': 0.013764415304217742, 'total_energy': 2547.5305062715192}
2026-06-09T09:22:23+12:00 scalar diagnostics {'step': 253, 'time': 5.252833819818947, 'dt': 0.01408731909749032, 'total_energy': 2732.233528028393}
2026-06-09T09:22:23+12:00 scalar diagnostics {'step': 271, 'time': 5.511084292492376, 'dt': 0.014624354478710556, 'total_energy': 2871.749101500018}
2026-06-09T09:22:23+12:00 scalar diagnostics {'step': 287, 'time': 5.751997203325898, 'dt': 0.015524904897490697, 'total_energy': 2897.3013945550542}
2026-06-09T09:22:23+12:00 progress {'step': 300, 'time': 5.961989027783352, 'dt': 0.016789062303774006}
2026-06-09T09:22:23+12:00 scalar diagnostics {'step': 303, 'time': 6.013169408793923, 'dt': 0.017219093996019726, 'total_energy': 2698.8100471273965}
2026-06-09T09:22:23+12:00 scalar diagnostics {'step': 316, 'time': 6.25373516768336, 'dt': 0.01988432553708073, 'total_energy': 2303.7825142960646}
2026-06-09T09:22:23+12:00 scalar diagnostics {'step': 328, 'time': 6.508290677441189, 'dt': 0.0224145371065952, 'total_energy': 1824.982452191764}
2026-06-09T09:22:23+12:00 scalar diagnostics {'step': 339, 'time': 6.768656701221323, 'dt': 0.024883978321132805, 'total_energy': 1414.6532934925094}
2026-06-09T09:22:23+12:00 scalar diagnostics {'step': 348, 'time': 7.005075235923927, 'dt': 0.027094727063748113, 'total_energy': 1144.1534258077766}
2026-06-09T09:22:23+12:00 scalar diagnostics {'step': 357, 'time': 7.2586672413904685, 'dt': 0.029302439384051738, 'total_energy': 947.7275518413778}
2026-06-09T09:22:23+12:00 scalar diagnostics {'step': 365, 'time': 7.508005273963004, 'dt': 0.03276815161364987, 'total_energy': 812.2946102233641}
2026-06-09T09:22:23+12:00 scalar diagnostics {'step': 372, 'time': 7.750635356678274, 'dt': 0.035897611536254696, 'total_energy': 714.7536165865623}
2026-06-09T09:22:23+12:00 scalar diagnostics {'step': 379, 'time': 8.007291330249549, 'dt': 0.03701728591880255, 'total_energy': 643.9355462022785}
2026-06-09T09:22:23+12:00 scalar diagnostics {'step': 386, 'time': 8.266877345152666, 'dt': 0.03708048231353959, 'total_energy': 596.3224693358725}
2026-06-09T09:22:23+12:00 scalar diagnostics {'step': 393, 'time': 8.528837064853969, 'dt': 0.03775170856295969, 'total_energy': 554.2728115002741}
2026-06-09T09:22:23+12:00 scalar diagnostics {'step': 399, 'time': 8.758510723356785, 'dt': 0.038699521773712456, 'total_energy': 526.2411267444633}
2026-06-09T09:22:23+12:00 progress {'step': 400, 'time': 8.797380669752926, 'dt': 0.03886994639614055}
2026-06-09T09:22:23+12:00 scalar diagnostics {'step': 406, 'time': 9.032625800662757, 'dt': 0.0393040248860192, 'total_energy': 509.32626069835453}
2026-06-09T09:22:23+12:00 scalar diagnostics {'step': 412, 'time': 9.266782927658216, 'dt': 0.03866508237595736, 'total_energy': 497.6394172025659}
2026-06-09T09:22:23+12:00 scalar diagnostics {'step': 419, 'time': 9.531619691644, 'dt': 0.037281413193888696, 'total_energy': 481.31216142910836}
2026-06-09T09:22:23+12:00 scalar diagnostics {'step': 425, 'time': 9.753866052177134, 'dt': 0.037039270739448474, 'total_energy': 470.1719562120375}
2026-06-09T09:22:24+12:00 scalar diagnostics {'step': 432, 'time': 10.017188588549507, 'dt': 0.03819301938357404, 'total_energy': 462.72852620431615}
2026-06-09T09:22:24+12:00 scalar diagnostics {'step': 439, 'time': 10.282340431610127, 'dt': 0.03734750496202174, 'total_energy': 456.01507649720725}
2026-06-09T09:22:24+12:00 scalar diagnostics {'step': 445, 'time': 10.503158884481843, 'dt': 0.03637062778132786, 'total_energy': 449.0260606484612}
2026-06-09T09:22:24+12:00 scalar diagnostics {'step': 452, 'time': 10.752003487353551, 'dt': 0.034942515721299895, 'total_energy': 439.3885695692187}
2026-06-09T09:22:24+12:00 scalar diagnostics {'step': 460, 'time': 11.027401714909534, 'dt': 0.03427151181490567, 'total_energy': 421.50282460756614}
2026-06-09T09:22:24+12:00 scalar diagnostics {'step': 467, 'time': 11.269111399658836, 'dt': 0.03479221222554988, 'total_energy': 400.8349624111553}
2026-06-09T09:22:24+12:00 scalar diagnostics {'step': 474, 'time': 11.514217439542408, 'dt': 0.03506736628346379, 'total_energy': 381.55683017492976}
2026-06-09T09:22:24+12:00 scalar diagnostics {'step': 481, 'time': 11.759127161180531, 'dt': 0.03498456082249218, 'total_energy': 361.31230661450775}
2026-06-09T09:22:24+12:00 scalar diagnostics {'step': 488, 'time': 12.007716674825403, 'dt': 0.036201664984602346, 'total_energy': 332.4683505881574}
2026-06-09T09:22:24+12:00 scalar diagnostics {'step': 495, 'time': 12.27305885100626, 'dt': 0.03940522273483486, 'total_energy': 295.0706064097528}
2026-06-09T09:22:24+12:00 progress {'step': 500, 'time': 12.47815161004016, 'dt': 0.042063705962414516}
2026-06-09T09:22:24+12:00 scalar diagnostics {'step': 501, 'time': 12.520710527359718, 'dt': 0.04255891731955853, 'total_energy': 263.30593188642035}
2026-06-09T09:22:24+12:00 scalar diagnostics {'step': 507, 'time': 12.78663797594674, 'dt': 0.045707757057522204, 'total_energy': 233.41896807807828}
2026-06-09T09:22:24+12:00 scalar diagnostics {'step': 512, 'time': 13.02740698790874, 'dt': 0.050134540015697344, 'total_energy': 207.11748287136106}
2026-06-09T09:22:24+12:00 scalar diagnostics {'step': 517, 'time': 13.298830232161418, 'dt': 0.05742509984626711, 'total_energy': 179.6741024302494}
2026-06-09T09:22:24+12:00 scalar diagnostics {'step': 521, 'time': 13.54748652525231, 'dt': 0.06528864838758325, 'total_energy': 158.84157401813954}
2026-06-09T09:22:24+12:00 scalar diagnostics {'step': 524, 'time': 13.759765882203899, 'dt': 0.07394278968187007, 'total_energy': 145.34700256962955}
2026-06-09T09:22:24+12:00 scalar diagnostics {'step': 527, 'time': 14.009237025542262, 'dt': 0.08865579363671389, 'total_energy': 134.04179062074098}
2026-06-09T09:22:24+12:00 scalar diagnostics {'step': 530, 'time': 14.315967081760952, 'dt': 0.10844227096511447, 'total_energy': 125.67948945011283}
2026-06-09T09:22:24+12:00 scalar diagnostics {'step': 532, 'time': 14.558099354517134, 'dt': 0.12611536125786332, 'total_energy': 122.42272130078194}
2026-06-09T09:22:24+12:00 scalar diagnostics {'step': 534, 'time': 14.8468245187086, 'dt': 0.15040733931448205, 'total_energy': 121.82182035471484}
2026-06-09T09:22:24+12:00 scalar diagnostics {'step': 535, 'time': 15.006560993532485, 'dt': 0.15973647482388592, 'total_energy': 122.6259892366927}
2026-06-09T09:22:24+12:00 scalar diagnostics {'step': 537, 'time': 15.347469838930715, 'dt': 0.17449750892289587, 'total_energy': 126.63924319915887}
2026-06-09T09:22:24+12:00 scalar diagnostics {'step': 538, 'time': 15.525969441513443, 'dt': 0.17849960258272732, 'total_energy': 129.6136149604829}
2026-06-09T09:22:24+12:00 scalar diagnostics {'step': 540, 'time': 15.85120860606646, 'dt': 0.15590485502439114, 'total_energy': 135.37098288230507}
2026-06-09T09:22:24+12:00 scalar diagnostics {'step': 542, 'time': 16.1445240627269, 'dt': 0.14486415938877328, 'total_energy': 142.55108422439042}
2026-06-09T09:22:24+12:00 scalar diagnostics {'step': 543, 'time': 16.281482873026345, 'dt': 0.13695881029944268, 'total_energy': 147.05572484632646}
2026-06-09T09:22:24+12:00 scalar diagnostics {'step': 545, 'time': 16.521083882563943, 'dt': 0.11344902155561222, 'total_energy': 157.24685521074923}
2026-06-09T09:22:24+12:00 scalar diagnostics {'step': 548, 'time': 16.814550772439986, 'dt': 0.09244291072845309, 'total_energy': 172.69852070090658}
2026-06-09T09:22:24+12:00 scalar diagnostics {'step': 551, 'time': 17.078028364787947, 'dt': 0.08655839776890445, 'total_energy': 186.89997264496577}
2026-06-09T09:22:24+12:00 scalar diagnostics {'step': 554, 'time': 17.322500858442666, 'dt': 0.07843732621802292, 'total_energy': 201.90330059832505}
2026-06-09T09:22:24+12:00 scalar diagnostics {'step': 557, 'time': 17.54126239821324, 'dt': 0.07055065590922766, 'total_energy': 219.31454844516495}
2026-06-09T09:22:24+12:00 scalar diagnostics {'step': 561, 'time': 17.80339992915959, 'dt': 0.06228535598173437, 'total_energy': 243.77808017312134}
2026-06-09T09:22:24+12:00 scalar diagnostics {'step': 565, 'time': 18.033976803001693, 'dt': 0.05524276819254568, 'total_energy': 263.783832034173}
2026-06-09T09:22:24+12:00 scalar diagnostics {'step': 570, 'time': 18.29332608656178, 'dt': 0.05005033329266691, 'total_energy': 282.790089546998}
2026-06-09T09:22:24+12:00 scalar diagnostics {'step': 575, 'time': 18.53389581699438, 'dt': 0.046983452517317, 'total_energy': 300.48824735164357}
2026-06-09T09:22:24+12:00 scalar diagnostics {'step': 580, 'time': 18.76199345679953, 'dt': 0.04479125203474547, 'total_energy': 317.27050029821345}
2026-06-09T09:22:24+12:00 scalar diagnostics {'step': 586, 'time': 19.02334003301616, 'dt': 0.04274197024851055, 'total_energy': 333.8810875820286}
2026-06-09T09:22:24+12:00 scalar diagnostics {'step': 592, 'time': 19.27417011121465, 'dt': 0.04120702235060102, 'total_energy': 347.34971501658094}
2026-06-09T09:22:24+12:00 scalar diagnostics {'step': 598, 'time': 19.517666483595526, 'dt': 0.040246411407524156, 'total_energy': 357.80179337357794}
2026-06-09T09:22:24+12:00 progress {'step': 600, 'time': 19.5979597406149, 'dt': 0.04012251369303564}
2026-06-09T09:22:24+12:00 scalar diagnostics {'step': 604, 'time': 19.758514416528122, 'dt': 0.04020112993064614, 'total_energy': 364.0921181709739}
2026-06-09T09:22:24+12:00 scalar diagnostics {'step': 610, 'time': 20.002021618017096, 'dt': 0.04092477385304554, 'total_energy': 368.8620059430362}
2026-06-09T09:22:24+12:00 scalar diagnostics {'step': 616, 'time': 20.250636861666337, 'dt': 0.04178368699943566, 'total_energy': 376.46073265320234}
2026-06-09T09:22:25+12:00 scalar diagnostics {'step': 622, 'time': 20.504372916592395, 'dt': 0.0427114336957098, 'total_energy': 386.14191955963236}
2026-06-09T09:22:25+12:00 scalar diagnostics {'step': 628, 'time': 20.766610438525603, 'dt': 0.044615508876024, 'total_energy': 395.5131787606348}
2026-06-09T09:22:25+12:00 scalar diagnostics {'step': 634, 'time': 21.04517044274518, 'dt': 0.04785718804847631, 'total_energy': 407.6942371023463}
2026-06-09T09:22:25+12:00 scalar diagnostics {'step': 639, 'time': 21.29340916715224, 'dt': 0.05081882631203263, 'total_energy': 422.4608326248705}
2026-06-09T09:22:25+12:00 scalar diagnostics {'step': 643, 'time': 21.502455726735985, 'dt': 0.0531478411332516, 'total_energy': 436.7711646048036}
2026-06-09T09:22:25+12:00 scalar diagnostics {'step': 648, 'time': 21.776074878252498, 'dt': 0.05522321354993604, 'total_energy': 459.22435323409206}
2026-06-09T09:22:25+12:00 scalar diagnostics {'step': 653, 'time': 22.051683681159698, 'dt': 0.05493312052506439, 'total_energy': 486.78802502446484}
2026-06-09T09:22:25+12:00 scalar diagnostics {'step': 657, 'time': 22.270570252317942, 'dt': 0.05466702875701312, 'total_energy': 508.14548450293637}
2026-06-09T09:22:25+12:00 scalar diagnostics {'step': 662, 'time': 22.545612938843572, 'dt': 0.05537242634331698, 'total_energy': 531.82488171661}
2026-06-09T09:22:25+12:00 scalar diagnostics {'step': 666, 'time': 22.76610506657749, 'dt': 0.05405888425133389, 'total_energy': 552.0680675981339}
2026-06-09T09:22:25+12:00 scalar diagnostics {'step': 671, 'time': 23.025793429545413, 'dt': 0.05091681107848524, 'total_energy': 579.3916279743917}
2026-06-09T09:22:25+12:00 scalar diagnostics {'step': 676, 'time': 23.27578285924783, 'dt': 0.04940312745037527, 'total_energy': 605.0167492583846}
2026-06-09T09:22:25+12:00 scalar diagnostics {'step': 681, 'time': 23.515998454542768, 'dt': 0.046922520037688514, 'total_energy': 625.6186179093293}
2026-06-09T09:22:25+12:00 scalar diagnostics {'step': 687, 'time': 23.7833519055335, 'dt': 0.04291701258969303, 'total_energy': 645.9374144945095}
2026-06-09T09:22:25+12:00 scalar diagnostics {'step': 693, 'time': 24.03086639530779, 'dt': 0.04035250132673811, 'total_energy': 663.8071871809613}
2026-06-09T09:22:25+12:00 scalar diagnostics {'step': 699, 'time': 24.269548109776817, 'dt': 0.03954082882263158, 'total_energy': 678.7784276292606}
2026-06-09T09:22:25+12:00 progress {'step': 700, 'time': 24.30903806005035, 'dt': 0.039489950273535926}
2026-06-09T09:22:25+12:00 scalar diagnostics {'step': 705, 'time': 24.505640175654207, 'dt': 0.03916962762942296, 'total_energy': 692.9395330044717}
2026-06-09T09:22:25+12:00 scalar diagnostics {'step': 712, 'time': 24.77559852911135, 'dt': 0.03799912644938535, 'total_energy': 710.5079964813502}
2026-06-09T09:22:25+12:00 scalar diagnostics {'step': 719, 'time': 25.036139271837172, 'dt': 0.036720567941464145, 'total_energy': 724.2967424220127}
2026-06-09T09:22:25+12:00 scalar diagnostics {'step': 725, 'time': 25.25483824593573, 'dt': 0.03637562989374916, 'total_energy': 730.085654547961}
2026-06-09T09:22:25+12:00 scalar diagnostics {'step': 732, 'time': 25.51133803052083, 'dt': 0.03697535159741119, 'total_energy': 734.2639685140638}
2026-06-09T09:22:26+12:00 scalar diagnostics {'step': 739, 'time': 25.774831026660767, 'dt': 0.03817617716139019, 'total_energy': 740.8389513809849}
2026-06-09T09:22:26+12:00 scalar diagnostics {'step': 745, 'time': 26.007421090682833, 'dt': 0.0391530001852545, 'total_energy': 744.0729312695614}
2026-06-09T09:22:26+12:00 scalar diagnostics {'step': 752, 'time': 26.276005070618833, 'dt': 0.03786772511025461, 'total_energy': 738.557912105598}
2026-06-09T09:22:26+12:00 scalar diagnostics {'step': 758, 'time': 26.500425779857775, 'dt': 0.03709310628330916, 'total_energy': 728.9533249514711}
2026-06-09T09:22:26+12:00 scalar diagnostics {'step': 765, 'time': 26.757278120444333, 'dt': 0.036455603825421554, 'total_energy': 715.8919628766243}
2026-06-09T09:22:26+12:00 scalar diagnostics {'step': 772, 'time': 27.011897042745307, 'dt': 0.03640646468719862, 'total_energy': 699.5297692675805}
2026-06-09T09:22:26+12:00 scalar diagnostics {'step': 779, 'time': 27.268297383952884, 'dt': 0.03683257386381476, 'total_energy': 679.5372426337212}
2026-06-09T09:22:26+12:00 scalar diagnostics {'step': 786, 'time': 27.528605923128072, 'dt': 0.03751111172235245, 'total_energy': 656.7350325885789}
2026-06-09T09:22:26+12:00 scalar diagnostics {'step': 792, 'time': 27.75765202052476, 'dt': 0.038791256757748305, 'total_energy': 632.8247256261852}
2026-06-09T09:22:26+12:00 scalar diagnostics {'step': 799, 'time': 28.040258507269698, 'dt': 0.04178345659189886, 'total_energy': 600.1440059297712}
2026-06-09T09:22:26+12:00 progress {'step': 800, 'time': 28.08257529074653, 'dt': 0.04231678347683315}
2026-06-09T09:22:26+12:00 scalar diagnostics {'step': 804, 'time': 28.25729891125843, 'dt': 0.04449772912454027, 'total_energy': 577.4385709535526}
2026-06-09T09:22:26+12:00 scalar diagnostics {'step': 810, 'time': 28.535627920546396, 'dt': 0.047804886660656076, 'total_energy': 552.3665945473458}
2026-06-09T09:22:26+12:00 scalar diagnostics {'step': 815, 'time': 28.786613097042377, 'dt': 0.05217905759858348, 'total_energy': 529.6723861976136}
2026-06-09T09:22:26+12:00 scalar diagnostics {'step': 819, 'time': 29.01022450609253, 'dt': 0.058504969598965166, 'total_energy': 509.6071070924084}
2026-06-09T09:22:26+12:00 scalar diagnostics {'step': 823, 'time': 29.26005721478425, 'dt': 0.06504721952844576, 'total_energy': 491.60359421352956}
2026-06-09T09:22:26+12:00 scalar diagnostics {'step': 827, 'time': 29.54169193429467, 'dt': 0.07402995402866058, 'total_energy': 477.8343346848691}
2026-06-09T09:22:26+12:00 scalar diagnostics {'step': 830, 'time': 29.781665205614704, 'dt': 0.08323481491071556, 'total_energy': 469.6145755950663}
2026-06-09T09:22:26+12:00 scalar diagnostics {'step': 833, 'time': 30.054716655374097, 'dt': 0.09533653835811544, 'total_energy': 463.61887469119193}
2026-06-09T09:22:26+12:00 scalar diagnostics {'step': 835, 'time': 30.26209451392624, 'dt': 0.10682715534154413, 'total_energy': 461.47271350470623}
2026-06-09T09:22:26+12:00 scalar diagnostics {'step': 837, 'time': 30.5007350105784, 'dt': 0.12408094351991972, 'total_energy': 461.6504175251428}
2026-06-09T09:22:26+12:00 scalar diagnostics {'step': 839, 'time': 30.769552777960907, 'dt': 0.1346836267474284, 'total_energy': 465.4763664567005}
2026-06-09T09:22:26+12:00 scalar diagnostics {'step': 841, 'time': 31.015917622143643, 'dt': 0.11897352688471441, 'total_energy': 472.3576752693675}
2026-06-09T09:22:26+12:00 scalar diagnostics {'step': 844, 'time': 31.340167010137435, 'dt': 0.1047527380177178, 'total_energy': 484.174897975005}
2026-06-09T09:22:26+12:00 scalar diagnostics {'step': 846, 'time': 31.546350820928666, 'dt': 0.10274810163599261, 'total_energy': 491.9020122103974}
2026-06-09T09:22:26+12:00 scalar diagnostics {'step': 849, 'time': 31.845999524960572, 'dt': 0.09712531233213308, 'total_energy': 504.8673229549635}
2026-06-09T09:22:26+12:00 scalar diagnostics {'step': 851, 'time': 32.0298785826024, 'dt': 0.09028992457493068, 'total_energy': 515.1237223946337}
2026-06-09T09:22:26+12:00 scalar diagnostics {'step': 854, 'time': 32.2853509094173, 'dt': 0.08293340293889627, 'total_energy': 531.3651535150145}
2026-06-09T09:22:26+12:00 scalar diagnostics {'step': 857, 'time': 32.5236094193952, 'dt': 0.07796256492949644, 'total_energy': 545.8224152137304}
2026-06-09T09:22:26+12:00 scalar diagnostics {'step': 860, 'time': 32.75223799464173, 'dt': 0.07564555444461063, 'total_energy': 558.460621079212}
2026-06-09T09:22:27+12:00 scalar diagnostics {'step': 864, 'time': 33.04547336335039, 'dt': 0.07153108885681544, 'total_energy': 576.0584821282257}
2026-06-09T09:22:27+12:00 scalar diagnostics {'step': 867, 'time': 33.252164447363086, 'dt': 0.06762715009131548, 'total_energy': 590.3750847305804}
2026-06-09T09:22:27+12:00 scalar diagnostics {'step': 871, 'time': 33.51269819391727, 'dt': 0.06349110939267566, 'total_energy': 608.8978505263754}
2026-06-09T09:22:27+12:00 scalar diagnostics {'step': 876, 'time': 33.80523389434694, 'dt': 0.055783445965240964, 'total_energy': 626.9028305012705}
2026-06-09T09:22:27+12:00 scalar diagnostics {'step': 880, 'time': 34.01887375067594, 'dt': 0.052206958704388864, 'total_energy': 638.0812214634184}
2026-06-09T09:22:27+12:00 scalar diagnostics {'step': 885, 'time': 34.27084656466867, 'dt': 0.04931707329445621, 'total_energy': 651.0560822254242}
2026-06-09T09:22:27+12:00 scalar diagnostics {'step': 890, 'time': 34.51081702224917, 'dt': 0.047146578678512255, 'total_energy': 663.8334233531561}
2026-06-09T09:22:27+12:00 scalar diagnostics {'step': 896, 'time': 34.785007619809384, 'dt': 0.044701662626808615, 'total_energy': 676.9879290196861}
2026-06-09T09:22:27+12:00 progress {'step': 900, 'time': 34.96053796050589, 'dt': 0.04345606739118729}
2026-06-09T09:22:27+12:00 scalar diagnostics {'step': 901, 'time': 35.00377231351795, 'dt': 0.0432343530120585, 'total_energy': 685.1749669401579}
2026-06-09T09:22:27+12:00 scalar diagnostics {'step': 907, 'time': 35.2607716121655, 'dt': 0.04273881237724842, 'total_energy': 693.5826263837869}
2026-06-09T09:22:27+12:00 scalar diagnostics {'step': 913, 'time': 35.518857156011414, 'dt': 0.043306300647355696, 'total_energy': 701.446073377883}
2026-06-09T09:22:27+12:00 scalar diagnostics {'step': 919, 'time': 35.78198654052752, 'dt': 0.04428045609986041, 'total_energy': 708.0799432991254}
2026-06-09T09:22:27+12:00 scalar diagnostics {'step': 924, 'time': 36.00653531607389, 'dt': 0.04538554859971085, 'total_energy': 714.1694127328019}
2026-06-09T09:22:27+12:00 scalar diagnostics {'step': 930, 'time': 36.28573655890745, 'dt': 0.04750165160742247, 'total_energy': 724.3379706780604}
2026-06-09T09:22:27+12:00 scalar diagnostics {'step': 935, 'time': 36.53089205665738, 'dt': 0.050171432776993645, 'total_energy': 734.4873271603046}
2026-06-09T09:22:27+12:00 scalar diagnostics {'step': 940, 'time': 36.792284877237115, 'dt': 0.053823043998068684, 'total_energy': 746.0465093971548}
2026-06-09T09:22:27+12:00 scalar diagnostics {'step': 944, 'time': 37.01648208484606, 'dt': 0.0574510105881331, 'total_energy': 758.7274846480922}
2026-06-09T09:22:27+12:00 scalar diagnostics {'step': 948, 'time': 37.256187836591124, 'dt': 0.06143881447413518, 'total_energy': 776.5459229556702}
2026-06-09T09:22:27+12:00 scalar diagnostics {'step': 952, 'time': 37.512660952954484, 'dt': 0.06582033975272612, 'total_energy': 799.261650938136}
2026-06-09T09:22:27+12:00 scalar diagnostics {'step': 956, 'time': 37.786793837268945, 'dt': 0.06947027733641725, 'total_energy': 826.4793344073191}
2026-06-09T09:22:27+12:00 scalar diagnostics {'step': 960, 'time': 38.050389011635836, 'dt': 0.06277005569994101, 'total_energy': 855.0705446931252}
2026-06-09T09:22:27+12:00 scalar diagnostics {'step': 964, 'time': 38.28243774212129, 'dt': 0.055480346288419004, 'total_energy': 881.7470254633979}
2026-06-09T09:22:27+12:00 scalar diagnostics {'step': 969, 'time': 38.54269993417578, 'dt': 0.05030059708179388, 'total_energy': 913.8106010414135}
2026-06-09T09:22:27+12:00 scalar diagnostics {'step': 974, 'time': 38.78618751243159, 'dt': 0.04780682803922565, 'total_energy': 946.0399798151063}
2026-06-09T09:22:28+12:00 scalar diagnostics {'step': 979, 'time': 39.01886617238092, 'dt': 0.04562752024828005, 'total_energy': 976.8745028424315}
2026-06-09T09:22:28+12:00 scalar diagnostics {'step': 985, 'time': 39.28170459659844, 'dt': 0.042484749911469145, 'total_energy': 1009.2941624696886}
2026-06-09T09:22:28+12:00 scalar diagnostics {'step': 991, 'time': 39.52712024803745, 'dt': 0.039941345850258825, 'total_energy': 1037.4342108437475}
2026-06-09T09:22:28+12:00 scalar diagnostics {'step': 997, 'time': 39.76194444410719, 'dt': 0.03874885523582918, 'total_energy': 1062.8232066041217}
2026-06-09T09:22:28+12:00 progress {'step': 1000, 'time': 39.877820278835394, 'dt': 0.03858836465604544}
2026-06-09T09:22:28+12:00 scalar diagnostics {'step': 1004, 'time': 40.03220167327265, 'dt': 0.038621105307412855, 'total_energy': 1089.9753860619649}
2026-06-09T09:22:28+12:00 scalar diagnostics {'step': 1010, 'time': 40.2642873302927, 'dt': 0.038687317377844, 'total_energy': 1111.3259295732628}
2026-06-09T09:22:28+12:00 scalar diagnostics {'step': 1017, 'time': 40.533911222825026, 'dt': 0.03834351684652851, 'total_energy': 1133.587382127221}
2026-06-09T09:22:28+12:00 scalar diagnostics {'step': 1023, 'time': 40.763230203639914, 'dt': 0.03821605372634941, 'total_energy': 1149.5733606858403}
2026-06-09T09:22:28+12:00 scalar diagnostics {'step': 1030, 'time': 41.03399513984836, 'dt': 0.03925373240657362, 'total_energy': 1163.978454669537}
2026-06-09T09:22:28+12:00 scalar diagnostics {'step': 1036, 'time': 41.27528893777225, 'dt': 0.040470587604353396, 'total_energy': 1174.804500486642}
2026-06-09T09:22:28+12:00 scalar diagnostics {'step': 1042, 'time': 41.51195547069181, 'dt': 0.03875227474816849, 'total_energy': 1185.327094857184}
2026-06-09T09:22:28+12:00 scalar diagnostics {'step': 1049, 'time': 41.7770177653416, 'dt': 0.037315176579811586, 'total_energy': 1193.8787397404863}
2026-06-09T09:22:28+12:00 scalar diagnostics {'step': 1056, 'time': 42.03458668014988, 'dt': 0.03640213212488156, 'total_energy': 1195.0241438421053}
2026-06-09T09:22:28+12:00 scalar diagnostics {'step': 1062, 'time': 42.25132056753263, 'dt': 0.03598822950058438, 'total_energy': 1192.022476284787}
2026-06-09T09:22:28+12:00 scalar diagnostics {'step': 1069, 'time': 42.50296390153572, 'dt': 0.03597123015718243, 'total_energy': 1188.172147490122}
2026-06-09T09:22:28+12:00 scalar diagnostics {'step': 1076, 'time': 42.75568409276716, 'dt': 0.036240286800823675, 'total_energy': 1182.58708849664}
2026-06-09T09:22:28+12:00 scalar diagnostics {'step': 1083, 'time': 43.01175648958637, 'dt': 0.03692203721457911, 'total_energy': 1170.134576400695}
2026-06-09T09:22:28+12:00 scalar diagnostics {'step': 1090, 'time': 43.27547802353299, 'dt': 0.0383697162637768, 'total_energy': 1151.4826641111183}
2026-06-09T09:22:28+12:00 scalar diagnostics {'step': 1096, 'time': 43.51241435308747, 'dt': 0.04039657808702444, 'total_energy': 1133.5196582085039}
2026-06-09T09:22:28+12:00 progress {'step': 1100, 'time': 43.677585239560614, 'dt': 0.04178512420838881}
2026-06-09T09:22:28+12:00 scalar diagnostics {'step': 1102, 'time': 43.76225239419031, 'dt': 0.04252406219836372, 'total_energy': 1113.4531287360517}
2026-06-09T09:22:28+12:00 scalar diagnostics {'step': 1108, 'time': 44.02701915881667, 'dt': 0.045438200615046005, 'total_energy': 1090.4272508944714}
2026-06-09T09:22:28+12:00 scalar diagnostics {'step': 1113, 'time': 44.26424409384704, 'dt': 0.048936743242533665, 'total_energy': 1070.125057425446}
2026-06-09T09:22:28+12:00 scalar diagnostics {'step': 1118, 'time': 44.52312493104308, 'dt': 0.0539234642973928, 'total_energy': 1049.2871548800806}
2026-06-09T09:22:28+12:00 scalar diagnostics {'step': 1122, 'time': 44.752498277319255, 'dt': 0.059621989457324935, 'total_energy': 1031.7690744365304}
2026-06-09T09:22:28+12:00 scalar diagnostics {'step': 1126, 'time': 45.00928632372319, 'dt': 0.06716299185600179, 'total_energy': 1015.4407012582408}
2026-06-09T09:22:28+12:00 scalar diagnostics {'step': 1130, 'time': 45.300704644293006, 'dt': 0.07655993276266218, 'total_energy': 1004.3660102090469}
2026-06-09T09:22:29+12:00 scalar diagnostics {'step': 1133, 'time': 45.54540182810993, 'dt': 0.08259981705194078, 'total_energy': 999.7577692324412}
2026-06-09T09:22:29+12:00 scalar diagnostics {'step': 1136, 'time': 45.785546419673516, 'dt': 0.07915074191934164, 'total_energy': 996.9288181820343}
2026-06-09T09:22:29+12:00 scalar diagnostics {'step': 1139, 'time': 46.021010719839836, 'dt': 0.07832490893590273, 'total_energy': 996.4400541297921}
2026-06-09T09:22:29+12:00 scalar diagnostics {'step': 1142, 'time': 46.25471073391931, 'dt': 0.07753950538926499, 'total_energy': 999.7688531093372}
2026-06-09T09:22:29+12:00 scalar diagnostics {'step': 1146, 'time': 46.55658287594908, 'dt': 0.07392981946855431, 'total_energy': 1009.2548715942014}
2026-06-09T09:22:29+12:00 scalar diagnostics {'step': 1149, 'time': 46.77245344794896, 'dt': 0.07110925490268388, 'total_energy': 1017.4497082905543}
2026-06-09T09:22:29+12:00 scalar diagnostics {'step': 1153, 'time': 47.05368568221077, 'dt': 0.07032606127110579, 'total_energy': 1026.9437945412333}
2026-06-09T09:22:29+12:00 scalar diagnostics {'step': 1156, 'time': 47.267642357712134, 'dt': 0.07195500660129595, 'total_energy': 1033.7541640563352}
2026-06-09T09:22:29+12:00 scalar diagnostics {'step': 1160, 'time': 47.56181355594959, 'dt': 0.07429680058040497, 'total_energy': 1045.052492836702}
2026-06-09T09:22:29+12:00 scalar diagnostics {'step': 1163, 'time': 47.784539727035074, 'dt': 0.07366854999586812, 'total_energy': 1055.3504728683372}
2026-06-09T09:22:29+12:00 scalar diagnostics {'step': 1166, 'time': 48.00161573440603, 'dt': 0.07189724271202884, 'total_energy': 1065.5850479029787}
2026-06-09T09:22:29+12:00 scalar diagnostics {'step': 1170, 'time': 48.2913830762388, 'dt': 0.07337925517946221, 'total_energy': 1077.7518285317055}
2026-06-09T09:22:29+12:00 scalar diagnostics {'step': 1173, 'time': 48.518233027308945, 'dt': 0.07682278828563072, 'total_energy': 1087.4229730377078}
2026-06-09T09:22:29+12:00 scalar diagnostics {'step': 1177, 'time': 48.823187437672175, 'dt': 0.07408922691301913, 'total_energy': 1104.2885610519086}
2026-06-09T09:22:29+12:00 scalar diagnostics {'step': 1180, 'time': 49.029910723536204, 'dt': 0.06646388888055509, 'total_energy': 1117.7543844301358}
2026-06-09T09:22:29+12:00 scalar diagnostics {'step': 1184, 'time': 49.27666757339461, 'dt': 0.0593202170543566, 'total_energy': 1133.533018661377}
2026-06-09T09:22:29+12:00 scalar diagnostics {'step': 1188, 'time': 49.503694010351865, 'dt': 0.05553486858200686, 'total_energy': 1147.2494589249216}
2026-06-09T09:22:29+12:00 scalar diagnostics {'step': 1193, 'time': 49.77303366749581, 'dt': 0.05288868377019974, 'total_energy': 1164.3900466803805}
2026-06-09T09:22:29+12:00 scalar diagnostics {'step': 1198, 'time': 50.030709301472335, 'dt': 0.05066065895120215, 'total_energy': 1181.342708313417}
2026-06-09T09:22:29+12:00 progress {'step': 1200, 'time': 50.130841214005095, 'dt': 0.04987617419255256}
2026-06-09T09:22:29+12:00 scalar diagnostics {'step': 1203, 'time': 50.278498735643545, 'dt': 0.04892343904720605, 'total_energy': 1195.8984129671762}
2026-06-09T09:22:29+12:00 scalar diagnostics {'step': 1208, 'time': 50.51997255528951, 'dt': 0.04797534955020117, 'total_energy': 1208.1447155284195}
2026-06-09T09:22:29+12:00 scalar diagnostics {'step': 1213, 'time': 50.75879793538357, 'dt': 0.04771589831255023, 'total_energy': 1218.9931439596496}
2026-06-09T09:22:29+12:00 scalar diagnostics {'step': 1219, 'time': 51.04720659687971, 'dt': 0.04852202424883205, 'total_energy': 1229.481896099047}
2026-06-09T09:22:29+12:00 scalar diagnostics {'step': 1224, 'time': 51.29473793376879, 'dt': 0.05026646345372881, 'total_energy': 1236.0402816136575}
2026-06-09T09:22:29+12:00 scalar diagnostics {'step': 1229, 'time': 51.55230603664875, 'dt': 0.05232666586206778, 'total_energy': 1242.4807156489578}
2026-06-09T09:22:29+12:00 scalar diagnostics {'step': 1233, 'time': 51.765486577243145, 'dt': 0.05389050459117747, 'total_energy': 1248.314915439018}
2026-06-09T09:22:29+12:00 scalar diagnostics {'step': 1238, 'time': 52.042944530328576, 'dt': 0.05682216822599446, 'total_energy': 1256.5353793936667}
2026-06-09T09:22:29+12:00 scalar diagnostics {'step': 1242, 'time': 52.28000079712781, 'dt': 0.06093844056071166, 'total_energy': 1264.830638070827}
2026-06-09T09:22:29+12:00 scalar diagnostics {'step': 1246, 'time': 52.536636705660285, 'dt': 0.06612579542724362, 'total_energy': 1277.2109482814851}
2026-06-09T09:22:29+12:00 scalar diagnostics {'step': 1250, 'time': 52.81302785431825, 'dt': 0.07072158288225136, 'total_energy': 1296.3889054017156}
2026-06-09T09:22:29+12:00 scalar diagnostics {'step': 1253, 'time': 53.03158198663586, 'dt': 0.07379467167061224, 'total_energy': 1315.20649270081}
2026-06-09T09:22:29+12:00 scalar diagnostics {'step': 1257, 'time': 53.313585802884866, 'dt': 0.06773353542080969, 'total_energy': 1342.6129351003917}
2026-06-09T09:22:29+12:00 scalar diagnostics {'step': 1260, 'time': 53.50649869212619, 'dt': 0.06260697517288151, 'total_energy': 1363.4683454308065}
2026-06-09T09:22:29+12:00 scalar diagnostics {'step': 1265, 'time': 53.79577943739704, 'dt': 0.05493861034798379, 'total_energy': 1398.6433574741932}
2026-06-09T09:22:30+12:00 scalar diagnostics {'step': 1269, 'time': 54.004163531524725, 'dt': 0.05062686640437463, 'total_energy': 1426.0390614470812}
2026-06-09T09:22:30+12:00 scalar diagnostics {'step': 1275, 'time': 54.29484526395899, 'dt': 0.04733458059042969, 'total_energy': 1464.3481208029382}
2026-06-09T09:22:30+12:00 scalar diagnostics {'step': 1280, 'time': 54.527859287331665, 'dt': 0.046193516978392295, 'total_energy': 1494.7036590193716}
2026-06-09T09:22:30+12:00 scalar diagnostics {'step': 1285, 'time': 54.7554788652584, 'dt': 0.04500745183794176, 'total_energy': 1524.1003375900327}
2026-06-09T09:22:30+12:00 scalar diagnostics {'step': 1291, 'time': 55.018821201422675, 'dt': 0.043087160344047096, 'total_energy': 1556.3627483495134}
2026-06-09T09:22:30+12:00 scalar diagnostics {'step': 1297, 'time': 55.27269320070349, 'dt': 0.041969099315108685, 'total_energy': 1584.974569977016}
2026-06-09T09:22:30+12:00 progress {'step': 1300, 'time': 55.39864985903963, 'dt': 0.04204247236871756}
2026-06-09T09:22:30+12:00 scalar diagnostics {'step': 1303, 'time': 55.52564125690397, 'dt': 0.0425125115454356, 'total_energy': 1612.2887376971325}
2026-06-09T09:22:30+12:00 scalar diagnostics {'step': 1309, 'time': 55.785875768676306, 'dt': 0.04401516163966923, 'total_energy': 1639.8738275132546}
2026-06-09T09:22:30+12:00 scalar diagnostics {'step': 1314, 'time': 56.00903222429731, 'dt': 0.0449655633398863, 'total_energy': 1662.2442695791885}
2026-06-09T09:22:30+12:00 scalar diagnostics {'step': 1320, 'time': 56.281349442001684, 'dt': 0.04570975164581889, 'total_energy': 1687.5023275086248}
2026-06-09T09:22:30+12:00 scalar diagnostics {'step': 1325, 'time': 56.50631601599765, 'dt': 0.044306166295499556, 'total_energy': 1707.6900757264552}
2026-06-09T09:22:30+12:00 scalar diagnostics {'step': 1331, 'time': 56.76439665412611, 'dt': 0.04205243710480146, 'total_energy': 1731.6106129966263}
2026-06-09T09:22:30+12:00 scalar diagnostics {'step': 1337, 'time': 57.00902355528841, 'dt': 0.0399366972289053, 'total_energy': 1754.7294069483128}
2026-06-09T09:22:30+12:00 scalar diagnostics {'step': 1344, 'time': 57.28206235234835, 'dt': 0.038472537935339966, 'total_energy': 1777.8942241997065}
2026-06-09T09:22:30+12:00 scalar diagnostics {'step': 1350, 'time': 57.51074784392756, 'dt': 0.03791150271940002, 'total_energy': 1793.2682906817176}
2026-06-09T09:22:30+12:00 scalar diagnostics {'step': 1357, 'time': 57.77444511697387, 'dt': 0.037507285336888, 'total_energy': 1806.9286733563229}
2026-06-09T09:22:30+12:00 scalar diagnostics {'step': 1364, 'time': 58.03589728832426, 'dt': 0.037268153705227486, 'total_energy': 1817.7521319987504}
2026-06-09T09:22:30+12:00 scalar diagnostics {'step': 1370, 'time': 58.25951235415735, 'dt': 0.03730400041604237, 'total_energy': 1824.4357284870425}
2026-06-09T09:22:30+12:00 scalar diagnostics {'step': 1377, 'time': 58.521920493697415, 'dt': 0.03768437775812521, 'total_energy': 1826.4560485256966}
2026-06-09T09:22:30+12:00 scalar diagnostics {'step': 1383, 'time': 58.75049497139965, 'dt': 0.03846599967927797, 'total_energy': 1821.8379374528731}
2026-06-09T09:22:30+12:00 scalar diagnostics {'step': 1390, 'time': 59.026016243760004, 'dt': 0.04014843392916401, 'total_energy': 1810.251938404304}
2026-06-09T09:22:30+12:00 scalar diagnostics {'step': 1396, 'time': 59.273458443702765, 'dt': 0.04204649596643924, 'total_energy': 1797.806003369637}
2026-06-09T09:22:31+12:00 progress {'step': 1400, 'time': 59.444938574164794, 'dt': 0.04336988056895338}
2026-06-09T09:22:31+12:00 scalar diagnostics {'step': 1402, 'time': 59.532723686375626, 'dt': 0.04407093848653407, 'total_energy': 1784.3334490180087}
2026-06-09T09:22:31+12:00 scalar diagnostics {'step': 1407, 'time': 59.75924449470932, 'dt': 0.04623251583971025, 'total_energy': 1771.2639718255818}
2026-06-09T09:22:31+12:00 scalar diagnostics {'step': 1413, 'time': 60.049883294579594, 'dt': 0.05027139954256871, 'total_energy': 1753.182633811075}
2026-06-09T09:22:31+12:00 scalar diagnostics {'step': 1417, 'time': 60.259811258878614, 'dt': 0.053879915457931714, 'total_energy': 1740.8324565467099}
2026-06-09T09:22:31+12:00 scalar diagnostics {'step': 1422, 'time': 60.54450330681198, 'dt': 0.05908914282758491, 'total_energy': 1727.1020496180138}
2026-06-09T09:22:31+12:00 scalar diagnostics {'step': 1426, 'time': 60.78763489574257, 'dt': 0.06050176548474434, 'total_energy': 1719.6811771131447}
2026-06-09T09:22:31+12:00 scalar diagnostics {'step': 1430, 'time': 61.023766749831424, 'dt': 0.0580953484388528, 'total_energy': 1716.508511564594}
2026-06-09T09:22:31+12:00 scalar diagnostics {'step': 1434, 'time': 61.250670071865926, 'dt': 0.05604141090872858, 'total_energy': 1715.1098577220848}
2026-06-09T09:22:31+12:00 scalar diagnostics {'step': 1439, 'time': 61.528349913839364, 'dt': 0.05553082341366249, 'total_energy': 1712.6488817748586}
2026-06-09T09:22:31+12:00 scalar diagnostics {'step': 1443, 'time': 61.75267291384118, 'dt': 0.05649076043315253, 'total_energy': 1711.382926120284}
2026-06-09T09:22:31+12:00 scalar diagnostics {'step': 1448, 'time': 62.03876279890691, 'dt': 0.057569722966859214, 'total_energy': 1714.1613311637352}
2026-06-09T09:22:31+12:00 scalar diagnostics {'step': 1452, 'time': 62.26986176073824, 'dt': 0.057904627114382705, 'total_energy': 1718.4603865803529}
2026-06-09T09:22:31+12:00 scalar diagnostics {'step': 1456, 'time': 62.50407945051101, 'dt': 0.05916734050904597, 'total_energy': 1721.0702234044293}
2026-06-09T09:22:31+12:00 scalar diagnostics {'step': 1461, 'time': 62.81293052599355, 'dt': 0.06405652438922647, 'total_energy': 1721.6640063411733}
2026-06-09T09:22:31+12:00 scalar diagnostics {'step': 1464, 'time': 63.01417601524581, 'dt': 0.06869007107881997, 'total_energy': 1723.035767028443}
2026-06-09T09:22:31+12:00 scalar diagnostics {'step': 1468, 'time': 63.305929715274885, 'dt': 0.07552295238818336, 'total_energy': 1728.6651646324326}
2026-06-09T09:22:31+12:00 scalar diagnostics {'step': 1471, 'time': 63.540218853062974, 'dt': 0.0792536460557185, 'total_energy': 1735.433561856585}
2026-06-09T09:22:31+12:00 scalar diagnostics {'step': 1474, 'time': 63.78736247951366, 'dt': 0.08428290494457484, 'total_energy': 1743.5212312043918}
2026-06-09T09:22:31+12:00 scalar diagnostics {'step': 1477, 'time': 64.05419495931227, 'dt': 0.09029625806551983, 'total_energy': 1754.4031590406762}
2026-06-09T09:22:31+12:00 scalar diagnostics {'step': 1480, 'time': 64.30875593237317, 'dt': 0.08236489762508843, 'total_energy': 1768.5439659456588}
2026-06-09T09:22:31+12:00 scalar diagnostics {'step': 1483, 'time': 64.5420816819771, 'dt': 0.07553061085565496, 'total_energy': 1784.5528246062095}
2026-06-09T09:22:31+12:00 scalar diagnostics {'step': 1486, 'time': 64.75598299024857, 'dt': 0.0692823588790069, 'total_energy': 1801.1326339004017}
2026-06-09T09:22:31+12:00 scalar diagnostics {'step': 1490, 'time': 65.01642110260022, 'dt': 0.06295424321492776, 'total_energy': 1822.5716853135868}
2026-06-09T09:22:31+12:00 scalar diagnostics {'step': 1494, 'time': 65.25838602901679, 'dt': 0.059306535338008566, 'total_energy': 1842.5005903548063}
2026-06-09T09:22:31+12:00 scalar diagnostics {'step': 1499, 'time': 65.5471900243326, 'dt': 0.056881160594452515, 'total_energy': 1865.3673517675027}
2026-06-09T09:22:31+12:00 progress {'step': 1500, 'time': 65.60365542095715, 'dt': 0.05646539662456028}
2026-06-09T09:22:31+12:00 scalar diagnostics {'step': 1503, 'time': 65.77046395846912, 'dt': 0.05516182895324209, 'total_energy': 1881.908732796214}
2026-06-09T09:22:31+12:00 scalar diagnostics {'step': 1508, 'time': 66.03998285670171, 'dt': 0.05315791257908811, 'total_energy': 1899.8053172276}
2026-06-09T09:22:31+12:00 scalar diagnostics {'step': 1512, 'time': 66.25044013174664, 'dt': 0.05241415646169955, 'total_energy': 1911.4764131394036}
2026-06-09T09:22:31+12:00 scalar diagnostics {'step': 1517, 'time': 66.51314491870468, 'dt': 0.05278299644343315, 'total_energy': 1923.3079267929947}
2026-06-09T09:22:32+12:00 scalar diagnostics {'step': 1522, 'time': 66.78012896584846, 'dt': 0.05383717626502452, 'total_energy': 1933.366397635998}
2026-06-09T09:22:32+12:00 scalar diagnostics {'step': 1527, 'time': 67.05287870257222, 'dt': 0.05506178334320748, 'total_energy': 1942.329811263879}
2026-06-09T09:22:32+12:00 scalar diagnostics {'step': 1531, 'time': 67.2764114061519, 'dt': 0.05644444942311171, 'total_energy': 1949.4950833669782}
2026-06-09T09:22:32+12:00 scalar diagnostics {'step': 1535, 'time': 67.50705311883539, 'dt': 0.05848549614601858, 'total_energy': 1957.5243845656041}
2026-06-09T09:22:32+12:00 scalar diagnostics {'step': 1540, 'time': 67.81051554832898, 'dt': 0.06242548318970299, 'total_energy': 1969.5890030658998}
2026-06-09T09:22:32+12:00 scalar diagnostics {'step': 1543, 'time': 68.00456946820024, 'dt': 0.06592176300906183, 'total_energy': 1978.9992665424647}
2026-06-09T09:22:32+12:00 scalar diagnostics {'step': 1547, 'time': 68.27890290233137, 'dt': 0.06973454801292364, 'total_energy': 1996.4408829723461}
2026-06-09T09:22:32+12:00 scalar diagnostics {'step': 1551, 'time': 68.56088008261064, 'dt': 0.06923627553003514, 'total_energy': 2019.1947878148462}
2026-06-09T09:22:32+12:00 scalar diagnostics {'step': 1554, 'time': 68.75985955388921, 'dt': 0.06516660661440114, 'total_energy': 2036.658208485392}
2026-06-09T09:22:32+12:00 scalar diagnostics {'step': 1558, 'time': 69.0119432000297, 'dt': 0.061793909849143895, 'total_energy': 2059.6049048475143}
2026-06-09T09:22:32+12:00 scalar diagnostics {'step': 1563, 'time': 69.30709340679694, 'dt': 0.05710013911031465, 'total_energy': 2088.784547709026}
2026-06-09T09:22:32+12:00 scalar diagnostics {'step': 1567, 'time': 69.52691012601531, 'dt': 0.05383100781455426, 'total_energy': 2112.4083504900254}
2026-06-09T09:22:32+12:00 scalar diagnostics {'step': 1572, 'time': 69.78955965661326, 'dt': 0.052014166452636706, 'total_energy': 2140.8400227587317}
2026-06-09T09:22:32+12:00 scalar diagnostics {'step': 1577, 'time': 70.04979829635822, 'dt': 0.05223991416284535, 'total_energy': 2167.921375770427}
2026-06-09T09:22:32+12:00 scalar diagnostics {'step': 1581, 'time': 70.26010023201744, 'dt': 0.052746969933348514, 'total_energy': 2189.5976476251144}
2026-06-09T09:22:32+12:00 scalar diagnostics {'step': 1586, 'time': 70.52420663066522, 'dt': 0.05277777820218126, 'total_energy': 2217.239377529555}
2026-06-09T09:22:32+12:00 scalar diagnostics {'step': 1591, 'time': 70.78771301025657, 'dt': 0.05274355174708458, 'total_energy': 2244.937998749284}
2026-06-09T09:22:32+12:00 scalar diagnostics {'step': 1595, 'time': 71.00066506056943, 'dt': 0.0536921671011437, 'total_energy': 2267.5282730252666}
2026-06-09T09:22:32+12:00 progress {'step': 1600, 'time': 71.27657299222156, 'dt': 0.055994852205125296}
2026-06-09T09:22:32+12:00 scalar diagnostics {'step': 1600, 'time': 71.27657299222156, 'dt': 0.055994852205125296, 'total_energy': 2298.999703528497}
2026-06-09T09:22:32+12:00 scalar diagnostics {'step': 1604, 'time': 71.50209881537467, 'dt': 0.056497883383202205, 'total_energy': 2326.8357825370367}
2026-06-09T09:22:32+12:00 scalar diagnostics {'step': 1609, 'time': 71.77548870099217, 'dt': 0.05293321098319457, 'total_energy': 2360.448467778985}
2026-06-09T09:22:32+12:00 scalar diagnostics {'step': 1614, 'time': 72.02892310309674, 'dt': 0.04931970375200173, 'total_energy': 2391.39948152329}
2026-06-09T09:22:32+12:00 scalar diagnostics {'step': 1619, 'time': 72.26656813059277, 'dt': 0.04639771771275124, 'total_energy': 2422.768291002459}
2026-06-09T09:22:32+12:00 scalar diagnostics {'step': 1625, 'time': 72.53426616767443, 'dt': 0.043422118800705164, 'total_energy': 2460.709219564534}
2026-06-09T09:22:32+12:00 scalar diagnostics {'step': 1631, 'time': 72.78637197827447, 'dt': 0.0411260474117833, 'total_energy': 2494.8699260838825}
2026-06-09T09:22:32+12:00 scalar diagnostics {'step': 1637, 'time': 73.0276324219893, 'dt': 0.03966917092020321, 'total_energy': 2523.3681858369673}
2026-06-09T09:22:32+12:00 scalar diagnostics {'step': 1643, 'time': 73.26257012063881, 'dt': 0.038847186191013273, 'total_energy': 2547.5025743615865}
2026-06-09T09:22:33+12:00 scalar diagnostics {'step': 1650, 'time': 73.531500656628, 'dt': 0.0380917481889919, 'total_energy': 2571.8167095907943}
2026-06-09T09:22:33+12:00 scalar diagnostics {'step': 1656, 'time': 73.75771117308607, 'dt': 0.037437228335888424, 'total_energy': 2589.5685040833823}
2026-06-09T09:22:33+12:00 scalar diagnostics {'step': 1663, 'time': 74.01793016821888, 'dt': 0.037076350984359074, 'total_energy': 2605.7942711821283}
2026-06-09T09:22:33+12:00 scalar diagnostics {'step': 1670, 'time': 74.27876646916816, 'dt': 0.03751927451344406, 'total_energy': 2615.536371133312}
2026-06-09T09:22:33+12:00 scalar diagnostics {'step': 1676, 'time': 74.50692407333341, 'dt': 0.03843988893182623, 'total_energy': 2618.2950576768662}
2026-06-09T09:22:33+12:00 scalar diagnostics {'step': 1683, 'time': 74.78152862199006, 'dt': 0.039864726829519005, 'total_energy': 2617.279428454131}
2026-06-09T09:22:33+12:00 scalar diagnostics {'step': 1689, 'time': 75.02581915405786, 'dt': 0.041366518789698686, 'total_energy': 2615.571138244416}
2026-06-09T09:22:33+12:00 scalar diagnostics {'step': 1695, 'time': 75.28041292190451, 'dt': 0.04325963558534176, 'total_energy': 2613.49787458791}
2026-06-09T09:22:33+12:00 progress {'step': 1700, 'time': 75.50265043586819, 'dt': 0.04531739476316072}
2026-06-09T09:22:33+12:00 scalar diagnostics {'step': 1700, 'time': 75.50265043586819, 'dt': 0.04531739476316072, 'total_energy': 2610.157731385182}
2026-06-09T09:22:33+12:00 scalar diagnostics {'step': 1706, 'time': 75.78626618306619, 'dt': 0.048874946412719826, 'total_energy': 2602.948642087611}
2026-06-09T09:22:33+12:00 scalar diagnostics {'step': 1711, 'time': 76.0287328858031, 'dt': 0.04830770806657325, 'total_energy': 2595.8126073960593}
2026-06-09T09:22:33+12:00 scalar diagnostics {'step': 1716, 'time': 76.27024589455738, 'dt': 0.04830354035409818, 'total_energy': 2590.3986139344124}
2026-06-09T09:22:33+12:00 scalar diagnostics {'step': 1721, 'time': 76.5108126089447, 'dt': 0.047908738708697426, 'total_energy': 2587.264829375288}
2026-06-09T09:22:33+12:00 scalar diagnostics {'step': 1727, 'time': 76.79586145335655, 'dt': 0.04732510705789205, 'total_energy': 2584.1986635014114}
2026-06-09T09:22:33+12:00 scalar diagnostics {'step': 1732, 'time': 77.03387052146186, 'dt': 0.047979535601539836, 'total_energy': 2579.6473569204118}
2026-06-09T09:22:33+12:00 scalar diagnostics {'step': 1737, 'time': 77.27949970829836, 'dt': 0.050060316652051726, 'total_energy': 2573.0848858906193}
2026-06-09T09:22:33+12:00 scalar diagnostics {'step': 1742, 'time': 77.53849201033584, 'dt': 0.053017051700139886, 'total_energy': 2567.3856430834094}
2026-06-09T09:22:33+12:00 scalar diagnostics {'step': 1746, 'time': 77.75690541633557, 'dt': 0.05557484138058755, 'total_energy': 2565.0699461713066}
2026-06-09T09:22:33+12:00 scalar diagnostics {'step': 1751, 'time': 78.0461148077146, 'dt': 0.059586073823772186, 'total_energy': 2563.03922546491}
2026-06-09T09:22:33+12:00 scalar diagnostics {'step': 1755, 'time': 78.29712853325736, 'dt': 0.0650323046166744, 'total_energy': 2559.878173024898}
2026-06-09T09:22:33+12:00 scalar diagnostics {'step': 1758, 'time': 78.50484518751962, 'dt': 0.07163420027866918, 'total_energy': 2557.7416500119834}
2026-06-09T09:22:33+12:00 scalar diagnostics {'step': 1762, 'time': 78.82237822390478, 'dt': 0.08450394167968531, 'total_energy': 2559.8735044089335}
2026-06-09T09:22:33+12:00 scalar diagnostics {'step': 1765, 'time': 79.08901926495159, 'dt': 0.09099194043285112, 'total_energy': 2566.6072546969926}
2026-06-09T09:22:33+12:00 scalar diagnostics {'step': 1767, 'time': 79.27783197498846, 'dt': 0.09563249801960635, 'total_energy': 2573.1701450039022}
2026-06-09T09:22:33+12:00 scalar diagnostics {'step': 1770, 'time': 79.56267889644339, 'dt': 0.09271387987932839, 'total_energy': 2586.2254241602523}
2026-06-09T09:22:33+12:00 scalar diagnostics {'step': 1773, 'time': 79.82251381833554, 'dt': 0.08393885976705488, 'total_energy': 2602.0596802098025}
2026-06-09T09:22:34+12:00 scalar diagnostics {'step': 1776, 'time': 80.06044642982172, 'dt': 0.07707184778514678, 'total_energy': 2619.295370284136}
2026-06-09T09:22:34+12:00 scalar diagnostics {'step': 1779, 'time': 80.27864919143744, 'dt': 0.07061632495901407, 'total_energy': 2636.8529107829117}
2026-06-09T09:22:34+12:00 scalar diagnostics {'step': 1783, 'time': 80.54268585823786, 'dt': 0.06356601383862945, 'total_energy': 2659.689141666917}
2026-06-09T09:22:34+12:00 scalar diagnostics {'step': 1787, 'time': 80.7853703831722, 'dt': 0.059263358671708864, 'total_energy': 2681.3734953505777}
2026-06-09T09:22:34+12:00 scalar diagnostics {'step': 1791, 'time': 81.01634737224664, 'dt': 0.05700864004267736, 'total_energy': 2701.7861904626893}
2026-06-09T09:22:34+12:00 scalar diagnostics {'step': 1796, 'time': 81.29595562100305, 'dt': 0.05525135768934036, 'total_energy': 2724.9012987994156}
2026-06-09T09:22:34+12:00 progress {'step': 1800, 'time': 81.51380354547737, 'dt': 0.05400901422660712}
2026-06-09T09:22:34+12:00 scalar diagnostics {'step': 1800, 'time': 81.51380354547737, 'dt': 0.05400901422660712, 'total_energy': 2741.426591797088}
2026-06-09T09:22:34+12:00 scalar diagnostics {'step': 1805, 'time': 81.78051082194212, 'dt': 0.05302884550823735, 'total_energy': 2760.1648023069847}
2026-06-09T09:22:34+12:00 scalar diagnostics {'step': 1810, 'time': 82.04585310523045, 'dt': 0.05327597182877754, 'total_energy': 2776.86228504369}
2026-06-09T09:22:34+12:00 scalar diagnostics {'step': 1814, 'time': 82.2614972069482, 'dt': 0.05437874361165503, 'total_energy': 2788.9214831258237}
2026-06-09T09:22:34+12:00 scalar diagnostics {'step': 1819, 'time': 82.53949289591478, 'dt': 0.056488661936617786, 'total_energy': 2803.3811392817315}
2026-06-09T09:22:34+12:00 scalar diagnostics {'step': 1823, 'time': 82.77035047898562, 'dt': 0.05843378910008078, 'total_energy': 2815.423985312659}
2026-06-09T09:22:34+12:00 scalar diagnostics {'step': 1827, 'time': 83.00929921518727, 'dt': 0.060637457497466074, 'total_energy': 2827.4228865367777}
2026-06-09T09:22:34+12:00 scalar diagnostics {'step': 1831, 'time': 83.2604135379917, 'dt': 0.06430841563534752, 'total_energy': 2838.790574561105}
2026-06-09T09:22:34+12:00 scalar diagnostics {'step': 1835, 'time': 83.52881539896399, 'dt': 0.06860138864147695, 'total_energy': 2851.419180797843}
2026-06-09T09:22:34+12:00 scalar diagnostics {'step': 1839, 'time': 83.81033890291363, 'dt': 0.07021293836132755, 'total_energy': 2867.4825413711155}
2026-06-09T09:22:34+12:00 scalar diagnostics {'step': 1842, 'time': 84.01743907245327, 'dt': 0.06843415933703416, 'total_energy': 2880.5981074613164}
2026-06-09T09:22:34+12:00 scalar diagnostics {'step': 1846, 'time': 84.28665599420943, 'dt': 0.06661136620992282, 'total_energy': 2897.6163692588216}
2026-06-09T09:22:34+12:00 scalar diagnostics {'step': 1850, 'time': 84.55238456003929, 'dt': 0.06652086568626026, 'total_energy': 2914.325147953554}
2026-06-09T09:22:34+12:00 scalar diagnostics {'step': 1853, 'time': 84.7522668483225, 'dt': 0.06661588475240755, 'total_energy': 2927.822581461259}
2026-06-09T09:22:34+12:00 scalar diagnostics {'step': 1857, 'time': 85.01673661141464, 'dt': 0.0657097152485048, 'total_energy': 2947.5368334135123}
2026-06-09T09:22:34+12:00 scalar diagnostics {'step': 1861, 'time': 85.27784979872179, 'dt': 0.06524522809303022, 'total_energy': 2968.4210214319924}
2026-06-09T09:22:34+12:00 scalar diagnostics {'step': 1865, 'time': 85.54330956219657, 'dt': 0.06743348001037971, 'total_energy': 2990.5413587165635}
2026-06-09T09:22:34+12:00 scalar diagnostics {'step': 1868, 'time': 85.75225128129468, 'dt': 0.070869647096126, 'total_energy': 3008.848643240726}
2026-06-09T09:22:34+12:00 scalar diagnostics {'step': 1872, 'time': 86.04762389527853, 'dt': 0.07539267575693535, 'total_energy': 3036.7148807398794}
2026-06-09T09:22:34+12:00 scalar diagnostics {'step': 1875, 'time': 86.27530522765849, 'dt': 0.0757547633495055, 'total_energy': 3060.1793475244986}
2026-06-09T09:22:34+12:00 scalar diagnostics {'step': 1878, 'time': 86.50110340439042, 'dt': 0.07502911116577933, 'total_energy': 3085.5005790348096}
2026-06-09T09:22:34+12:00 scalar diagnostics {'step': 1882, 'time': 86.79359853322487, 'dt': 0.07120532067038465, 'total_energy': 3121.841172111692}
2026-06-09T09:22:34+12:00 scalar diagnostics {'step': 1886, 'time': 87.05680768816998, 'dt': 0.06294539984167802, 'total_energy': 3157.787831268274}
2026-06-09T09:22:34+12:00 scalar diagnostics {'step': 1890, 'time': 87.29390121322507, 'dt': 0.05733676979358617, 'total_energy': 3191.5269504808484}
2026-06-09T09:22:34+12:00 scalar diagnostics {'step': 1894, 'time': 87.51293215602944, 'dt': 0.053336664196971285, 'total_energy': 3223.1033671123196}
2026-06-09T09:22:34+12:00 scalar diagnostics {'step': 1899, 'time': 87.76782741794136, 'dt': 0.049559699611558934, 'total_energy': 3260.9016528380425}
2026-06-09T09:22:34+12:00 progress {'step': 1900, 'time': 87.81673923081138, 'dt': 0.04891181287001828}
2026-06-09T09:22:34+12:00 scalar diagnostics {'step': 1904, 'time': 88.0063024234154, 'dt': 0.04651412184012281, 'total_energy': 3298.4676112723446}
2026-06-09T09:22:35+12:00 scalar diagnostics {'step': 1910, 'time': 88.27455071526411, 'dt': 0.04353824505131203, 'total_energy': 3342.2931914250175}
2026-06-09T09:22:35+12:00 scalar diagnostics {'step': 1916, 'time': 88.52782444989289, 'dt': 0.041383509258908616, 'total_energy': 3381.103704653873}
2026-06-09T09:22:35+12:00 scalar diagnostics {'step': 1922, 'time': 88.77094309890532, 'dt': 0.039993313587203816, 'total_energy': 3414.5157260270553}
2026-06-09T09:22:35+12:00 scalar diagnostics {'step': 1928, 'time': 89.00766284965326, 'dt': 0.0391239277785494, 'total_energy': 3445.3071655803765}
2026-06-09T09:22:35+12:00 scalar diagnostics {'step': 1935, 'time': 89.27905832905174, 'dt': 0.03857808878667411, 'total_energy': 3479.2671622543476}
2026-06-09T09:22:35+12:00 scalar diagnostics {'step': 1941, 'time': 89.51024705881296, 'dt': 0.03856253269999066, 'total_energy': 3505.287379102061}
2026-06-09T09:22:35+12:00 scalar diagnostics {'step': 1948, 'time': 89.78111733170722, 'dt': 0.03884631110830965, 'total_energy': 3530.8075833923476}
2026-06-09T09:22:35+12:00 scalar diagnostics {'step': 1954, 'time': 90.01663101571515, 'dt': 0.03961647285125835, 'total_energy': 3548.797337114316}
2026-06-09T09:22:35+12:00 scalar diagnostics {'step': 1960, 'time': 90.25803377427896, 'dt': 0.04063549857252688, 'total_energy': 3562.9004118363264}
2026-06-09T09:22:35+12:00 scalar diagnostics {'step': 1966, 'time': 90.50626747393831, 'dt': 0.04197589519383081, 'total_energy': 3573.146763195295}
2026-06-09T09:22:35+12:00 scalar diagnostics {'step': 1972, 'time': 90.76400418345135, 'dt': 0.04368864788987245, 'total_energy': 3581.7377970726448}
2026-06-09T09:22:35+12:00 scalar diagnostics {'step': 1978, 'time': 91.03206601453229, 'dt': 0.045306456516115784, 'total_energy': 3589.0188588995456}
2026-06-09T09:22:35+12:00 scalar diagnostics {'step': 1983, 'time': 91.25463055443579, 'dt': 0.04406522889111598, 'total_energy': 3591.2969535379384}
2026-06-09T09:22:35+12:00 scalar diagnostics {'step': 1989, 'time': 91.51695874696101, 'dt': 0.04366615904060723, 'total_energy': 3588.702280165463}
2026-06-09T09:22:35+12:00 scalar diagnostics {'step': 1995, 'time': 91.78137533145363, 'dt': 0.044489387236058865, 'total_energy': 3584.308047893099}
2026-06-09T09:22:35+12:00 progress {'step': 2000, 'time': 92.00704111123208, 'dt': 0.04556541095508332}
2026-06-09T09:22:35+12:00 scalar diagnostics {'step': 2000, 'time': 92.00704111123208, 'dt': 0.04556541095508332, 'total_energy': 3581.782555657551}
2026-06-09T09:22:35+12:00 scalar diagnostics {'step': 2006, 'time': 92.28452537927022, 'dt': 0.04671624568588587, 'total_energy': 3578.672337221154}
2026-06-09T09:22:35+12:00 scalar diagnostics {'step': 2011, 'time': 92.52166860204093, 'dt': 0.04801720726318679, 'total_energy': 3573.717872335841}
2026-06-09T09:22:35+12:00 scalar diagnostics {'step': 2016, 'time': 92.76908202413101, 'dt': 0.05070977784689797, 'total_energy': 3567.0004649285247}
2026-06-09T09:22:35+12:00 scalar diagnostics {'step': 2021, 'time': 93.03594368415898, 'dt': 0.05540393618543823, 'total_energy': 3561.004107193902}
2026-06-09T09:22:35+12:00 scalar diagnostics {'step': 2025, 'time': 93.26929216541988, 'dt': 0.060152943782794725, 'total_energy': 3557.972228211991}
2026-06-09T09:22:35+12:00 scalar diagnostics {'step': 2029, 'time': 93.52252902003079, 'dt': 0.06527622657782876, 'total_energy': 3556.3831847074366}
2026-06-09T09:22:35+12:00 scalar diagnostics {'step': 2033, 'time': 93.79994678805497, 'dt': 0.07222871141662547, 'total_energy': 3555.6091512860266}
2026-06-09T09:22:35+12:00 scalar diagnostics {'step': 2036, 'time': 94.02980966068917, 'dt': 0.07832392684835714, 'total_energy': 3555.899864708268}
2026-06-09T09:22:35+12:00 scalar diagnostics {'step': 2039, 'time': 94.27602499375303, 'dt': 0.08417181983657566, 'total_energy': 3558.506841615874}
2026-06-09T09:22:35+12:00 scalar diagnostics {'step': 2042, 'time': 94.53231643959714, 'dt': 0.0851632788284637, 'total_energy': 3564.5751716667282}
2026-06-09T09:22:35+12:00 scalar diagnostics {'step': 2045, 'time': 94.7858287483189, 'dt': 0.08394622438035289, 'total_energy': 3573.3364819881194}
2026-06-09T09:22:35+12:00 scalar diagnostics {'step': 2048, 'time': 95.03379883582133, 'dt': 0.08208640368338278, 'total_energy': 3583.8223386939635}
2026-06-09T09:22:35+12:00 scalar diagnostics {'step': 2051, 'time': 95.27647034792587, 'dt': 0.07996650156673764, 'total_energy': 3596.348476224128}
2026-06-09T09:22:35+12:00 scalar diagnostics {'step': 2054, 'time': 95.50659068530489, 'dt': 0.07510654931449824, 'total_energy': 3610.8669116451265}
2026-06-09T09:22:35+12:00 scalar diagnostics {'step': 2058, 'time': 95.79159404136345, 'dt': 0.06902402349738665, 'total_energy': 3631.5971691104014}
2026-06-09T09:22:35+12:00 scalar diagnostics {'step': 2062, 'time': 96.05479966441922, 'dt': 0.0640441211715479, 'total_energy': 3652.745665764408}
2026-06-09T09:22:36+12:00 scalar diagnostics {'step': 2066, 'time': 96.30177698621222, 'dt': 0.060556138254910984, 'total_energy': 3674.2535097296795}
2026-06-09T09:22:36+12:00 scalar diagnostics {'step': 2070, 'time': 96.53855596114995, 'dt': 0.05855167663543685, 'total_energy': 3695.695870034152}
2026-06-09T09:22:36+12:00 scalar diagnostics {'step': 2074, 'time': 96.77032610882858, 'dt': 0.05767818432563603, 'total_energy': 3716.8873030178265}
2026-06-09T09:22:36+12:00 scalar diagnostics {'step': 2079, 'time': 97.05656033069744, 'dt': 0.056868038151452006, 'total_energy': 3743.307873446195}
2026-06-09T09:22:36+12:00 scalar diagnostics {'step': 2083, 'time': 97.2816940236164, 'dt': 0.05594199982170202, 'total_energy': 3763.6752564685657}
2026-06-09T09:22:36+12:00 scalar diagnostics {'step': 2087, 'time': 97.50417094804853, 'dt': 0.05554927813009986, 'total_energy': 3782.061977788262}
2026-06-09T09:22:36+12:00 scalar diagnostics {'step': 2092, 'time': 97.78490285796745, 'dt': 0.056828789139188464, 'total_energy': 3802.339892205754}
2026-06-09T09:22:36+12:00 scalar diagnostics {'step': 2096, 'time': 98.01759999663383, 'dt': 0.059059871037961224, 'total_energy': 3817.935364303919}
2026-06-09T09:22:36+12:00 progress {'step': 2100, 'time': 98.25994089449746, 'dt': 0.06148343984946763}
2026-06-09T09:22:36+12:00 scalar diagnostics {'step': 2100, 'time': 98.25994089449746, 'dt': 0.06148343984946763, 'total_energy': 3833.4763493683445}
2026-06-09T09:22:36+12:00 scalar diagnostics {'step': 2104, 'time': 98.50556677264355, 'dt': 0.060796207226031344, 'total_energy': 3847.219696871968}
2026-06-09T09:22:36+12:00 scalar diagnostics {'step': 2109, 'time': 98.80988129801882, 'dt': 0.06144019723589556, 'total_energy': 3860.004060142678}
2026-06-09T09:22:36+12:00 scalar diagnostics {'step': 2113, 'time': 99.06265742203342, 'dt': 0.06445612165344329, 'total_energy': 3868.6550058266666}
2026-06-09T09:22:36+12:00 scalar diagnostics {'step': 2116, 'time': 99.26196512491312, 'dt': 0.06746261071278938, 'total_energy': 3875.8112005385465}
2026-06-09T09:22:36+12:00 scalar diagnostics {'step': 2120, 'time': 99.5399859319942, 'dt': 0.07063360815637133, 'total_energy': 3887.2127187400692}
2026-06-09T09:22:36+12:00 scalar diagnostics {'step': 2123, 'time': 99.75798731918017, 'dt': 0.07387482016118503, 'total_energy': 3896.7281622841188}
2026-06-09T09:22:36+12:00 progress {'step': 2127, 'time': 100.0, 'dt': 0.009598533251718777}
2026-06-09T09:22:36+12:00 scalar diagnostics {'step': 2127, 'time': 100.0, 'dt': 0.009598533251718777, 'total_energy': 3907.2967989745384}
2026-06-09T09:22:36+12:00 run complete {'backend': 'numpy', 'equation_set': 'inhomogeneous_rmhd_s', 'equation_mode': 'linear', 'grid': [16, 16, 16], 'steps': 2127, 't_final': 100.0, 'dt_last': 0.009598533251718777, 'total_energy_initial': 0.7500000000000001, 'total_energy_final': 3907.2967989745384, 'psi_hat_max_abs': 1260.9312229149104, 'output_dir': 'C:\\Users\\naoki\\Downloads\\rmhd-gpu-new\\examples\\outputs_nokia_rmhd_s_22', 'scalar_diagnostics_csv': 'C:\\Users\\naoki\\Downloads\\rmhd-gpu-new\\examples\\outputs_nokia_rmhd_s_22\\scalar_diagnostics.csv'}
