2026-05-29T17:17:06+12:00 run start {'title': 'Inhomogeneous rmhd simulation test', 'input_file': 'C:\\Users\\naoki\\Downloads\\rmhd-gpu-new\\rmhdgpu\\diagnostics\\nokia_inhomo_linear.input', 'output_dir': 'C:\\Users\\naoki\\Downloads\\rmhd-gpu-new\\rmhdgpu\\diagnostics\\kz_scan\\runs_nokia\\kz_04', 'backend': 'numpy', 'equation_set': 'inhomogeneous_rmhd', 'equation_mode': 'linear', 'grid': [16, 16, 16], 'output_cadences': {'scalar': 0.3141592653589793, 'spectra': 0.0, 'full_field': 0.0}, 'hostname': 'Naoki', 'python_executable': 'C:\\Users\\naoki\\AppData\\Local\\Programs\\Python\\Python313\\python.exe', 'git_commit': 'bae2e3dc28d11833148393904c049d5ad2ad4cea', 'command': "'C:\\Users\\naoki\\Downloads\\rmhd-gpu-new\\rmhdgpu\\run.py' 'C:\\Users\\naoki\\Downloads\\rmhd-gpu-new\\rmhdgpu\\diagnostics\\nokia_inhomo_linear.input' --output-dir 'C:\\Users\\naoki\\Downloads\\rmhd-gpu-new\\rmhdgpu\\diagnostics\\kz_scan\\runs_nokia\\kz_04' --mode-kx 3 --mode-ky 3 --mode-kz 4"}
2026-05-29T17:17:06+12:00 run setup {'resolved_output_dir': 'C:\\Users\\naoki\\Downloads\\rmhd-gpu-new\\rmhdgpu\\diagnostics\\kz_scan\\runs_nokia\\kz_04', 'input_file': 'C:\\Users\\naoki\\Downloads\\rmhd-gpu-new\\rmhdgpu\\diagnostics\\nokia_inhomo_linear.input', 'backend': 'numpy', 'equation_set': 'inhomogeneous_rmhd', 'equation_mode': 'linear', 'grid': [16, 16, 16], 'output_cadences': {'scalar': 0.3141592653589793, 'spectra': 0.0, 'full_field': 0.0}, 'dissipation_mode': 'manual', 'initial_condition': {'type': 'single_fourier_mode', 'parameters': {'k_indices': [3, 3, 4], 'amplitude': 1e-12, 'seed': 0}}}
2026-05-29T17:17:06+12:00 scalar diagnostics {'step': 0, 'time': 0.0, 'dt': 0.0, 'total_energy': 2.179792865134961e-24}
2026-05-29T17:17:07+12:00 scalar diagnostics {'step': 32, 'time': 0.3200000000000001, 'dt': 0.01, 'total_energy': 1.1398803208189027e-15}
2026-05-29T17:17:07+12:00 scalar diagnostics {'step': 63, 'time': 0.6300000000000003, 'dt': 0.01, 'total_energy': 1.764278912069756e-13}
2026-05-29T17:17:07+12:00 scalar diagnostics {'step': 95, 'time': 0.9500000000000006, 'dt': 0.01, 'total_energy': 2.497983466646635e-12}
2026-05-29T17:17:07+12:00 progress {'step': 100, 'time': 1.0000000000000007, 'dt': 0.01}
2026-05-29T17:17:07+12:00 scalar diagnostics {'step': 126, 'time': 1.260000000000001, 'dt': 0.01, 'total_energy': 1.1124977610735273e-11}
2026-05-29T17:17:07+12:00 scalar diagnostics {'step': 158, 'time': 1.5800000000000012, 'dt': 0.01, 'total_energy': 3.088037433861915e-11}
2026-05-29T17:17:07+12:00 scalar diagnostics {'step': 189, 'time': 1.8900000000000015, 'dt': 0.01, 'total_energy': 7.099358351292905e-11}
2026-05-29T17:17:07+12:00 progress {'step': 200, 'time': 2.0000000000000013, 'dt': 0.01}
2026-05-29T17:17:07+12:00 scalar diagnostics {'step': 220, 'time': 2.199999999999997, 'dt': 0.01, 'total_energy': 1.6062161945574402e-10}
2026-05-29T17:17:07+12:00 scalar diagnostics {'step': 252, 'time': 2.5199999999999902, 'dt': 0.01, 'total_energy': 3.5669128421333373e-10}
2026-05-29T17:17:07+12:00 scalar diagnostics {'step': 283, 'time': 2.8299999999999836, 'dt': 0.01, 'total_energy': 7.183187876489556e-10}
2026-05-29T17:17:07+12:00 progress {'step': 300, 'time': 2.99999999999998, 'dt': 0.01}
2026-05-29T17:17:07+12:00 scalar diagnostics {'step': 315, 'time': 3.149999999999977, 'dt': 0.01, 'total_energy': 1.4142132769090795e-09}
2026-05-29T17:17:07+12:00 scalar diagnostics {'step': 346, 'time': 3.45999999999997, 'dt': 0.01, 'total_energy': 2.703323486941405e-09}
2026-05-29T17:17:07+12:00 scalar diagnostics {'step': 377, 'time': 3.7699999999999636, 'dt': 0.01, 'total_energy': 5.1420135841164655e-09}
2026-05-29T17:17:07+12:00 progress {'step': 400, 'time': 3.9999999999999587, 'dt': 0.01}
2026-05-29T17:17:07+12:00 scalar diagnostics {'step': 409, 'time': 4.089999999999957, 'dt': 0.01, 'total_energy': 9.828319542859663e-09}
2026-05-29T17:17:07+12:00 scalar diagnostics {'step': 440, 'time': 4.399999999999951, 'dt': 0.01, 'total_energy': 1.81564155785969e-08}
2026-05-29T17:17:07+12:00 scalar diagnostics {'step': 472, 'time': 4.719999999999944, 'dt': 0.01, 'total_energy': 3.406127795612081e-08}
2026-05-29T17:17:07+12:00 progress {'step': 500, 'time': 4.999999999999938, 'dt': 0.01}
2026-05-29T17:17:07+12:00 scalar diagnostics {'step': 503, 'time': 5.029999999999937, 'dt': 0.01, 'total_energy': 6.260855461180016e-08}
2026-05-29T17:17:07+12:00 scalar diagnostics {'step': 535, 'time': 5.34999999999993, 'dt': 0.01, 'total_energy': 1.1697028575862089e-07}
2026-05-29T17:17:07+12:00 scalar diagnostics {'step': 566, 'time': 5.659999999999924, 'dt': 0.01, 'total_energy': 2.134193665660175e-07}
2026-05-29T17:17:08+12:00 scalar diagnostics {'step': 597, 'time': 5.969999999999917, 'dt': 0.01, 'total_energy': 3.8866931603249023e-07}
2026-05-29T17:17:08+12:00 progress {'step': 600, 'time': 5.9999999999999165, 'dt': 0.01}
2026-05-29T17:17:08+12:00 scalar diagnostics {'step': 629, 'time': 6.28999999999991, 'dt': 0.01, 'total_energy': 7.214665191629574e-07}
2026-05-29T17:17:08+12:00 scalar diagnostics {'step': 660, 'time': 6.599999999999904, 'dt': 0.01, 'total_energy': 1.3127898301136046e-06}
2026-05-29T17:17:08+12:00 scalar diagnostics {'step': 692, 'time': 6.919999999999897, 'dt': 0.01, 'total_energy': 2.4324421922476576e-06}
2026-05-29T17:17:08+12:00 progress {'step': 700, 'time': 6.999999999999895, 'dt': 0.01}
2026-05-29T17:17:08+12:00 scalar diagnostics {'step': 723, 'time': 7.22999999999989, 'dt': 0.01, 'total_energy': 4.417714340976997e-06}
2026-05-29T17:17:08+12:00 scalar diagnostics {'step': 754, 'time': 7.539999999999884, 'dt': 0.01, 'total_energy': 8.022174892439253e-06}
2026-05-29T17:17:08+12:00 scalar diagnostics {'step': 786, 'time': 7.859999999999877, 'dt': 0.01, 'total_energy': 1.484915223942864e-05}
2026-05-29T17:17:08+12:00 progress {'step': 800, 'time': 7.999999999999874, 'dt': 0.01}
2026-05-29T17:17:08+12:00 scalar diagnostics {'step': 817, 'time': 8.16999999999987, 'dt': 0.01, 'total_energy': 2.6954326152360778e-05}
2026-05-29T17:17:08+12:00 scalar diagnostics {'step': 849, 'time': 8.489999999999863, 'dt': 0.01, 'total_energy': 4.9864564743408094e-05}
2026-05-29T17:17:08+12:00 scalar diagnostics {'step': 880, 'time': 8.799999999999857, 'dt': 0.01, 'total_energy': 9.048418906153278e-05}
2026-05-29T17:17:08+12:00 progress {'step': 900, 'time': 8.999999999999853, 'dt': 0.01}
2026-05-29T17:17:08+12:00 scalar diagnostics {'step': 912, 'time': 9.11999999999985, 'dt': 0.01, 'total_energy': 0.00016737648005478767}
2026-05-29T17:17:08+12:00 scalar diagnostics {'step': 943, 'time': 9.429999999999843, 'dt': 0.01, 'total_energy': 0.0003036967674760892}
2026-05-29T17:17:08+12:00 scalar diagnostics {'step': 974, 'time': 9.739999999999837, 'dt': 0.01, 'total_energy': 0.0005509994777737891}
2026-05-29T17:17:08+12:00 progress {'step': 1000, 'time': 9.999999999999831, 'dt': 0.01}
2026-05-29T17:17:08+12:00 scalar diagnostics {'step': 1006, 'time': 10.05999999999983, 'dt': 0.01, 'total_energy': 0.001019040808596516}
2026-05-29T17:17:08+12:00 scalar diagnostics {'step': 1037, 'time': 10.369999999999823, 'dt': 0.01, 'total_energy': 0.0018487789538073067}
2026-05-29T17:17:08+12:00 scalar diagnostics {'step': 1069, 'time': 10.689999999999817, 'dt': 0.01, 'total_energy': 0.003419146074562507}
2026-05-29T17:17:08+12:00 progress {'step': 1100, 'time': 10.99999999999981, 'dt': 0.01}
2026-05-29T17:17:08+12:00 scalar diagnostics {'step': 1100, 'time': 10.99999999999981, 'dt': 0.01, 'total_energy': 0.006202910973208406}
2026-05-29T17:17:08+12:00 scalar diagnostics {'step': 1131, 'time': 11.309999999999803, 'dt': 0.01, 'total_energy': 0.011252974207673901}
2026-05-29T17:17:08+12:00 scalar diagnostics {'step': 1163, 'time': 11.629999999999797, 'dt': 0.01, 'total_energy': 0.020810483359026744}
2026-05-29T17:17:09+12:00 scalar diagnostics {'step': 1194, 'time': 11.93999999999979, 'dt': 0.01, 'total_energy': 0.03775303859726449}
2026-05-29T17:17:09+12:00 progress {'step': 1200, 'time': 11.999999999999789, 'dt': 0.01}
2026-05-29T17:17:09+12:00 scalar diagnostics {'step': 1226, 'time': 12.259999999999783, 'dt': 0.01, 'total_energy': 0.06981732372277738}
2026-05-29T17:17:09+12:00 scalar diagnostics {'step': 1257, 'time': 12.569999999999776, 'dt': 0.01, 'total_energy': 0.12665670587939648}
2026-05-29T17:17:09+12:00 scalar diagnostics {'step': 1289, 'time': 12.88999999999977, 'dt': 0.01, 'total_energy': 0.23422679077886538}
2026-05-29T17:17:09+12:00 progress {'step': 1300, 'time': 12.999999999999767, 'dt': 0.01}
2026-05-29T17:17:09+12:00 scalar diagnostics {'step': 1320, 'time': 13.199999999999763, 'dt': 0.01, 'total_energy': 0.42491376394667907}
2026-05-29T17:17:09+12:00 scalar diagnostics {'step': 1351, 'time': 13.509999999999756, 'dt': 0.01, 'total_energy': 0.770840376085484}
2026-05-29T17:17:09+12:00 scalar diagnostics {'step': 1383, 'time': 13.82999999999975, 'dt': 0.01, 'total_energy': 1.425513650586336}
2026-05-29T17:17:09+12:00 progress {'step': 1400, 'time': 13.999999999999746, 'dt': 0.01}
2026-05-29T17:17:09+12:00 scalar diagnostics {'step': 1414, 'time': 14.139999999999743, 'dt': 0.01, 'total_energy': 2.586032879051654}
2026-05-29T17:17:09+12:00 scalar diagnostics {'step': 1446, 'time': 14.459999999999736, 'dt': 0.01, 'total_energy': 4.782341920646326}
2026-05-29T17:17:09+12:00 scalar diagnostics {'step': 1477, 'time': 14.76999999999973, 'dt': 0.01, 'total_energy': 8.675672184123611}
2026-05-29T17:17:09+12:00 progress {'step': 1500, 'time': 14.999999999999725, 'dt': 0.01}
2026-05-29T17:17:09+12:00 scalar diagnostics {'step': 1508, 'time': 15.079999999999723, 'dt': 0.01, 'total_energy': 15.738576390350472}
2026-05-29T17:17:09+12:00 scalar diagnostics {'step': 1540, 'time': 15.399999999999716, 'dt': 0.01, 'total_energy': 29.105266537467447}
2026-05-29T17:17:09+12:00 scalar diagnostics {'step': 1571, 'time': 15.70999999999971, 'dt': 0.01, 'total_energy': 52.799979328487375}
2026-05-29T17:17:09+12:00 progress {'step': 1600, 'time': 15.999999999999703, 'dt': 0.01}
2026-05-29T17:17:09+12:00 scalar diagnostics {'step': 1603, 'time': 16.029999999999706, 'dt': 0.01, 'total_energy': 97.6427147283087}
2026-05-29T17:17:09+12:00 scalar diagnostics {'step': 1634, 'time': 16.339999999999755, 'dt': 0.01, 'total_energy': 177.13400664737725}
2026-05-29T17:17:09+12:00 scalar diagnostics {'step': 1666, 'time': 16.659999999999805, 'dt': 0.01, 'total_energy': 327.5728820434138}
2026-05-29T17:17:09+12:00 scalar diagnostics {'step': 1697, 'time': 16.969999999999853, 'dt': 0.01, 'total_energy': 594.2510917443489}
2026-05-29T17:17:09+12:00 progress {'step': 1700, 'time': 16.999999999999858, 'dt': 0.01}
2026-05-29T17:17:10+12:00 scalar diagnostics {'step': 1728, 'time': 17.2799999999999, 'dt': 0.01, 'total_energy': 1078.0329421073063}
2026-05-29T17:17:10+12:00 scalar diagnostics {'step': 1760, 'time': 17.59999999999995, 'dt': 0.01, 'total_energy': 1993.5998870809897}
2026-05-29T17:17:10+12:00 scalar diagnostics {'step': 1791, 'time': 17.91, 'dt': 0.01, 'total_energy': 3616.5961733840068}
2026-05-29T17:17:10+12:00 progress {'step': 1800, 'time': 18.000000000000014, 'dt': 0.01}
2026-05-29T17:17:10+12:00 scalar diagnostics {'step': 1823, 'time': 18.23000000000005, 'dt': 0.01, 'total_energy': 6688.149415622922}
2026-05-29T17:17:10+12:00 scalar diagnostics {'step': 1854, 'time': 18.5400000000001, 'dt': 0.01, 'total_energy': 12132.993882714622}
2026-05-29T17:17:10+12:00 scalar diagnostics {'step': 1885, 'time': 18.850000000000147, 'dt': 0.01, 'total_energy': 22010.504043401495}
2026-05-29T17:17:10+12:00 progress {'step': 1900, 'time': 19.00000000000017, 'dt': 0.01}
2026-05-29T17:17:10+12:00 scalar diagnostics {'step': 1917, 'time': 19.170000000000197, 'dt': 0.01, 'total_energy': 40703.89123615886}
2026-05-29T17:17:10+12:00 scalar diagnostics {'step': 1948, 'time': 19.480000000000246, 'dt': 0.01, 'total_energy': 73841.06167728287}
2026-05-29T17:17:10+12:00 scalar diagnostics {'step': 1980, 'time': 19.800000000000296, 'dt': 0.01, 'total_energy': 136553.8253071456}
2026-05-29T17:17:10+12:00 progress {'step': 2000, 'time': 20.0, 'dt': 0.009999999999674714}
2026-05-29T17:17:10+12:00 scalar diagnostics {'step': 2000, 'time': 20.0, 'dt': 0.009999999999674714, 'total_energy': 200531.49053517688}
2026-05-29T17:17:10+12:00 run complete {'backend': 'numpy', 'equation_set': 'inhomogeneous_rmhd', 'equation_mode': 'linear', 'grid': [16, 16, 16], 'steps': 2000, 't_final': 20.0, 'dt_last': 0.009999999999674714, 'total_energy_initial': 2.179792865134961e-24, 'total_energy_final': 200531.49053517688, 'psi_hat_max_abs': 319.15279788274466, 'output_dir': 'C:\\Users\\naoki\\Downloads\\rmhd-gpu-new\\rmhdgpu\\diagnostics\\kz_scan\\runs_nokia\\kz_04', 'scalar_diagnostics_csv': 'C:\\Users\\naoki\\Downloads\\rmhd-gpu-new\\rmhdgpu\\diagnostics\\kz_scan\\runs_nokia\\kz_04\\scalar_diagnostics.csv'}
