2026-06-17T12:42:52+12:00 run start {'title': 'Inhomogeneous rmhd simulation test', 'input_file': 'C:\\Users\\naoki\\Downloads\\rmhd-gpu-new\\rmhdgpu\\diagnostics\\nokia_inhomo_linear_s.input', 'output_dir': 'C:\\Users\\naoki\\Downloads\\rmhd-gpu-new\\rmhdgpu\\diagnostics\\kz_scan\\runs_nokia_s\\kz_03', 'backend': 'numpy', 'equation_set': 'inhomogeneous_rmhd_s', 'equation_mode': 'linear', 'grid': [16, 16, 16], 'output_cadences': {'scalar': 0.3141592653589793, 'spectra': 0.0, 'full_field': 0.0}, 'hostname': 'Naoki', 'python_executable': 'C:\\Users\\naoki\\AppData\\Local\\Programs\\Python\\Python313\\python.exe', 'git_commit': 'af192df54ab76b1a58e42d47767e1b4fff28b045', 'command': "'C:\\Users\\naoki\\Downloads\\rmhd-gpu-new\\rmhdgpu\\run.py' 'C:\\Users\\naoki\\Downloads\\rmhd-gpu-new\\rmhdgpu\\diagnostics\\nokia_inhomo_linear_s.input' --output-dir 'C:\\Users\\naoki\\Downloads\\rmhd-gpu-new\\rmhdgpu\\diagnostics\\kz_scan\\runs_nokia_s\\kz_03' --mode-kx 1 --mode-ky 1 --mode-kz 3"}
2026-06-17T12:42:52+12:00 run setup {'resolved_output_dir': 'C:\\Users\\naoki\\Downloads\\rmhd-gpu-new\\rmhdgpu\\diagnostics\\kz_scan\\runs_nokia_s\\kz_03', 'input_file': 'C:\\Users\\naoki\\Downloads\\rmhd-gpu-new\\rmhdgpu\\diagnostics\\nokia_inhomo_linear_s.input', 'backend': 'numpy', 'equation_set': 'inhomogeneous_rmhd_s', 'equation_mode': 'linear', 'grid': [16, 16, 16], 'output_cadences': {'scalar': 0.3141592653589793, 'spectra': 0.0, 'full_field': 0.0}, 'dissipation_mode': 'manual', 'initial_condition': {'type': 'single_fourier_mode', 'parameters': {'k_indices': [1, 1, 3], 'amplitude': 1e-12, 'seed': 0}}}
2026-06-17T12:42:52+12:00 scalar diagnostics {'step': 0, 'time': 0.0, 'dt': 0.0, 'total_energy': 1.7554176374057935e-24}
2026-06-17T12:42:52+12:00 scalar diagnostics {'step': 32, 'time': 0.3200000000000001, 'dt': 0.01, 'total_energy': 2.008826173224025e-19}
2026-06-17T12:42:52+12:00 scalar diagnostics {'step': 63, 'time': 0.6300000000000003, 'dt': 0.01, 'total_energy': 2.1650241516051573e-19}
2026-06-17T12:42:52+12:00 scalar diagnostics {'step': 95, 'time': 0.9500000000000006, 'dt': 0.01, 'total_energy': 1.8231817016084594e-19}
2026-06-17T12:42:52+12:00 progress {'step': 100, 'time': 1.0000000000000007, 'dt': 0.01}
2026-06-17T12:42:52+12:00 scalar diagnostics {'step': 126, 'time': 1.260000000000001, 'dt': 0.01, 'total_energy': 4.544884412560623e-19}
2026-06-17T12:42:52+12:00 scalar diagnostics {'step': 158, 'time': 1.5800000000000012, 'dt': 0.01, 'total_energy': 4.3155260533914873e-19}
2026-06-17T12:42:52+12:00 scalar diagnostics {'step': 189, 'time': 1.8900000000000015, 'dt': 0.01, 'total_energy': 1.5561404209165884e-19}
2026-06-17T12:42:52+12:00 progress {'step': 200, 'time': 2.0000000000000013, 'dt': 0.01}
2026-06-17T12:42:52+12:00 scalar diagnostics {'step': 220, 'time': 2.199999999999997, 'dt': 0.01, 'total_energy': 2.263449097468744e-19}
2026-06-17T12:42:52+12:00 scalar diagnostics {'step': 252, 'time': 2.5199999999999902, 'dt': 0.01, 'total_energy': 2.5500509481168184e-19}
2026-06-17T12:42:52+12:00 scalar diagnostics {'step': 283, 'time': 2.8299999999999836, 'dt': 0.01, 'total_energy': 9.773626661640325e-20}
2026-06-17T12:42:52+12:00 progress {'step': 300, 'time': 2.99999999999998, 'dt': 0.01}
2026-06-17T12:42:52+12:00 scalar diagnostics {'step': 315, 'time': 3.149999999999977, 'dt': 0.01, 'total_energy': 4.722121362623586e-19}
2026-06-17T12:42:52+12:00 scalar diagnostics {'step': 346, 'time': 3.45999999999997, 'dt': 0.01, 'total_energy': 8.563458513931444e-19}
2026-06-17T12:42:52+12:00 scalar diagnostics {'step': 377, 'time': 3.7699999999999636, 'dt': 0.01, 'total_energy': 4.481806524046789e-19}
2026-06-17T12:42:52+12:00 progress {'step': 400, 'time': 3.9999999999999587, 'dt': 0.01}
2026-06-17T12:42:52+12:00 scalar diagnostics {'step': 409, 'time': 4.089999999999957, 'dt': 0.01, 'total_energy': 1.5735435396530036e-19}
2026-06-17T12:42:52+12:00 scalar diagnostics {'step': 440, 'time': 4.399999999999951, 'dt': 0.01, 'total_energy': 5.3930490978425e-19}
2026-06-17T12:42:52+12:00 scalar diagnostics {'step': 472, 'time': 4.719999999999944, 'dt': 0.01, 'total_energy': 4.927228301794328e-19}
2026-06-17T12:42:53+12:00 progress {'step': 500, 'time': 4.999999999999938, 'dt': 0.01}
2026-06-17T12:42:53+12:00 scalar diagnostics {'step': 503, 'time': 5.029999999999937, 'dt': 0.01, 'total_energy': 1.5360527393758647e-19}
2026-06-17T12:42:53+12:00 scalar diagnostics {'step': 535, 'time': 5.34999999999993, 'dt': 0.01, 'total_energy': 5.7901272094808875e-19}
2026-06-17T12:42:53+12:00 scalar diagnostics {'step': 566, 'time': 5.659999999999924, 'dt': 0.01, 'total_energy': 9.214123968402589e-19}
2026-06-17T12:42:53+12:00 scalar diagnostics {'step': 597, 'time': 5.969999999999917, 'dt': 0.01, 'total_energy': 3.732587233685275e-19}
2026-06-17T12:42:53+12:00 progress {'step': 600, 'time': 5.9999999999999165, 'dt': 0.01}
2026-06-17T12:42:53+12:00 scalar diagnostics {'step': 629, 'time': 6.28999999999991, 'dt': 0.01, 'total_energy': 3.943892718669902e-20}
2026-06-17T12:42:53+12:00 scalar diagnostics {'step': 660, 'time': 6.599999999999904, 'dt': 0.01, 'total_energy': 3.5192688038410106e-19}
2026-06-17T12:42:53+12:00 scalar diagnostics {'step': 692, 'time': 6.919999999999897, 'dt': 0.01, 'total_energy': 3.1677362410483613e-19}
2026-06-17T12:42:53+12:00 progress {'step': 700, 'time': 6.999999999999895, 'dt': 0.01}
2026-06-17T12:42:53+12:00 scalar diagnostics {'step': 723, 'time': 7.22999999999989, 'dt': 0.01, 'total_energy': 1.4568778102710468e-19}
2026-06-17T12:42:53+12:00 scalar diagnostics {'step': 754, 'time': 7.539999999999884, 'dt': 0.01, 'total_energy': 4.364874865365838e-19}
2026-06-17T12:42:53+12:00 scalar diagnostics {'step': 786, 'time': 7.859999999999877, 'dt': 0.01, 'total_energy': 5.13958141588707e-19}
2026-06-17T12:42:53+12:00 progress {'step': 800, 'time': 7.999999999999874, 'dt': 0.01}
2026-06-17T12:42:53+12:00 scalar diagnostics {'step': 817, 'time': 8.16999999999987, 'dt': 0.01, 'total_energy': 1.6150888842679278e-19}
2026-06-17T12:42:53+12:00 scalar diagnostics {'step': 849, 'time': 8.489999999999863, 'dt': 0.01, 'total_energy': 9.722750852795236e-20}
2026-06-17T12:42:53+12:00 scalar diagnostics {'step': 880, 'time': 8.799999999999857, 'dt': 0.01, 'total_energy': 1.6674910121748536e-19}
2026-06-17T12:42:53+12:00 progress {'step': 900, 'time': 8.999999999999853, 'dt': 0.01}
2026-06-17T12:42:53+12:00 scalar diagnostics {'step': 912, 'time': 9.11999999999985, 'dt': 0.01, 'total_energy': 1.0489745840097355e-19}
2026-06-17T12:42:53+12:00 scalar diagnostics {'step': 943, 'time': 9.429999999999843, 'dt': 0.01, 'total_energy': 3.953983333461986e-19}
2026-06-17T12:42:54+12:00 scalar diagnostics {'step': 974, 'time': 9.739999999999837, 'dt': 0.01, 'total_energy': 6.819720271501327e-19}
2026-06-17T12:42:54+12:00 progress {'step': 1000, 'time': 9.999999999999831, 'dt': 0.01}
2026-06-17T12:42:54+12:00 scalar diagnostics {'step': 1006, 'time': 10.05999999999983, 'dt': 0.01, 'total_energy': 3.448684673173439e-19}
2026-06-17T12:42:54+12:00 scalar diagnostics {'step': 1037, 'time': 10.369999999999823, 'dt': 0.01, 'total_energy': 1.7418693473715364e-19}
2026-06-17T12:42:54+12:00 scalar diagnostics {'step': 1069, 'time': 10.689999999999817, 'dt': 0.01, 'total_energy': 4.965741088764759e-19}
2026-06-17T12:42:54+12:00 progress {'step': 1100, 'time': 10.99999999999981, 'dt': 0.01}
2026-06-17T12:42:54+12:00 scalar diagnostics {'step': 1100, 'time': 10.99999999999981, 'dt': 0.01, 'total_energy': 3.782237862954216e-19}
2026-06-17T12:42:54+12:00 scalar diagnostics {'step': 1131, 'time': 11.309999999999803, 'dt': 0.01, 'total_energy': 1.4835728264520056e-19}
2026-06-17T12:42:54+12:00 scalar diagnostics {'step': 1163, 'time': 11.629999999999797, 'dt': 0.01, 'total_energy': 6.775475386822697e-19}
2026-06-17T12:42:54+12:00 scalar diagnostics {'step': 1194, 'time': 11.93999999999979, 'dt': 0.01, 'total_energy': 9.539002642120577e-19}
2026-06-17T12:42:54+12:00 progress {'step': 1200, 'time': 11.999999999999789, 'dt': 0.01}
2026-06-17T12:42:54+12:00 scalar diagnostics {'step': 1226, 'time': 12.259999999999783, 'dt': 0.01, 'total_energy': 3.316060804827873e-19}
2026-06-17T12:42:54+12:00 scalar diagnostics {'step': 1257, 'time': 12.569999999999776, 'dt': 0.01, 'total_energy': 1.2995087396199188e-19}
2026-06-17T12:42:54+12:00 scalar diagnostics {'step': 1289, 'time': 12.88999999999977, 'dt': 0.01, 'total_energy': 5.279901978263108e-19}
2026-06-17T12:42:54+12:00 progress {'step': 1300, 'time': 12.999999999999767, 'dt': 0.01}
2026-06-17T12:42:54+12:00 scalar diagnostics {'step': 1320, 'time': 13.199999999999763, 'dt': 0.01, 'total_energy': 3.838966909854229e-19}
2026-06-17T12:42:54+12:00 scalar diagnostics {'step': 1351, 'time': 13.509999999999756, 'dt': 0.01, 'total_energy': 1.451049313190472e-19}
2026-06-17T12:42:54+12:00 scalar diagnostics {'step': 1383, 'time': 13.82999999999975, 'dt': 0.01, 'total_energy': 5.494239346353253e-19}
2026-06-17T12:42:55+12:00 progress {'step': 1400, 'time': 13.999999999999746, 'dt': 0.01}
2026-06-17T12:42:55+12:00 scalar diagnostics {'step': 1414, 'time': 14.139999999999743, 'dt': 0.01, 'total_energy': 6.576229760391091e-19}
2026-06-17T12:42:55+12:00 scalar diagnostics {'step': 1446, 'time': 14.459999999999736, 'dt': 0.01, 'total_energy': 1.5613917697563623e-19}
2026-06-17T12:42:55+12:00 scalar diagnostics {'step': 1477, 'time': 14.76999999999973, 'dt': 0.01, 'total_energy': 3.304272201742935e-20}
2026-06-17T12:42:55+12:00 progress {'step': 1500, 'time': 14.999999999999725, 'dt': 0.01}
2026-06-17T12:42:55+12:00 scalar diagnostics {'step': 1508, 'time': 15.079999999999723, 'dt': 0.01, 'total_energy': 1.9970479481105166e-19}
2026-06-17T12:42:55+12:00 scalar diagnostics {'step': 1540, 'time': 15.399999999999716, 'dt': 0.01, 'total_energy': 1.4784385921279523e-19}
2026-06-17T12:42:56+12:00 scalar diagnostics {'step': 1571, 'time': 15.70999999999971, 'dt': 0.01, 'total_energy': 2.9103578542926234e-19}
2026-06-17T12:42:56+12:00 progress {'step': 1600, 'time': 15.999999999999703, 'dt': 0.01}
2026-06-17T12:42:56+12:00 scalar diagnostics {'step': 1603, 'time': 16.029999999999706, 'dt': 0.01, 'total_energy': 5.396122810955173e-19}
2026-06-17T12:42:56+12:00 scalar diagnostics {'step': 1634, 'time': 16.339999999999755, 'dt': 0.01, 'total_energy': 3.20489591913686e-19}
2026-06-17T12:42:56+12:00 scalar diagnostics {'step': 1666, 'time': 16.659999999999805, 'dt': 0.01, 'total_energy': 1.5718780638138653e-19}
2026-06-17T12:42:56+12:00 scalar diagnostics {'step': 1697, 'time': 16.969999999999853, 'dt': 0.01, 'total_energy': 3.488097746953934e-19}
2026-06-17T12:42:56+12:00 progress {'step': 1700, 'time': 16.999999999999858, 'dt': 0.01}
2026-06-17T12:42:56+12:00 scalar diagnostics {'step': 1728, 'time': 17.2799999999999, 'dt': 0.01, 'total_energy': 2.382466087450981e-19}
2026-06-17T12:42:57+12:00 scalar diagnostics {'step': 1760, 'time': 17.59999999999995, 'dt': 0.01, 'total_energy': 1.5014142636776602e-19}
2026-06-17T12:42:57+12:00 scalar diagnostics {'step': 1791, 'time': 17.91, 'dt': 0.01, 'total_energy': 6.828038499067782e-19}
2026-06-17T12:42:57+12:00 progress {'step': 1800, 'time': 18.000000000000014, 'dt': 0.01}
2026-06-17T12:42:57+12:00 scalar diagnostics {'step': 1823, 'time': 18.23000000000005, 'dt': 0.01, 'total_energy': 8.540921908873447e-19}
2026-06-17T12:42:57+12:00 scalar diagnostics {'step': 1854, 'time': 18.5400000000001, 'dt': 0.01, 'total_energy': 2.835522272722077e-19}
2026-06-17T12:42:58+12:00 scalar diagnostics {'step': 1885, 'time': 18.850000000000147, 'dt': 0.01, 'total_energy': 2.2077605426578436e-19}
2026-06-17T12:42:58+12:00 progress {'step': 1900, 'time': 19.00000000000017, 'dt': 0.01}
2026-06-17T12:42:58+12:00 scalar diagnostics {'step': 1917, 'time': 19.170000000000197, 'dt': 0.01, 'total_energy': 6.184834196624792e-19}
2026-06-17T12:42:58+12:00 scalar diagnostics {'step': 1948, 'time': 19.480000000000246, 'dt': 0.01, 'total_energy': 3.770560425262145e-19}
2026-06-17T12:42:58+12:00 scalar diagnostics {'step': 1980, 'time': 19.800000000000296, 'dt': 0.01, 'total_energy': 1.8482989552014805e-19}
2026-06-17T12:42:59+12:00 progress {'step': 2000, 'time': 20.0, 'dt': 0.009999999999674714}
2026-06-17T12:42:59+12:00 scalar diagnostics {'step': 2000, 'time': 20.0, 'dt': 0.009999999999674714, 'total_energy': 4.984427190414274e-19}
2026-06-17T12:42:59+12:00 run complete {'backend': 'numpy', 'equation_set': 'inhomogeneous_rmhd_s', 'equation_mode': 'linear', 'grid': [16, 16, 16], 'steps': 2000, 't_final': 20.0, 'dt_last': 0.009999999999674714, 'total_energy_initial': 1.7554176374057935e-24, 'total_energy_final': 4.984427190414274e-19, 'psi_hat_max_abs': 5.353563218527832e-10, 'output_dir': 'C:\\Users\\naoki\\Downloads\\rmhd-gpu-new\\rmhdgpu\\diagnostics\\kz_scan\\runs_nokia_s\\kz_03', 'scalar_diagnostics_csv': 'C:\\Users\\naoki\\Downloads\\rmhd-gpu-new\\rmhdgpu\\diagnostics\\kz_scan\\runs_nokia_s\\kz_03\\scalar_diagnostics.csv'}
