2026-06-10T10:16:59+12:00 run start {'title': 'Inhomogeneous rmhd simulation test', 'input_file': 'C:\\Users\\naoki\\Downloads\\rmhd-gpu-new\\examples\\nokias_inhomo_rho.input', 'output_dir': 'C:\\Users\\naoki\\Downloads\\rmhd-gpu-new\\examples\\outputs_nokia_rmhd_rho_2', 'backend': 'numpy', 'equation_set': 'inhomogeneous_rmhd_rho', 'equation_mode': 'nonlinear', 'grid': [32, 32, 32], 'output_cadences': {'scalar': 0.25, 'spectra': 0.0, 'full_field': 0.0}, 'hostname': 'Naoki', 'python_executable': 'C:\\Users\\naoki\\AppData\\Local\\Programs\\Python\\Python313\\python.exe', 'git_commit': 'cde2789c3d6596cb8e14f232da25acf4598750f1', 'command': "'C:\\Users\\naoki\\Downloads\\rmhd-gpu-new\\rmhdgpu\\run.py' '.\\examples\\nokias_inhomo_rho.input'"}
2026-06-10T10:16:59+12:00 run setup {'resolved_output_dir': 'C:\\Users\\naoki\\Downloads\\rmhd-gpu-new\\examples\\outputs_nokia_rmhd_rho_2', 'input_file': 'C:\\Users\\naoki\\Downloads\\rmhd-gpu-new\\examples\\nokias_inhomo_rho.input', 'backend': 'numpy', 'equation_set': 'inhomogeneous_rmhd_rho', 'equation_mode': 'nonlinear', 'grid': [32, 32, 32], 'output_cadences': {'scalar': 0.25, 'spectra': 0.0, 'full_field': 0.0}, 'dissipation_mode': 'auto', 'initial_condition': {'type': 'random_spectrum', 'parameters': {'n_min': 1.0, 'n_max': 3.0, 'alpha': 0.0, 'init_energy': 0.75, 'seed': 1, 'exclude_kpar0': True}}}
2026-06-10T10:16:59+12:00 scalar diagnostics {'step': 0, 'time': 0.0, 'dt': 0.0, 'total_energy': 0.7499999999999998}
2026-06-10T10:17:00+12:00 scalar diagnostics {'step': 5, 'time': 0.2721315579834028, 'dt': 0.05591381947225241, 'total_energy': 0.777433229740154}
2026-06-10T10:17:00+12:00 scalar diagnostics {'step': 9, 'time': 0.5046421488095684, 'dt': 0.05947267502713536, 'total_energy': 0.8677528239840611}
2026-06-10T10:17:01+12:00 scalar diagnostics {'step': 14, 'time': 0.7797110092309101, 'dt': 0.05122101109688822, 'total_energy': 0.9471689232814895}
2026-06-10T10:17:02+12:00 scalar diagnostics {'step': 19, 'time': 1.0175899926888872, 'dt': 0.04610632482583341, 'total_energy': 0.9071061418208647}
2026-06-10T10:17:03+12:00 scalar diagnostics {'step': 24, 'time': 1.2512792963154706, 'dt': 0.04819710752793713, 'total_energy': 0.8506189456142551}
2026-06-10T10:17:04+12:00 scalar diagnostics {'step': 29, 'time': 1.5106140122671907, 'dt': 0.05436527003940358, 'total_energy': 0.8505675364812167}
2026-06-10T10:17:05+12:00 scalar diagnostics {'step': 34, 'time': 1.7815771116753023, 'dt': 0.05463048237139755, 'total_energy': 0.8731259818676509}
2026-06-10T10:17:06+12:00 scalar diagnostics {'step': 39, 'time': 2.0436852024360896, 'dt': 0.050728901950847886, 'total_energy': 0.9017708756849678}
2026-06-10T10:17:07+12:00 scalar diagnostics {'step': 44, 'time': 2.288902037486896, 'dt': 0.04842184191691389, 'total_energy': 0.9202263913183202}
2026-06-10T10:17:07+12:00 scalar diagnostics {'step': 49, 'time': 2.5319986061815234, 'dt': 0.04759961125141634, 'total_energy': 0.9762491547126894}
2026-06-10T10:17:08+12:00 scalar diagnostics {'step': 54, 'time': 2.7643277639912878, 'dt': 0.046652875829872605, 'total_energy': 1.0226478611545975}
2026-06-10T10:17:09+12:00 scalar diagnostics {'step': 59, 'time': 3.0061425285290073, 'dt': 0.04988074352915241, 'total_energy': 1.0333807492322706}
2026-06-10T10:17:10+12:00 scalar diagnostics {'step': 64, 'time': 3.2558427118084157, 'dt': 0.050454879944206624, 'total_energy': 1.046699621042685}
2026-06-10T10:17:10+12:00 scalar diagnostics {'step': 69, 'time': 3.5105599146421302, 'dt': 0.051014462790463636, 'total_energy': 1.0403254958037156}
2026-06-10T10:17:11+12:00 scalar diagnostics {'step': 74, 'time': 3.7659213494139916, 'dt': 0.051163854842272566, 'total_energy': 1.0636616710895939}
2026-06-10T10:17:12+12:00 scalar diagnostics {'step': 79, 'time': 4.021547865409012, 'dt': 0.05034499388545269, 'total_energy': 1.1155423586785984}
2026-06-10T10:17:13+12:00 scalar diagnostics {'step': 84, 'time': 4.265544227302852, 'dt': 0.048148001272652084, 'total_energy': 1.1416249720875067}
2026-06-10T10:17:13+12:00 scalar diagnostics {'step': 89, 'time': 4.506956586150374, 'dt': 0.049186250165318496, 'total_energy': 1.1493567646887084}
2026-06-10T10:17:14+12:00 scalar diagnostics {'step': 94, 'time': 4.750282933361205, 'dt': 0.04789589850222463, 'total_energy': 1.1667481707118637}
2026-06-10T10:17:15+12:00 progress {'step': 100, 'time': 5.036865016267362, 'dt': 0.04790656112796765}
2026-06-10T10:17:15+12:00 scalar diagnostics {'step': 100, 'time': 5.036865016267362, 'dt': 0.04790656112796765, 'total_energy': 1.2337701702596453}
2026-06-10T10:17:15+12:00 scalar diagnostics {'step': 105, 'time': 5.286632541625168, 'dt': 0.05069735721209877, 'total_energy': 1.2797426932369536}
2026-06-10T10:17:16+12:00 scalar diagnostics {'step': 110, 'time': 5.544268281768071, 'dt': 0.05133478381947716, 'total_energy': 1.27684695949093}
2026-06-10T10:17:17+12:00 scalar diagnostics {'step': 115, 'time': 5.788038014598821, 'dt': 0.047123106244797555, 'total_energy': 1.2724361705607266}
2026-06-10T10:17:18+12:00 scalar diagnostics {'step': 120, 'time': 6.0299867559472, 'dt': 0.04914597012226408, 'total_energy': 1.2793495106480115}
2026-06-10T10:17:19+12:00 scalar diagnostics {'step': 125, 'time': 6.282033159413263, 'dt': 0.0523113891990106, 'total_energy': 1.2960996559361178}
2026-06-10T10:17:19+12:00 scalar diagnostics {'step': 130, 'time': 6.541959602333507, 'dt': 0.05105137619495207, 'total_energy': 1.3478945246412644}
2026-06-10T10:17:20+12:00 scalar diagnostics {'step': 135, 'time': 6.800083851211132, 'dt': 0.05105044830451535, 'total_energy': 1.3704294798027354}
2026-06-10T10:17:21+12:00 scalar diagnostics {'step': 140, 'time': 7.046681054784389, 'dt': 0.04938908041370893, 'total_energy': 1.3639207190174152}
2026-06-10T10:17:22+12:00 scalar diagnostics {'step': 145, 'time': 7.290457183329239, 'dt': 0.04744787388422047, 'total_energy': 1.364965837212639}
2026-06-10T10:17:23+12:00 scalar diagnostics {'step': 150, 'time': 7.521989520590891, 'dt': 0.0462602723260702, 'total_energy': 1.3791949318855539}
2026-06-10T10:17:24+12:00 scalar diagnostics {'step': 155, 'time': 7.75755813639638, 'dt': 0.04835601102466327, 'total_energy': 1.3967466450001877}
2026-06-10T10:17:24+12:00 scalar diagnostics {'step': 160, 'time': 8.001512439453728, 'dt': 0.04817300240491815, 'total_energy': 1.392965107153701}
2026-06-10T10:17:25+12:00 scalar diagnostics {'step': 166, 'time': 8.292906074311714, 'dt': 0.047247647899078475, 'total_energy': 1.4226043217922286}
2026-06-10T10:17:26+12:00 scalar diagnostics {'step': 171, 'time': 8.5244101700672, 'dt': 0.046189961652970596, 'total_energy': 1.4356582721278839}
2026-06-10T10:17:27+12:00 scalar diagnostics {'step': 176, 'time': 8.767292616515077, 'dt': 0.049671470722969555, 'total_energy': 1.4025764531606415}
2026-06-10T10:17:27+12:00 scalar diagnostics {'step': 181, 'time': 9.02198719165348, 'dt': 0.052387126538359724, 'total_energy': 1.3915157693451752}
2026-06-10T10:17:28+12:00 scalar diagnostics {'step': 186, 'time': 9.2858876121124, 'dt': 0.051510132652499596, 'total_energy': 1.3574352717261222}
2026-06-10T10:17:29+12:00 scalar diagnostics {'step': 191, 'time': 9.527079917726509, 'dt': 0.04700694873032136, 'total_energy': 1.3457208001712297}
2026-06-10T10:17:30+12:00 scalar diagnostics {'step': 196, 'time': 9.761733861241625, 'dt': 0.04668347672087378, 'total_energy': 1.3108508331564357}
2026-06-10T10:17:30+12:00 progress {'step': 200, 'time': 9.956882060479414, 'dt': 0.05067392398054695}
2026-06-10T10:17:30+12:00 scalar diagnostics {'step': 201, 'time': 10.008309925278125, 'dt': 0.05142786479871067, 'total_energy': 1.2673567661305962}
2026-06-10T10:17:31+12:00 scalar diagnostics {'step': 206, 'time': 10.271170335055585, 'dt': 0.05213447613005198, 'total_energy': 1.2231122728166661}
2026-06-10T10:17:32+12:00 scalar diagnostics {'step': 211, 'time': 10.536010141892968, 'dt': 0.052713143957399206, 'total_energy': 1.153687240716268}
2026-06-10T10:17:33+12:00 scalar diagnostics {'step': 216, 'time': 10.79683309887589, 'dt': 0.05063353032489794, 'total_energy': 1.127855785904142}
2026-06-10T10:17:33+12:00 scalar diagnostics {'step': 221, 'time': 11.04135685867178, 'dt': 0.0486930026049097, 'total_energy': 1.1113170460959132}
2026-06-10T10:17:34+12:00 scalar diagnostics {'step': 226, 'time': 11.295389709340691, 'dt': 0.052243154518885, 'total_energy': 1.0818103155488739}
2026-06-10T10:17:35+12:00 scalar diagnostics {'step': 230, 'time': 11.50839560006384, 'dt': 0.05329525973524926, 'total_energy': 1.064371685858862}
2026-06-10T10:17:36+12:00 scalar diagnostics {'step': 235, 'time': 11.774706175389035, 'dt': 0.05266204525480889, 'total_energy': 1.017251716633964}
2026-06-10T10:17:36+12:00 scalar diagnostics {'step': 240, 'time': 12.029730575031488, 'dt': 0.05056816961794759, 'total_energy': 1.00785631693015}
2026-06-10T10:17:37+12:00 scalar diagnostics {'step': 245, 'time': 12.291182649515083, 'dt': 0.053624742264498405, 'total_energy': 0.9908317432685328}
2026-06-10T10:17:38+12:00 scalar diagnostics {'step': 249, 'time': 12.500079006951681, 'dt': 0.05169499172312408, 'total_energy': 0.9928602474484857}
2026-06-10T10:17:39+12:00 scalar diagnostics {'step': 254, 'time': 12.765653128674396, 'dt': 0.05419670664539528, 'total_energy': 1.00667257537137}
2026-06-10T10:17:39+12:00 scalar diagnostics {'step': 259, 'time': 13.020466069901504, 'dt': 0.04942002261327667, 'total_energy': 0.984864775836843}
2026-06-10T10:17:40+12:00 scalar diagnostics {'step': 264, 'time': 13.268766659658157, 'dt': 0.05057483867502603, 'total_energy': 0.9710605339273911}
2026-06-10T10:17:41+12:00 scalar diagnostics {'step': 269, 'time': 13.523175722883382, 'dt': 0.05050695220526829, 'total_energy': 0.9591721713176569}
2026-06-10T10:17:42+12:00 scalar diagnostics {'step': 274, 'time': 13.77730970901041, 'dt': 0.051385320762428764, 'total_energy': 0.95729576741555}
2026-06-10T10:17:42+12:00 scalar diagnostics {'step': 279, 'time': 14.03831608381226, 'dt': 0.05256547007705185, 'total_energy': 0.9651685324216058}
2026-06-10T10:17:43+12:00 scalar diagnostics {'step': 283, 'time': 14.250438526640485, 'dt': 0.05279239374636927, 'total_energy': 0.9651615855928328}
2026-06-10T10:17:44+12:00 scalar diagnostics {'step': 288, 'time': 14.506124002394904, 'dt': 0.05058523669973179, 'total_energy': 0.9675555779840562}
2026-06-10T10:17:45+12:00 scalar diagnostics {'step': 293, 'time': 14.756983561604525, 'dt': 0.05037761427368069, 'total_energy': 0.9572555056440955}
2026-06-10T10:17:46+12:00 scalar diagnostics {'step': 298, 'time': 15.016498724969063, 'dt': 0.052932822691743, 'total_energy': 0.9592705142463347}
2026-06-10T10:17:46+12:00 progress {'step': 300, 'time': 15.123533730277702, 'dt': 0.053694562838605166}
2026-06-10T10:17:46+12:00 scalar diagnostics {'step': 303, 'time': 15.28644258658893, 'dt': 0.05458761976664886, 'total_energy': 0.9711630047638484}
2026-06-10T10:17:47+12:00 scalar diagnostics {'step': 307, 'time': 15.505660902309973, 'dt': 0.05478205051966156, 'total_energy': 0.9513366932396935}
2026-06-10T10:17:48+12:00 scalar diagnostics {'step': 312, 'time': 15.777935744856283, 'dt': 0.05412810091066717, 'total_energy': 0.942411441865725}
2026-06-10T10:17:48+12:00 scalar diagnostics {'step': 317, 'time': 16.0496351816393, 'dt': 0.054857514903889806, 'total_energy': 0.9590695925157663}
2026-06-10T10:17:49+12:00 scalar diagnostics {'step': 321, 'time': 16.271986605848106, 'dt': 0.055700422601729124, 'total_energy': 0.9661166457737869}
2026-06-10T10:17:50+12:00 scalar diagnostics {'step': 326, 'time': 16.547255412896337, 'dt': 0.05439811197134154, 'total_energy': 0.9804009253251047}
2026-06-10T10:17:50+12:00 scalar diagnostics {'step': 330, 'time': 16.76204426389015, 'dt': 0.053376858311809036, 'total_energy': 0.9702625958115919}
2026-06-10T10:17:51+12:00 scalar diagnostics {'step': 335, 'time': 17.028593736573207, 'dt': 0.05330016771267666, 'total_energy': 0.9571382400436428}
2026-06-10T10:17:52+12:00 scalar diagnostics {'step': 340, 'time': 17.297042952817204, 'dt': 0.054176855479018286, 'total_energy': 0.9540341544258928}
2026-06-10T10:17:52+12:00 scalar diagnostics {'step': 344, 'time': 17.51698602676581, 'dt': 0.055374347604660326, 'total_energy': 0.9578466814747585}
2026-06-10T10:17:53+12:00 scalar diagnostics {'step': 349, 'time': 17.790645223245008, 'dt': 0.054014691283283955, 'total_energy': 0.9790831922918259}
2026-06-10T10:17:54+12:00 scalar diagnostics {'step': 353, 'time': 18.00435919823387, 'dt': 0.0533221648366992, 'total_energy': 0.9677200199630226}
2026-06-10T10:17:55+12:00 scalar diagnostics {'step': 358, 'time': 18.2670414859989, 'dt': 0.05191537631836178, 'total_energy': 0.9656695549608869}
2026-06-10T10:17:56+12:00 scalar diagnostics {'step': 363, 'time': 18.526374682486587, 'dt': 0.05214501809620893, 'total_energy': 0.9730804874155229}
2026-06-10T10:17:56+12:00 scalar diagnostics {'step': 368, 'time': 18.79483889837123, 'dt': 0.05508972052343351, 'total_energy': 0.9685008412099755}
2026-06-10T10:17:57+12:00 scalar diagnostics {'step': 372, 'time': 19.022409401443493, 'dt': 0.05768644368544715, 'total_energy': 0.9750421598498573}
2026-06-10T10:17:58+12:00 scalar diagnostics {'step': 376, 'time': 19.25291176259002, 'dt': 0.05727076296098897, 'total_energy': 0.958387333647647}
2026-06-10T10:17:58+12:00 scalar diagnostics {'step': 381, 'time': 19.528231469045497, 'dt': 0.05323877426066623, 'total_energy': 0.95835703874895}
2026-06-10T10:17:59+12:00 scalar diagnostics {'step': 386, 'time': 19.785161173893393, 'dt': 0.050685977471709984, 'total_energy': 0.9645793180180483}
2026-06-10T10:18:00+12:00 scalar diagnostics {'step': 391, 'time': 20.040639958600362, 'dt': 0.051792374962813546, 'total_energy': 0.9684537342290411}
2026-06-10T10:18:01+12:00 scalar diagnostics {'step': 395, 'time': 20.254002480392366, 'dt': 0.054358376274556475, 'total_energy': 0.9822618991863401}
2026-06-10T10:18:02+12:00 progress {'step': 400, 'time': 20.532381330716277, 'dt': 0.05607858949249631}
2026-06-10T10:18:02+12:00 scalar diagnostics {'step': 400, 'time': 20.532381330716277, 'dt': 0.05607858949249631, 'total_energy': 0.9753176240159003}
2026-06-10T10:18:02+12:00 scalar diagnostics {'step': 404, 'time': 20.754034760173578, 'dt': 0.05464578658295328, 'total_energy': 0.9767753593455939}
2026-06-10T10:18:03+12:00 scalar diagnostics {'step': 409, 'time': 21.021246353884678, 'dt': 0.052900952038193415, 'total_energy': 0.9665444886621577}
2026-06-10T10:18:04+12:00 scalar diagnostics {'step': 414, 'time': 21.28416983654378, 'dt': 0.052743001390554343, 'total_energy': 0.9629895763968502}
2026-06-10T10:18:05+12:00 scalar diagnostics {'step': 419, 'time': 21.552718001382406, 'dt': 0.05441194563016358, 'total_energy': 0.9778637447471725}
2026-06-10T10:18:05+12:00 scalar diagnostics {'step': 423, 'time': 21.771961094613967, 'dt': 0.05501258172170341, 'total_energy': 0.9783115976525459}
2026-06-10T10:18:06+12:00 scalar diagnostics {'step': 428, 'time': 22.046086483532132, 'dt': 0.05468608521244617, 'total_energy': 0.9912671384325733}
2026-06-10T10:18:07+12:00 scalar diagnostics {'step': 432, 'time': 22.264384079554038, 'dt': 0.05455337656671206, 'total_energy': 0.9846136901791264}
2026-06-10T10:18:08+12:00 scalar diagnostics {'step': 437, 'time': 22.53927792709722, 'dt': 0.05535349769841482, 'total_energy': 0.9814073645068362}
2026-06-10T10:18:09+12:00 scalar diagnostics {'step': 441, 'time': 22.763122313457494, 'dt': 0.05630297250632942, 'total_energy': 0.9942472394270194}
2026-06-10T10:18:10+12:00 scalar diagnostics {'step': 446, 'time': 23.045065154548954, 'dt': 0.05610341389347148, 'total_energy': 0.9953777107897659}
2026-06-10T10:18:11+12:00 scalar diagnostics {'step': 450, 'time': 23.265343537401154, 'dt': 0.05436129499158825, 'total_energy': 0.9996138284408282}
2026-06-10T10:18:12+12:00 scalar diagnostics {'step': 455, 'time': 23.531770616007694, 'dt': 0.05288675032402489, 'total_energy': 1.0004652835876326}
2026-06-10T10:18:13+12:00 scalar diagnostics {'step': 460, 'time': 23.799799911644207, 'dt': 0.054436857439900205, 'total_energy': 1.0093247248978034}
2026-06-10T10:18:14+12:00 scalar diagnostics {'step': 464, 'time': 24.022299855567276, 'dt': 0.056167551620879115, 'total_energy': 1.014759101946893}
2026-06-10T10:18:15+12:00 scalar diagnostics {'step': 469, 'time': 24.300824997228425, 'dt': 0.05484579279160704, 'total_energy': 1.0080419130030933}
2026-06-10T10:18:16+12:00 scalar diagnostics {'step': 473, 'time': 24.51434174406595, 'dt': 0.05258836714268445, 'total_energy': 1.012497521869037}
2026-06-10T10:18:17+12:00 scalar diagnostics {'step': 478, 'time': 24.774317145881234, 'dt': 0.052035320976685694, 'total_energy': 1.013488709832338}
2026-06-10T10:18:18+12:00 scalar diagnostics {'step': 483, 'time': 25.040553765211747, 'dt': 0.05434225197641946, 'total_energy': 1.0235693852362489}
2026-06-10T10:18:19+12:00 scalar diagnostics {'step': 487, 'time': 25.262104442475316, 'dt': 0.05549576748605431, 'total_energy': 1.0396254436868082}
2026-06-10T10:18:21+12:00 scalar diagnostics {'step': 492, 'time': 25.538104305977523, 'dt': 0.05493643095259117, 'total_energy': 1.0356974318300864}
2026-06-10T10:18:21+12:00 scalar diagnostics {'step': 496, 'time': 25.756655292327984, 'dt': 0.05445943647686987, 'total_energy': 1.035416246700251}
2026-06-10T10:18:22+12:00 progress {'step': 500, 'time': 25.97130205458814, 'dt': 0.053263311949025}
2026-06-10T10:18:23+12:00 scalar diagnostics {'step': 501, 'time': 26.024537046127783, 'dt': 0.05323499153964303, 'total_energy': 1.0345630520888234}
2026-06-10T10:18:24+12:00 scalar diagnostics {'step': 506, 'time': 26.294365792731195, 'dt': 0.05468668617357484, 'total_energy': 1.0335964135341926}
2026-06-10T10:18:25+12:00 scalar diagnostics {'step': 510, 'time': 26.51529329871819, 'dt': 0.05528845189029055, 'total_energy': 1.045764546537658}
2026-06-10T10:18:26+12:00 scalar diagnostics {'step': 515, 'time': 26.786297589573923, 'dt': 0.05322273350149429, 'total_energy': 1.0498383783667493}
2026-06-10T10:18:27+12:00 scalar diagnostics {'step': 520, 'time': 27.04613939382866, 'dt': 0.05141230105642362, 'total_energy': 1.0549593618442397}
2026-06-10T10:18:28+12:00 scalar diagnostics {'step': 524, 'time': 27.252885367264028, 'dt': 0.052156944760832706, 'total_energy': 1.0532627082622947}
2026-06-10T10:18:29+12:00 scalar diagnostics {'step': 529, 'time': 27.524431284430268, 'dt': 0.05599762393450322, 'total_energy': 1.0474069284019305}
2026-06-10T10:18:30+12:00 scalar diagnostics {'step': 533, 'time': 27.75346407007636, 'dt': 0.05729960228160501, 'total_energy': 1.0526505937716986}
2026-06-10T10:18:32+12:00 scalar diagnostics {'step': 538, 'time': 28.033868057008696, 'dt': 0.05450972372685374, 'total_energy': 1.0513826979367873}
2026-06-10T10:18:33+12:00 scalar diagnostics {'step': 543, 'time': 28.29596511609792, 'dt': 0.051448019576008246, 'total_energy': 1.068499894387948}
2026-06-10T10:18:34+12:00 scalar diagnostics {'step': 547, 'time': 28.501056785969848, 'dt': 0.051473197657437984, 'total_energy': 1.0681044441912402}
2026-06-10T10:18:35+12:00 scalar diagnostics {'step': 552, 'time': 28.766045614697838, 'dt': 0.05431202265070163, 'total_energy': 1.0523870082063613}
2026-06-10T10:18:36+12:00 scalar diagnostics {'step': 557, 'time': 29.046999511777116, 'dt': 0.057049774000121324, 'total_energy': 1.0573049115129383}
2026-06-10T10:18:37+12:00 scalar diagnostics {'step': 561, 'time': 29.274323540843596, 'dt': 0.05635681317474872, 'total_energy': 1.0561414959205777}
2026-06-10T10:18:38+12:00 scalar diagnostics {'step': 566, 'time': 29.547458761867155, 'dt': 0.05353458241444714, 'total_energy': 1.0701406386995929}
2026-06-10T10:18:39+12:00 scalar diagnostics {'step': 570, 'time': 29.759555793592785, 'dt': 0.05299405190019729, 'total_energy': 1.0723348477808987}
2026-06-10T10:18:40+12:00 scalar diagnostics {'step': 575, 'time': 30.02902000816432, 'dt': 0.054635551381979834, 'total_energy': 1.0695696851611483}
2026-06-10T10:18:41+12:00 scalar diagnostics {'step': 579, 'time': 30.250439321062068, 'dt': 0.055619167413222675, 'total_energy': 1.0715248520224065}
2026-06-10T10:18:41+12:00 scalar diagnostics {'step': 584, 'time': 30.526341891192804, 'dt': 0.05461947033848569, 'total_energy': 1.0620223009695313}
2026-06-10T10:18:42+12:00 scalar diagnostics {'step': 589, 'time': 30.79539612627142, 'dt': 0.05349156939300602, 'total_energy': 1.0758806762192359}
2026-06-10T10:18:43+12:00 scalar diagnostics {'step': 593, 'time': 31.01081714272896, 'dt': 0.05429112121317706, 'total_energy': 1.0770387014032967}
2026-06-10T10:18:44+12:00 scalar diagnostics {'step': 598, 'time': 31.28916970992746, 'dt': 0.05656655474814786, 'total_energy': 1.0780604267341336}
2026-06-10T10:18:44+12:00 progress {'step': 600, 'time': 31.40300482023923, 'dt': 0.05698338937951219}
2026-06-10T10:18:45+12:00 scalar diagnostics {'step': 602, 'time': 31.51668588306145, 'dt': 0.05673721363085424, 'total_energy': 1.0846476892094064}
2026-06-10T10:18:46+12:00 scalar diagnostics {'step': 607, 'time': 31.793274229473315, 'dt': 0.054199059276706534, 'total_energy': 1.076855933996138}
2026-06-10T10:18:47+12:00 scalar diagnostics {'step': 611, 'time': 32.006261399970334, 'dt': 0.05290560064507278, 'total_energy': 1.083273279429655}
2026-06-10T10:18:48+12:00 scalar diagnostics {'step': 616, 'time': 32.273426373131066, 'dt': 0.054219078375788925, 'total_energy': 1.0828687481028636}
2026-06-10T10:18:49+12:00 scalar diagnostics {'step': 621, 'time': 32.553700862212565, 'dt': 0.05699609485900158, 'total_energy': 1.0879535269490574}
2026-06-10T10:18:50+12:00 scalar diagnostics {'step': 625, 'time': 32.784572589785675, 'dt': 0.0577456280026435, 'total_energy': 1.098526808192196}
2026-06-10T10:18:50+12:00 scalar diagnostics {'step': 629, 'time': 33.01086705099099, 'dt': 0.055705677380139026, 'total_energy': 1.0978888236476525}
2026-06-10T10:18:51+12:00 scalar diagnostics {'step': 634, 'time': 33.28197926314285, 'dt': 0.053543438455437145, 'total_energy': 1.103863163330783}
2026-06-10T10:18:52+12:00 scalar diagnostics {'step': 639, 'time': 33.5507538423795, 'dt': 0.05428100077154641, 'total_energy': 1.102340454606726}
2026-06-10T10:18:53+12:00 scalar diagnostics {'step': 643, 'time': 33.772359443128614, 'dt': 0.05607540022409587, 'total_energy': 1.1035697735821515}
2026-06-10T10:18:54+12:00 scalar diagnostics {'step': 648, 'time': 34.056393683341376, 'dt': 0.05696379666791494, 'total_energy': 1.1047543645240605}
2026-06-10T10:18:55+12:00 scalar diagnostics {'step': 652, 'time': 34.282476962199205, 'dt': 0.056145096362446814, 'total_energy': 1.1048123353503934}
2026-06-10T10:18:56+12:00 scalar diagnostics {'step': 656, 'time': 34.50427525690815, 'dt': 0.05508471908747009, 'total_energy': 1.1163597976305084}
2026-06-10T10:18:57+12:00 scalar diagnostics {'step': 661, 'time': 34.77889926016559, 'dt': 0.05507886111062767, 'total_energy': 1.1233306303766146}
2026-06-10T10:18:58+12:00 scalar diagnostics {'step': 665, 'time': 35.00144831888291, 'dt': 0.055969420748897845, 'total_energy': 1.12849641125299}
2026-06-10T10:18:59+12:00 scalar diagnostics {'step': 670, 'time': 35.28134089119729, 'dt': 0.055651535865518104, 'total_energy': 1.130149967376419}
2026-06-10T10:19:00+12:00 scalar diagnostics {'step': 674, 'time': 35.501375393508276, 'dt': 0.05467142119316794, 'total_energy': 1.1175085940843912}
2026-06-10T10:19:02+12:00 scalar diagnostics {'step': 679, 'time': 35.773953033120215, 'dt': 0.05458272265595407, 'total_energy': 1.1243962658612932}
2026-06-10T10:19:03+12:00 scalar diagnostics {'step': 684, 'time': 36.04952082117767, 'dt': 0.05562949266525554, 'total_energy': 1.1430501076610948}
2026-06-10T10:19:04+12:00 scalar diagnostics {'step': 688, 'time': 36.27477042107523, 'dt': 0.05662220895118741, 'total_energy': 1.1481034770512546}
2026-06-10T10:19:05+12:00 scalar diagnostics {'step': 692, 'time': 36.500582627860446, 'dt': 0.056122385723605964, 'total_energy': 1.143980087908852}
2026-06-10T10:19:06+12:00 scalar diagnostics {'step': 697, 'time': 36.77532476035676, 'dt': 0.0541832031119058, 'total_energy': 1.130549598732009}
2026-06-10T10:19:06+12:00 progress {'step': 700, 'time': 36.93652231550416, 'dt': 0.05359304334887059}
2026-06-10T10:19:07+12:00 scalar diagnostics {'step': 702, 'time': 37.043766376821836, 'dt': 0.05366431774070869, 'total_energy': 1.1356761955766004}
2026-06-10T10:19:08+12:00 scalar diagnostics {'step': 706, 'time': 37.26111846551577, 'dt': 0.054908562481262725, 'total_energy': 1.1417130107765914}
2026-06-10T10:19:09+12:00 scalar diagnostics {'step': 711, 'time': 37.54177295919046, 'dt': 0.056712763293661886, 'total_energy': 1.1521069081737583}
2026-06-10T10:19:10+12:00 scalar diagnostics {'step': 715, 'time': 37.77014662470539, 'dt': 0.05720843032381449, 'total_energy': 1.1547253639168589}
2026-06-10T10:19:11+12:00 scalar diagnostics {'step': 720, 'time': 38.05488151671409, 'dt': 0.05664632369422606, 'total_energy': 1.138872963258183}
2026-06-10T10:19:11+12:00 scalar diagnostics {'step': 724, 'time': 38.2798238546337, 'dt': 0.05602776785478137, 'total_energy': 1.1467458119179061}
2026-06-10T10:19:12+12:00 scalar diagnostics {'step': 728, 'time': 38.50341343234071, 'dt': 0.05590340634974486, 'total_energy': 1.1564014687073376}
2026-06-10T10:19:13+12:00 scalar diagnostics {'step': 733, 'time': 38.78408041929765, 'dt': 0.056248208108182984, 'total_energy': 1.1595428798795142}
2026-06-10T10:19:13+12:00 scalar diagnostics {'step': 737, 'time': 39.0096225505191, 'dt': 0.05647325470652739, 'total_energy': 1.1581601739084113}
2026-06-10T10:19:14+12:00 scalar diagnostics {'step': 742, 'time': 39.29238118283548, 'dt': 0.056523392403925836, 'total_energy': 1.144280036707562}
2026-06-10T10:19:15+12:00 scalar diagnostics {'step': 746, 'time': 39.5173228783676, 'dt': 0.05598757432592073, 'total_energy': 1.1501736974959482}
2026-06-10T10:19:16+12:00 scalar diagnostics {'step': 751, 'time': 39.79577079937324, 'dt': 0.05562642111410956, 'total_energy': 1.159220903808003}
2026-06-10T10:19:16+12:00 scalar diagnostics {'step': 755, 'time': 40.01999988126647, 'dt': 0.05640451100902235, 'total_energy': 1.1701867114858795}
2026-06-10T10:19:17+12:00 scalar diagnostics {'step': 760, 'time': 40.30419639907963, 'dt': 0.05692172895033267, 'total_energy': 1.1718538828678648}
2026-06-10T10:19:18+12:00 scalar diagnostics {'step': 764, 'time': 40.529904669367674, 'dt': 0.05601908368145911, 'total_energy': 1.1557247659261767}
2026-06-10T10:19:18+12:00 scalar diagnostics {'step': 768, 'time': 40.751288991080585, 'dt': 0.05502501065279036, 'total_energy': 1.1563547874690703}
2026-06-10T10:19:19+12:00 scalar diagnostics {'step': 773, 'time': 41.02611865291102, 'dt': 0.0551414706094148, 'total_energy': 1.1624104739698928}
2026-06-10T10:19:20+12:00 scalar diagnostics {'step': 778, 'time': 41.306942618700944, 'dt': 0.057001805712801897, 'total_energy': 1.1771952573664506}
2026-06-10T10:19:20+12:00 scalar diagnostics {'step': 782, 'time': 41.53776506526968, 'dt': 0.05771208490116553, 'total_energy': 1.180400279637798}
2026-06-10T10:19:21+12:00 scalar diagnostics {'step': 786, 'time': 41.76724634531911, 'dt': 0.05692966036897637, 'total_energy': 1.1692385761850352}
2026-06-10T10:19:21+12:00 scalar diagnostics {'step': 791, 'time': 42.0443072111031, 'dt': 0.05452174258471836, 'total_energy': 1.173267079152647}
2026-06-10T10:19:22+12:00 scalar diagnostics {'step': 795, 'time': 42.26082986184192, 'dt': 0.054136690047743644, 'total_energy': 1.1756568152967588}
2026-06-10T10:19:23+12:00 progress {'step': 800, 'time': 42.53653947245533, 'dt': 0.05608143325641966}
2026-06-10T10:19:23+12:00 scalar diagnostics {'step': 800, 'time': 42.53653947245533, 'dt': 0.05608143325641966, 'total_energy': 1.1864624383057862}
2026-06-10T10:19:23+12:00 scalar diagnostics {'step': 804, 'time': 42.76588018031425, 'dt': 0.05797825335274044, 'total_energy': 1.1915455976948965}
2026-06-10T10:19:24+12:00 scalar diagnostics {'step': 809, 'time': 43.05693449401068, 'dt': 0.05794962916594702, 'total_energy': 1.1777208453700194}
2026-06-10T10:19:24+12:00 scalar diagnostics {'step': 813, 'time': 43.285233794594596, 'dt': 0.05652996357468513, 'total_energy': 1.179960302622879}
2026-06-10T10:19:25+12:00 scalar diagnostics {'step': 817, 'time': 43.50891036556756, 'dt': 0.055693387876364936, 'total_energy': 1.189507360136818}
2026-06-10T10:19:26+12:00 scalar diagnostics {'step': 822, 'time': 43.788398219767046, 'dt': 0.05623630870360872, 'total_energy': 1.2066658047559473}
2026-06-10T10:19:26+12:00 scalar diagnostics {'step': 826, 'time': 44.015850829732486, 'dt': 0.057224225518217896, 'total_energy': 1.206147033332793}
2026-06-10T10:19:27+12:00 scalar diagnostics {'step': 831, 'time': 44.303423592607444, 'dt': 0.05748681731755571, 'total_energy': 1.1883416015394799}
2026-06-10T10:19:28+12:00 scalar diagnostics {'step': 835, 'time': 44.53168300626766, 'dt': 0.05676557831992578, 'total_energy': 1.1894856121921784}
2026-06-10T10:19:28+12:00 scalar diagnostics {'step': 839, 'time': 44.757133233768045, 'dt': 0.05619606659962253, 'total_energy': 1.195199604910925}
2026-06-10T10:19:29+12:00 scalar diagnostics {'step': 844, 'time': 45.038525774122164, 'dt': 0.05645750421899084, 'total_energy': 1.2147131862417682}
2026-06-10T10:19:29+12:00 scalar diagnostics {'step': 848, 'time': 45.265320055642505, 'dt': 0.05678030817156519, 'total_energy': 1.2278646485596396}
2026-06-10T10:19:30+12:00 scalar diagnostics {'step': 853, 'time': 45.54773094259527, 'dt': 0.05613812928902951, 'total_energy': 1.2128550822183835}
2026-06-10T10:19:31+12:00 scalar diagnostics {'step': 857, 'time': 45.7704657273921, 'dt': 0.05546882522411338, 'total_energy': 1.2023684041440847}
2026-06-10T10:19:31+12:00 scalar diagnostics {'step': 862, 'time': 46.04869346854194, 'dt': 0.05602250480365871, 'total_energy': 1.2037866707191256}
2026-06-10T10:19:32+12:00 scalar diagnostics {'step': 866, 'time': 46.27617130216252, 'dt': 0.057386475513046147, 'total_energy': 1.2161045295615982}
2026-06-10T10:19:32+12:00 scalar diagnostics {'step': 870, 'time': 46.50733220244373, 'dt': 0.05779700606173579, 'total_energy': 1.2260374421879683}
2026-06-10T10:19:33+12:00 scalar diagnostics {'step': 875, 'time': 46.79118902133002, 'dt': 0.055853447827790115, 'total_energy': 1.2216128137978828}
2026-06-10T10:19:34+12:00 scalar diagnostics {'step': 879, 'time': 47.010128284274586, 'dt': 0.05426503843934432, 'total_energy': 1.2220724107188827}
2026-06-10T10:19:35+12:00 scalar diagnostics {'step': 884, 'time': 47.282236660127815, 'dt': 0.054947743993957326, 'total_energy': 1.2184203494795076}
2026-06-10T10:19:35+12:00 scalar diagnostics {'step': 888, 'time': 47.507111288451895, 'dt': 0.05702710093689027, 'total_energy': 1.2212618267179214}
2026-06-10T10:19:36+12:00 scalar diagnostics {'step': 893, 'time': 47.79554832521569, 'dt': 0.0578704945111353, 'total_energy': 1.2316379385685048}
2026-06-10T10:19:37+12:00 scalar diagnostics {'step': 897, 'time': 48.02573464180715, 'dt': 0.05696662828149722, 'total_energy': 1.2272663566216713}
2026-06-10T10:19:37+12:00 progress {'step': 900, 'time': 48.193972849932635, 'dt': 0.05568053760861632}
2026-06-10T10:19:38+12:00 scalar diagnostics {'step': 902, 'time': 48.30455789902185, 'dt': 0.05519764529411434, 'total_energy': 1.229821576305036}
2026-06-10T10:19:39+12:00 scalar diagnostics {'step': 906, 'time': 48.52574821449798, 'dt': 0.05558026075013758, 'total_energy': 1.231246349695429}
2026-06-10T10:19:39+12:00 scalar diagnostics {'step': 910, 'time': 48.751770447078115, 'dt': 0.05712269082836122, 'total_energy': 1.2350273096573998}
2026-06-10T10:19:40+12:00 scalar diagnostics {'step': 915, 'time': 49.04121434309596, 'dt': 0.05804419194298664, 'total_energy': 1.2380179832671614}
2026-06-10T10:19:41+12:00 scalar diagnostics {'step': 919, 'time': 49.27099631685692, 'dt': 0.05696342458687096, 'total_energy': 1.2294365624073151}
2026-06-10T10:19:42+12:00 scalar diagnostics {'step': 924, 'time': 49.55202073581554, 'dt': 0.055952805939976445, 'total_energy': 1.2316907198985256}
2026-06-10T10:19:42+12:00 scalar diagnostics {'step': 928, 'time': 49.77747411901675, 'dt': 0.0567861803769527, 'total_energy': 1.2345278724779434}
2026-06-10T10:19:43+12:00 scalar diagnostics {'step': 932, 'time': 50.00858023094562, 'dt': 0.058354941267625464, 'total_energy': 1.2434238064400858}
2026-06-10T10:19:43+12:00 scalar diagnostics {'step': 937, 'time': 50.30188469372701, 'dt': 0.058382732069011255, 'total_energy': 1.2536648649537285}
2026-06-10T10:19:44+12:00 scalar diagnostics {'step': 941, 'time': 50.531240443870175, 'dt': 0.056657984444901964, 'total_energy': 1.2480226178435407}
2026-06-10T10:19:45+12:00 scalar diagnostics {'step': 945, 'time': 50.754416380331385, 'dt': 0.055487716521937125, 'total_energy': 1.2449086580426456}
2026-06-10T10:19:45+12:00 scalar diagnostics {'step': 950, 'time': 51.03456817820403, 'dt': 0.05678535563609823, 'total_energy': 1.2404900450438685}
2026-06-10T10:19:46+12:00 scalar diagnostics {'step': 954, 'time': 51.26416054998986, 'dt': 0.057613465848285104, 'total_energy': 1.2501903671254513}
2026-06-10T10:19:47+12:00 scalar diagnostics {'step': 959, 'time': 51.555830531407715, 'dt': 0.05857070222819054, 'total_energy': 1.262832476931611}
2026-06-10T10:19:47+12:00 scalar diagnostics {'step': 963, 'time': 51.78448740404451, 'dt': 0.05627922465794439, 'total_energy': 1.259257741530962}
2026-06-10T10:19:48+12:00 scalar diagnostics {'step': 967, 'time': 52.00537397035484, 'dt': 0.05475452619987863, 'total_energy': 1.259733912890857}
2026-06-10T10:19:49+12:00 scalar diagnostics {'step': 972, 'time': 52.279869050446635, 'dt': 0.055371632101078413, 'total_energy': 1.2567204965054135}
2026-06-10T10:19:49+12:00 scalar diagnostics {'step': 976, 'time': 52.505737374715224, 'dt': 0.05716330984226125, 'total_energy': 1.259522398409234}
2026-06-10T10:19:50+12:00 scalar diagnostics {'step': 981, 'time': 52.79554373728021, 'dt': 0.05846750694619699, 'total_energy': 1.2685441387412308}
2026-06-10T10:19:51+12:00 scalar diagnostics {'step': 985, 'time': 53.028457107285355, 'dt': 0.05797201340215722, 'total_energy': 1.2706712642520537}
2026-06-10T10:19:51+12:00 scalar diagnostics {'step': 989, 'time': 53.258149636252845, 'dt': 0.057166163970153394, 'total_energy': 1.2720393682291071}
2026-06-10T10:19:52+12:00 scalar diagnostics {'step': 994, 'time': 53.54389137299153, 'dt': 0.057313707495917146, 'total_energy': 1.2675176402815382}
2026-06-10T10:19:52+12:00 scalar diagnostics {'step': 998, 'time': 53.77391553801158, 'dt': 0.057378617001334065, 'total_energy': 1.2727367523625495}
2026-06-10T10:19:53+12:00 progress {'step': 1000, 'time': 53.88829815595499, 'dt': 0.057136172709840755}
2026-06-10T10:19:53+12:00 scalar diagnostics {'step': 1002, 'time': 54.00234314979655, 'dt': 0.05699382865571944, 'total_energy': 1.2767645275485782}
2026-06-10T10:19:54+12:00 scalar diagnostics {'step': 1007, 'time': 54.28745985190267, 'dt': 0.05709251095035729, 'total_energy': 1.2720957300635782}
2026-06-10T10:19:54+12:00 scalar diagnostics {'step': 1011, 'time': 54.51508314407331, 'dt': 0.0569293550486047, 'total_energy': 1.2773759222545598}
2026-06-10T10:19:55+12:00 scalar diagnostics {'step': 1016, 'time': 54.802756839447, 'dt': 0.05809917609357116, 'total_energy': 1.2811330242127636}
2026-06-10T10:19:56+12:00 scalar diagnostics {'step': 1020, 'time': 55.03762948014169, 'dt': 0.05891010160598985, 'total_energy': 1.2839418422147715}
2026-06-10T10:19:56+12:00 scalar diagnostics {'step': 1024, 'time': 55.271995620059684, 'dt': 0.05833202343253674, 'total_energy': 1.285238770286142}
2026-06-10T10:19:57+12:00 scalar diagnostics {'step': 1028, 'time': 55.502719974952655, 'dt': 0.05716701077354498, 'total_energy': 1.2807647755045088}
2026-06-10T10:19:58+12:00 scalar diagnostics {'step': 1033, 'time': 55.78493418411808, 'dt': 0.05619236300571033, 'total_energy': 1.2816895138021116}
2026-06-10T10:19:58+12:00 scalar diagnostics {'step': 1037, 'time': 56.010696980739105, 'dt': 0.05671848887038792, 'total_energy': 1.2834798589186787}
2026-06-10T10:19:59+12:00 scalar diagnostics {'step': 1042, 'time': 56.29850550065951, 'dt': 0.05812400149626475, 'total_energy': 1.2906391539122317}
2026-06-10T10:20:00+12:00 scalar diagnostics {'step': 1046, 'time': 56.53264701816087, 'dt': 0.05865625341237159, 'total_energy': 1.2922322396112138}
2026-06-10T10:20:00+12:00 scalar diagnostics {'step': 1050, 'time': 56.766189753058164, 'dt': 0.05809028072188403, 'total_energy': 1.2874325334151688}
2026-06-10T10:20:01+12:00 scalar diagnostics {'step': 1055, 'time': 57.05197962433938, 'dt': 0.05651819701717327, 'total_energy': 1.2917032419254946}
2026-06-10T10:20:01+12:00 scalar diagnostics {'step': 1059, 'time': 57.275973064539535, 'dt': 0.05581412929315479, 'total_energy': 1.292614936569819}
2026-06-10T10:20:02+12:00 scalar diagnostics {'step': 1064, 'time': 57.556243657949366, 'dt': 0.056394091747969874, 'total_energy': 1.2961008986098914}
2026-06-10T10:20:03+12:00 scalar diagnostics {'step': 1068, 'time': 57.78403394637241, 'dt': 0.05725028923495518, 'total_energy': 1.2965877222315303}
2026-06-10T10:20:03+12:00 scalar diagnostics {'step': 1072, 'time': 58.014055111894585, 'dt': 0.057567979028632206, 'total_energy': 1.2919191446483889}
2026-06-10T10:20:04+12:00 scalar diagnostics {'step': 1077, 'time': 58.30087133881477, 'dt': 0.05715279077276432, 'total_energy': 1.2982138264798415}
2026-06-10T10:20:05+12:00 scalar diagnostics {'step': 1081, 'time': 58.52850366813202, 'dt': 0.05680193326106411, 'total_energy': 1.3005141501562167}
2026-06-10T10:20:06+12:00 scalar diagnostics {'step': 1085, 'time': 58.75568042468588, 'dt': 0.05682931332464105, 'total_energy': 1.3028031484904765}
2026-06-10T10:20:06+12:00 scalar diagnostics {'step': 1090, 'time': 59.04023420621438, 'dt': 0.05692791763272356, 'total_energy': 1.3017466476391468}
2026-06-10T10:20:07+12:00 scalar diagnostics {'step': 1094, 'time': 59.26768103767272, 'dt': 0.05681362520723447, 'total_energy': 1.2945508298609676}
2026-06-10T10:20:08+12:00 scalar diagnostics {'step': 1099, 'time': 59.55176184699774, 'dt': 0.05689172321282453, 'total_energy': 1.2991003847807665}
2026-06-10T10:20:08+12:00 progress {'step': 1100, 'time': 59.6087491782718, 'dt': 0.05698733127405918}
2026-06-10T10:20:09+12:00 scalar diagnostics {'step': 1103, 'time': 59.780584001012166, 'dt': 0.0574501540262605, 'total_energy': 1.3041478939692166}
2026-06-10T10:20:09+12:00 scalar diagnostics {'step': 1107, 'time': 60.01228335332368, 'dt': 0.05818449066724334, 'total_energy': 1.3123748589873565}
2026-06-10T10:20:10+12:00 scalar diagnostics {'step': 1112, 'time': 60.303659955587264, 'dt': 0.058121145107597555, 'total_energy': 1.3140005619577333}
2026-06-10T10:20:11+12:00 scalar diagnostics {'step': 1116, 'time': 60.53386886237482, 'dt': 0.05716651463521676, 'total_energy': 1.30787461387481}
2026-06-10T10:20:11+12:00 scalar diagnostics {'step': 1120, 'time': 60.76037718666554, 'dt': 0.05638363798178034, 'total_energy': 1.3100049404841867}
2026-06-10T10:20:12+12:00 scalar diagnostics {'step': 1125, 'time': 61.04242412747252, 'dt': 0.05662709043435466, 'total_energy': 1.3097561971632388}
2026-06-10T10:20:13+12:00 scalar diagnostics {'step': 1129, 'time': 61.27140303646016, 'dt': 0.057663698871919446, 'total_energy': 1.3143436754113378}
2026-06-10T10:20:14+12:00 scalar diagnostics {'step': 1133, 'time': 61.5044413511865, 'dt': 0.05851937920632688, 'total_energy': 1.318445030678257}
2026-06-10T10:20:14+12:00 scalar diagnostics {'step': 1138, 'time': 61.796136931769226, 'dt': 0.05795478836275266, 'total_energy': 1.3154761472162657}
2026-06-10T10:20:15+12:00 scalar diagnostics {'step': 1142, 'time': 62.02477272140005, 'dt': 0.05668122413140878, 'total_energy': 1.3207413828233319}
2026-06-10T10:20:16+12:00 scalar diagnostics {'step': 1147, 'time': 62.30546931393109, 'dt': 0.05601236122347889, 'total_energy': 1.3254372254105458}
2026-06-10T10:20:16+12:00 scalar diagnostics {'step': 1151, 'time': 62.53105959086261, 'dt': 0.05674492026638037, 'total_energy': 1.3290250481345616}
2026-06-10T10:20:17+12:00 scalar diagnostics {'step': 1155, 'time': 62.760831755730216, 'dt': 0.05781997600105958, 'total_energy': 1.3257355067728593}
2026-06-10T10:20:18+12:00 scalar diagnostics {'step': 1160, 'time': 63.050781864451764, 'dt': 0.057845884765781945, 'total_energy': 1.3191332367106519}
2026-06-10T10:20:18+12:00 scalar diagnostics {'step': 1164, 'time': 63.28009886620253, 'dt': 0.057012023793208425, 'total_energy': 1.3262614231617476}
2026-06-10T10:20:19+12:00 scalar diagnostics {'step': 1168, 'time': 63.506986065235665, 'dt': 0.056656250558335466, 'total_energy': 1.3333072509592596}
2026-06-10T10:20:20+12:00 scalar diagnostics {'step': 1173, 'time': 63.79180944527347, 'dt': 0.057265428815141545, 'total_energy': 1.3435802662766}
2026-06-10T10:20:20+12:00 scalar diagnostics {'step': 1177, 'time': 64.02194365006459, 'dt': 0.05759598226539033, 'total_energy': 1.3411488247657755}
2026-06-10T10:20:21+12:00 scalar diagnostics {'step': 1181, 'time': 64.25106299689485, 'dt': 0.05698337098688846, 'total_energy': 1.3285992222243446}
2026-06-10T10:20:22+12:00 scalar diagnostics {'step': 1186, 'time': 64.53280946062917, 'dt': 0.05605574932820768, 'total_energy': 1.3273584138851213}
2026-06-10T10:20:22+12:00 scalar diagnostics {'step': 1190, 'time': 64.7577167522865, 'dt': 0.05648888311192037, 'total_energy': 1.3334079311363727}
2026-06-10T10:20:23+12:00 scalar diagnostics {'step': 1195, 'time': 65.04522688187643, 'dt': 0.05824138674684593, 'total_energy': 1.3475824522378157}
2026-06-10T10:20:24+12:00 scalar diagnostics {'step': 1199, 'time': 65.28075961004642, 'dt': 0.05910818346177796, 'total_energy': 1.3511255023599056}
2026-06-10T10:20:24+12:00 progress {'step': 1200, 'time': 65.33985303875917, 'dt': 0.05909342871275184}
2026-06-10T10:20:24+12:00 scalar diagnostics {'step': 1203, 'time': 65.51589792726858, 'dt': 0.05836686442864833, 'total_energy': 1.3429924184270507}
2026-06-10T10:20:25+12:00 scalar diagnostics {'step': 1208, 'time': 65.80319084163334, 'dt': 0.05695027773226672, 'total_energy': 1.3387137834232048}
2026-06-10T10:20:25+12:00 scalar diagnostics {'step': 1212, 'time': 66.03074242304585, 'dt': 0.05701954108962128, 'total_energy': 1.338511953464021}
2026-06-10T10:20:26+12:00 scalar diagnostics {'step': 1216, 'time': 66.26178083356517, 'dt': 0.058301134822666086, 'total_energy': 1.3447394053161679}
2026-06-10T10:20:27+12:00 scalar diagnostics {'step': 1221, 'time': 66.5562354099948, 'dt': 0.059229790269764604, 'total_energy': 1.3478595620229306}
2026-06-10T10:20:27+12:00 scalar diagnostics {'step': 1225, 'time': 66.79115231021143, 'dt': 0.058357818343754954, 'total_energy': 1.3446976096137697}
2026-06-10T10:20:28+12:00 scalar diagnostics {'step': 1229, 'time': 67.02248210612076, 'dt': 0.05750912443420145, 'total_energy': 1.3488362481868796}
2026-06-10T10:20:28+12:00 scalar diagnostics {'step': 1233, 'time': 67.2513758880655, 'dt': 0.057202479879296636, 'total_energy': 1.3510121232885077}
2026-06-10T10:20:29+12:00 scalar diagnostics {'step': 1238, 'time': 67.5398347586934, 'dt': 0.05811476224152357, 'total_energy': 1.3543427720706986}
2026-06-10T10:20:30+12:00 scalar diagnostics {'step': 1242, 'time': 67.77365662344187, 'dt': 0.05853402858967035, 'total_energy': 1.3508805932871517}
2026-06-10T10:20:30+12:00 scalar diagnostics {'step': 1246, 'time': 68.00642267463715, 'dt': 0.05787547150654062, 'total_energy': 1.341059453616215}
2026-06-10T10:20:31+12:00 scalar diagnostics {'step': 1251, 'time': 68.2926352088599, 'dt': 0.0569729127068273, 'total_energy': 1.3443261266032782}
2026-06-10T10:20:32+12:00 scalar diagnostics {'step': 1255, 'time': 68.52148005416686, 'dt': 0.0575128615219862, 'total_energy': 1.351557778281025}
2026-06-10T10:20:32+12:00 scalar diagnostics {'step': 1259, 'time': 68.75470515798231, 'dt': 0.05878151508476144, 'total_energy': 1.3605338990569342}
2026-06-10T10:20:33+12:00 scalar diagnostics {'step': 1264, 'time': 69.05019830579786, 'dt': 0.05895273678770584, 'total_energy': 1.3588730621846374}
2026-06-10T10:20:33+12:00 scalar diagnostics {'step': 1268, 'time': 69.28271644255395, 'dt': 0.05756592837565162, 'total_energy': 1.3479574155250182}
2026-06-10T10:20:34+12:00 scalar diagnostics {'step': 1272, 'time': 69.51008551906173, 'dt': 0.056554526870755434, 'total_energy': 1.3458046215977542}
2026-06-10T10:20:35+12:00 scalar diagnostics {'step': 1277, 'time': 69.79409349983132, 'dt': 0.05724504597654666, 'total_energy': 1.3498473979688677}
2026-06-10T10:20:36+12:00 scalar diagnostics {'step': 1281, 'time': 70.02646114710404, 'dt': 0.05857758943684398, 'total_energy': 1.3608811340304192}
2026-06-10T10:20:36+12:00 scalar diagnostics {'step': 1285, 'time': 70.26220421131781, 'dt': 0.05895699657073918, 'total_energy': 1.3645619197023582}
2026-06-10T10:20:37+12:00 scalar diagnostics {'step': 1290, 'time': 70.55360713270974, 'dt': 0.057700786425526035, 'total_energy': 1.35399921225028}
2026-06-10T10:20:38+12:00 scalar diagnostics {'step': 1294, 'time': 70.78219915783501, 'dt': 0.0569390287428659, 'total_energy': 1.3520100157741433}
2026-06-10T10:20:38+12:00 scalar diagnostics {'step': 1298, 'time': 71.01058993551534, 'dt': 0.05733965345100486, 'total_energy': 1.3526519539964295}
2026-06-10T10:20:38+12:00 progress {'step': 1300, 'time': 71.12607681783149, 'dt': 0.05788913151736142}
2026-06-10T10:20:39+12:00 scalar diagnostics {'step': 1303, 'time': 71.30148559274096, 'dt': 0.05873488045014269, 'total_energy': 1.3626936213321619}
2026-06-10T10:20:39+12:00 scalar diagnostics {'step': 1307, 'time': 71.53757483789722, 'dt': 0.05903245895956167, 'total_energy': 1.3646612446314523}
2026-06-10T10:20:40+12:00 scalar diagnostics {'step': 1311, 'time': 71.77205600467461, 'dt': 0.05830927982613428, 'total_energy': 1.3571603087609945}
2026-06-10T10:20:41+12:00 scalar diagnostics {'step': 1315, 'time': 72.00365274263916, 'dt': 0.057727299743892, 'total_energy': 1.3554061291535384}
2026-06-10T10:20:41+12:00 scalar diagnostics {'step': 1320, 'time': 72.29374135240931, 'dt': 0.05839104970057604, 'total_energy': 1.3599255281415217}
2026-06-10T10:20:42+12:00 scalar diagnostics {'step': 1324, 'time': 72.52943134847729, 'dt': 0.05917053238483099, 'total_energy': 1.37054556995498}
2026-06-10T10:20:43+12:00 scalar diagnostics {'step': 1328, 'time': 72.76564992789577, 'dt': 0.05879904513939518, 'total_energy': 1.3733627606430967}
2026-06-10T10:20:43+12:00 scalar diagnostics {'step': 1333, 'time': 73.05470862184286, 'dt': 0.057147433369319864, 'total_energy': 1.363571337920293}
2026-06-10T10:20:44+12:00 scalar diagnostics {'step': 1337, 'time': 73.2815265360819, 'dt': 0.0565921378512911, 'total_energy': 1.3603700750521583}
2026-06-10T10:20:44+12:00 scalar diagnostics {'step': 1341, 'time': 73.50917724570225, 'dt': 0.05723345406374473, 'total_energy': 1.3615624735290117}
2026-06-10T10:20:45+12:00 scalar diagnostics {'step': 1346, 'time': 73.79961824770707, 'dt': 0.05859410644129217, 'total_energy': 1.3754495979056967}
2026-06-10T10:20:46+12:00 scalar diagnostics {'step': 1350, 'time': 74.03445362486649, 'dt': 0.05859704643240444, 'total_energy': 1.3793509747998656}
2026-06-10T10:20:46+12:00 scalar diagnostics {'step': 1354, 'time': 74.26630985908245, 'dt': 0.057521556850173315, 'total_energy': 1.3715534412987547}
2026-06-10T10:20:47+12:00 scalar diagnostics {'step': 1359, 'time': 74.55049032567116, 'dt': 0.056556063754984794, 'total_energy': 1.3675399099373358}
2026-06-10T10:20:48+12:00 scalar diagnostics {'step': 1363, 'time': 74.77723125899249, 'dt': 0.0568795593082728, 'total_energy': 1.3688127662249956}
2026-06-10T10:20:48+12:00 scalar diagnostics {'step': 1367, 'time': 75.00692551812605, 'dt': 0.057761858087246, 'total_energy': 1.3765265180595065}
2026-06-10T10:20:49+12:00 scalar diagnostics {'step': 1372, 'time': 75.29752453169257, 'dt': 0.05816247905280442, 'total_energy': 1.3824242197513186}
2026-06-10T10:20:50+12:00 scalar diagnostics {'step': 1376, 'time': 75.52883497989791, 'dt': 0.05757369699024777, 'total_energy': 1.3785644342390047}
2026-06-10T10:20:50+12:00 scalar diagnostics {'step': 1380, 'time': 75.75774342726092, 'dt': 0.057090039015648526, 'total_energy': 1.3755225687284487}
2026-06-10T10:20:51+12:00 scalar diagnostics {'step': 1385, 'time': 76.04375368966176, 'dt': 0.05738680614467583, 'total_energy': 1.3748799444754927}
2026-06-10T10:20:52+12:00 scalar diagnostics {'step': 1389, 'time': 76.27431540120347, 'dt': 0.05774948086743278, 'total_energy': 1.3831095036553849}
2026-06-10T10:20:52+12:00 scalar diagnostics {'step': 1393, 'time': 76.50517218030095, 'dt': 0.057633352030403866, 'total_energy': 1.386888207962698}
2026-06-10T10:20:53+12:00 scalar diagnostics {'step': 1398, 'time': 76.79208482650206, 'dt': 0.05724122561295529, 'total_energy': 1.3791618474183394}
2026-06-10T10:20:53+12:00 progress {'step': 1400, 'time': 76.906511046593, 'dt': 0.05721404585311555}
2026-06-10T10:20:53+12:00 scalar diagnostics {'step': 1402, 'time': 77.02108744009794, 'dt': 0.0573254764231632, 'total_energy': 1.3771208369512582}
2026-06-10T10:20:54+12:00 scalar diagnostics {'step': 1406, 'time': 77.2518572607745, 'dt': 0.05797364132647635, 'total_energy': 1.3779068081120571}
2026-06-10T10:20:55+12:00 scalar diagnostics {'step': 1411, 'time': 77.54463133197453, 'dt': 0.05885228674697212, 'total_energy': 1.3876035585994653}
2026-06-10T10:20:55+12:00 scalar diagnostics {'step': 1415, 'time': 77.7800416370718, 'dt': 0.058752702580391454, 'total_energy': 1.3914965595375384}
2026-06-10T10:20:56+12:00 scalar diagnostics {'step': 1419, 'time': 78.0136450508817, 'dt': 0.05817466044158227, 'total_energy': 1.385826875012698}
2026-06-10T10:20:57+12:00 scalar diagnostics {'step': 1424, 'time': 78.30293382221411, 'dt': 0.057742964247812736, 'total_energy': 1.379881625846016}
2026-06-10T10:20:57+12:00 scalar diagnostics {'step': 1428, 'time': 78.53449837991303, 'dt': 0.058059141105154234, 'total_energy': 1.3788311333026528}
2026-06-10T10:20:58+12:00 scalar diagnostics {'step': 1432, 'time': 78.76838758017642, 'dt': 0.058710742522160894, 'total_energy': 1.3877123967072298}
2026-06-10T10:20:59+12:00 scalar diagnostics {'step': 1436, 'time': 79.00384854751088, 'dt': 0.058856528963144306, 'total_energy': 1.3951310533615522}
2026-06-10T10:20:59+12:00 scalar diagnostics {'step': 1441, 'time': 79.2962890344862, 'dt': 0.05817712870111324, 'total_energy': 1.3909473380172614}
2026-06-10T10:21:00+12:00 scalar diagnostics {'step': 1445, 'time': 79.52749903630244, 'dt': 0.05760633675097586, 'total_energy': 1.386447686021765}
2026-06-10T10:21:01+12:00 scalar diagnostics {'step': 1449, 'time': 79.75729828735746, 'dt': 0.05742382310593366, 'total_energy': 1.3828113248399414}
2026-06-10T10:21:01+12:00 scalar diagnostics {'step': 1454, 'time': 80.0457989660899, 'dt': 0.05797886711621276, 'total_energy': 1.390338504963027}
2026-06-10T10:21:02+12:00 scalar diagnostics {'step': 1458, 'time': 80.27911806338258, 'dt': 0.058488609138391615, 'total_energy': 1.3950921844735826}
2026-06-10T10:21:02+12:00 scalar diagnostics {'step': 1462, 'time': 80.51301161130769, 'dt': 0.0583799152218846, 'total_energy': 1.39332478557897}
2026-06-10T10:21:03+12:00 scalar diagnostics {'step': 1467, 'time': 80.80315807209224, 'dt': 0.05781724760279243, 'total_energy': 1.3910420788540547}
2026-06-10T10:21:04+12:00 scalar diagnostics {'step': 1471, 'time': 81.03427366733268, 'dt': 0.05783593304458533, 'total_energy': 1.38707416255264}
2026-06-10T10:21:04+12:00 scalar diagnostics {'step': 1475, 'time': 81.26687582506658, 'dt': 0.058377389940239874, 'total_energy': 1.3910537358577926}
2026-06-10T10:21:05+12:00 scalar diagnostics {'step': 1479, 'time': 81.50164533252082, 'dt': 0.05881700668560249, 'total_energy': 1.3969665314820876}
2026-06-10T10:21:06+12:00 scalar diagnostics {'step': 1484, 'time': 81.79493889865772, 'dt': 0.05842684465579413, 'total_energy': 1.395769020907688}
2026-06-10T10:21:06+12:00 scalar diagnostics {'step': 1488, 'time': 82.02740942319917, 'dt': 0.05799203930307254, 'total_energy': 1.3939578618947983}
2026-06-10T10:21:07+12:00 scalar diagnostics {'step': 1492, 'time': 82.25992251334416, 'dt': 0.05832177544613259, 'total_energy': 1.3929237477905252}
2026-06-10T10:21:08+12:00 scalar diagnostics {'step': 1497, 'time': 82.5548270564812, 'dt': 0.05941161065235567, 'total_energy': 1.3999476092890957}
2026-06-10T10:21:08+12:00 progress {'step': 1500, 'time': 82.73396166702524, 'dt': 0.05980183398535926}
2026-06-10T10:21:08+12:00 scalar diagnostics {'step': 1501, 'time': 82.79375866895082, 'dt': 0.05979700192557695, 'total_energy': 1.4002586024341404}
2026-06-10T10:21:09+12:00 scalar diagnostics {'step': 1505, 'time': 83.03176584753069, 'dt': 0.05923475824224506, 'total_energy': 1.3961376371507237}
2026-06-10T10:21:09+12:00 scalar diagnostics {'step': 1509, 'time': 83.26660623720988, 'dt': 0.058428946645266044, 'total_energy': 1.394734481099111}
2026-06-10T10:21:10+12:00 scalar diagnostics {'step': 1514, 'time': 83.5581719495008, 'dt': 0.05845239873236443, 'total_energy': 1.3940631511907007}
2026-06-10T10:21:11+12:00 scalar diagnostics {'step': 1518, 'time': 83.79398370872269, 'dt': 0.05918570673021294, 'total_energy': 1.402612114202995}
2026-06-10T10:21:11+12:00 scalar diagnostics {'step': 1522, 'time': 84.03172368849599, 'dt': 0.05954938160777008, 'total_energy': 1.4081646040157358}
2026-06-10T10:21:12+12:00 scalar diagnostics {'step': 1526, 'time': 84.2698240076455, 'dt': 0.05945029179795594, 'total_energy': 1.403970965825584}
2026-06-10T10:21:13+12:00 scalar diagnostics {'step': 1530, 'time': 84.50635992213988, 'dt': 0.058809730741537516, 'total_energy': 1.3981750864955556}
2026-06-10T10:21:13+12:00 scalar diagnostics {'step': 1535, 'time': 84.79832903212987, 'dt': 0.05832038508796213, 'total_energy': 1.3949673432534277}
2026-06-10T10:21:14+12:00 scalar diagnostics {'step': 1539, 'time': 85.03269030736206, 'dt': 0.05879537588229403, 'total_energy': 1.4026122726141557}
2026-06-10T10:21:14+12:00 scalar diagnostics {'step': 1543, 'time': 85.26870293470502, 'dt': 0.059029937053980075, 'total_energy': 1.4096930907845937}
2026-06-10T10:21:15+12:00 scalar diagnostics {'step': 1547, 'time': 85.50341613300891, 'dt': 0.05836901293873884, 'total_energy': 1.410730358695707}
2026-06-10T10:21:16+12:00 scalar diagnostics {'step': 1552, 'time': 85.79186449338856, 'dt': 0.05734108767938527, 'total_energy': 1.407134744324296}
2026-06-10T10:21:16+12:00 scalar diagnostics {'step': 1556, 'time': 86.02149509851692, 'dt': 0.0575806118816923, 'total_energy': 1.400293914039185}
2026-06-10T10:21:17+12:00 scalar diagnostics {'step': 1560, 'time': 86.25437820847051, 'dt': 0.05865126126005029, 'total_energy': 1.4007190472125295}
2026-06-10T10:21:18+12:00 scalar diagnostics {'step': 1565, 'time': 86.55020728597155, 'dt': 0.05923190808192684, 'total_energy': 1.405593981876763}
2026-06-10T10:21:18+12:00 scalar diagnostics {'step': 1569, 'time': 86.78477258394985, 'dt': 0.058168637360765725, 'total_energy': 1.4076505854385828}
2026-06-10T10:21:19+12:00 scalar diagnostics {'step': 1573, 'time': 87.01447740171966, 'dt': 0.0570919894511407, 'total_energy': 1.4095415243739304}
2026-06-10T10:21:19+12:00 scalar diagnostics {'step': 1578, 'time': 87.30066424877145, 'dt': 0.05764854565883188, 'total_energy': 1.407292857410427}
2026-06-10T10:21:20+12:00 scalar diagnostics {'step': 1582, 'time': 87.5350434735167, 'dt': 0.059179360955169465, 'total_energy': 1.4100831757623682}
2026-06-10T10:21:21+12:00 scalar diagnostics {'step': 1586, 'time': 87.77407083607241, 'dt': 0.05989709002262258, 'total_energy': 1.41165652310269}
2026-06-10T10:21:21+12:00 scalar diagnostics {'step': 1590, 'time': 88.01172279684536, 'dt': 0.05896291517559943, 'total_energy': 1.4091861427608632}
2026-06-10T10:21:22+12:00 scalar diagnostics {'step': 1595, 'time': 88.30177352427148, 'dt': 0.05753697196620549, 'total_energy': 1.407865958841797}
2026-06-10T10:21:22+12:00 scalar diagnostics {'step': 1599, 'time': 88.53202051360348, 'dt': 0.05774991481435547, 'total_energy': 1.4071061032485694}
2026-06-10T10:21:23+12:00 progress {'step': 1600, 'time': 88.59001622842219, 'dt': 0.05799571481870843}
2026-06-10T10:21:23+12:00 scalar diagnostics {'step': 1603, 'time': 88.76582458681291, 'dt': 0.05891650406859486, 'total_energy': 1.4128455221512617}
2026-06-10T10:21:24+12:00 scalar diagnostics {'step': 1607, 'time': 89.00367110941026, 'dt': 0.05964152033479309, 'total_energy': 1.418246556939685}
2026-06-10T10:21:24+12:00 scalar diagnostics {'step': 1612, 'time': 89.29993609114, 'dt': 0.05879571867383565, 'total_energy': 1.4175903986548075}
2026-06-10T10:21:25+12:00 scalar diagnostics {'step': 1616, 'time': 89.53285234020738, 'dt': 0.05798363096563252, 'total_energy': 1.4140567069234335}
2026-06-10T10:21:25+12:00 scalar diagnostics {'step': 1620, 'time': 89.76509439872203, 'dt': 0.05825704216827027, 'total_energy': 1.4085041815873498}
2026-06-10T10:21:26+12:00 scalar diagnostics {'step': 1624, 'time': 90.00061156493784, 'dt': 0.05926348128302304, 'total_energy': 1.411881640238793}
2026-06-10T10:21:27+12:00 scalar diagnostics {'step': 1629, 'time': 90.29825727304554, 'dt': 0.05941124968057751, 'total_energy': 1.4198834752414844}
2026-06-10T10:21:27+12:00 scalar diagnostics {'step': 1633, 'time': 90.5331501278966, 'dt': 0.05825048441573439, 'total_energy': 1.4227015794103939}
2026-06-10T10:21:28+12:00 scalar diagnostics {'step': 1637, 'time': 90.7637882029563, 'dt': 0.057440000015362855, 'total_energy': 1.4240079869758695}
2026-06-10T10:21:29+12:00 scalar diagnostics {'step': 1642, 'time': 91.05264359393455, 'dt': 0.05824769262819871, 'total_energy': 1.418837931253301}
2026-06-10T10:21:29+12:00 scalar diagnostics {'step': 1646, 'time': 91.28876991020228, 'dt': 0.05943670591830681, 'total_energy': 1.4186127055343478}
2026-06-10T10:21:30+12:00 scalar diagnostics {'step': 1650, 'time': 91.526869468744, 'dt': 0.059362523913313626, 'total_energy': 1.4206181174069181}
2026-06-10T10:21:31+12:00 scalar diagnostics {'step': 1654, 'time': 91.76123373952736, 'dt': 0.05806901749067989, 'total_energy': 1.4232326558198292}
2026-06-10T10:21:32+12:00 scalar diagnostics {'step': 1659, 'time': 92.04788709600355, 'dt': 0.05707041076261189, 'total_energy': 1.4254484715871272}
2026-06-10T10:21:32+12:00 scalar diagnostics {'step': 1663, 'time': 92.27732936297326, 'dt': 0.05768526429652681, 'total_energy': 1.4236712585595281}
2026-06-10T10:21:33+12:00 scalar diagnostics {'step': 1667, 'time': 92.51133567062293, 'dt': 0.058998220151444306, 'total_energy': 1.426671134754753}
2026-06-10T10:21:34+12:00 scalar diagnostics {'step': 1672, 'time': 92.80885672349201, 'dt': 0.05956097640836394, 'total_energy': 1.4286042655420461}
2026-06-10T10:21:34+12:00 scalar diagnostics {'step': 1676, 'time': 93.04532758221669, 'dt': 0.058789004733047594, 'total_energy': 1.4284026906876528}
2026-06-10T10:21:35+12:00 scalar diagnostics {'step': 1680, 'time': 93.27870667682129, 'dt': 0.05816341341886621, 'total_energy': 1.4282881000471397}
2026-06-10T10:21:36+12:00 scalar diagnostics {'step': 1684, 'time': 93.51158696405702, 'dt': 0.05835764768562969, 'total_energy': 1.4244522555615127}
2026-06-10T10:21:37+12:00 scalar diagnostics {'step': 1689, 'time': 93.80609878989952, 'dt': 0.0592814643012972, 'total_energy': 1.427096909319245}
2026-06-10T10:21:37+12:00 scalar diagnostics {'step': 1693, 'time': 94.04427226817782, 'dt': 0.05960797894488613, 'total_energy': 1.4323065496057552}
2026-06-10T10:21:38+12:00 scalar diagnostics {'step': 1697, 'time': 94.28209511392735, 'dt': 0.05932290691339876, 'total_energy': 1.4366161866137515}
2026-06-10T10:21:38+12:00 progress {'step': 1700, 'time': 94.4596271778195, 'dt': 0.05912860295827111}
2026-06-10T10:21:39+12:00 scalar diagnostics {'step': 1701, 'time': 94.51867018738227, 'dt': 0.059043009562768325, 'total_energy': 1.4382602954309165}
2026-06-10T10:21:39+12:00 scalar diagnostics {'step': 1705, 'time': 94.75513667934749, 'dt': 0.05926977015297816, 'total_energy': 1.4335389987498695}
2026-06-10T10:21:40+12:00 scalar diagnostics {'step': 1710, 'time': 95.05365414132471, 'dt': 0.05987212821287043, 'total_energy': 1.4307104991052493}
2026-06-10T10:21:41+12:00 scalar diagnostics {'step': 1714, 'time': 95.29289712084555, 'dt': 0.05970777927408075, 'total_energy': 1.4304601427345258}
2026-06-10T10:21:41+12:00 scalar diagnostics {'step': 1718, 'time': 95.53054578191102, 'dt': 0.059228232204256576, 'total_energy': 1.4333433895526402}
2026-06-10T10:21:42+12:00 scalar diagnostics {'step': 1722, 'time': 95.76665760251748, 'dt': 0.058963531457078444, 'total_energy': 1.438498517846653}
2026-06-10T10:21:42+12:00 scalar diagnostics {'step': 1726, 'time': 96.0029706868854, 'dt': 0.059209183348121926, 'total_energy': 1.4387350704032342}
2026-06-10T10:21:43+12:00 scalar diagnostics {'step': 1731, 'time': 96.30088465669267, 'dt': 0.059804208545040496, 'total_energy': 1.4386769057785158}
2026-06-10T10:21:44+12:00 scalar diagnostics {'step': 1735, 'time': 96.54026916609149, 'dt': 0.05978901708434971, 'total_energy': 1.4363089819168904}
2026-06-10T10:21:45+12:00 scalar diagnostics {'step': 1739, 'time': 96.77815749995541, 'dt': 0.05924240787894361, 'total_energy': 1.4351631291729383}
2026-06-10T10:21:46+12:00 scalar diagnostics {'step': 1743, 'time': 97.01368485451668, 'dt': 0.05870683383572832, 'total_energy': 1.4373809971950997}
2026-06-10T10:21:47+12:00 scalar diagnostics {'step': 1748, 'time': 97.30705603174424, 'dt': 0.05877867889156823, 'total_energy': 1.4365871307149143}
2026-06-10T10:21:48+12:00 scalar diagnostics {'step': 1752, 'time': 97.54336460093478, 'dt': 0.059260028328096306, 'total_energy': 1.43941962781565}
2026-06-10T10:21:48+12:00 scalar diagnostics {'step': 1756, 'time': 97.7810516971125, 'dt': 0.059451547231333966, 'total_energy': 1.4423186012562539}
2026-06-10T10:21:49+12:00 scalar diagnostics {'step': 1760, 'time': 98.0182052817541, 'dt': 0.05914539648418401, 'total_energy': 1.4437339873278705}
2026-06-10T10:21:50+12:00 scalar diagnostics {'step': 1764, 'time': 98.25375143156829, 'dt': 0.05875639239889374, 'total_energy': 1.4439902505745654}
2026-06-10T10:21:50+12:00 scalar diagnostics {'step': 1769, 'time': 98.54753007887136, 'dt': 0.058872195495715623, 'total_energy': 1.4379629403880647}
2026-06-10T10:21:51+12:00 scalar diagnostics {'step': 1773, 'time': 98.78435876238251, 'dt': 0.05942335310399452, 'total_energy': 1.4363963155081811}
2026-06-10T10:21:52+12:00 scalar diagnostics {'step': 1777, 'time': 99.02300778256033, 'dt': 0.05973684875474981, 'total_energy': 1.4372784614423026}
2026-06-10T10:21:53+12:00 scalar diagnostics {'step': 1781, 'time': 99.26150152447771, 'dt': 0.05950541593072743, 'total_energy': 1.442531772532091}
2026-06-10T10:21:53+12:00 scalar diagnostics {'step': 1786, 'time': 99.55732349808414, 'dt': 0.059069051463219356, 'total_energy': 1.4514058778662164}
2026-06-10T10:21:54+12:00 scalar diagnostics {'step': 1790, 'time': 99.79481933148425, 'dt': 0.05964587372941077, 'total_energy': 1.4493100937649923}
2026-06-10T10:21:55+12:00 progress {'step': 1794, 'time': 100.0, 'dt': 0.025179686156405978}
2026-06-10T10:21:55+12:00 scalar diagnostics {'step': 1794, 'time': 100.0, 'dt': 0.025179686156405978, 'total_energy': 1.4464414787046316}
2026-06-10T10:21:55+12:00 run complete {'backend': 'numpy', 'equation_set': 'inhomogeneous_rmhd_rho', 'equation_mode': 'nonlinear', 'grid': [32, 32, 32], 'steps': 1794, 't_final': 100.0, 'dt_last': 0.025179686156405978, 'total_energy_initial': 0.7499999999999998, 'total_energy_final': 1.4464414787046316, 'psi_hat_max_abs': 2427.377610948737, 'output_dir': 'C:\\Users\\naoki\\Downloads\\rmhd-gpu-new\\examples\\outputs_nokia_rmhd_rho_2', 'scalar_diagnostics_csv': 'C:\\Users\\naoki\\Downloads\\rmhd-gpu-new\\examples\\outputs_nokia_rmhd_rho_2\\scalar_diagnostics.csv'}
