2026-06-04T13:57:08+12:00 run start {'title': 'Inhomogeneous rmhd simulation test', 'input_file': 'C:\\Users\\naoki\\Downloads\\rmhd-gpu-new\\examples\\nokias_inhomo_rho.input', 'output_dir': 'C:\\Users\\naoki\\Downloads\\rmhd-gpu-new\\examples\\outputs_nokia_rmhd_rho', 'backend': 'numpy', 'equation_set': 'inhomogeneous_rmhd_rho', 'equation_mode': 'nonlinear', 'grid': [16, 16, 16], 'output_cadences': {'scalar': 0.3141592653589793, 'spectra': 0.0, 'full_field': 0.0}, 'hostname': 'Naoki', 'python_executable': 'C:\\Users\\naoki\\AppData\\Local\\Programs\\Python\\Python313\\python.exe', 'git_commit': 'cde2789c3d6596cb8e14f232da25acf4598750f1', 'command': "'C:\\Users\\naoki\\Downloads\\rmhd-gpu-new\\rmhdgpu\\run.py' '.\\examples\\nokias_inhomo_rho.input'"}
2026-06-04T13:57:08+12:00 run setup {'resolved_output_dir': 'C:\\Users\\naoki\\Downloads\\rmhd-gpu-new\\examples\\outputs_nokia_rmhd_rho', 'input_file': 'C:\\Users\\naoki\\Downloads\\rmhd-gpu-new\\examples\\nokias_inhomo_rho.input', 'backend': 'numpy', 'equation_set': 'inhomogeneous_rmhd_rho', 'equation_mode': 'nonlinear', 'grid': [16, 16, 16], 'output_cadences': {'scalar': 0.3141592653589793, 'spectra': 0.0, 'full_field': 0.0}, 'dissipation_mode': 'manual', 'initial_condition': {'type': 'random_spectrum', 'parameters': {'n_min': 1.0, 'n_max': 3.0, 'alpha': 0.0, 'init_energy': 0.75, 'seed': 1}}}
2026-06-04T13:57:08+12:00 scalar diagnostics {'step': 0, 'time': 0.0, 'dt': 0.0, 'total_energy': 0.7500000000000001}
2026-06-04T13:57:08+12:00 scalar diagnostics {'step': 7, 'time': 0.32803087231010675, 'dt': 0.025137820730500145, 'total_energy': 11.63304800608302}
2026-06-04T13:57:08+12:00 scalar diagnostics {'step': 63, 'time': 0.63033958789506, 'dt': 0.00213158194048674, 'total_energy': 971.7201499773897}
2026-06-04T13:57:09+12:00 progress {'step': 100, 'time': 0.6918661251184535, 'dt': 0.0014404690521513783}
2026-06-04T13:57:10+12:00 progress {'step': 200, 'time': 0.8107316593049991, 'dt': 0.0010412905608413719}
2026-06-04T13:57:11+12:00 progress {'step': 300, 'time': 0.9155314565355026, 'dt': 0.0010029873597859845}
2026-06-04T13:57:12+12:00 scalar diagnostics {'step': 327, 'time': 0.9426498079171433, 'dt': 0.0008839048969775069, 'total_energy': 5725.426379275905}
2026-06-04T13:57:12+12:00 progress {'step': 400, 'time': 1.0082956279768955, 'dt': 0.0008644597696524361}
2026-06-04T13:57:14+12:00 progress {'step': 500, 'time': 1.0921933959589347, 'dt': 0.0008736361918980323}
2026-06-04T13:57:15+12:00 progress {'step': 600, 'time': 1.172225910927752, 'dt': 0.000774340173243391}
2026-06-04T13:57:16+12:00 progress {'step': 700, 'time': 1.2405860624438338, 'dt': 0.0007164856796405909}
2026-06-04T13:57:16+12:00 scalar diagnostics {'step': 724, 'time': 1.2568988261571072, 'dt': 0.0006200908503472613, 'total_energy': 12276.706233360597}
2026-06-04T13:57:17+12:00 progress {'step': 800, 'time': 1.307819121767179, 'dt': 0.0005881512436743283}
2026-06-04T13:57:18+12:00 progress {'step': 900, 'time': 1.369984329046985, 'dt': 0.0004959544553418036}
2026-06-04T13:57:20+12:00 progress {'step': 1000, 'time': 1.4254700236979347, 'dt': 0.0004980643089571072}
2026-06-04T13:57:21+12:00 progress {'step': 1100, 'time': 1.4755357968775842, 'dt': 0.0004917818527395413}
2026-06-04T13:57:22+12:00 progress {'step': 1200, 'time': 1.5189454853649584, 'dt': 0.00043197675358167285}
2026-06-04T13:57:23+12:00 progress {'step': 1300, 'time': 1.558857425631241, 'dt': 0.0003909168063004282}
2026-06-04T13:57:24+12:00 scalar diagnostics {'step': 1332, 'time': 1.5709074666586649, 'dt': 0.00036853700118247664, 'total_energy': 51070.47067774256}
2026-06-04T13:57:24+12:00 progress {'step': 1400, 'time': 1.5947690182891812, 'dt': 0.0003311563150458261}
2026-06-04T13:57:26+12:00 progress {'step': 1500, 'time': 1.6258764801032994, 'dt': 0.0003080036033185401}
2026-06-04T13:57:27+12:00 progress {'step': 1600, 'time': 1.6527530787023903, 'dt': 0.0002536382090677015}
2026-06-04T13:57:28+12:00 progress {'step': 1700, 'time': 1.6755852538448328, 'dt': 0.00022112520727568966}
2026-06-04T13:57:29+12:00 progress {'step': 1800, 'time': 1.6972967691093996, 'dt': 0.00019994412158536064}
2026-06-04T13:57:31+12:00 progress {'step': 1900, 'time': 1.716705354090581, 'dt': 0.00017318054128294134}
2026-06-04T13:57:32+12:00 progress {'step': 2000, 'time': 1.7339980534946005, 'dt': 0.00016223314860200886}
2026-06-04T13:57:33+12:00 progress {'step': 2100, 'time': 1.7495949776815884, 'dt': 0.00015118367320785659}
2026-06-04T13:57:34+12:00 progress {'step': 2200, 'time': 1.76411769633986, 'dt': 0.00013450528759258073}
2026-06-04T13:57:36+12:00 progress {'step': 2300, 'time': 1.7773190327511315, 'dt': 0.0001356791752071855}
2026-06-04T13:57:37+12:00 progress {'step': 2400, 'time': 1.7903186146363357, 'dt': 0.00012557982111629715}
2026-06-04T13:57:38+12:00 progress {'step': 2500, 'time': 1.8027144850300307, 'dt': 0.00012416161208144425}
2026-06-04T13:57:39+12:00 progress {'step': 2600, 'time': 1.8143636053474423, 'dt': 0.00010996750751811213}
2026-06-04T13:57:41+12:00 progress {'step': 2700, 'time': 1.8253032918849794, 'dt': 0.00010152387646152632}
2026-06-04T13:57:42+12:00 progress {'step': 2800, 'time': 1.835120979464339, 'dt': 9.375378318173678e-05}
2026-06-04T13:57:43+12:00 progress {'step': 2900, 'time': 1.8441007675151828, 'dt': 8.86895661383314e-05}
2026-06-04T13:57:44+12:00 progress {'step': 3000, 'time': 1.8528674416567814, 'dt': 8.279841672679111e-05}
2026-06-04T13:57:45+12:00 progress {'step': 3100, 'time': 1.8616216722117884, 'dt': 9.435423806187362e-05}
2026-06-04T13:57:47+12:00 progress {'step': 3200, 'time': 1.8698157290039776, 'dt': 8.232042722977808e-05}
2026-06-04T13:57:48+12:00 progress {'step': 3300, 'time': 1.8772667239393503, 'dt': 7.504334406503267e-05}
2026-06-04T13:57:49+12:00 progress {'step': 3400, 'time': 1.884521052794795, 'dt': 7.97375665720355e-05}
2026-06-04T13:57:49+12:00 scalar diagnostics {'step': 3406, 'time': 1.8849898157318155, 'dt': 7.625258199774586e-05, 'total_energy': 1274802.010061326}
2026-06-04T13:57:50+12:00 progress {'step': 3500, 'time': 1.891899570894269, 'dt': 6.680782172027361e-05}
2026-06-04T13:57:52+12:00 progress {'step': 3600, 'time': 1.8988151190226636, 'dt': 7.220880038953899e-05}
2026-06-04T13:57:53+12:00 progress {'step': 3700, 'time': 1.9055841109756337, 'dt': 6.579548849632777e-05}
2026-06-04T13:57:54+12:00 progress {'step': 3800, 'time': 1.9117670036701322, 'dt': 6.469107553266406e-05}
2026-06-04T13:57:55+12:00 progress {'step': 3900, 'time': 1.9184347473419285, 'dt': 6.071916407212215e-05}
2026-06-04T13:57:57+12:00 progress {'step': 4000, 'time': 1.9247269689897655, 'dt': 6.297262128902083e-05}
2026-06-04T13:57:58+12:00 progress {'step': 4100, 'time': 1.930930735410566, 'dt': 5.641061580908815e-05}
2026-06-04T13:57:59+12:00 progress {'step': 4200, 'time': 1.9369915149630512, 'dt': 5.7419211132025776e-05}
2026-06-04T13:58:01+12:00 progress {'step': 4300, 'time': 1.942837472935717, 'dt': 6.000747947941753e-05}
2026-06-04T13:58:02+12:00 progress {'step': 4400, 'time': 1.9486831465775623, 'dt': 5.6981562341480654e-05}
2026-06-04T13:58:03+12:00 progress {'step': 4500, 'time': 1.9546860388986882, 'dt': 6.175193719481946e-05}
2026-06-04T13:58:04+12:00 progress {'step': 4600, 'time': 1.9602068868081315, 'dt': 5.9598072715575126e-05}
2026-06-04T13:58:06+12:00 progress {'step': 4700, 'time': 1.9661401803000313, 'dt': 5.36465153103015e-05}
2026-06-04T13:58:07+12:00 progress {'step': 4800, 'time': 1.9718123473095979, 'dt': 5.5803991332010534e-05}
2026-06-04T13:58:08+12:00 progress {'step': 4900, 'time': 1.9775633789292837, 'dt': 5.334938769986027e-05}
2026-06-04T13:58:09+12:00 progress {'step': 5000, 'time': 1.983342222885058, 'dt': 5.793391677756734e-05}
2026-06-04T13:58:11+12:00 progress {'step': 5100, 'time': 1.9888920978096372, 'dt': 5.710699791622034e-05}
2026-06-04T13:58:12+12:00 progress {'step': 5200, 'time': 1.9944056864104684, 'dt': 5.084846127347145e-05}
2026-06-04T13:58:13+12:00 progress {'step': 5300, 'time': 1.999821534374614, 'dt': 5.8852359538325705e-05}
2026-06-04T13:58:15+12:00 progress {'step': 5400, 'time': 2.0053695077642386, 'dt': 5.7187517334817956e-05}
2026-06-04T13:58:16+12:00 progress {'step': 5500, 'time': 2.0107886893283533, 'dt': 5.5803345523035396e-05}
2026-06-04T13:58:17+12:00 progress {'step': 5600, 'time': 2.016080556932806, 'dt': 5.078117305328987e-05}
2026-06-04T13:58:18+12:00 progress {'step': 5700, 'time': 2.021493688945572, 'dt': 5.7162695741623296e-05}
2026-06-04T13:58:20+12:00 progress {'step': 5800, 'time': 2.0266975770929347, 'dt': 4.979528993064772e-05}
2026-06-04T13:58:21+12:00 progress {'step': 5900, 'time': 2.0320302547340856, 'dt': 4.8271301240293383e-05}
2026-06-04T13:58:22+12:00 progress {'step': 6000, 'time': 2.0374853073229713, 'dt': 4.8078349979215214e-05}
2026-06-04T13:58:23+12:00 progress {'step': 6100, 'time': 2.043046915872834, 'dt': 5.403878289105704e-05}
2026-06-04T13:58:25+12:00 progress {'step': 6200, 'time': 2.048688739442307, 'dt': 5.872650270477659e-05}
2026-06-04T13:58:26+12:00 progress {'step': 6300, 'time': 2.05401512600659, 'dt': 4.307390086060027e-05}
2026-06-04T13:58:27+12:00 progress {'step': 6400, 'time': 2.0594147935162255, 'dt': 5.7624194092102216e-05}
2026-06-04T13:58:28+12:00 progress {'step': 6500, 'time': 2.0649620100547854, 'dt': 5.434624379394268e-05}
2026-06-04T13:58:30+12:00 progress {'step': 6600, 'time': 2.0702707534968052, 'dt': 6.392484552394854e-05}
2026-06-04T13:58:31+12:00 progress {'step': 6700, 'time': 2.0758261161618092, 'dt': 5.3447993216602847e-05}
2026-06-04T13:58:32+12:00 progress {'step': 6800, 'time': 2.0811697809040988, 'dt': 6.052654722509106e-05}
2026-06-04T13:58:33+12:00 progress {'step': 6900, 'time': 2.0864677523826907, 'dt': 5.9980961339723665e-05}
2026-06-04T13:58:35+12:00 progress {'step': 7000, 'time': 2.092070117161359, 'dt': 5.3686205523033766e-05}
2026-06-04T13:58:36+12:00 progress {'step': 7100, 'time': 2.097431836253259, 'dt': 6.157556281016134e-05}
2026-06-04T13:58:37+12:00 progress {'step': 7200, 'time': 2.103011265705497, 'dt': 5.3956674627672874e-05}
2026-06-04T13:58:39+12:00 progress {'step': 7300, 'time': 2.1084179142155017, 'dt': 5.1639992994299476e-05}
2026-06-04T13:58:40+12:00 progress {'step': 7400, 'time': 2.113925435034307, 'dt': 5.269389195142358e-05}
2026-06-04T13:58:41+12:00 progress {'step': 7500, 'time': 2.1194080755186073, 'dt': 5.1490572216973074e-05}
2026-06-04T13:58:42+12:00 progress {'step': 7600, 'time': 2.1249292395728676, 'dt': 5.3813834305848814e-05}
2026-06-04T13:58:44+12:00 progress {'step': 7700, 'time': 2.130723981810693, 'dt': 6.498364619862235e-05}
2026-06-04T13:58:45+12:00 progress {'step': 7800, 'time': 2.1363551137333743, 'dt': 5.667420937503894e-05}
2026-06-04T13:58:46+12:00 progress {'step': 7900, 'time': 2.141646605610959, 'dt': 6.206718245162262e-05}
2026-06-04T13:58:48+12:00 progress {'step': 8000, 'time': 2.1472125262409048, 'dt': 5.6203330475865834e-05}
2026-06-04T13:58:49+12:00 progress {'step': 8100, 'time': 2.1524628697007158, 'dt': 5.2382077274521926e-05}
2026-06-04T13:58:50+12:00 progress {'step': 8200, 'time': 2.1577981838405424, 'dt': 5.349650960766897e-05}
2026-06-04T13:58:52+12:00 progress {'step': 8300, 'time': 2.163247489168161, 'dt': 5.469124150441943e-05}
2026-06-04T13:58:53+12:00 progress {'step': 8400, 'time': 2.1686181910316567, 'dt': 5.379367860146141e-05}
2026-06-04T13:58:54+12:00 progress {'step': 8500, 'time': 2.1739528560197496, 'dt': 5.6261404284379034e-05}
2026-06-04T13:58:55+12:00 progress {'step': 8600, 'time': 2.179037013763408, 'dt': 5.02027293665101e-05}
2026-06-04T13:58:57+12:00 progress {'step': 8700, 'time': 2.1845247869450257, 'dt': 5.5737994712663074e-05}
2026-06-04T13:58:58+12:00 progress {'step': 8800, 'time': 2.189930921539216, 'dt': 4.991221412313209e-05}
2026-06-04T13:58:59+12:00 progress {'step': 8900, 'time': 2.1952886144004213, 'dt': 5.727629713449003e-05}
2026-06-04T13:59:00+12:00 scalar diagnostics {'step': 8972, 'time': 2.199163203543386, 'dt': 5.5317580609792455e-05, 'total_energy': 2160717.2577162525}
2026-06-04T13:59:00+12:00 progress {'step': 9000, 'time': 2.2006415136189235, 'dt': 5.154986364214604e-05}
2026-06-04T13:59:02+12:00 progress {'step': 9100, 'time': 2.206121737662521, 'dt': 5.5634582950781874e-05}
2026-06-04T13:59:03+12:00 progress {'step': 9200, 'time': 2.211623626208743, 'dt': 6.009380793051177e-05}
2026-06-04T13:59:04+12:00 progress {'step': 9300, 'time': 2.217073139573367, 'dt': 5.852670027485426e-05}
2026-06-04T13:59:05+12:00 progress {'step': 9400, 'time': 2.222494103533799, 'dt': 6.072912376134424e-05}
2026-06-04T13:59:07+12:00 progress {'step': 9500, 'time': 2.2278712510815213, 'dt': 6.03576787308912e-05}
2026-06-04T13:59:08+12:00 progress {'step': 9600, 'time': 2.233406075018417, 'dt': 5.445493306695808e-05}
2026-06-04T13:59:09+12:00 progress {'step': 9700, 'time': 2.2386683174011788, 'dt': 5.1689365208375334e-05}
2026-06-04T13:59:10+12:00 progress {'step': 9800, 'time': 2.244119364995645, 'dt': 5.657655369194666e-05}
2026-06-04T13:59:12+12:00 progress {'step': 9900, 'time': 2.2493566618938896, 'dt': 5.413515523418754e-05}
2026-06-04T13:59:15+12:00 progress {'step': 10000, 'time': 2.2545211504170504, 'dt': 5.385801283847867e-05}
2026-06-04T13:59:18+12:00 progress {'step': 10100, 'time': 2.25962551574011, 'dt': 5.610315807233073e-05}
2026-06-04T13:59:20+12:00 progress {'step': 10200, 'time': 2.265106416061048, 'dt': 5.171364798718217e-05}
2026-06-04T13:59:21+12:00 progress {'step': 10300, 'time': 2.2704088323224174, 'dt': 4.845807085079974e-05}
2026-06-04T13:59:22+12:00 progress {'step': 10400, 'time': 2.2758268174783223, 'dt': 5.7246028147383e-05}
2026-06-04T13:59:24+12:00 progress {'step': 10500, 'time': 2.281112124393576, 'dt': 4.7392727832622435e-05}
2026-06-04T13:59:25+12:00 progress {'step': 10600, 'time': 2.2865661099635615, 'dt': 4.803699957451401e-05}
2026-06-04T13:59:26+12:00 progress {'step': 10700, 'time': 2.2917057864769266, 'dt': 5.679949999072513e-05}
2026-06-04T13:59:27+12:00 progress {'step': 10800, 'time': 2.2970483778654343, 'dt': 5.5957502484547386e-05}
2026-06-04T13:59:29+12:00 progress {'step': 10900, 'time': 2.302374416001204, 'dt': 5.9411795774334114e-05}
2026-06-04T13:59:30+12:00 progress {'step': 11000, 'time': 2.30750434837625, 'dt': 4.756282015958904e-05}
2026-06-04T13:59:31+12:00 progress {'step': 11100, 'time': 2.3127717294618293, 'dt': 5.5624689842976906e-05}
2026-06-04T13:59:33+12:00 progress {'step': 11200, 'time': 2.3179090902753017, 'dt': 4.9324691869813086e-05}
2026-06-04T13:59:34+12:00 progress {'step': 11300, 'time': 2.32309694653823, 'dt': 5.49271634727431e-05}
2026-06-04T13:59:35+12:00 progress {'step': 11400, 'time': 2.3283275547572075, 'dt': 5.2664538997241644e-05}
2026-06-04T13:59:37+12:00 progress {'step': 11500, 'time': 2.33353424481508, 'dt': 5.064863189496789e-05}
2026-06-04T13:59:38+12:00 progress {'step': 11600, 'time': 2.338617541865403, 'dt': 5.859465004735228e-05}
2026-06-04T13:59:39+12:00 progress {'step': 11700, 'time': 2.343860060728101, 'dt': 5.383845861826686e-05}
2026-06-04T13:59:40+12:00 progress {'step': 11800, 'time': 2.349139039616109, 'dt': 4.9308946163174023e-05}
2026-06-04T13:59:42+12:00 progress {'step': 11900, 'time': 2.354445160970322, 'dt': 5.848303748534473e-05}
2026-06-04T13:59:43+12:00 progress {'step': 12000, 'time': 2.3598291305317907, 'dt': 5.549125422817171e-05}
2026-06-04T13:59:44+12:00 progress {'step': 12100, 'time': 2.36496968381612, 'dt': 4.906482673385728e-05}
2026-06-04T13:59:46+12:00 progress {'step': 12200, 'time': 2.369944655564502, 'dt': 4.919000726251994e-05}
2026-06-04T13:59:47+12:00 progress {'step': 12300, 'time': 2.3750056839942415, 'dt': 5.496584931910523e-05}
2026-06-04T13:59:48+12:00 progress {'step': 12400, 'time': 2.380154383565891, 'dt': 5.339311677395852e-05}
2026-06-04T13:59:50+12:00 progress {'step': 12500, 'time': 2.385279524921962, 'dt': 5.6817155993212984e-05}
2026-06-04T13:59:51+12:00 progress {'step': 12600, 'time': 2.390313334807636, 'dt': 4.2125319309977054e-05}
2026-06-04T13:59:52+12:00 progress {'step': 12700, 'time': 2.3952003349002235, 'dt': 5.093865983282795e-05}
2026-06-04T13:59:53+12:00 progress {'step': 12800, 'time': 2.4003775310153483, 'dt': 5.376433553273441e-05}
2026-06-04T13:59:55+12:00 progress {'step': 12900, 'time': 2.405562536478343, 'dt': 4.703461880250066e-05}
2026-06-04T13:59:56+12:00 progress {'step': 13000, 'time': 2.410616683298541, 'dt': 4.845553851545504e-05}
2026-06-04T13:59:57+12:00 progress {'step': 13100, 'time': 2.4155402343920027, 'dt': 5.411912210073814e-05}
2026-06-04T13:59:59+12:00 progress {'step': 13200, 'time': 2.4206508972561895, 'dt': 5.0067422493084965e-05}
2026-06-04T14:00:00+12:00 progress {'step': 13300, 'time': 2.425620672138335, 'dt': 5.4546788953374036e-05}
2026-06-04T14:00:01+12:00 progress {'step': 13400, 'time': 2.430603313667037, 'dt': 4.712437020771153e-05}
2026-06-04T14:00:03+12:00 progress {'step': 13500, 'time': 2.435540350479764, 'dt': 4.706329211285116e-05}
2026-06-04T14:00:04+12:00 progress {'step': 13600, 'time': 2.4405914457473368, 'dt': 4.665988859227235e-05}
2026-06-04T14:00:05+12:00 progress {'step': 13700, 'time': 2.4454864684279354, 'dt': 4.3509224550422384e-05}
2026-06-04T14:00:07+12:00 progress {'step': 13800, 'time': 2.4506071563341103, 'dt': 5.056551030881641e-05}
2026-06-04T14:00:08+12:00 progress {'step': 13900, 'time': 2.455693237042337, 'dt': 5.1427527794317e-05}
2026-06-04T14:00:09+12:00 progress {'step': 14000, 'time': 2.4607004843390023, 'dt': 4.710530232027926e-05}
2026-06-04T14:00:10+12:00 progress {'step': 14100, 'time': 2.465899914100672, 'dt': 5.1119225968438225e-05}
2026-06-04T14:00:12+12:00 progress {'step': 14200, 'time': 2.470996641375814, 'dt': 4.801291067117463e-05}
2026-06-04T14:00:13+12:00 progress {'step': 14300, 'time': 2.4760902685283788, 'dt': 5.5452164570180634e-05}
2026-06-04T14:00:14+12:00 progress {'step': 14400, 'time': 2.4812477078305815, 'dt': 5.1417003454294236e-05}
2026-06-04T14:00:16+12:00 progress {'step': 14500, 'time': 2.4864331369072112, 'dt': 4.961288952243244e-05}
2026-06-04T14:00:17+12:00 progress {'step': 14600, 'time': 2.491406871542179, 'dt': 4.759197958243976e-05}
2026-06-04T14:00:18+12:00 progress {'step': 14700, 'time': 2.496286820156213, 'dt': 4.590929858431674e-05}
2026-06-04T14:00:20+12:00 progress {'step': 14800, 'time': 2.5011266659986737, 'dt': 4.9391232075386423e-05}
2026-06-04T14:00:21+12:00 progress {'step': 14900, 'time': 2.5059778870765843, 'dt': 5.259242715293434e-05}
2026-06-04T14:00:22+12:00 progress {'step': 15000, 'time': 2.5110067898731305, 'dt': 5.103426720934754e-05}
2026-06-04T14:00:23+12:00 scalar diagnostics {'step': 15044, 'time': 2.513279188913563, 'dt': 5.270138842513277e-05, 'total_energy': 2712310.588148603}
2026-06-04T14:00:23+12:00 progress {'step': 15100, 'time': 2.5160348784743607, 'dt': 5.421638041027761e-05}
2026-06-04T14:00:25+12:00 progress {'step': 15200, 'time': 2.520971935447047, 'dt': 4.738160935212699e-05}
2026-06-04T14:00:26+12:00 progress {'step': 15300, 'time': 2.525924182176507, 'dt': 4.4836786345655185e-05}
2026-06-04T14:00:27+12:00 progress {'step': 15400, 'time': 2.5308380777883714, 'dt': 5.074405486426746e-05}
2026-06-04T14:00:29+12:00 progress {'step': 15500, 'time': 2.5355503034075584, 'dt': 5.2826376442134035e-05}
2026-06-04T14:00:30+12:00 progress {'step': 15600, 'time': 2.5405631248281066, 'dt': 4.9424223908429354e-05}
2026-06-04T14:00:31+12:00 progress {'step': 15700, 'time': 2.545604431599605, 'dt': 5.0874183609647175e-05}
2026-06-04T14:00:32+12:00 progress {'step': 15800, 'time': 2.550443981240188, 'dt': 4.640296059009754e-05}
2026-06-04T14:00:34+12:00 progress {'step': 15900, 'time': 2.5554614791303187, 'dt': 5.461078736546857e-05}
2026-06-04T14:00:35+12:00 progress {'step': 16000, 'time': 2.5603750396234015, 'dt': 4.832067468677586e-05}
2026-06-04T14:00:36+12:00 progress {'step': 16100, 'time': 2.5654470737201462, 'dt': 4.982675491136013e-05}
2026-06-04T14:00:38+12:00 progress {'step': 16200, 'time': 2.570351229133022, 'dt': 5.203611989480926e-05}
2026-06-04T14:00:39+12:00 progress {'step': 16300, 'time': 2.5754488593325964, 'dt': 5.503684112025776e-05}
2026-06-04T14:00:40+12:00 progress {'step': 16400, 'time': 2.580349985442449, 'dt': 4.857259384309103e-05}
2026-06-04T14:00:42+12:00 progress {'step': 16500, 'time': 2.585161062949494, 'dt': 4.582641617894664e-05}
2026-06-04T14:00:43+12:00 progress {'step': 16600, 'time': 2.5900386133088853, 'dt': 4.7738386026199974e-05}
2026-06-04T14:00:44+12:00 progress {'step': 16700, 'time': 2.5947455960530608, 'dt': 4.220482027511301e-05}
2026-06-04T14:00:45+12:00 progress {'step': 16800, 'time': 2.5997038932016148, 'dt': 5.045689965835801e-05}
2026-06-04T14:00:47+12:00 progress {'step': 16900, 'time': 2.604553410843267, 'dt': 5.0323594390907945e-05}
2026-06-04T14:00:48+12:00 progress {'step': 17000, 'time': 2.6094007414952416, 'dt': 4.776607727376448e-05}
2026-06-04T14:00:49+12:00 progress {'step': 17100, 'time': 2.6141948132872197, 'dt': 4.6717001421143876e-05}
2026-06-04T14:00:51+12:00 progress {'step': 17200, 'time': 2.619118182843123, 'dt': 4.205366054827167e-05}
2026-06-04T14:00:52+12:00 progress {'step': 17300, 'time': 2.623853677541267, 'dt': 5.036272496025594e-05}
2026-06-04T14:00:53+12:00 progress {'step': 17400, 'time': 2.628561628645081, 'dt': 4.660073303332631e-05}
2026-06-04T14:00:55+12:00 progress {'step': 17500, 'time': 2.633375744896752, 'dt': 4.515853584862614e-05}
2026-06-04T14:00:56+12:00 progress {'step': 17600, 'time': 2.637859984460374, 'dt': 4.353980264051224e-05}
2026-06-04T14:00:57+12:00 progress {'step': 17700, 'time': 2.6425467668461002, 'dt': 4.699802649161619e-05}
2026-06-04T14:00:58+12:00 progress {'step': 17800, 'time': 2.6472060001056663, 'dt': 3.580786350004299e-05}
2026-06-04T14:01:00+12:00 progress {'step': 17900, 'time': 2.6518531033518435, 'dt': 5.227010360123936e-05}
2026-06-04T14:01:01+12:00 progress {'step': 18000, 'time': 2.6566503901412317, 'dt': 4.7627682029094906e-05}
2026-06-04T14:01:02+12:00 progress {'step': 18100, 'time': 2.6613603709510696, 'dt': 4.2518224172445826e-05}
2026-06-04T14:01:04+12:00 progress {'step': 18200, 'time': 2.666276235825345, 'dt': 4.622839148372546e-05}
2026-06-04T14:01:05+12:00 progress {'step': 18300, 'time': 2.670886324696878, 'dt': 5.1085323657567716e-05}
2026-06-04T14:01:06+12:00 progress {'step': 18400, 'time': 2.6753279935839287, 'dt': 4.958016977657318e-05}
2026-06-04T14:01:08+12:00 progress {'step': 18500, 'time': 2.6801636629172476, 'dt': 5.113304550677621e-05}
2026-06-04T14:01:09+12:00 progress {'step': 18600, 'time': 2.6848964218293085, 'dt': 5.122067628520328e-05}
2026-06-04T14:01:10+12:00 progress {'step': 18700, 'time': 2.689409126457436, 'dt': 4.8204466187292994e-05}
2026-06-04T14:01:11+12:00 progress {'step': 18800, 'time': 2.694208788900279, 'dt': 4.695021261000602e-05}
2026-06-04T14:01:13+12:00 progress {'step': 18900, 'time': 2.698990772807518, 'dt': 4.534539659594853e-05}
2026-06-04T14:01:14+12:00 progress {'step': 19000, 'time': 2.7036273928169443, 'dt': 4.5570950530325313e-05}
2026-06-04T14:01:15+12:00 progress {'step': 19100, 'time': 2.708579645496445, 'dt': 4.701626235510308e-05}
2026-06-04T14:01:17+12:00 progress {'step': 19200, 'time': 2.713481557346009, 'dt': 4.6782167959620415e-05}
2026-06-04T14:01:18+12:00 progress {'step': 19300, 'time': 2.718221341979033, 'dt': 4.399523660483375e-05}
2026-06-04T14:01:20+12:00 progress {'step': 19400, 'time': 2.7229510751856476, 'dt': 4.8769615252109486e-05}
2026-06-04T14:01:21+12:00 progress {'step': 19500, 'time': 2.7276154985431775, 'dt': 4.5919792669407026e-05}
2026-06-04T14:01:22+12:00 progress {'step': 19600, 'time': 2.7321777888359553, 'dt': 4.939875198856923e-05}
2026-06-04T14:01:23+12:00 progress {'step': 19700, 'time': 2.737138441961487, 'dt': 5.359006502040542e-05}
2026-06-04T14:01:25+12:00 progress {'step': 19800, 'time': 2.7419428341790186, 'dt': 5.065046437189489e-05}
2026-06-04T14:01:26+12:00 progress {'step': 19900, 'time': 2.746707686329111, 'dt': 4.870990625642606e-05}
2026-06-04T14:01:27+12:00 progress {'step': 20000, 'time': 2.7512715243079757, 'dt': 4.146903861154891e-05}
2026-06-04T14:01:29+12:00 progress {'step': 20100, 'time': 2.7558978432159886, 'dt': 5.231556980626686e-05}
2026-06-04T14:01:30+12:00 progress {'step': 20200, 'time': 2.7605778057995165, 'dt': 4.5234344412323653e-05}
2026-06-04T14:01:31+12:00 progress {'step': 20300, 'time': 2.765240501003078, 'dt': 4.704850449265787e-05}
2026-06-04T14:01:33+12:00 progress {'step': 20400, 'time': 2.770058501534662, 'dt': 4.659550662058629e-05}
2026-06-04T14:01:34+12:00 progress {'step': 20500, 'time': 2.774714494148421, 'dt': 5.136397538380908e-05}
2026-06-04T14:01:35+12:00 progress {'step': 20600, 'time': 2.7794264391645136, 'dt': 4.928475809941077e-05}
2026-06-04T14:01:37+12:00 progress {'step': 20700, 'time': 2.7843465928905546, 'dt': 4.463462754105855e-05}
2026-06-04T14:01:38+12:00 progress {'step': 20800, 'time': 2.78916263983681, 'dt': 4.854083192019827e-05}
2026-06-04T14:01:39+12:00 progress {'step': 20900, 'time': 2.7937326113971723, 'dt': 4.881494508212586e-05}
2026-06-04T14:01:41+12:00 progress {'step': 21000, 'time': 2.7987284984977796, 'dt': 4.8072801509986795e-05}
2026-06-04T14:01:42+12:00 progress {'step': 21100, 'time': 2.8035713244624834, 'dt': 4.5378448519416524e-05}
2026-06-04T14:01:43+12:00 progress {'step': 21200, 'time': 2.808535129456884, 'dt': 4.42431899418335e-05}
2026-06-04T14:01:45+12:00 progress {'step': 21300, 'time': 2.813387053804054, 'dt': 4.662870441760468e-05}
2026-06-04T14:01:46+12:00 progress {'step': 21400, 'time': 2.818211000521225, 'dt': 4.942287916793764e-05}
2026-06-04T14:01:47+12:00 progress {'step': 21500, 'time': 2.822983815045592, 'dt': 4.625007089566409e-05}
2026-06-04T14:01:48+12:00 scalar diagnostics {'step': 21593, 'time': 2.8274754591159734, 'dt': 5.199873175371092e-05, 'total_energy': 3127320.0261951624}
2026-06-04T14:01:48+12:00 progress {'step': 21600, 'time': 2.827825823390179, 'dt': 4.77167951525836e-05}
2026-06-04T14:01:50+12:00 progress {'step': 21700, 'time': 2.832641940022678, 'dt': 4.915328334909479e-05}
2026-06-04T14:01:51+12:00 progress {'step': 21800, 'time': 2.837365065129181, 'dt': 4.460284974970998e-05}
2026-06-04T14:01:52+12:00 progress {'step': 21900, 'time': 2.8421280928789896, 'dt': 3.895012157506138e-05}
2026-06-04T14:01:54+12:00 progress {'step': 22000, 'time': 2.8468135792559743, 'dt': 4.403856519848549e-05}
2026-06-04T14:01:55+12:00 progress {'step': 22100, 'time': 2.8513004415857606, 'dt': 5.289936237790972e-05}
2026-06-04T14:01:56+12:00 progress {'step': 22200, 'time': 2.8559504506235514, 'dt': 4.324011934133101e-05}
2026-06-04T14:01:58+12:00 progress {'step': 22300, 'time': 2.8607392507492344, 'dt': 4.706457928732301e-05}
2026-06-04T14:01:59+12:00 progress {'step': 22400, 'time': 2.865589485643543, 'dt': 4.5435189468411976e-05}
2026-06-04T14:02:00+12:00 progress {'step': 22500, 'time': 2.8704691580594868, 'dt': 4.9249109819251995e-05}
2026-06-04T14:02:02+12:00 progress {'step': 22600, 'time': 2.8754646160196815, 'dt': 5.5386337317581725e-05}
2026-06-04T14:02:03+12:00 progress {'step': 22700, 'time': 2.880317352286477, 'dt': 5.0748097956185524e-05}
2026-06-04T14:02:04+12:00 progress {'step': 22800, 'time': 2.8851342024610522, 'dt': 4.419902466287671e-05}
2026-06-04T14:02:05+12:00 progress {'step': 22900, 'time': 2.889741060082562, 'dt': 4.495837166825095e-05}
2026-06-04T14:02:07+12:00 progress {'step': 23000, 'time': 2.8943035644737622, 'dt': 5.125136881729262e-05}
2026-06-04T14:02:08+12:00 progress {'step': 23100, 'time': 2.898873607250359, 'dt': 4.508419204065789e-05}
2026-06-04T14:02:09+12:00 progress {'step': 23200, 'time': 2.903559220254669, 'dt': 4.1491899163660886e-05}
2026-06-04T14:02:11+12:00 progress {'step': 23300, 'time': 2.9082760839318422, 'dt': 4.9232168148796765e-05}
2026-06-04T14:02:12+12:00 progress {'step': 23400, 'time': 2.912990871416137, 'dt': 5.028099833973122e-05}
2026-06-04T14:02:13+12:00 progress {'step': 23500, 'time': 2.917611364840305, 'dt': 5.275688950106566e-05}
2026-06-04T14:02:15+12:00 progress {'step': 23600, 'time': 2.9221708328056963, 'dt': 4.1076971076574015e-05}
2026-06-04T14:02:16+12:00 progress {'step': 23700, 'time': 2.9269967222636737, 'dt': 5.0371052689571364e-05}
2026-06-04T14:02:17+12:00 progress {'step': 23800, 'time': 2.931723928478486, 'dt': 4.812636204522534e-05}
2026-06-04T14:02:19+12:00 progress {'step': 23900, 'time': 2.936574132841321, 'dt': 5.353336519335266e-05}
2026-06-04T14:02:20+12:00 progress {'step': 24000, 'time': 2.9413170223467833, 'dt': 4.3794603256622927e-05}
2026-06-04T14:02:21+12:00 progress {'step': 24100, 'time': 2.9459565150175346, 'dt': 4.5707881748382806e-05}
2026-06-04T14:02:23+12:00 progress {'step': 24200, 'time': 2.9507411135676156, 'dt': 4.397599039174951e-05}
2026-06-04T14:02:24+12:00 progress {'step': 24300, 'time': 2.9555548788472152, 'dt': 4.701438704811422e-05}
2026-06-04T14:02:25+12:00 progress {'step': 24400, 'time': 2.9602241027267486, 'dt': 5.2666896299457194e-05}
2026-06-04T14:02:26+12:00 progress {'step': 24500, 'time': 2.9648620200585705, 'dt': 5.069322380729117e-05}
2026-06-04T14:02:28+12:00 progress {'step': 24600, 'time': 2.969656253043199, 'dt': 4.89084606037924e-05}
2026-06-04T14:02:29+12:00 progress {'step': 24700, 'time': 2.97430764109697, 'dt': 4.5834256146946016e-05}
2026-06-04T14:02:30+12:00 progress {'step': 24800, 'time': 2.9790989084148727, 'dt': 4.746619868460662e-05}
2026-06-04T14:02:32+12:00 progress {'step': 24900, 'time': 2.9836815315477794, 'dt': 4.7054646770192084e-05}
2026-06-04T14:02:33+12:00 progress {'step': 25000, 'time': 2.988336732901833, 'dt': 4.626873597665245e-05}
2026-06-04T14:02:34+12:00 progress {'step': 25100, 'time': 2.993079777408541, 'dt': 4.492673619596032e-05}
2026-06-04T14:02:36+12:00 progress {'step': 25200, 'time': 2.9975953724443754, 'dt': 4.928063377612866e-05}
2026-06-04T14:02:36+12:00 progress {'step': 25251, 'time': 3.0, 'dt': 3.700940721351742e-05}
2026-06-04T14:02:36+12:00 scalar diagnostics {'step': 25251, 'time': 3.0, 'dt': 3.700940721351742e-05, 'total_energy': 3247120.24281404}
2026-06-04T14:02:36+12:00 run complete {'backend': 'numpy', 'equation_set': 'inhomogeneous_rmhd_rho', 'equation_mode': 'nonlinear', 'grid': [16, 16, 16], 'steps': 25251, 't_final': 3.0, 'dt_last': 3.700940721351742e-05, 'total_energy_initial': 0.7500000000000001, 'total_energy_final': 3247120.24281404, 'psi_hat_max_abs': 403844.0106050514, 'output_dir': 'C:\\Users\\naoki\\Downloads\\rmhd-gpu-new\\examples\\outputs_nokia_rmhd_rho', 'scalar_diagnostics_csv': 'C:\\Users\\naoki\\Downloads\\rmhd-gpu-new\\examples\\outputs_nokia_rmhd_rho\\scalar_diagnostics.csv'}
