2026-06-09T14:44:14+12:00 run start {'title': 'Qualitative decaying turbulence spectra (auto dissipation)', 'input_file': 'C:\\Users\\naoki\\Downloads\\rmhd-gpu-new\\examples\\decay_spectra_auto.input', 'output_dir': 'C:\\Users\\naoki\\Downloads\\rmhd-gpu-new\\examples\\outputs', 'backend': 'scipy_cpu', 'equation_set': 's09', 'equation_mode': 'nonlinear', 'grid': [16, 16, 16], 'output_cadences': {'scalar': 0.4, 'spectra': 0.5, 'full_field': 0.0}, 'hostname': 'Naoki', 'python_executable': 'C:\\Users\\naoki\\AppData\\Local\\Programs\\Python\\Python313\\python.exe', 'git_commit': 'cde2789c3d6596cb8e14f232da25acf4598750f1', 'command': "'C:\\Users\\naoki\\Downloads\\rmhd-gpu-new\\rmhdgpu\\run.py' '.\\examples\\decay_spectra_auto.input'"}
2026-06-09T14:44:14+12:00 run setup {'resolved_output_dir': 'C:\\Users\\naoki\\Downloads\\rmhd-gpu-new\\examples\\outputs', 'input_file': 'C:\\Users\\naoki\\Downloads\\rmhd-gpu-new\\examples\\decay_spectra_auto.input', 'backend': 'scipy_cpu', 'equation_set': 's09', 'equation_mode': 'nonlinear', 'grid': [16, 16, 16], 'output_cadences': {'scalar': 0.4, 'spectra': 0.5, 'full_field': 0.0}, 'dissipation_mode': 'auto', 'initial_condition': {'type': 'random_spectrum', 'parameters': {'n_min': 1.0, 'n_max': 3.0, 'alpha': 0.0, 'init_energy': 0.75, 'seed': 1, 'exclude_kpar0': True}}}
2026-06-09T14:44:16+12:00 scalar diagnostics {'step': 0, 'time': 0.0, 'dt': 0.0, 'total_energy': 0.75}
2026-06-09T14:44:16+12:00 spectra diagnostics {'time': 0.0, 'step': 0, 'quantities': ['u_perp', 'b_perp', 'upar', 'dbpar', 's'], 'shell_count': 12}
2026-06-09T14:44:16+12:00 scalar diagnostics {'step': 20, 'time': 0.4000000000000001, 'dt': 0.02, 'total_energy': 0.7499971054609549}
2026-06-09T14:44:16+12:00 spectra diagnostics {'time': 0.5000000000000001, 'step': 25, 'quantities': ['u_perp', 'b_perp', 'upar', 'dbpar', 's'], 'shell_count': 12}
2026-06-09T14:44:16+12:00 scalar diagnostics {'step': 40, 'time': 0.8000000000000004, 'dt': 0.02, 'total_energy': 0.7499941785653681}
2026-06-09T14:44:17+12:00 spectra diagnostics {'time': 1.0000000000000004, 'step': 50, 'quantities': ['u_perp', 'b_perp', 'upar', 'dbpar', 's'], 'shell_count': 12}
2026-06-09T14:44:17+12:00 scalar diagnostics {'step': 60, 'time': 1.2000000000000006, 'dt': 0.02, 'total_energy': 0.7499913418579943}
2026-06-09T14:44:17+12:00 spectra diagnostics {'time': 1.5000000000000009, 'step': 75, 'quantities': ['u_perp', 'b_perp', 'upar', 'dbpar', 's'], 'shell_count': 12}
2026-06-09T14:44:17+12:00 scalar diagnostics {'step': 80, 'time': 1.600000000000001, 'dt': 0.02, 'total_energy': 0.7499877475414647}
2026-06-09T14:44:17+12:00 progress {'step': 100, 'time': 2.0000000000000013, 'dt': 0.02}
2026-06-09T14:44:17+12:00 scalar diagnostics {'step': 100, 'time': 2.0000000000000013, 'dt': 0.02, 'total_energy': 0.7499803207687441}
2026-06-09T14:44:17+12:00 spectra diagnostics {'time': 2.0000000000000013, 'step': 100, 'quantities': ['u_perp', 'b_perp', 'upar', 'dbpar', 's'], 'shell_count': 12}
2026-06-09T14:44:17+12:00 scalar diagnostics {'step': 120, 'time': 2.4000000000000017, 'dt': 0.02, 'total_energy': 0.749960315025702}
2026-06-09T14:44:17+12:00 spectra diagnostics {'time': 2.5000000000000018, 'step': 125, 'quantities': ['u_perp', 'b_perp', 'upar', 'dbpar', 's'], 'shell_count': 12}
2026-06-09T14:44:17+12:00 scalar diagnostics {'step': 140, 'time': 2.800000000000002, 'dt': 0.02, 'total_energy': 0.7498936533003091}
2026-06-09T14:44:17+12:00 spectra diagnostics {'time': 3.000000000000002, 'step': 150, 'quantities': ['u_perp', 'b_perp', 'upar', 'dbpar', 's'], 'shell_count': 12}
2026-06-09T14:44:17+12:00 scalar diagnostics {'step': 160, 'time': 3.2000000000000024, 'dt': 0.02, 'total_energy': 0.7496298544149296}
2026-06-09T14:44:18+12:00 spectra diagnostics {'time': 3.5000000000000027, 'step': 175, 'quantities': ['u_perp', 'b_perp', 'upar', 'dbpar', 's'], 'shell_count': 12}
2026-06-09T14:44:18+12:00 scalar diagnostics {'step': 180, 'time': 3.6000000000000028, 'dt': 0.02, 'total_energy': 0.7485338964410566}
2026-06-09T14:44:18+12:00 progress {'step': 200, 'time': 4.0, 'dt': 0.01999999999999691}
2026-06-09T14:44:18+12:00 scalar diagnostics {'step': 200, 'time': 4.0, 'dt': 0.01999999999999691, 'total_energy': 0.7440944611102505}
2026-06-09T14:44:18+12:00 spectra diagnostics {'time': 4.0, 'step': 200, 'quantities': ['u_perp', 'b_perp', 'upar', 'dbpar', 's'], 'shell_count': 12}
2026-06-09T14:44:18+12:00 run complete {'backend': 'scipy_cpu', 'equation_set': 's09', 'equation_mode': 'nonlinear', 'grid': [16, 16, 16], 'steps': 200, 't_final': 4.0, 'dt_last': 0.01999999999999691, 'total_energy_initial': 0.75, 'total_energy_final': 0.7440944611102505, 'psi_hat_max_abs': 408.1043375954844, 'output_dir': 'C:\\Users\\naoki\\Downloads\\rmhd-gpu-new\\examples\\outputs', 'scalar_diagnostics_csv': 'C:\\Users\\naoki\\Downloads\\rmhd-gpu-new\\examples\\outputs\\scalar_diagnostics.csv', 'spectra_csv': 'C:\\Users\\naoki\\Downloads\\rmhd-gpu-new\\examples\\outputs\\spectra.csv'}
